seed=0 pattern=0
input format=RGBA16_FLOAT W=1296 H=720 invalid=0 min=0 max=34.53125 luma=0.0157641119 roi_luma=0.0250669576
adapter=AMD Radeon RX 9070 XT
SP_PLAN c=256 first=16 layers=6 tasks=893 initial=160 state_bytes=10732 w16=1
SP_PLAN c=256 first=49 layers=6 tasks=893 initial=160 state_bytes=10732 w16=1
FRAME_NET_GPU frame=0 gpu_ms=1175.74524
frame=0 reset=1 wall_ms=1185.489 invalid=0 luma=0.01307101 roi=0.01974189 dark=806206 roi_dark=258238 changed_first=0 maxabs_first=0
FRAME_NET_GPU frame=1 gpu_ms=10.5725899
FRAME_NET_GPU frame=2 gpu_ms=9.49330044
FRAME_NET_GPU frame=3 gpu_ms=9.27258015
FRAME_NET_GPU frame=4 gpu_ms=9.00220013
FRAME_NET_GPU frame=5 gpu_ms=8.98089981
FRAME_NET_GPU frame=6 gpu_ms=9.00249958
FRAME_NET_GPU frame=7 gpu_ms=8.8789196
FRAME_NET_GPU frame=8 gpu_ms=8.92749977
FRAME_NET_GPU frame=9 gpu_ms=8.97840023
FRAME_NET_GPU frame=10 gpu_ms=8.87279987
FRAME_NET_GPU frame=11 gpu_ms=8.95180035
FRAME_NET_GPU frame=12 gpu_ms=8.84609985
FRAME_NET_GPU frame=13 gpu_ms=8.91399956
FRAME_NET_GPU frame=14 gpu_ms=8.93729973
FRAME_NET_GPU frame=15 gpu_ms=8.87959957
FRAME_NET_GPU frame=16 gpu_ms=9.15499973
FRAME_NET_GPU frame=17 gpu_ms=9.03695965
FRAME_NET_GPU frame=18 gpu_ms=9.18441963
FRAME_NET_GPU frame=19 gpu_ms=9.09424019
FRAME_NET_GPU frame=20 gpu_ms=9.12306023
FRAME_NET_GPU frame=21 gpu_ms=9.07231998
FRAME_NET_GPU frame=22 gpu_ms=9.16716003
FRAME_NET_GPU frame=23 gpu_ms=9.15688038
FRAME_NET_GPU frame=24 gpu_ms=9.10665989
FRAME_NET_GPU frame=25 gpu_ms=9.14782047
FRAME_NET_GPU frame=26 gpu_ms=9.31389999
FRAME_NET_GPU frame=27 gpu_ms=9.22111988
FRAME_NET_GPU frame=28 gpu_ms=9.20119953
FRAME_NET_GPU frame=29 gpu_ms=9.21926022
FRAME_NET_GPU frame=30 gpu_ms=9.22249985
FRAME_NET_GPU frame=31 gpu_ms=9.34661961
FRAME_NET_GPU frame=32 gpu_ms=9.18949986
FRAME_NET_GPU frame=33 gpu_ms=9.37187958
FRAME_NET_GPU frame=34 gpu_ms=9.27346039
FRAME_NET_GPU frame=35 gpu_ms=9.32641983
FRAME_NET_GPU frame=36 gpu_ms=9.14883995
FRAME_NET_GPU frame=37 gpu_ms=9.39019966
FRAME_NET_GPU frame=38 gpu_ms=9.20417976
FRAME_NET_GPU frame=39 gpu_ms=9.17560005
FRAME_NET_GPU frame=40 gpu_ms=9.2103796
FRAME_NET_GPU frame=41 gpu_ms=9.22214031
FRAME_NET_GPU frame=42 gpu_ms=9.23464012
FRAME_NET_GPU frame=43 gpu_ms=9.23128033
FRAME_NET_GPU frame=44 gpu_ms=9.26218033
FRAME_NET_GPU frame=45 gpu_ms=9.20018005
FRAME_NET_GPU frame=46 gpu_ms=9.26704025
FRAME_NET_GPU frame=47 gpu_ms=9.19134045
FRAME_NET_GPU frame=48 gpu_ms=9.27563953
FRAME_NET_GPU frame=49 gpu_ms=9.25644016
FRAME_NET_GPU frame=50 gpu_ms=9.22212029
FRAME_NET_GPU frame=51 gpu_ms=9.28695965
FRAME_NET_GPU frame=52 gpu_ms=9.23581982
FRAME_NET_GPU frame=53 gpu_ms=9.28827953
FRAME_NET_GPU frame=54 gpu_ms=9.41162014
FRAME_NET_GPU frame=55 gpu_ms=9.1663599
FRAME_NET_GPU frame=56 gpu_ms=9.31099987
FRAME_NET_GPU frame=57 gpu_ms=9.30208015
FRAME_NET_GPU frame=58 gpu_ms=9.1942997
FRAME_NET_GPU frame=59 gpu_ms=9.21897984
FRAME_NET_GPU frame=60 gpu_ms=9.31280041
FRAME_NET_GPU frame=61 gpu_ms=9.25961971
FRAME_NET_GPU frame=62 gpu_ms=9.18099976
FRAME_NET_GPU frame=63 gpu_ms=9.34834003
FRAME_NET_GPU frame=64 gpu_ms=9.15896034
FRAME_NET_GPU frame=65 gpu_ms=9.25216007
FRAME_NET_GPU frame=66 gpu_ms=9.19001961
FRAME_NET_GPU frame=67 gpu_ms=9.26014042
FRAME_NET_GPU frame=68 gpu_ms=9.22049999
FRAME_NET_GPU frame=69 gpu_ms=9.27048016
FRAME_NET_GPU frame=70 gpu_ms=9.22603989
FRAME_NET_GPU frame=71 gpu_ms=9.37423992
FRAME_NET_GPU frame=72 gpu_ms=9.05745983
FRAME_NET_GPU frame=73 gpu_ms=9.18196011
FRAME_NET_GPU frame=74 gpu_ms=9.28989983
FRAME_NET_GPU frame=75 gpu_ms=9.27175999
FRAME_NET_GPU frame=76 gpu_ms=9.32258034
FRAME_NET_GPU frame=77 gpu_ms=9.26998043
FRAME_NET_GPU frame=78 gpu_ms=9.2604599
FRAME_NET_GPU frame=79 gpu_ms=9.22447968
FRAME_NET_GPU frame=80 gpu_ms=9.18943977
FRAME_NET_GPU frame=81 gpu_ms=9.28759956
FRAME_NET_GPU frame=82 gpu_ms=9.21510029
FRAME_NET_GPU frame=83 gpu_ms=9.18906021
FRAME_NET_GPU frame=84 gpu_ms=9.2256403
FRAME_NET_GPU frame=85 gpu_ms=9.28024006
FRAME_NET_GPU frame=86 gpu_ms=9.32952023
FRAME_NET_GPU frame=87 gpu_ms=9.23184013
FRAME_NET_GPU frame=88 gpu_ms=9.26791954
FRAME_NET_GPU frame=89 gpu_ms=9.23283958
FRAME_NET_GPU frame=90 gpu_ms=9.24845982
FRAME_NET_GPU frame=91 gpu_ms=9.29298019
FRAME_NET_GPU frame=92 gpu_ms=9.08407974
FRAME_NET_GPU frame=93 gpu_ms=9.26461983
FRAME_NET_GPU frame=94 gpu_ms=9.19112015
FRAME_NET_GPU frame=95 gpu_ms=9.23429966
FRAME_NET_GPU frame=96 gpu_ms=9.36956024
FRAME_NET_GPU frame=97 gpu_ms=9.09375954
FRAME_NET_GPU frame=98 gpu_ms=9.21483994
FRAME_NET_GPU frame=99 gpu_ms=9.23997974
FRAME_NET_GPU frame=100 gpu_ms=9.43223953
FRAME_NET_GPU frame=101 gpu_ms=9.23431969
FRAME_NET_GPU frame=102 gpu_ms=9.23108006
FRAME_NET_GPU frame=103 gpu_ms=9.31968021
FRAME_NET_GPU frame=104 gpu_ms=9.24625969
FRAME_NET_GPU frame=105 gpu_ms=9.13086033
FRAME_NET_GPU frame=106 gpu_ms=9.21121979
FRAME_NET_GPU frame=107 gpu_ms=9.21275997
FRAME_NET_GPU frame=108 gpu_ms=9.33526039
FRAME_NET_GPU frame=109 gpu_ms=9.32131958
FRAME_NET_GPU frame=110 gpu_ms=9.1862402
FRAME_NET_GPU frame=111 gpu_ms=9.15680027
FRAME_NET_GPU frame=112 gpu_ms=9.25973988
FRAME_NET_GPU frame=113 gpu_ms=9.13617992
FRAME_NET_GPU frame=114 gpu_ms=9.27464008
FRAME_NET_GPU frame=115 gpu_ms=9.09790039
FRAME_NET_GPU frame=116 gpu_ms=9.18474007
FRAME_NET_GPU frame=117 gpu_ms=9.15651989
FRAME_NET_GPU frame=118 gpu_ms=9.23303986
FRAME_NET_GPU frame=119 gpu_ms=9.22006035
FRAME_NET_GPU frame=120 gpu_ms=9.25761986
FRAME_NET_GPU frame=121 gpu_ms=9.34132004
FRAME_NET_GPU frame=122 gpu_ms=9.25135994
FRAME_NET_GPU frame=123 gpu_ms=9.29522038
FRAME_NET_GPU frame=124 gpu_ms=9.12917995
FRAME_NET_GPU frame=125 gpu_ms=9.22572041
FRAME_NET_GPU frame=126 gpu_ms=9.2748003
FRAME_NET_GPU frame=127 gpu_ms=9.21240044
FRAME_NET_GPU frame=128 gpu_ms=9.10778046
FRAME_NET_GPU frame=129 gpu_ms=9.22430038
FRAME_NET_GPU frame=130 gpu_ms=9.0546999
FRAME_NET_GPU frame=131 gpu_ms=9.28929996
FRAME_NET_GPU frame=132 gpu_ms=9.25473976
FRAME_NET_GPU frame=133 gpu_ms=9.19365978
FRAME_NET_GPU frame=134 gpu_ms=9.2382803
FRAME_NET_GPU frame=135 gpu_ms=9.2718401
FRAME_NET_GPU frame=136 gpu_ms=9.27608013
FRAME_NET_GPU frame=137 gpu_ms=9.23062038
FRAME_NET_GPU frame=138 gpu_ms=9.21782017
FRAME_NET_GPU frame=139 gpu_ms=9.18371964
FRAME_NET_GPU frame=140 gpu_ms=9.3380003
FRAME_NET_GPU frame=141 gpu_ms=8.9786396
FRAME_NET_GPU frame=142 gpu_ms=9.31847954
FRAME_NET_GPU frame=143 gpu_ms=9.11163998
FRAME_NET_GPU frame=144 gpu_ms=9.25290012
FRAME_NET_GPU frame=145 gpu_ms=9.13212013
FRAME_NET_GPU frame=146 gpu_ms=9.36888027
FRAME_NET_GPU frame=147 gpu_ms=8.98822021
FRAME_NET_GPU frame=148 gpu_ms=9.19042015
FRAME_NET_GPU frame=149 gpu_ms=9.31188011
FRAME_NET_GPU frame=150 gpu_ms=9.16137981
FRAME_NET_GPU frame=151 gpu_ms=9.26642036
FRAME_NET_GPU frame=152 gpu_ms=9.46815968
FRAME_NET_GPU frame=153 gpu_ms=9.21121979
FRAME_NET_GPU frame=154 gpu_ms=9.16359997
FRAME_NET_GPU frame=155 gpu_ms=9.32127953
FRAME_NET_GPU frame=156 gpu_ms=9.25389957
FRAME_NET_GPU frame=157 gpu_ms=9.11618042
FRAME_NET_GPU frame=158 gpu_ms=9.31206036
FRAME_NET_GPU frame=159 gpu_ms=9.03065968
frame=159 reset=1 wall_ms=9.905 invalid=0 luma=0.01307101 roi=0.01974189 dark=806206 roi_dark=258238 changed_first=0 maxabs_first=0
SP_STATS runs=320 fallback=0 rollover=0 jobs=285760 disabled=0 errors=0
RESULT frames=160 temporal=0 mean_wall_ms=17.138 invalid_total=0 restored_capture_every_frame=1 HDR_preserved=1

