multi_pass=1 multi_pass_predict=0 actual_network_passes=1
vit_contract_byte_edge=1
c32_norm900 scope=1 loaded=0 selected=c32-wave1-fast.hsaco processing=1600x960 fast_numeric=1 mp=1 graph=0 experimental=0
DLSS5_FAST_NUMERIC=1: multihead-fast-padded-wave-packed-fast.hsaco missing, using multihead-fast-padded-wave-packed.hsaco
pool64_byte_edge=1
SMOKE_FN actual=c32_wave1 kernel=c32_wave1_prefix_b8d mp=1
SMOKE_FN actual=c32_wave1 kernel=c32_wave1_mapped_b8 mp=1
SMOKE_FN actual=c32_wave1 kernel=c32_wave1_chain mp=1
SMOKE_FN actual=c32_wave1 kernel=c32_wave1_chain mp=1
SMOKE_FN actual=c32_wave1 kernel=c32_wave1_finish_dcrop_b8d mp=1
SMOKE_FN actual=c32_wave1 kernel=c32_wave1_up_b8 mp=1
SMOKE_FN actual=c32_wave1 kernel=c32_wave1_chain mp=1
SMOKE_FN actual=c32_wave1 kernel=c32_wave1_chain mp=1
SMOKE_FN actual=c32_wave1 kernel=c32_wave1_finish_b8 mp=1
SMOKE_FN actual=c32_wave1 kernel=c32_wave1_post_b8 mp=1
SMOKE_FN actual=c32_wave1 kernel=c32_wave1_prefix_b8d mp=1
SMOKE_FN actual=c32_wave1 kernel=c32_wave1_mapped_b8 mp=1
SMOKE_FN actual=c32_wave1 kernel=c32_wave1_chain mp=1
SMOKE_FN actual=c32_wave1 kernel=c32_wave1_chain mp=1
SMOKE_FN actual=c32_wave1 kernel=c32_wave1_finish_dcrop_b8d mp=1
SMOKE_FN actual=c32_wave1 kernel=c32_wave1_up_b8 mp=1
SMOKE_FN actual=c32_wave1 kernel=c32_wave1_chain mp=1
SMOKE_FN actual=c32_wave1 kernel=c32_wave1_chain mp=1
SMOKE_FN actual=c32_wave1 kernel=c32_wave1_finish_b8 mp=1
SMOKE_FN actual=c32_wave1 kernel=c32_wave1_post_b8 mp=1
SMOKE_FN actual=c32_wave1 kernel=c32_wave1_prefix_b8d mp=1
SMOKE_FN actual=c32_wave1 kernel=c32_wave1_mapped_b8 mp=1
SMOKE_FN actual=c32_wave1 kernel=c32_wave1_chain mp=1
SMOKE_FN actual=c32_wave1 kernel=c32_wave1_chain mp=1
SMOKE_FN actual=c32_wave1 kernel=c32_wave1_finish_dcrop_b8d mp=1
SMOKE_FN actual=c32_wave1 kernel=c32_wave1_up_b8 mp=1
SMOKE_FN actual=c32_wave1 kernel=c32_wave1_chain mp=1
SMOKE_FN actual=c32_wave1 kernel=c32_wave1_chain mp=1
SMOKE_FN actual=c32_wave1 kernel=c32_wave1_finish_b8 mp=1
SMOKE_FN actual=c32_wave1 kernel=c32_wave1_post_b8 mp=1
SMOKE_FN actual=c32_wave1 kernel=c32_wave1_prefix_b8d mp=1
SMOKE_FN actual=c32_wave1 kernel=c32_wave1_mapped_b8 mp=1
SMOKE_FN actual=c32_wave1 kernel=c32_wave1_chain mp=1
SMOKE_FN actual=c32_wave1 kernel=c32_wave1_chain mp=1
SMOKE_FN actual=c32_wave1 kernel=c32_wave1_finish_dcrop_b8d mp=1
SMOKE_FN actual=c32_wave1 kernel=c32_wave1_up_b8 mp=1
SMOKE_FN actual=c32_wave1 kernel=c32_wave1_chain mp=1
SMOKE_FN actual=c32_wave1 kernel=c32_wave1_chain mp=1
SMOKE_FN actual=c32_wave1 kernel=c32_wave1_finish_b8 mp=1
SMOKE_FN actual=c32_wave1 kernel=c32_wave1_post_b8 mp=1
SMOKE_FN actual=c32_wave1 kernel=c32_wave1_prefix_b8d mp=1
SMOKE_FN actual=c32_wave1 kernel=c32_wave1_mapped_b8 mp=1
SMOKE_FN actual=c32_wave1 kernel=c32_wave1_chain mp=1
SMOKE_FN actual=c32_wave1 kernel=c32_wave1_chain mp=1
SMOKE_FN actual=c32_wave1 kernel=c32_wave1_finish_dcrop_b8d mp=1
SMOKE_FN actual=c32_wave1 kernel=c32_wave1_up_b8 mp=1
SMOKE_FN actual=c32_wave1 kernel=c32_wave1_chain mp=1
SMOKE_FN actual=c32_wave1 kernel=c32_wave1_chain mp=1
SMOKE_FN actual=c32_wave1 kernel=c32_wave1_finish_b8 mp=1
SMOKE_FN actual=c32_wave1 kernel=c32_wave1_post_b8 mp=1
SMOKE_FN actual=c32_wave1 kernel=c32_wave1_prefix_b8d mp=1
SMOKE_FN actual=c32_wave1 kernel=c32_wave1_mapped_b8 mp=1
SMOKE_FN actual=c32_wave1 kernel=c32_wave1_chain mp=1
SMOKE_FN actual=c32_wave1 kernel=c32_wave1_chain mp=1
SMOKE_FN actual=c32_wave1 kernel=c32_wave1_finish_dcrop_b8d mp=1
SMOKE_FN actual=c32_wave1 kernel=c32_wave1_up_b8 mp=1
SMOKE_FN actual=c32_wave1 kernel=c32_wave1_chain mp=1
SMOKE_FN actual=c32_wave1 kernel=c32_wave1_chain mp=1
SMOKE_FN actual=c32_wave1 kernel=c32_wave1_finish_b8 mp=1
SMOKE_FN actual=c32_wave1 kernel=c32_wave1_post_b8 mp=1

