seed=0 pattern=0
input format=RGBA16_FLOAT W=1296 H=720 invalid=0 min=0 max=34.53125 luma=0.0157641119 roi_luma=0.0250669576
adapter=AMD Radeon RX 9070 XT
SP_PLAN c=64 first=6 layers=2 tasks=3111 initial=1581 state_bytes=37348
SP_DONE c=64 first=6 tasks=3111 base=0 ms=0.846
SP_PLAN c=256 first=16 layers=6 tasks=624 initial=104 state_bytes=7504
SP_DONE c=256 first=16 tasks=624 base=0 ms=0.652
SP_PLAN c=256 first=49 layers=6 tasks=624 initial=104 state_bytes=7504
SP_DONE c=256 first=49 tasks=624 base=0 ms=0.578
frame=0 reset=1 wall_ms=1211.440 invalid=0 luma=0.01004178 roi=0.01568267 dark=842326 roi_dark=274409 changed_first=0 maxabs_first=0
SP_DONE c=64 first=6 tasks=3111 base=3111 ms=4.854
SP_DONE c=256 first=16 tasks=624 base=624 ms=1.257
SP_DONE c=256 first=49 tasks=624 base=624 ms=2.951
frame=1 reset=1 wall_ms=16.082 invalid=0 luma=0.01008482 roi=0.01563533 dark=841836 roi_dark=273789 changed_first=3599046 maxabs_first=15.45532
SP_DONE c=64 first=6 tasks=3111 base=6222 ms=4.648
SP_DONE c=256 first=16 tasks=624 base=1248 ms=2.505
SP_DONE c=256 first=49 tasks=624 base=1248 ms=3.238
frame=2 reset=1 wall_ms=14.149 invalid=0 luma=0.01026024 roi=0.01578044 dark=839884 roi_dark=272970 changed_first=3615926 maxabs_first=15.56181
SP_DONE c=64 first=6 tasks=3111 base=9333 ms=2.353
SP_DONE c=256 first=16 tasks=624 base=1872 ms=1.257
SP_DONE c=256 first=49 tasks=624 base=1872 ms=3.197
frame=3 reset=1 wall_ms=10.512 invalid=0 luma=0.01007692 roi=0.01540578 dark=841417 roi_dark=274372 changed_first=3631876 maxabs_first=15.57711
SP_DONE c=64 first=6 tasks=3111 base=12444 ms=2.397
SP_DONE c=256 first=16 tasks=624 base=2496 ms=1.257
SP_DONE c=256 first=49 tasks=624 base=2496 ms=3.213
frame=4 reset=1 wall_ms=10.599 invalid=0 luma=0.01011572 roi=0.01544591 dark=840582 roi_dark=274136 changed_first=3641087 maxabs_first=15.57686
SP_DONE c=64 first=6 tasks=3111 base=15555 ms=2.520
SP_DONE c=256 first=16 tasks=624 base=3120 ms=1.225
SP_DONE c=256 first=49 tasks=624 base=3120 ms=3.247
frame=5 reset=1 wall_ms=10.542 invalid=0 luma=0.01010562 roi=0.01532429 dark=841571 roi_dark=274757 changed_first=3652286 maxabs_first=15.57282
SP_DONE c=64 first=6 tasks=3111 base=18666 ms=2.448
SP_DONE c=256 first=16 tasks=624 base=3744 ms=1.338
SP_DONE c=256 first=49 tasks=624 base=3744 ms=3.291
frame=6 reset=1 wall_ms=10.897 invalid=0 luma=0.01019754 roi=0.01544047 dark=840851 roi_dark=274811 changed_first=3652552 maxabs_first=15.57127
SP_DONE c=64 first=6 tasks=3111 base=21777 ms=2.459
SP_DONE c=256 first=16 tasks=624 base=4368 ms=1.244
SP_DONE c=256 first=49 tasks=624 base=4368 ms=3.156
frame=7 reset=1 wall_ms=10.537 invalid=0 luma=0.01012337 roi=0.01541211 dark=841272 roi_dark=274620 changed_first=3665196 maxabs_first=15.56163
SP_DONE c=64 first=6 tasks=3111 base=24888 ms=2.431
SP_DONE c=256 first=16 tasks=624 base=4992 ms=1.229
SP_DONE c=256 first=49 tasks=624 base=4992 ms=3.207
frame=8 reset=1 wall_ms=10.433 invalid=0 luma=0.01004213 roi=0.01523903 dark=842220 roi_dark=275510 changed_first=3668669 maxabs_first=15.56401
SP_DONE c=64 first=6 tasks=3111 base=27999 ms=2.487
SP_DONE c=256 first=16 tasks=624 base=5616 ms=1.230
SP_DONE c=256 first=49 tasks=624 base=5616 ms=3.227
frame=9 reset=1 wall_ms=10.498 invalid=0 luma=0.0101096 roi=0.01531144 dark=841752 roi_dark=275596 changed_first=3674349 maxabs_first=15.57291
SP_DONE c=64 first=6 tasks=3111 base=31110 ms=6.661
SP_DONE c=256 first=16 tasks=624 base=6240 ms=1.373
SP_DONE c=256 first=49 tasks=624 base=6240 ms=3.199
frame=10 reset=1 wall_ms=15.183 invalid=0 luma=0.01003192 roi=0.01516971 dark=842700 roi_dark=275912 changed_first=3676052 maxabs_first=15.57238
SP_DONE c=64 first=6 tasks=3111 base=34221 ms=2.488
SP_DONE c=256 first=16 tasks=624 base=6864 ms=1.472
SP_DONE c=256 first=49 tasks=624 base=6864 ms=3.393
frame=11 reset=1 wall_ms=11.399 invalid=0 luma=0.01004094 roi=0.01512375 dark=842185 roi_dark=275851 changed_first=3681934 maxabs_first=15.57399
SP_STATS runs=36 fallback=0 rollover=0 jobs=52308 disabled=0 errors=0
RESULT frames=12 temporal=0 mean_wall_ms=111.856 invalid_total=0 restored_capture_every_frame=1 HDR_preserved=1
