seed=0 pattern=0
input format=RGBA16_FLOAT W=1296 H=720 invalid=0 min=0 max=34.53125 luma=0.0157641119 roi_luma=0.0250669576
adapter=AMD Radeon RX 9070 XT
SP_PLAN c=256 first=16 layers=6 tasks=624 initial=104 state_bytes=7504 w16=1
SP_PLAN c=256 first=49 layers=6 tasks=624 initial=104 state_bytes=7504 w16=1
FRAME_NET_GPU frame=0 gpu_ms=1140.06042
frame=0 reset=1 wall_ms=1148.833 invalid=0 luma=0.01311046 roi=0.01994696 dark=808529 roi_dark=258288 changed_first=0 maxabs_first=0
FRAME_NET_GPU frame=1 gpu_ms=9.53262043
FRAME_NET_GPU frame=2 gpu_ms=4.87680006
FRAME_NET_GPU frame=3 gpu_ms=6.78569984
FRAME_NET_GPU frame=4 gpu_ms=6.72550011
FRAME_NET_GPU frame=5 gpu_ms=6.41660023
FRAME_NET_GPU frame=6 gpu_ms=6.38899994
FRAME_NET_GPU frame=7 gpu_ms=6.39919996
FRAME_NET_GPU frame=8 gpu_ms=6.4124999
FRAME_NET_GPU frame=9 gpu_ms=6.44280005
FRAME_NET_GPU frame=10 gpu_ms=6.38089991
FRAME_NET_GPU frame=11 gpu_ms=6.33211994
FRAME_NET_GPU frame=12 gpu_ms=6.41050005
FRAME_NET_GPU frame=13 gpu_ms=6.36630011
FRAME_NET_GPU frame=14 gpu_ms=6.38259983
FRAME_NET_GPU frame=15 gpu_ms=6.44950008
FRAME_NET_GPU frame=16 gpu_ms=6.36477995
FRAME_NET_GPU frame=17 gpu_ms=6.3241601
FRAME_NET_GPU frame=18 gpu_ms=6.37417984
FRAME_NET_GPU frame=19 gpu_ms=6.29035997
FRAME_NET_GPU frame=20 gpu_ms=6.32094002
FRAME_NET_GPU frame=21 gpu_ms=6.37699986
FRAME_NET_GPU frame=22 gpu_ms=6.30162001
FRAME_NET_GPU frame=23 gpu_ms=6.38339996
FRAME_NET_GPU frame=24 gpu_ms=6.35419989
FRAME_NET_GPU frame=25 gpu_ms=6.31018019
FRAME_NET_GPU frame=26 gpu_ms=6.32789993
FRAME_NET_GPU frame=27 gpu_ms=6.27260017
FRAME_NET_GPU frame=28 gpu_ms=6.37548018
FRAME_NET_GPU frame=29 gpu_ms=6.27294016
FRAME_NET_GPU frame=30 gpu_ms=6.29483986
FRAME_NET_GPU frame=31 gpu_ms=6.35445976
FRAME_NET_GPU frame=32 gpu_ms=6.39885998
FRAME_NET_GPU frame=33 gpu_ms=6.26448011
FRAME_NET_GPU frame=34 gpu_ms=6.31163979
FRAME_NET_GPU frame=35 gpu_ms=6.34113979
FRAME_NET_GPU frame=36 gpu_ms=6.32189989
FRAME_NET_GPU frame=37 gpu_ms=6.34961987
FRAME_NET_GPU frame=38 gpu_ms=6.30119991
FRAME_NET_GPU frame=39 gpu_ms=6.40256023
FRAME_NET_GPU frame=40 gpu_ms=6.35105991
FRAME_NET_GPU frame=41 gpu_ms=6.41480017
FRAME_NET_GPU frame=42 gpu_ms=6.48589993
FRAME_NET_GPU frame=43 gpu_ms=6.48736
FRAME_NET_GPU frame=44 gpu_ms=6.50169992
FRAME_NET_GPU frame=45 gpu_ms=6.48267984
FRAME_NET_GPU frame=46 gpu_ms=6.47938013
FRAME_NET_GPU frame=47 gpu_ms=6.43194008
FRAME_NET_GPU frame=48 gpu_ms=6.47414017
FRAME_NET_GPU frame=49 gpu_ms=6.57301998
FRAME_NET_GPU frame=50 gpu_ms=6.47049999
FRAME_NET_GPU frame=51 gpu_ms=6.42978001
FRAME_NET_GPU frame=52 gpu_ms=6.48943996
FRAME_NET_GPU frame=53 gpu_ms=6.50878
FRAME_NET_GPU frame=54 gpu_ms=6.49556017
FRAME_NET_GPU frame=55 gpu_ms=6.5092802
FRAME_NET_GPU frame=56 gpu_ms=6.45709991
FRAME_NET_GPU frame=57 gpu_ms=6.49985981
FRAME_NET_GPU frame=58 gpu_ms=6.53242016
FRAME_NET_GPU frame=59 gpu_ms=6.47925997
FRAME_NET_GPU frame=60 gpu_ms=6.55123997
FRAME_NET_GPU frame=61 gpu_ms=6.55702019
FRAME_NET_GPU frame=62 gpu_ms=6.44212008
FRAME_NET_GPU frame=63 gpu_ms=6.44063997
FRAME_NET_GPU frame=64 gpu_ms=6.47043991
FRAME_NET_GPU frame=65 gpu_ms=6.47213984
FRAME_NET_GPU frame=66 gpu_ms=6.47117996
FRAME_NET_GPU frame=67 gpu_ms=6.41529989
FRAME_NET_GPU frame=68 gpu_ms=6.4744401
FRAME_NET_GPU frame=69 gpu_ms=6.48920012
FRAME_NET_GPU frame=70 gpu_ms=6.4842
FRAME_NET_GPU frame=71 gpu_ms=6.42910004
FRAME_NET_GPU frame=72 gpu_ms=6.52591991
FRAME_NET_GPU frame=73 gpu_ms=6.49295998
FRAME_NET_GPU frame=74 gpu_ms=6.47486019
FRAME_NET_GPU frame=75 gpu_ms=6.49244022
FRAME_NET_GPU frame=76 gpu_ms=6.46263981
FRAME_NET_GPU frame=77 gpu_ms=6.50171995
FRAME_NET_GPU frame=78 gpu_ms=6.52445984
FRAME_NET_GPU frame=79 gpu_ms=6.42882013
FRAME_NET_GPU frame=80 gpu_ms=6.48148012
FRAME_NET_GPU frame=81 gpu_ms=6.52967978
FRAME_NET_GPU frame=82 gpu_ms=6.46848011
FRAME_NET_GPU frame=83 gpu_ms=6.46301985
FRAME_NET_GPU frame=84 gpu_ms=6.48875999
FRAME_NET_GPU frame=85 gpu_ms=6.44411993
FRAME_NET_GPU frame=86 gpu_ms=6.44961977
FRAME_NET_GPU frame=87 gpu_ms=6.53002024
FRAME_NET_GPU frame=88 gpu_ms=6.54765987
FRAME_NET_GPU frame=89 gpu_ms=6.5019598
FRAME_NET_GPU frame=90 gpu_ms=6.43241978
FRAME_NET_GPU frame=91 gpu_ms=6.4685998
FRAME_NET_GPU frame=92 gpu_ms=6.56385994
FRAME_NET_GPU frame=93 gpu_ms=6.36878014
FRAME_NET_GPU frame=94 gpu_ms=6.72270012
FRAME_NET_GPU frame=95 gpu_ms=6.56044006
FRAME_NET_GPU frame=96 gpu_ms=6.4211998
FRAME_NET_GPU frame=97 gpu_ms=6.48625994
FRAME_NET_GPU frame=98 gpu_ms=6.55070019
FRAME_NET_GPU frame=99 gpu_ms=6.50672007
FRAME_NET_GPU frame=100 gpu_ms=6.43851995
FRAME_NET_GPU frame=101 gpu_ms=6.49389982
FRAME_NET_GPU frame=102 gpu_ms=6.49081993
FRAME_NET_GPU frame=103 gpu_ms=6.52718019
FRAME_NET_GPU frame=104 gpu_ms=6.45792007
FRAME_NET_GPU frame=105 gpu_ms=6.45620012
FRAME_NET_GPU frame=106 gpu_ms=6.39179993
FRAME_NET_GPU frame=107 gpu_ms=6.57488012
FRAME_NET_GPU frame=108 gpu_ms=6.48186016
FRAME_NET_GPU frame=109 gpu_ms=6.4479599
FRAME_NET_GPU frame=110 gpu_ms=6.45915985
FRAME_NET_GPU frame=111 gpu_ms=6.48704004
FRAME_NET_GPU frame=112 gpu_ms=6.51870012
FRAME_NET_GPU frame=113 gpu_ms=6.46759987
FRAME_NET_GPU frame=114 gpu_ms=6.4299202
FRAME_NET_GPU frame=115 gpu_ms=6.53546
FRAME_NET_GPU frame=116 gpu_ms=6.47368002
FRAME_NET_GPU frame=117 gpu_ms=6.52194023
FRAME_NET_GPU frame=118 gpu_ms=6.49921989
FRAME_NET_GPU frame=119 gpu_ms=6.38380003
FRAME_NET_GPU frame=120 gpu_ms=6.50214005
FRAME_NET_GPU frame=121 gpu_ms=6.54504013
FRAME_NET_GPU frame=122 gpu_ms=6.47242022
FRAME_NET_GPU frame=123 gpu_ms=6.46034002
FRAME_NET_GPU frame=124 gpu_ms=6.54833984
FRAME_NET_GPU frame=125 gpu_ms=6.43627977
FRAME_NET_GPU frame=126 gpu_ms=6.48814011
FRAME_NET_GPU frame=127 gpu_ms=6.60544014
FRAME_NET_GPU frame=128 gpu_ms=6.31267977
FRAME_NET_GPU frame=129 gpu_ms=6.42271996
FRAME_NET_GPU frame=130 gpu_ms=6.37158012
FRAME_NET_GPU frame=131 gpu_ms=6.49359989
FRAME_NET_GPU frame=132 gpu_ms=6.51136017
FRAME_NET_GPU frame=133 gpu_ms=6.56256008
FRAME_NET_GPU frame=134 gpu_ms=6.5296402
FRAME_NET_GPU frame=135 gpu_ms=6.50296021
FRAME_NET_GPU frame=136 gpu_ms=6.47185993
FRAME_NET_GPU frame=137 gpu_ms=6.52737999
FRAME_NET_GPU frame=138 gpu_ms=6.54421997
FRAME_NET_GPU frame=139 gpu_ms=6.44411993
FRAME_NET_GPU frame=140 gpu_ms=6.52600002
FRAME_NET_GPU frame=141 gpu_ms=6.60296011
FRAME_NET_GPU frame=142 gpu_ms=6.52642012
FRAME_NET_GPU frame=143 gpu_ms=6.64631987
FRAME_NET_GPU frame=144 gpu_ms=6.46534014
FRAME_NET_GPU frame=145 gpu_ms=6.47628021
FRAME_NET_GPU frame=146 gpu_ms=6.52190018
FRAME_NET_GPU frame=147 gpu_ms=6.79638004
FRAME_NET_GPU frame=148 gpu_ms=6.4046402
FRAME_NET_GPU frame=149 gpu_ms=6.54269981
FRAME_NET_GPU frame=150 gpu_ms=6.63600016
FRAME_NET_GPU frame=151 gpu_ms=6.28338003
FRAME_NET_GPU frame=152 gpu_ms=6.53775978
FRAME_NET_GPU frame=153 gpu_ms=6.49802017
FRAME_NET_GPU frame=154 gpu_ms=6.46721983
FRAME_NET_GPU frame=155 gpu_ms=6.4870801
FRAME_NET_GPU frame=156 gpu_ms=6.47862005
FRAME_NET_GPU frame=157 gpu_ms=6.4790802
FRAME_NET_GPU frame=158 gpu_ms=6.53609991
FRAME_NET_GPU frame=159 gpu_ms=6.51111984
frame=159 reset=1 wall_ms=6.913 invalid=0 luma=0.01311046 roi=0.01994696 dark=808529 roi_dark=258288 changed_first=0 maxabs_first=0
SP_STATS runs=320 fallback=0 rollover=0 jobs=199680 disabled=0 errors=0
RESULT frames=160 temporal=0 mean_wall_ms=14.095 invalid_total=0 restored_capture_every_frame=1 HDR_preserved=1

