seed=0 pattern=0
input format=RGBA16_FLOAT W=1296 H=720 invalid=0 min=0 max=34.53125 luma=0.0157641119 roi_luma=0.0250669576
adapter=AMD Radeon RX 9070 XT
SP_PLAN c=256 first=16 layers=6 tasks=624 initial=104 state_bytes=7504 w16=1
SP_PLAN c=256 first=49 layers=6 tasks=624 initial=104 state_bytes=7504 w16=1
FRAME_NET_GPU frame=0 gpu_ms=1172.21069
frame=0 reset=1 wall_ms=1180.921 invalid=0 luma=0.01311046 roi=0.01994696 dark=808529 roi_dark=258288 changed_first=0 maxabs_first=0
FRAME_NET_GPU frame=1 gpu_ms=8.0152998
FRAME_NET_GPU frame=2 gpu_ms=4.94222021
FRAME_NET_GPU frame=3 gpu_ms=6.8604002
FRAME_NET_GPU frame=4 gpu_ms=6.85059977
FRAME_NET_GPU frame=5 gpu_ms=6.6500001
FRAME_NET_GPU frame=6 gpu_ms=6.40140009
FRAME_NET_GPU frame=7 gpu_ms=6.43580008
FRAME_NET_GPU frame=8 gpu_ms=6.36240005
FRAME_NET_GPU frame=9 gpu_ms=6.29129982
FRAME_NET_GPU frame=10 gpu_ms=6.4604001
FRAME_NET_GPU frame=11 gpu_ms=6.44630003
FRAME_NET_GPU frame=12 gpu_ms=6.38308001
FRAME_NET_GPU frame=13 gpu_ms=6.31587982
FRAME_NET_GPU frame=14 gpu_ms=6.43039989
FRAME_NET_GPU frame=15 gpu_ms=6.28092003
FRAME_NET_GPU frame=16 gpu_ms=6.3786602
FRAME_NET_GPU frame=17 gpu_ms=6.33710003
FRAME_NET_GPU frame=18 gpu_ms=6.26866007
FRAME_NET_GPU frame=19 gpu_ms=6.40138006
FRAME_NET_GPU frame=20 gpu_ms=6.51064014
FRAME_NET_GPU frame=21 gpu_ms=6.4488802
FRAME_NET_GPU frame=22 gpu_ms=6.32885981
FRAME_NET_GPU frame=23 gpu_ms=6.46721983
FRAME_NET_GPU frame=24 gpu_ms=6.28942013
FRAME_NET_GPU frame=25 gpu_ms=6.35419989
FRAME_NET_GPU frame=26 gpu_ms=6.34918022
FRAME_NET_GPU frame=27 gpu_ms=6.39379978
FRAME_NET_GPU frame=28 gpu_ms=6.35561991
FRAME_NET_GPU frame=29 gpu_ms=6.36392021
FRAME_NET_GPU frame=30 gpu_ms=6.44524002
FRAME_NET_GPU frame=31 gpu_ms=6.33869982
FRAME_NET_GPU frame=32 gpu_ms=6.28185987
FRAME_NET_GPU frame=33 gpu_ms=6.29455996
FRAME_NET_GPU frame=34 gpu_ms=6.22145987
FRAME_NET_GPU frame=35 gpu_ms=6.24448013
FRAME_NET_GPU frame=36 gpu_ms=6.34762001
FRAME_NET_GPU frame=37 gpu_ms=6.45298004
FRAME_NET_GPU frame=38 gpu_ms=6.58143997
FRAME_NET_GPU frame=39 gpu_ms=6.20565987
FRAME_NET_GPU frame=40 gpu_ms=6.46507978
FRAME_NET_GPU frame=41 gpu_ms=6.47580004
FRAME_NET_GPU frame=42 gpu_ms=6.38708019
FRAME_NET_GPU frame=43 gpu_ms=6.38732004
FRAME_NET_GPU frame=44 gpu_ms=6.46797991
FRAME_NET_GPU frame=45 gpu_ms=6.47951984
FRAME_NET_GPU frame=46 gpu_ms=6.43378019
FRAME_NET_GPU frame=47 gpu_ms=6.51512003
FRAME_NET_GPU frame=48 gpu_ms=6.53306007
FRAME_NET_GPU frame=49 gpu_ms=6.47461987
FRAME_NET_GPU frame=50 gpu_ms=6.52356005
FRAME_NET_GPU frame=51 gpu_ms=6.45565987
FRAME_NET_GPU frame=52 gpu_ms=6.42816019
FRAME_NET_GPU frame=53 gpu_ms=6.54892015
FRAME_NET_GPU frame=54 gpu_ms=6.63655996
FRAME_NET_GPU frame=55 gpu_ms=6.44078016
FRAME_NET_GPU frame=56 gpu_ms=6.46600008
FRAME_NET_GPU frame=57 gpu_ms=6.50040007
FRAME_NET_GPU frame=58 gpu_ms=6.55944014
FRAME_NET_GPU frame=59 gpu_ms=6.46914005
FRAME_NET_GPU frame=60 gpu_ms=6.56033993
FRAME_NET_GPU frame=61 gpu_ms=6.50233984
FRAME_NET_GPU frame=62 gpu_ms=6.33775997
FRAME_NET_GPU frame=63 gpu_ms=6.46171999
FRAME_NET_GPU frame=64 gpu_ms=6.50988007
FRAME_NET_GPU frame=65 gpu_ms=6.51885986
FRAME_NET_GPU frame=66 gpu_ms=6.46958017
FRAME_NET_GPU frame=67 gpu_ms=6.55870008
FRAME_NET_GPU frame=68 gpu_ms=6.51499987
FRAME_NET_GPU frame=69 gpu_ms=6.49940014
FRAME_NET_GPU frame=70 gpu_ms=6.46386003
FRAME_NET_GPU frame=71 gpu_ms=6.46551991
FRAME_NET_GPU frame=72 gpu_ms=6.49495983
FRAME_NET_GPU frame=73 gpu_ms=6.4401598
FRAME_NET_GPU frame=74 gpu_ms=6.47552013
FRAME_NET_GPU frame=75 gpu_ms=6.51255989
FRAME_NET_GPU frame=76 gpu_ms=6.47692013
FRAME_NET_GPU frame=77 gpu_ms=6.50434017
FRAME_NET_GPU frame=78 gpu_ms=6.56604004
FRAME_NET_GPU frame=79 gpu_ms=6.53876019
FRAME_NET_GPU frame=80 gpu_ms=6.52697992
FRAME_NET_GPU frame=81 gpu_ms=6.5739398
FRAME_NET_GPU frame=82 gpu_ms=6.4168601
FRAME_NET_GPU frame=83 gpu_ms=6.48729992
FRAME_NET_GPU frame=84 gpu_ms=6.51386023
FRAME_NET_GPU frame=85 gpu_ms=6.52776003
FRAME_NET_GPU frame=86 gpu_ms=6.48239994
FRAME_NET_GPU frame=87 gpu_ms=6.47217989
FRAME_NET_GPU frame=88 gpu_ms=6.4583602
FRAME_NET_GPU frame=89 gpu_ms=6.48825979
FRAME_NET_GPU frame=90 gpu_ms=6.43088007
FRAME_NET_GPU frame=91 gpu_ms=6.45662022
FRAME_NET_GPU frame=92 gpu_ms=6.53821993
FRAME_NET_GPU frame=93 gpu_ms=6.50704002
FRAME_NET_GPU frame=94 gpu_ms=6.42030001
FRAME_NET_GPU frame=95 gpu_ms=6.5138402
FRAME_NET_GPU frame=96 gpu_ms=6.51030016
FRAME_NET_GPU frame=97 gpu_ms=6.44152021
FRAME_NET_GPU frame=98 gpu_ms=6.41516018
FRAME_NET_GPU frame=99 gpu_ms=6.56633997
FRAME_NET_GPU frame=100 gpu_ms=6.45194006
FRAME_NET_GPU frame=101 gpu_ms=6.49420023
FRAME_NET_GPU frame=102 gpu_ms=6.49058008
FRAME_NET_GPU frame=103 gpu_ms=6.43166018
FRAME_NET_GPU frame=104 gpu_ms=6.41811991
FRAME_NET_GPU frame=105 gpu_ms=6.45633984
FRAME_NET_GPU frame=106 gpu_ms=6.41612005
FRAME_NET_GPU frame=107 gpu_ms=6.48572016
FRAME_NET_GPU frame=108 gpu_ms=6.45607996
FRAME_NET_GPU frame=109 gpu_ms=6.52485991
FRAME_NET_GPU frame=110 gpu_ms=6.47631979
FRAME_NET_GPU frame=111 gpu_ms=6.51011992
FRAME_NET_GPU frame=112 gpu_ms=6.41661978
FRAME_NET_GPU frame=113 gpu_ms=6.51230001
FRAME_NET_GPU frame=114 gpu_ms=6.52025986
FRAME_NET_GPU frame=115 gpu_ms=6.45752001
FRAME_NET_GPU frame=116 gpu_ms=6.5211401
FRAME_NET_GPU frame=117 gpu_ms=6.42140007
FRAME_NET_GPU frame=118 gpu_ms=6.48566008
FRAME_NET_GPU frame=119 gpu_ms=6.51232004
FRAME_NET_GPU frame=120 gpu_ms=6.47198009
FRAME_NET_GPU frame=121 gpu_ms=6.49631977
FRAME_NET_GPU frame=122 gpu_ms=6.54054022
FRAME_NET_GPU frame=123 gpu_ms=6.39913988
FRAME_NET_GPU frame=124 gpu_ms=6.47255993
FRAME_NET_GPU frame=125 gpu_ms=6.48182011
FRAME_NET_GPU frame=126 gpu_ms=6.50502014
FRAME_NET_GPU frame=127 gpu_ms=6.52443981
FRAME_NET_GPU frame=128 gpu_ms=6.47115993
FRAME_NET_GPU frame=129 gpu_ms=6.46176004
FRAME_NET_GPU frame=130 gpu_ms=6.56165981
FRAME_NET_GPU frame=131 gpu_ms=6.47945976
FRAME_NET_GPU frame=132 gpu_ms=6.47836018
FRAME_NET_GPU frame=133 gpu_ms=6.51157999
FRAME_NET_GPU frame=134 gpu_ms=6.44941998
FRAME_NET_GPU frame=135 gpu_ms=6.56697989
FRAME_NET_GPU frame=136 gpu_ms=6.48895979
FRAME_NET_GPU frame=137 gpu_ms=6.51849985
FRAME_NET_GPU frame=138 gpu_ms=6.52820015
FRAME_NET_GPU frame=139 gpu_ms=6.53512001
FRAME_NET_GPU frame=140 gpu_ms=6.57028008
FRAME_NET_GPU frame=141 gpu_ms=6.61293983
FRAME_NET_GPU frame=142 gpu_ms=6.45243979
FRAME_NET_GPU frame=143 gpu_ms=6.45612001
FRAME_NET_GPU frame=144 gpu_ms=6.49384022
FRAME_NET_GPU frame=145 gpu_ms=6.52294016
FRAME_NET_GPU frame=146 gpu_ms=6.47747993
FRAME_NET_GPU frame=147 gpu_ms=6.57863998
FRAME_NET_GPU frame=148 gpu_ms=6.65388012
FRAME_NET_GPU frame=149 gpu_ms=6.53138018
FRAME_NET_GPU frame=150 gpu_ms=6.39046001
FRAME_NET_GPU frame=151 gpu_ms=6.50895977
FRAME_NET_GPU frame=152 gpu_ms=6.4594202
FRAME_NET_GPU frame=153 gpu_ms=6.56455994
FRAME_NET_GPU frame=154 gpu_ms=6.47062016
FRAME_NET_GPU frame=155 gpu_ms=6.57813978
FRAME_NET_GPU frame=156 gpu_ms=6.52833986
FRAME_NET_GPU frame=157 gpu_ms=6.52040005
FRAME_NET_GPU frame=158 gpu_ms=6.51588011
FRAME_NET_GPU frame=159 gpu_ms=6.47883987
frame=159 reset=1 wall_ms=6.944 invalid=0 luma=0.01311046 roi=0.01994696 dark=808529 roi_dark=258288 changed_first=0 maxabs_first=0
SP_STATS runs=320 fallback=0 rollover=0 jobs=199680 disabled=0 errors=0
RESULT frames=160 temporal=0 mean_wall_ms=14.297 invalid_total=0 restored_capture_every_frame=1 HDR_preserved=1

