{"tag":"900-static-False","mean_ms":13.695363636363636,"sha":"75AABA5EF94368353F3F17C034B53918151AA2EBC98FF870B2A057D08AE910AB"}
{"tag":"900-static-True","mean_ms":11.515909090909092,"sha":"75AABA5EF94368353F3F17C034B53918151AA2EBC98FF870B2A057D08AE910AB"}
SAME 900-static-False 900-static-True
{"tag":"900-motion-False","mean_ms":12.402636363636367,"sha":"5104F039569FE20C0EDCAB1FB68D56DB041406F3DDB38FC49DD2DD1D1EC636D1"}
{"tag":"900-motion-True","mean_ms":11.682363636363636,"sha":"5104F039569FE20C0EDCAB1FB68D56DB041406F3DDB38FC49DD2DD1D1EC636D1"}
SAME 900-motion-False 900-motion-True
{"tag":"1080-static-False","mean_ms":15.164454545454545,"sha":"1DE20C219105CC281CBA1364A0A21D0DDC4510A95458EC0CA3B8C893EA54F23A"}
{"tag":"1080-static-True","mean_ms":16.565545454545454,"sha":"1DE20C219105CC281CBA1364A0A21D0DDC4510A95458EC0CA3B8C893EA54F23A"}
SAME 1080-static-False 1080-static-True
{"tag":"1080-motion-False","mean_ms":15.965818181818179,"sha":"3D1B0382BD68F589EF9E7498380B0C9FE63C7A2F41CEA252BEDD216973A17E21"}
{"tag":"1080-motion-True","mean_ms":15.970545454545453,"sha":"3D1B0382BD68F589EF9E7498380B0C9FE63C7A2F41CEA252BEDD216973A17E21"}
SAME 1080-motion-False 1080-motion-True
{"tag":"720-motion-False","mean_ms":7.7471818181818186,"sha":"9B53BE7A73C0D397DC56BF5810778E69D123BFD81C48FCDBCB642526361A5F53"}
{"tag":"720-motion-True","mean_ms":7.6354545454545448,"sha":"9B53BE7A73C0D397DC56BF5810778E69D123BFD81C48FCDBCB642526361A5F53"}
SAME 720-motion-False 720-motion-True
{"tag":"900-history-False","mean_ms":11.520727272727273,"sha":"5F2D6F1AD1EA8B295A52A95AC2C9BFC9E056D613E6FD889E2A2060FB36085CED"}
{"tag":"900-history-True","mean_ms":11.95109090909091,"sha":"5F2D6F1AD1EA8B295A52A95AC2C9BFC9E056D613E6FD889E2A2060FB36085CED"}
SAME 900-history-False 900-history-True
{"tag":"1080-history-False","mean_ms":15.990181818181817,"sha":"28D370EC05EDABA2E99B32891F7CDF670F0084D46A239A43F410B232BE97D506"}
{"tag":"1080-history-True","mean_ms":15.921,"sha":"28D370EC05EDABA2E99B32891F7CDF670F0084D46A239A43F410B232BE97D506"}
SAME 1080-history-False 1080-history-True
