{"tag":"900-static-False","mean_ms":13.795727272727275,"sha":"75AABA5EF94368353F3F17C034B53918151AA2EBC98FF870B2A057D08AE910AB"}
{"tag":"900-static-True","mean_ms":11.062272727272727,"sha":"75AABA5EF94368353F3F17C034B53918151AA2EBC98FF870B2A057D08AE910AB"}
SAME 900-static-False 900-static-True
{"tag":"900-motion-False","mean_ms":11.501181818181818,"sha":"5104F039569FE20C0EDCAB1FB68D56DB041406F3DDB38FC49DD2DD1D1EC636D1"}
{"tag":"900-motion-True","mean_ms":13.044181818181817,"sha":"5104F039569FE20C0EDCAB1FB68D56DB041406F3DDB38FC49DD2DD1D1EC636D1"}
SAME 900-motion-False 900-motion-True
{"tag":"1080-static-False","mean_ms":15.177454545454545,"sha":"1DE20C219105CC281CBA1364A0A21D0DDC4510A95458EC0CA3B8C893EA54F23A"}
{"tag":"1080-static-True","mean_ms":15.755363636363633,"sha":"1DE20C219105CC281CBA1364A0A21D0DDC4510A95458EC0CA3B8C893EA54F23A"}
SAME 1080-static-False 1080-static-True
{"tag":"1080-motion-False","mean_ms":15.323818181818183,"sha":"3D1B0382BD68F589EF9E7498380B0C9FE63C7A2F41CEA252BEDD216973A17E21"}
{"tag":"1080-motion-True","mean_ms":17.613454545454548,"sha":"3D1B0382BD68F589EF9E7498380B0C9FE63C7A2F41CEA252BEDD216973A17E21"}
SAME 1080-motion-False 1080-motion-True
{"tag":"720-motion-False","mean_ms":9.6047272727272723,"sha":"9B53BE7A73C0D397DC56BF5810778E69D123BFD81C48FCDBCB642526361A5F53"}
{"tag":"720-motion-True","mean_ms":7.664272727272726,"sha":"9B53BE7A73C0D397DC56BF5810778E69D123BFD81C48FCDBCB642526361A5F53"}
SAME 720-motion-False 720-motion-True
{"tag":"900-history-False","mean_ms":13.437,"sha":"5F2D6F1AD1EA8B295A52A95AC2C9BFC9E056D613E6FD889E2A2060FB36085CED"}
{"tag":"900-history-True","mean_ms":12.500090909090908,"sha":"5F2D6F1AD1EA8B295A52A95AC2C9BFC9E056D613E6FD889E2A2060FB36085CED"}
SAME 900-history-False 900-history-True
{"tag":"1080-history-False","mean_ms":18.337181818181815,"sha":"28D370EC05EDABA2E99B32891F7CDF670F0084D46A239A43F410B232BE97D506"}
{"tag":"1080-history-True","mean_ms":16.387454545454545,"sha":"28D370EC05EDABA2E99B32891F7CDF670F0084D46A239A43F410B232BE97D506"}
SAME 1080-history-False 1080-history-True
