seed=1 pattern=0
input format=RGBA16_FLOAT W=2560 H=1440 invalid=0 min=0 max=1 luma=0.357899353 roi_luma=0.389746571
adapter=AMD Radeon RX 9070 XT
NET frame=0 gpu_ms=1157.553711
GEOMETRY valid=2560x1440 processing=2560x1472 tokens=960
frame=0 reset=1 wall_ms=1165.891 invalid=0 luma=0.3596833 roi=0.4035345 dark=1325 roi_dark=232 changed_first=0 maxabs_first=0
NET frame=1 gpu_ms=17.881100
NET frame=2 gpu_ms=15.473000
NET frame=3 gpu_ms=15.284100
NET frame=4 gpu_ms=15.151600
NET frame=5 gpu_ms=15.151100
NET frame=6 gpu_ms=15.208500
NET frame=7 gpu_ms=15.211700
NET frame=8 gpu_ms=15.059300
NET frame=9 gpu_ms=15.271800
NET frame=10 gpu_ms=15.300500
NET frame=11 gpu_ms=15.263600
NET frame=12 gpu_ms=15.169300
NET frame=13 gpu_ms=15.109900
NET frame=14 gpu_ms=15.240700
NET frame=15 gpu_ms=15.450300
NET frame=16 gpu_ms=15.620300
NET frame=17 gpu_ms=15.551900
NET frame=18 gpu_ms=15.456300
NET frame=19 gpu_ms=15.604100
NET frame=20 gpu_ms=15.503300
NET frame=21 gpu_ms=15.442300
NET frame=22 gpu_ms=15.366900
NET frame=23 gpu_ms=15.385100
NET frame=24 gpu_ms=15.358500
NET frame=25 gpu_ms=15.356800
NET frame=26 gpu_ms=15.414400
NET frame=27 gpu_ms=15.403800
NET frame=28 gpu_ms=15.469400
NET frame=29 gpu_ms=15.453900
NET frame=30 gpu_ms=15.547900
NET frame=31 gpu_ms=15.537900
NET frame=32 gpu_ms=15.466600
NET frame=33 gpu_ms=15.484000
NET frame=34 gpu_ms=15.473100
NET frame=35 gpu_ms=15.499360
NET frame=36 gpu_ms=15.490900
NET frame=37 gpu_ms=15.414600
NET frame=38 gpu_ms=15.532300
NET frame=39 gpu_ms=15.431500
NET frame=40 gpu_ms=15.527700
NET frame=41 gpu_ms=15.517000
NET frame=42 gpu_ms=15.620400
NET frame=43 gpu_ms=15.541000
NET frame=44 gpu_ms=15.426200
NET frame=45 gpu_ms=15.456300
NET frame=46 gpu_ms=15.486100
NET frame=47 gpu_ms=15.595800
NET frame=48 gpu_ms=15.655100
NET frame=49 gpu_ms=15.502300
NET frame=50 gpu_ms=15.435800
NET frame=51 gpu_ms=15.689300
NET frame=52 gpu_ms=15.490220
NET frame=53 gpu_ms=15.654800
NET frame=54 gpu_ms=15.487660
NET frame=55 gpu_ms=15.456820
NET frame=56 gpu_ms=15.677800
NET frame=57 gpu_ms=15.586100
NET frame=58 gpu_ms=15.619800
NET frame=59 gpu_ms=15.536100
NET frame=60 gpu_ms=15.706000
NET frame=61 gpu_ms=15.659200
NET frame=62 gpu_ms=15.518400
NET frame=63 gpu_ms=15.619400
NET frame=64 gpu_ms=15.570600
NET frame=65 gpu_ms=15.499300
NET frame=66 gpu_ms=15.498300
NET frame=67 gpu_ms=15.685300
NET frame=68 gpu_ms=15.518500
NET frame=69 gpu_ms=15.615200
NET frame=70 gpu_ms=15.347280
NET frame=71 gpu_ms=15.457100
NET frame=72 gpu_ms=15.482700
NET frame=73 gpu_ms=15.619600
NET frame=74 gpu_ms=15.523100
NET frame=75 gpu_ms=15.641200
NET frame=76 gpu_ms=15.495700
NET frame=77 gpu_ms=15.398500
NET frame=78 gpu_ms=15.620200
NET frame=79 gpu_ms=15.648900
NET frame=80 gpu_ms=15.568600
NET frame=81 gpu_ms=15.592520
NET frame=82 gpu_ms=15.649800
NET frame=83 gpu_ms=15.578100
NET frame=84 gpu_ms=15.577700
NET frame=85 gpu_ms=15.527700
NET frame=86 gpu_ms=15.588300
NET frame=87 gpu_ms=15.559000
NET frame=88 gpu_ms=15.450400
NET frame=89 gpu_ms=15.575800
NET frame=90 gpu_ms=15.601600
NET frame=91 gpu_ms=15.572500
NET frame=92 gpu_ms=15.639700
NET frame=93 gpu_ms=15.274580
NET frame=94 gpu_ms=15.652800
NET frame=95 gpu_ms=15.427800
NET frame=96 gpu_ms=15.486100
NET frame=97 gpu_ms=15.611300
NET frame=98 gpu_ms=15.583100
NET frame=99 gpu_ms=15.644200
NET frame=100 gpu_ms=15.461600
NET frame=101 gpu_ms=15.517600
NET frame=102 gpu_ms=15.545600
NET frame=103 gpu_ms=15.660400
NET frame=104 gpu_ms=15.560000
NET frame=105 gpu_ms=15.478800
NET frame=106 gpu_ms=15.652700
NET frame=107 gpu_ms=15.588700
NET frame=108 gpu_ms=15.566500
NET frame=109 gpu_ms=15.601600
NET frame=110 gpu_ms=15.530200
NET frame=111 gpu_ms=15.674100
NET frame=112 gpu_ms=15.594900
NET frame=113 gpu_ms=15.635200
NET frame=114 gpu_ms=15.658500
NET frame=115 gpu_ms=15.567500
NET frame=116 gpu_ms=15.527900
NET frame=117 gpu_ms=15.547900
NET frame=118 gpu_ms=15.546720
NET frame=119 gpu_ms=15.308780
NET frame=120 gpu_ms=15.489720
NET frame=121 gpu_ms=15.568900
NET frame=122 gpu_ms=15.448260
NET frame=123 gpu_ms=15.624900
NET frame=124 gpu_ms=15.651600
NET frame=125 gpu_ms=15.551400
NET frame=126 gpu_ms=15.510100
NET frame=127 gpu_ms=15.632100
NET frame=128 gpu_ms=15.664900
NET frame=129 gpu_ms=15.602800
NET frame=130 gpu_ms=15.596600
NET frame=131 gpu_ms=15.664300
NET frame=132 gpu_ms=15.621800
NET frame=133 gpu_ms=15.615100
NET frame=134 gpu_ms=15.617700
NET frame=135 gpu_ms=15.644400
NET frame=136 gpu_ms=15.634200
NET frame=137 gpu_ms=15.575100
NET frame=138 gpu_ms=15.686100
NET frame=139 gpu_ms=15.541800
NET frame=140 gpu_ms=15.459700
NET frame=141 gpu_ms=15.459800
NET frame=142 gpu_ms=15.610500
NET frame=143 gpu_ms=15.658500
NET frame=144 gpu_ms=15.619400
NET frame=145 gpu_ms=15.589200
NET frame=146 gpu_ms=15.619300
NET frame=147 gpu_ms=15.714300
NET frame=148 gpu_ms=15.538000
NET frame=149 gpu_ms=15.670800
NET frame=150 gpu_ms=15.665800
NET frame=151 gpu_ms=15.510740
NET frame=152 gpu_ms=15.501600
NET frame=153 gpu_ms=15.681600
NET frame=154 gpu_ms=15.481200
NET frame=155 gpu_ms=15.566200
NET frame=156 gpu_ms=15.551800
NET frame=157 gpu_ms=15.524700
NET frame=158 gpu_ms=15.494500
NET frame=159 gpu_ms=15.431300
NET frame=160 gpu_ms=15.648700
NET frame=161 gpu_ms=15.749700
NET frame=162 gpu_ms=15.707200
NET frame=163 gpu_ms=15.541700
NET frame=164 gpu_ms=15.693800
NET frame=165 gpu_ms=15.546200
NET frame=166 gpu_ms=15.671800
NET frame=167 gpu_ms=15.488200
NET frame=168 gpu_ms=15.540700
NET frame=169 gpu_ms=15.721900
NET frame=170 gpu_ms=15.720000
NET frame=171 gpu_ms=15.675200
NET frame=172 gpu_ms=15.765000
NET frame=173 gpu_ms=15.405780
NET frame=174 gpu_ms=15.555000
NET frame=175 gpu_ms=15.569500
NET frame=176 gpu_ms=15.585700
NET frame=177 gpu_ms=15.676100
NET frame=178 gpu_ms=15.624800
NET frame=179 gpu_ms=15.523400
NET frame=180 gpu_ms=15.584000
NET frame=181 gpu_ms=15.723300
NET frame=182 gpu_ms=15.517500
NET frame=183 gpu_ms=15.666700
NET frame=184 gpu_ms=15.466160
NET frame=185 gpu_ms=15.533100
NET frame=186 gpu_ms=15.580400
NET frame=187 gpu_ms=15.701900
NET frame=188 gpu_ms=15.586500
NET frame=189 gpu_ms=15.578700
NET frame=190 gpu_ms=15.521960
NET frame=191 gpu_ms=15.553000
NET frame=192 gpu_ms=15.559300
NET frame=193 gpu_ms=15.550900
NET frame=194 gpu_ms=15.532200
NET frame=195 gpu_ms=15.648200
NET frame=196 gpu_ms=15.551600
NET frame=197 gpu_ms=15.896100
NET frame=198 gpu_ms=15.551200
NET frame=199 gpu_ms=15.448000
frame=199 reset=1 wall_ms=17.075 invalid=0 luma=0.3596833 roi=0.4035345 dark=1325 roi_dark=232 changed_first=0 maxabs_first=0
SP_STATS runs=0 fallback=0 rollover=0 jobs=0 disabled=0 errors=0
RESULT frames=200 temporal=0 mean_wall_ms=22.745 invalid_total=0 restored_capture_every_frame=1 HDR_preserved=1
