MODULES D:\DLSSNR-Lab\hip-backend\c32-align-20260930\flat-A C32=D5CCA49957B8B3DB4BACC4A821FD4F754EDBA0FCADADA79DB3BB4CDBD9904CB7 C64=C8A88D27BE37A1A1C69282B07C55D22E5B5025DBF9978C8AC76F65AD118A5FD5
{"tag":"900-static-False","mean_ms":13.506363636363636,"sha":"54D7C1B454CD475AD2C12C2375AA6908FB9A3A7226F0901961EB49145EAAD689"}
MODULES D:\DLSSNR-Lab\hip-backend\c32-align-20260930\flat-S C32=EDB6843FFD13DB94DA01672EF0F4D97F2DBA2D4C90806B5831D3B6A4EACD5463 C64=C8A88D27BE37A1A1C69282B07C55D22E5B5025DBF9978C8AC76F65AD118A5FD5
{"tag":"900-static-True","mean_ms":11.67790909090909,"sha":"54D7C1B454CD475AD2C12C2375AA6908FB9A3A7226F0901961EB49145EAAD689"}
SAME 900-static-False 900-static-True
MODULES D:\DLSSNR-Lab\hip-backend\c32-align-20260930\flat-A C32=D5CCA49957B8B3DB4BACC4A821FD4F754EDBA0FCADADA79DB3BB4CDBD9904CB7 C64=C8A88D27BE37A1A1C69282B07C55D22E5B5025DBF9978C8AC76F65AD118A5FD5
{"tag":"900-motion-False","mean_ms":10.080454545454547,"sha":"5475F39A1C6B8F1F3BA64154327376F7520166A25C297B8ADB08A7BAEB5A8F95"}
MODULES D:\DLSSNR-Lab\hip-backend\c32-align-20260930\flat-S C32=EDB6843FFD13DB94DA01672EF0F4D97F2DBA2D4C90806B5831D3B6A4EACD5463 C64=C8A88D27BE37A1A1C69282B07C55D22E5B5025DBF9978C8AC76F65AD118A5FD5
{"tag":"900-motion-True","mean_ms":12.229909090909091,"sha":"5475F39A1C6B8F1F3BA64154327376F7520166A25C297B8ADB08A7BAEB5A8F95"}
SAME 900-motion-False 900-motion-True
MODULES D:\DLSSNR-Lab\hip-backend\c32-align-20260930\flat-A C32=D5CCA49957B8B3DB4BACC4A821FD4F754EDBA0FCADADA79DB3BB4CDBD9904CB7 C64=C8A88D27BE37A1A1C69282B07C55D22E5B5025DBF9978C8AC76F65AD118A5FD5
{"tag":"1080-static-False","mean_ms":14.293272727272727,"sha":"52947438109AA3E5A58DEB4DDC28045C175C51A6473775A1C102008CE7810D2B"}
MODULES D:\DLSSNR-Lab\hip-backend\c32-align-20260930\flat-S C32=EDB6843FFD13DB94DA01672EF0F4D97F2DBA2D4C90806B5831D3B6A4EACD5463 C64=C8A88D27BE37A1A1C69282B07C55D22E5B5025DBF9978C8AC76F65AD118A5FD5
{"tag":"1080-static-True","mean_ms":12.483727272727272,"sha":"52947438109AA3E5A58DEB4DDC28045C175C51A6473775A1C102008CE7810D2B"}
SAME 1080-static-False 1080-static-True
MODULES D:\DLSSNR-Lab\hip-backend\c32-align-20260930\flat-A C32=D5CCA49957B8B3DB4BACC4A821FD4F754EDBA0FCADADA79DB3BB4CDBD9904CB7 C64=C8A88D27BE37A1A1C69282B07C55D22E5B5025DBF9978C8AC76F65AD118A5FD5
{"tag":"1080-motion-False","mean_ms":12.761636363636363,"sha":"EF3EF3F43305E89547E3440D075E511B6F9B4F032E7C68F3D21782B6823F369E"}
MODULES D:\DLSSNR-Lab\hip-backend\c32-align-20260930\flat-S C32=EDB6843FFD13DB94DA01672EF0F4D97F2DBA2D4C90806B5831D3B6A4EACD5463 C64=C8A88D27BE37A1A1C69282B07C55D22E5B5025DBF9978C8AC76F65AD118A5FD5
{"tag":"1080-motion-True","mean_ms":13.986272727272727,"sha":"EF3EF3F43305E89547E3440D075E511B6F9B4F032E7C68F3D21782B6823F369E"}
SAME 1080-motion-False 1080-motion-True
MODULES D:\DLSSNR-Lab\hip-backend\c32-align-20260930\flat-A C32=D5CCA49957B8B3DB4BACC4A821FD4F754EDBA0FCADADA79DB3BB4CDBD9904CB7 C64=C8A88D27BE37A1A1C69282B07C55D22E5B5025DBF9978C8AC76F65AD118A5FD5
{"tag":"720-motion-False","mean_ms":8.0921818181818175,"sha":"C90688A2E7E641A03DF002D81B77251384C93EF3992E9F57D747009433B76A5D"}
MODULES D:\DLSSNR-Lab\hip-backend\c32-align-20260930\flat-S C32=EDB6843FFD13DB94DA01672EF0F4D97F2DBA2D4C90806B5831D3B6A4EACD5463 C64=C8A88D27BE37A1A1C69282B07C55D22E5B5025DBF9978C8AC76F65AD118A5FD5
{"tag":"720-motion-True","mean_ms":8.7236363636363627,"sha":"C90688A2E7E641A03DF002D81B77251384C93EF3992E9F57D747009433B76A5D"}
SAME 720-motion-False 720-motion-True
MODULES D:\DLSSNR-Lab\hip-backend\c32-align-20260930\flat-A C32=D5CCA49957B8B3DB4BACC4A821FD4F754EDBA0FCADADA79DB3BB4CDBD9904CB7 C64=C8A88D27BE37A1A1C69282B07C55D22E5B5025DBF9978C8AC76F65AD118A5FD5
{"tag":"900-history-False","mean_ms":10.781727272727274,"sha":"D0D899C190F04ABFA969CF73787B04B80E8700A3E66B843291398D53FBBC3FA5"}
MODULES D:\DLSSNR-Lab\hip-backend\c32-align-20260930\flat-S C32=EDB6843FFD13DB94DA01672EF0F4D97F2DBA2D4C90806B5831D3B6A4EACD5463 C64=C8A88D27BE37A1A1C69282B07C55D22E5B5025DBF9978C8AC76F65AD118A5FD5
{"tag":"900-history-True","mean_ms":10.667454545454547,"sha":"D0D899C190F04ABFA969CF73787B04B80E8700A3E66B843291398D53FBBC3FA5"}
SAME 900-history-False 900-history-True
MODULES D:\DLSSNR-Lab\hip-backend\c32-align-20260930\flat-A C32=D5CCA49957B8B3DB4BACC4A821FD4F754EDBA0FCADADA79DB3BB4CDBD9904CB7 C64=C8A88D27BE37A1A1C69282B07C55D22E5B5025DBF9978C8AC76F65AD118A5FD5
{"tag":"1080-history-False","mean_ms":14.814090909090908,"sha":"266C89831F10DBDE1C05B5CDF894D881E70C7DC8C4F9892D265C2AC32E171762"}
MODULES D:\DLSSNR-Lab\hip-backend\c32-align-20260930\flat-S C32=EDB6843FFD13DB94DA01672EF0F4D97F2DBA2D4C90806B5831D3B6A4EACD5463 C64=C8A88D27BE37A1A1C69282B07C55D22E5B5025DBF9978C8AC76F65AD118A5FD5
{"tag":"1080-history-True","mean_ms":13.651818181818184,"sha":"266C89831F10DBDE1C05B5CDF894D881E70C7DC8C4F9892D265C2AC32E171762"}
SAME 1080-history-False 1080-history-True
MODULES D:\DLSSNR-Lab\hip-backend\c32-align-20260930\flat-A C32=D5CCA49957B8B3DB4BACC4A821FD4F754EDBA0FCADADA79DB3BB4CDBD9904CB7 C64=C8A88D27BE37A1A1C69282B07C55D22E5B5025DBF9978C8AC76F65AD118A5FD5
{"tag":"900-static-False","mean_ms":12.171909090909089,"sha":"54D7C1B454CD475AD2C12C2375AA6908FB9A3A7226F0901961EB49145EAAD689"}
MODULES D:\DLSSNR-Lab\hip-backend\c32-align-20260930\flat-S C32=EDB6843FFD13DB94DA01672EF0F4D97F2DBA2D4C90806B5831D3B6A4EACD5463 C64=C8A88D27BE37A1A1C69282B07C55D22E5B5025DBF9978C8AC76F65AD118A5FD5
{"tag":"900-static-True","mean_ms":12.678181818181821,"sha":"54D7C1B454CD475AD2C12C2375AA6908FB9A3A7226F0901961EB49145EAAD689"}
SAME 900-static-False 900-static-True
MODULES D:\DLSSNR-Lab\hip-backend\c32-align-20260930\flat-A C32=D5CCA49957B8B3DB4BACC4A821FD4F754EDBA0FCADADA79DB3BB4CDBD9904CB7 C64=C8A88D27BE37A1A1C69282B07C55D22E5B5025DBF9978C8AC76F65AD118A5FD5
{"tag":"900-motion-False","mean_ms":14.266363636363637,"sha":"5475F39A1C6B8F1F3BA64154327376F7520166A25C297B8ADB08A7BAEB5A8F95"}
MODULES D:\DLSSNR-Lab\hip-backend\c32-align-20260930\flat-S C32=EDB6843FFD13DB94DA01672EF0F4D97F2DBA2D4C90806B5831D3B6A4EACD5463 C64=C8A88D27BE37A1A1C69282B07C55D22E5B5025DBF9978C8AC76F65AD118A5FD5
{"tag":"900-motion-True","mean_ms":12.609272727272726,"sha":"5475F39A1C6B8F1F3BA64154327376F7520166A25C297B8ADB08A7BAEB5A8F95"}
SAME 900-motion-False 900-motion-True
MODULES D:\DLSSNR-Lab\hip-backend\c32-align-20260930\flat-A C32=D5CCA49957B8B3DB4BACC4A821FD4F754EDBA0FCADADA79DB3BB4CDBD9904CB7 C64=C8A88D27BE37A1A1C69282B07C55D22E5B5025DBF9978C8AC76F65AD118A5FD5
{"tag":"1080-static-False","mean_ms":13.918818181818182,"sha":"52947438109AA3E5A58DEB4DDC28045C175C51A6473775A1C102008CE7810D2B"}
MODULES D:\DLSSNR-Lab\hip-backend\c32-align-20260930\flat-S C32=EDB6843FFD13DB94DA01672EF0F4D97F2DBA2D4C90806B5831D3B6A4EACD5463 C64=C8A88D27BE37A1A1C69282B07C55D22E5B5025DBF9978C8AC76F65AD118A5FD5
{"tag":"1080-static-True","mean_ms":14.095636363636366,"sha":"52947438109AA3E5A58DEB4DDC28045C175C51A6473775A1C102008CE7810D2B"}
SAME 1080-static-False 1080-static-True
MODULES D:\DLSSNR-Lab\hip-backend\c32-align-20260930\flat-A C32=D5CCA49957B8B3DB4BACC4A821FD4F754EDBA0FCADADA79DB3BB4CDBD9904CB7 C64=C8A88D27BE37A1A1C69282B07C55D22E5B5025DBF9978C8AC76F65AD118A5FD5
{"tag":"1080-motion-False","mean_ms":16.289,"sha":"20EBE3294DF3C8747A3CE17052E214B3492E86DEB2EE9FD007F746937C8ECA61"}
MODULES D:\DLSSNR-Lab\hip-backend\c32-align-20260930\flat-S C32=EDB6843FFD13DB94DA01672EF0F4D97F2DBA2D4C90806B5831D3B6A4EACD5463 C64=C8A88D27BE37A1A1C69282B07C55D22E5B5025DBF9978C8AC76F65AD118A5FD5
{"tag":"1080-motion-True","mean_ms":15.288999999999998,"sha":"20EBE3294DF3C8747A3CE17052E214B3492E86DEB2EE9FD007F746937C8ECA61"}
SAME 1080-motion-False 1080-motion-True
MODULES D:\DLSSNR-Lab\hip-backend\c32-align-20260930\flat-A C32=D5CCA49957B8B3DB4BACC4A821FD4F754EDBA0FCADADA79DB3BB4CDBD9904CB7 C64=C8A88D27BE37A1A1C69282B07C55D22E5B5025DBF9978C8AC76F65AD118A5FD5
{"tag":"720-motion-False","mean_ms":10.299272727272728,"sha":"9DF9122ACADE184B91D36A66FEFCFAC8E841ECC7C5BB06DF9FFFAE0F44112F77"}
MODULES D:\DLSSNR-Lab\hip-backend\c32-align-20260930\flat-S C32=EDB6843FFD13DB94DA01672EF0F4D97F2DBA2D4C90806B5831D3B6A4EACD5463 C64=C8A88D27BE37A1A1C69282B07C55D22E5B5025DBF9978C8AC76F65AD118A5FD5
{"tag":"720-motion-True","mean_ms":9.60681818181818,"sha":"9DF9122ACADE184B91D36A66FEFCFAC8E841ECC7C5BB06DF9FFFAE0F44112F77"}
SAME 720-motion-False 720-motion-True
MODULES D:\DLSSNR-Lab\hip-backend\c32-align-20260930\flat-A C32=D5CCA49957B8B3DB4BACC4A821FD4F754EDBA0FCADADA79DB3BB4CDBD9904CB7 C64=C8A88D27BE37A1A1C69282B07C55D22E5B5025DBF9978C8AC76F65AD118A5FD5
{"tag":"900-history-False","mean_ms":15.105818181818181,"sha":"F41C89C1E78298BF3CFD381824189E1C87C31B5FCDAA889A357CD1A68BBC6E4B"}
MODULES D:\DLSSNR-Lab\hip-backend\c32-align-20260930\flat-S C32=EDB6843FFD13DB94DA01672EF0F4D97F2DBA2D4C90806B5831D3B6A4EACD5463 C64=C8A88D27BE37A1A1C69282B07C55D22E5B5025DBF9978C8AC76F65AD118A5FD5
{"tag":"900-history-True","mean_ms":12.824454545454545,"sha":"F41C89C1E78298BF3CFD381824189E1C87C31B5FCDAA889A357CD1A68BBC6E4B"}
SAME 900-history-False 900-history-True
MODULES D:\DLSSNR-Lab\hip-backend\c32-align-20260930\flat-A C32=D5CCA49957B8B3DB4BACC4A821FD4F754EDBA0FCADADA79DB3BB4CDBD9904CB7 C64=C8A88D27BE37A1A1C69282B07C55D22E5B5025DBF9978C8AC76F65AD118A5FD5
{"tag":"1080-history-False","mean_ms":18.505909090909089,"sha":"25131680EC7E66F966385AD36E0FB0AF59EC8879CF776BBD972A97845FED62F9"}
MODULES D:\DLSSNR-Lab\hip-backend\c32-align-20260930\flat-S C32=EDB6843FFD13DB94DA01672EF0F4D97F2DBA2D4C90806B5831D3B6A4EACD5463 C64=C8A88D27BE37A1A1C69282B07C55D22E5B5025DBF9978C8AC76F65AD118A5FD5
{"tag":"1080-history-True","mean_ms":18.023545454545452,"sha":"25131680EC7E66F966385AD36E0FB0AF59EC8879CF776BBD972A97845FED62F9"}
SAME 1080-history-False 1080-history-True
AE CSV SAME S
MODULES D:\DLSSNR-Lab\hip-backend\c32-align-20260930\flat-A C32=D5CCA49957B8B3DB4BACC4A821FD4F754EDBA0FCADADA79DB3BB4CDBD9904CB7 C64=C8A88D27BE37A1A1C69282B07C55D22E5B5025DBF9978C8AC76F65AD118A5FD5
{"tag":"900-history-False","mean_ms":11.539636363636365,"sha":"D0D899C190F04ABFA969CF73787B04B80E8700A3E66B843291398D53FBBC3FA5"}
MODULES D:\DLSSNR-Lab\hip-backend\c32-align-20260930\flat-S C32=EDB6843FFD13DB94DA01672EF0F4D97F2DBA2D4C90806B5831D3B6A4EACD5463 C64=C8A88D27BE37A1A1C69282B07C55D22E5B5025DBF9978C8AC76F65AD118A5FD5
{"tag":"900-history-True","mean_ms":12.404545454545454,"sha":"D0D899C190F04ABFA969CF73787B04B80E8700A3E66B843291398D53FBBC3FA5"}
SAME 900-history-False 900-history-True
MODULES D:\DLSSNR-Lab\hip-backend\c32-align-20260930\flat-A C32=D5CCA49957B8B3DB4BACC4A821FD4F754EDBA0FCADADA79DB3BB4CDBD9904CB7 C64=C8A88D27BE37A1A1C69282B07C55D22E5B5025DBF9978C8AC76F65AD118A5FD5
{"tag":"1080-history-False","mean_ms":15.475454545454545,"sha":"266C89831F10DBDE1C05B5CDF894D881E70C7DC8C4F9892D265C2AC32E171762"}
MODULES D:\DLSSNR-Lab\hip-backend\c32-align-20260930\flat-S C32=EDB6843FFD13DB94DA01672EF0F4D97F2DBA2D4C90806B5831D3B6A4EACD5463 C64=C8A88D27BE37A1A1C69282B07C55D22E5B5025DBF9978C8AC76F65AD118A5FD5
{"tag":"1080-history-True","mean_ms":15.877181818181818,"sha":"266C89831F10DBDE1C05B5CDF894D881E70C7DC8C4F9892D265C2AC32E171762"}
SAME 1080-history-False 1080-history-True
MODULES D:\DLSSNR-Lab\hip-backend\c32-align-20260930\flat-A C32=D5CCA49957B8B3DB4BACC4A821FD4F754EDBA0FCADADA79DB3BB4CDBD9904CB7 C64=C8A88D27BE37A1A1C69282B07C55D22E5B5025DBF9978C8AC76F65AD118A5FD5
{"tag":"900-history-False","mean_ms":14.985545454545456,"sha":"F41C89C1E78298BF3CFD381824189E1C87C31B5FCDAA889A357CD1A68BBC6E4B"}
MODULES D:\DLSSNR-Lab\hip-backend\c32-align-20260930\flat-S C32=EDB6843FFD13DB94DA01672EF0F4D97F2DBA2D4C90806B5831D3B6A4EACD5463 C64=C8A88D27BE37A1A1C69282B07C55D22E5B5025DBF9978C8AC76F65AD118A5FD5
{"tag":"900-history-True","mean_ms":15.939727272727271,"sha":"F41C89C1E78298BF3CFD381824189E1C87C31B5FCDAA889A357CD1A68BBC6E4B"}
SAME 900-history-False 900-history-True
MODULES D:\DLSSNR-Lab\hip-backend\c32-align-20260930\flat-A C32=D5CCA49957B8B3DB4BACC4A821FD4F754EDBA0FCADADA79DB3BB4CDBD9904CB7 C64=C8A88D27BE37A1A1C69282B07C55D22E5B5025DBF9978C8AC76F65AD118A5FD5
{"tag":"1080-history-False","mean_ms":17.550454545454546,"sha":"25131680EC7E66F966385AD36E0FB0AF59EC8879CF776BBD972A97845FED62F9"}
MODULES D:\DLSSNR-Lab\hip-backend\c32-align-20260930\flat-S C32=EDB6843FFD13DB94DA01672EF0F4D97F2DBA2D4C90806B5831D3B6A4EACD5463 C64=C8A88D27BE37A1A1C69282B07C55D22E5B5025DBF9978C8AC76F65AD118A5FD5
{"tag":"1080-history-True","mean_ms":17.117272727272731,"sha":"25131680EC7E66F966385AD36E0FB0AF59EC8879CF776BBD972A97845FED62F9"}
SAME 1080-history-False 1080-history-True
MODULES D:\DLSSNR-Lab\hip-backend\c32-align-20260930\flat-A C32=D5CCA49957B8B3DB4BACC4A821FD4F754EDBA0FCADADA79DB3BB4CDBD9904CB7 C64=C8A88D27BE37A1A1C69282B07C55D22E5B5025DBF9978C8AC76F65AD118A5FD5
{"tag":"time-900-0","mean_ms":7.9024487500000085,"sha":"54D7C1B454CD475AD2C12C2375AA6908FB9A3A7226F0901961EB49145EAAD689"}
MODULES D:\DLSSNR-Lab\hip-backend\c32-align-20260930\flat-S C32=EDB6843FFD13DB94DA01672EF0F4D97F2DBA2D4C90806B5831D3B6A4EACD5463 C64=C8A88D27BE37A1A1C69282B07C55D22E5B5025DBF9978C8AC76F65AD118A5FD5
{"tag":"time-900-1","mean_ms":7.8751887499999871,"sha":"54D7C1B454CD475AD2C12C2375AA6908FB9A3A7226F0901961EB49145EAAD689"}
MODULES D:\DLSSNR-Lab\hip-backend\c32-align-20260930\flat-S C32=EDB6843FFD13DB94DA01672EF0F4D97F2DBA2D4C90806B5831D3B6A4EACD5463 C64=C8A88D27BE37A1A1C69282B07C55D22E5B5025DBF9978C8AC76F65AD118A5FD5
{"tag":"time-900-2","mean_ms":7.8826099999999988,"sha":"54D7C1B454CD475AD2C12C2375AA6908FB9A3A7226F0901961EB49145EAAD689"}
MODULES D:\DLSSNR-Lab\hip-backend\c32-align-20260930\flat-A C32=D5CCA49957B8B3DB4BACC4A821FD4F754EDBA0FCADADA79DB3BB4CDBD9904CB7 C64=C8A88D27BE37A1A1C69282B07C55D22E5B5025DBF9978C8AC76F65AD118A5FD5
{"tag":"time-900-3","mean_ms":7.9158224999999991,"sha":"54D7C1B454CD475AD2C12C2375AA6908FB9A3A7226F0901961EB49145EAAD689"}
MODULES D:\DLSSNR-Lab\hip-backend\c32-align-20260930\flat-A C32=D5CCA49957B8B3DB4BACC4A821FD4F754EDBA0FCADADA79DB3BB4CDBD9904CB7 C64=C8A88D27BE37A1A1C69282B07C55D22E5B5025DBF9978C8AC76F65AD118A5FD5
{"tag":"time-1080-0","mean_ms":10.85582625,"sha":"52947438109AA3E5A58DEB4DDC28045C175C51A6473775A1C102008CE7810D2B"}
MODULES D:\DLSSNR-Lab\hip-backend\c32-align-20260930\flat-S C32=EDB6843FFD13DB94DA01672EF0F4D97F2DBA2D4C90806B5831D3B6A4EACD5463 C64=C8A88D27BE37A1A1C69282B07C55D22E5B5025DBF9978C8AC76F65AD118A5FD5
{"tag":"time-1080-1","mean_ms":10.793986250000012,"sha":"52947438109AA3E5A58DEB4DDC28045C175C51A6473775A1C102008CE7810D2B"}
MODULES D:\DLSSNR-Lab\hip-backend\c32-align-20260930\flat-S C32=EDB6843FFD13DB94DA01672EF0F4D97F2DBA2D4C90806B5831D3B6A4EACD5463 C64=C8A88D27BE37A1A1C69282B07C55D22E5B5025DBF9978C8AC76F65AD118A5FD5
{"tag":"time-1080-2","mean_ms":10.790986250000005,"sha":"52947438109AA3E5A58DEB4DDC28045C175C51A6473775A1C102008CE7810D2B"}
MODULES D:\DLSSNR-Lab\hip-backend\c32-align-20260930\flat-A C32=D5CCA49957B8B3DB4BACC4A821FD4F754EDBA0FCADADA79DB3BB4CDBD9904CB7 C64=C8A88D27BE37A1A1C69282B07C55D22E5B5025DBF9978C8AC76F65AD118A5FD5
{"tag":"time-1080-3","mean_ms":10.869500000000007,"sha":"52947438109AA3E5A58DEB4DDC28045C175C51A6473775A1C102008CE7810D2B"}
MODULES D:\DLSSNR-Lab\hip-backend\c32-align-20260930\flat-A C32=D5CCA49957B8B3DB4BACC4A821FD4F754EDBA0FCADADA79DB3BB4CDBD9904CB7 C64=C8A88D27BE37A1A1C69282B07C55D22E5B5025DBF9978C8AC76F65AD118A5FD5
{"tag":"time-900-0","mean_ms":7.9549124999999972,"sha":"54D7C1B454CD475AD2C12C2375AA6908FB9A3A7226F0901961EB49145EAAD689"}
MODULES D:\DLSSNR-Lab\hip-backend\c32-align-20260930\flat-S C32=EDB6843FFD13DB94DA01672EF0F4D97F2DBA2D4C90806B5831D3B6A4EACD5463 C64=C8A88D27BE37A1A1C69282B07C55D22E5B5025DBF9978C8AC76F65AD118A5FD5
{"tag":"time-900-1","mean_ms":7.89985125,"sha":"54D7C1B454CD475AD2C12C2375AA6908FB9A3A7226F0901961EB49145EAAD689"}
MODULES D:\DLSSNR-Lab\hip-backend\c32-align-20260930\flat-S C32=EDB6843FFD13DB94DA01672EF0F4D97F2DBA2D4C90806B5831D3B6A4EACD5463 C64=C8A88D27BE37A1A1C69282B07C55D22E5B5025DBF9978C8AC76F65AD118A5FD5
{"tag":"time-900-2","mean_ms":7.9080424999999908,"sha":"54D7C1B454CD475AD2C12C2375AA6908FB9A3A7226F0901961EB49145EAAD689"}
MODULES D:\DLSSNR-Lab\hip-backend\c32-align-20260930\flat-A C32=D5CCA49957B8B3DB4BACC4A821FD4F754EDBA0FCADADA79DB3BB4CDBD9904CB7 C64=C8A88D27BE37A1A1C69282B07C55D22E5B5025DBF9978C8AC76F65AD118A5FD5
{"tag":"time-900-3","mean_ms":7.9539924999999956,"sha":"54D7C1B454CD475AD2C12C2375AA6908FB9A3A7226F0901961EB49145EAAD689"}
MODULES D:\DLSSNR-Lab\hip-backend\c32-align-20260930\flat-A C32=D5CCA49957B8B3DB4BACC4A821FD4F754EDBA0FCADADA79DB3BB4CDBD9904CB7 C64=C8A88D27BE37A1A1C69282B07C55D22E5B5025DBF9978C8AC76F65AD118A5FD5
{"tag":"time-1080-0","mean_ms":10.889882499999993,"sha":"52947438109AA3E5A58DEB4DDC28045C175C51A6473775A1C102008CE7810D2B"}
MODULES D:\DLSSNR-Lab\hip-backend\c32-align-20260930\flat-S C32=EDB6843FFD13DB94DA01672EF0F4D97F2DBA2D4C90806B5831D3B6A4EACD5463 C64=C8A88D27BE37A1A1C69282B07C55D22E5B5025DBF9978C8AC76F65AD118A5FD5
{"tag":"time-1080-1","mean_ms":10.819597500000004,"sha":"52947438109AA3E5A58DEB4DDC28045C175C51A6473775A1C102008CE7810D2B"}
MODULES D:\DLSSNR-Lab\hip-backend\c32-align-20260930\flat-S C32=EDB6843FFD13DB94DA01672EF0F4D97F2DBA2D4C90806B5831D3B6A4EACD5463 C64=C8A88D27BE37A1A1C69282B07C55D22E5B5025DBF9978C8AC76F65AD118A5FD5
{"tag":"time-1080-2","mean_ms":10.824289999999984,"sha":"52947438109AA3E5A58DEB4DDC28045C175C51A6473775A1C102008CE7810D2B"}
MODULES D:\DLSSNR-Lab\hip-backend\c32-align-20260930\flat-A C32=D5CCA49957B8B3DB4BACC4A821FD4F754EDBA0FCADADA79DB3BB4CDBD9904CB7 C64=C8A88D27BE37A1A1C69282B07C55D22E5B5025DBF9978C8AC76F65AD118A5FD5
{"tag":"time-1080-3","mean_ms":10.908655000000001,"sha":"52947438109AA3E5A58DEB4DDC28045C175C51A6473775A1C102008CE7810D2B"}
FULL_DONE S P
