seed=1 pattern=0
input format=RGBA16_FLOAT W=1920 H=1080 invalid=0 min=0 max=1 luma=0.3579201 roi_luma=0.389767599
adapter=AMD Radeon RX 9070 XT
SP_PLAN c=256 first=16 layers=6 tasks=893 initial=160 state_bytes=10732 w16=1
SP_PLAN c=256 first=49 layers=6 tasks=893 initial=160 state_bytes=10732 w16=1
frame=0 reset=1 wall_ms=1104.984 invalid=0 luma=0.364246 roi=0.4430098 dark=67826 roi_dark=6111 changed_first=0 maxabs_first=0
frame=1 reset=1 wall_ms=33.182 invalid=0 luma=0.364246 roi=0.4430098 dark=67826 roi_dark=6111 changed_first=0 maxabs_first=0
frame=2 reset=1 wall_ms=21.638 invalid=0 luma=0.364246 roi=0.4430098 dark=67826 roi_dark=6111 changed_first=0 maxabs_first=0
frame=3 reset=1 wall_ms=21.291 invalid=0 luma=0.364246 roi=0.4430098 dark=67826 roi_dark=6111 changed_first=0 maxabs_first=0
frame=4 reset=1 wall_ms=21.628 invalid=0 luma=0.364246 roi=0.4430098 dark=67826 roi_dark=6111 changed_first=0 maxabs_first=0
frame=5 reset=1 wall_ms=21.534 invalid=0 luma=0.364246 roi=0.4430098 dark=67826 roi_dark=6111 changed_first=0 maxabs_first=0
frame=6 reset=1 wall_ms=21.689 invalid=0 luma=0.364246 roi=0.4430098 dark=67826 roi_dark=6111 changed_first=0 maxabs_first=0
frame=7 reset=1 wall_ms=21.693 invalid=0 luma=0.364246 roi=0.4430098 dark=67826 roi_dark=6111 changed_first=0 maxabs_first=0
frame=8 reset=1 wall_ms=21.544 invalid=0 luma=0.364246 roi=0.4430098 dark=67826 roi_dark=6111 changed_first=0 maxabs_first=0
frame=9 reset=1 wall_ms=25.012 invalid=0 luma=0.364246 roi=0.4430098 dark=67826 roi_dark=6111 changed_first=0 maxabs_first=0
frame=10 reset=1 wall_ms=21.193 invalid=0 luma=0.364246 roi=0.4430098 dark=67826 roi_dark=6111 changed_first=0 maxabs_first=0
frame=11 reset=1 wall_ms=21.350 invalid=0 luma=0.364246 roi=0.4430098 dark=67826 roi_dark=6111 changed_first=0 maxabs_first=0
frame=12 reset=1 wall_ms=21.456 invalid=0 luma=0.364246 roi=0.4430098 dark=67826 roi_dark=6111 changed_first=0 maxabs_first=0
frame=13 reset=1 wall_ms=21.569 invalid=0 luma=0.364246 roi=0.4430098 dark=67826 roi_dark=6111 changed_first=0 maxabs_first=0
frame=14 reset=1 wall_ms=21.374 invalid=0 luma=0.364246 roi=0.4430098 dark=67826 roi_dark=6111 changed_first=0 maxabs_first=0
frame=15 reset=1 wall_ms=21.450 invalid=0 luma=0.364246 roi=0.4430098 dark=67826 roi_dark=6111 changed_first=0 maxabs_first=0
frame=16 reset=1 wall_ms=20.843 invalid=0 luma=0.364246 roi=0.4430098 dark=67826 roi_dark=6111 changed_first=0 maxabs_first=0
frame=17 reset=1 wall_ms=20.725 invalid=0 luma=0.364246 roi=0.4430098 dark=67826 roi_dark=6111 changed_first=0 maxabs_first=0
frame=18 reset=1 wall_ms=21.002 invalid=0 luma=0.364246 roi=0.4430098 dark=67826 roi_dark=6111 changed_first=0 maxabs_first=0
frame=19 reset=1 wall_ms=20.785 invalid=0 luma=0.364246 roi=0.4430098 dark=67826 roi_dark=6111 changed_first=0 maxabs_first=0
frame=20 reset=1 wall_ms=20.579 invalid=0 luma=0.364246 roi=0.4430098 dark=67826 roi_dark=6111 changed_first=0 maxabs_first=0
frame=21 reset=1 wall_ms=20.676 invalid=0 luma=0.364246 roi=0.4430098 dark=67826 roi_dark=6111 changed_first=0 maxabs_first=0
frame=22 reset=1 wall_ms=20.968 invalid=0 luma=0.364246 roi=0.4430098 dark=67826 roi_dark=6111 changed_first=0 maxabs_first=0
frame=23 reset=1 wall_ms=21.244 invalid=0 luma=0.364246 roi=0.4430098 dark=67826 roi_dark=6111 changed_first=0 maxabs_first=0
frame=24 reset=1 wall_ms=21.177 invalid=0 luma=0.364246 roi=0.4430098 dark=67826 roi_dark=6111 changed_first=0 maxabs_first=0
frame=25 reset=1 wall_ms=21.518 invalid=0 luma=0.364246 roi=0.4430098 dark=67826 roi_dark=6111 changed_first=0 maxabs_first=0
frame=26 reset=1 wall_ms=21.293 invalid=0 luma=0.364246 roi=0.4430098 dark=67826 roi_dark=6111 changed_first=0 maxabs_first=0
frame=27 reset=1 wall_ms=22.091 invalid=0 luma=0.364246 roi=0.4430098 dark=67826 roi_dark=6111 changed_first=0 maxabs_first=0
frame=28 reset=1 wall_ms=21.094 invalid=0 luma=0.364246 roi=0.4430098 dark=67826 roi_dark=6111 changed_first=0 maxabs_first=0
frame=29 reset=1 wall_ms=20.969 invalid=0 luma=0.364246 roi=0.4430098 dark=67826 roi_dark=6111 changed_first=0 maxabs_first=0
frame=30 reset=1 wall_ms=21.167 invalid=0 luma=0.364246 roi=0.4430098 dark=67826 roi_dark=6111 changed_first=0 maxabs_first=0
frame=31 reset=1 wall_ms=21.441 invalid=0 luma=0.364246 roi=0.4430098 dark=67826 roi_dark=6111 changed_first=0 maxabs_first=0
frame=32 reset=1 wall_ms=25.946 invalid=0 luma=0.364246 roi=0.4430098 dark=67826 roi_dark=6111 changed_first=0 maxabs_first=0
frame=33 reset=1 wall_ms=21.155 invalid=0 luma=0.364246 roi=0.4430098 dark=67826 roi_dark=6111 changed_first=0 maxabs_first=0
frame=34 reset=1 wall_ms=21.320 invalid=0 luma=0.364246 roi=0.4430098 dark=67826 roi_dark=6111 changed_first=0 maxabs_first=0
frame=35 reset=1 wall_ms=21.717 invalid=0 luma=0.364246 roi=0.4430098 dark=67826 roi_dark=6111 changed_first=0 maxabs_first=0
frame=36 reset=1 wall_ms=21.222 invalid=0 luma=0.364246 roi=0.4430098 dark=67826 roi_dark=6111 changed_first=0 maxabs_first=0
frame=37 reset=1 wall_ms=21.198 invalid=0 luma=0.364246 roi=0.4430098 dark=67826 roi_dark=6111 changed_first=0 maxabs_first=0
frame=38 reset=1 wall_ms=21.219 invalid=0 luma=0.364246 roi=0.4430098 dark=67826 roi_dark=6111 changed_first=0 maxabs_first=0
frame=39 reset=1 wall_ms=21.248 invalid=0 luma=0.364246 roi=0.4430098 dark=67826 roi_dark=6111 changed_first=0 maxabs_first=0
frame=40 reset=1 wall_ms=22.159 invalid=0 luma=0.364246 roi=0.4430098 dark=67826 roi_dark=6111 changed_first=0 maxabs_first=0
frame=41 reset=1 wall_ms=20.898 invalid=0 luma=0.364246 roi=0.4430098 dark=67826 roi_dark=6111 changed_first=0 maxabs_first=0
frame=42 reset=1 wall_ms=21.003 invalid=0 luma=0.364246 roi=0.4430098 dark=67826 roi_dark=6111 changed_first=0 maxabs_first=0
frame=43 reset=1 wall_ms=21.198 invalid=0 luma=0.364246 roi=0.4430098 dark=67826 roi_dark=6111 changed_first=0 maxabs_first=0
frame=44 reset=1 wall_ms=21.082 invalid=0 luma=0.364246 roi=0.4430098 dark=67826 roi_dark=6111 changed_first=0 maxabs_first=0
frame=45 reset=1 wall_ms=25.534 invalid=0 luma=0.364246 roi=0.4430098 dark=67826 roi_dark=6111 changed_first=0 maxabs_first=0
frame=46 reset=1 wall_ms=21.191 invalid=0 luma=0.364246 roi=0.4430098 dark=67826 roi_dark=6111 changed_first=0 maxabs_first=0
frame=47 reset=1 wall_ms=21.844 invalid=0 luma=0.364246 roi=0.4430098 dark=67826 roi_dark=6111 changed_first=0 maxabs_first=0
frame=48 reset=1 wall_ms=21.636 invalid=0 luma=0.364246 roi=0.4430098 dark=67826 roi_dark=6111 changed_first=0 maxabs_first=0
frame=49 reset=1 wall_ms=21.140 invalid=0 luma=0.364246 roi=0.4430098 dark=67826 roi_dark=6111 changed_first=0 maxabs_first=0
frame=50 reset=1 wall_ms=43.490 invalid=0 luma=0.364246 roi=0.4430098 dark=67826 roi_dark=6111 changed_first=0 maxabs_first=0
frame=51 reset=1 wall_ms=21.215 invalid=0 luma=0.364246 roi=0.4430098 dark=67826 roi_dark=6111 changed_first=0 maxabs_first=0
frame=52 reset=1 wall_ms=21.146 invalid=0 luma=0.364246 roi=0.4430098 dark=67826 roi_dark=6111 changed_first=0 maxabs_first=0
frame=53 reset=1 wall_ms=25.231 invalid=0 luma=0.364246 roi=0.4430098 dark=67826 roi_dark=6111 changed_first=0 maxabs_first=0
frame=54 reset=1 wall_ms=21.209 invalid=0 luma=0.364246 roi=0.4430098 dark=67826 roi_dark=6111 changed_first=0 maxabs_first=0
frame=55 reset=1 wall_ms=20.981 invalid=0 luma=0.364246 roi=0.4430098 dark=67826 roi_dark=6111 changed_first=0 maxabs_first=0
frame=56 reset=1 wall_ms=21.028 invalid=0 luma=0.364246 roi=0.4430098 dark=67826 roi_dark=6111 changed_first=0 maxabs_first=0
frame=57 reset=1 wall_ms=21.544 invalid=0 luma=0.364246 roi=0.4430098 dark=67826 roi_dark=6111 changed_first=0 maxabs_first=0
frame=58 reset=1 wall_ms=21.230 invalid=0 luma=0.364246 roi=0.4430098 dark=67826 roi_dark=6111 changed_first=0 maxabs_first=0
frame=59 reset=1 wall_ms=24.643 invalid=0 luma=0.364246 roi=0.4430098 dark=67826 roi_dark=6111 changed_first=0 maxabs_first=0
frame=60 reset=1 wall_ms=21.232 invalid=0 luma=0.364246 roi=0.4430098 dark=67826 roi_dark=6111 changed_first=0 maxabs_first=0
frame=61 reset=1 wall_ms=25.171 invalid=0 luma=0.364246 roi=0.4430098 dark=67826 roi_dark=6111 changed_first=0 maxabs_first=0
frame=62 reset=1 wall_ms=42.410 invalid=0 luma=0.364246 roi=0.4430098 dark=67826 roi_dark=6111 changed_first=0 maxabs_first=0
frame=63 reset=1 wall_ms=21.361 invalid=0 luma=0.364246 roi=0.4430098 dark=67826 roi_dark=6111 changed_first=0 maxabs_first=0
SP_STATS runs=256 fallback=0 rollover=0 jobs=228608 disabled=0 errors=0
RESULT frames=64 temporal=0 mean_wall_ms=39.449 invalid_total=0 restored_capture_every_frame=1 HDR_preserved=1
