seed=0 pattern=0
input format=RGBA16_FLOAT W=1296 H=720 invalid=0 min=0 max=34.53125 luma=0.0157641119 roi_luma=0.0250669576
adapter=AMD Radeon RX 9070 XT
SP_PLAN c=256 first=16 layers=6 tasks=624 initial=104 state_bytes=7504
SP_DONE c=256 first=16 tasks=624 base=0 ms=1.470
SP_PLAN c=256 first=49 layers=6 tasks=624 initial=104 state_bytes=7504
SP_DONE c=256 first=49 tasks=624 base=0 ms=0.533
SP_PLAN c=128 first=57 layers=4 tasks=1581 initial=400 state_bytes=18988
SP_DONE c=128 first=57 tasks=1581 base=0 ms=0.528
frame=0 reset=1 wall_ms=1312.428 invalid=0 luma=0.01004178 roi=0.01568267 dark=842326 roi_dark=274409 changed_first=0 maxabs_first=0
SP_DONE c=256 first=16 tasks=624 base=624 ms=5.711
SP_DONE c=256 first=49 tasks=624 base=624 ms=1.202
SP_DONE c=128 first=57 tasks=1581 base=1581 ms=0.668
frame=1 reset=1 wall_ms=20.012 invalid=0 luma=0.01008482 roi=0.01563533 dark=841836 roi_dark=273789 changed_first=3599046 maxabs_first=15.45532
SP_DONE c=256 first=16 tasks=624 base=1248 ms=3.570
SP_DONE c=256 first=49 tasks=624 base=1248 ms=1.329
SP_DONE c=128 first=57 tasks=1581 base=3162 ms=0.668
frame=2 reset=1 wall_ms=11.523 invalid=0 luma=0.01009764 roi=0.01554612 dark=841465 roi_dark=274230 changed_first=3613977 maxabs_first=15.56181
SP_DONE c=256 first=16 tasks=624 base=1872 ms=6.891
SP_DONE c=256 first=49 tasks=624 base=1872 ms=1.197
SP_DONE c=128 first=57 tasks=1581 base=4743 ms=0.690
frame=3 reset=1 wall_ms=14.802 invalid=0 luma=0.0100854 roi=0.01544253 dark=841676 roi_dark=274579 changed_first=3630190 maxabs_first=15.57711
SP_DONE c=256 first=16 tasks=624 base=2496 ms=3.657
SP_DONE c=256 first=49 tasks=624 base=2496 ms=1.126
SP_DONE c=128 first=57 tasks=1581 base=6324 ms=0.615
frame=4 reset=1 wall_ms=11.066 invalid=0 luma=0.01008573 roi=0.01539639 dark=841585 roi_dark=274642 changed_first=3640084 maxabs_first=15.57686
SP_DONE c=256 first=16 tasks=624 base=3120 ms=3.561
SP_DONE c=256 first=49 tasks=624 base=3120 ms=1.151
SP_DONE c=128 first=57 tasks=1581 base=7905 ms=0.627
frame=5 reset=1 wall_ms=12.196 invalid=0 luma=0.01010562 roi=0.01532429 dark=841571 roi_dark=274757 changed_first=3652286 maxabs_first=15.57282
SP_DONE c=256 first=16 tasks=624 base=3744 ms=3.442
SP_DONE c=256 first=49 tasks=624 base=3744 ms=1.189
SP_DONE c=128 first=57 tasks=1581 base=9486 ms=0.624
frame=6 reset=1 wall_ms=11.101 invalid=0 luma=0.01016058 roi=0.01534807 dark=841782 roi_dark=275293 changed_first=3653185 maxabs_first=15.57127
SP_DONE c=256 first=16 tasks=624 base=4368 ms=3.401
SP_DONE c=256 first=49 tasks=624 base=4368 ms=1.259
SP_DONE c=128 first=57 tasks=1581 base=11067 ms=0.657
frame=7 reset=1 wall_ms=11.403 invalid=0 luma=0.010131 roi=0.01530866 dark=841782 roi_dark=275232 changed_first=3666280 maxabs_first=15.56163
SP_DONE c=256 first=16 tasks=624 base=4992 ms=3.362
SP_DONE c=256 first=49 tasks=624 base=4992 ms=1.180
SP_DONE c=128 first=57 tasks=1581 base=12648 ms=0.612
frame=8 reset=1 wall_ms=12.103 invalid=0 luma=0.01004213 roi=0.01523903 dark=842220 roi_dark=275510 changed_first=3668669 maxabs_first=15.56401
SP_DONE c=256 first=16 tasks=624 base=5616 ms=3.497
SP_DONE c=256 first=49 tasks=624 base=5616 ms=1.342
SP_DONE c=128 first=57 tasks=1581 base=14229 ms=0.721
frame=9 reset=1 wall_ms=13.344 invalid=0 luma=0.01008287 roi=0.01525153 dark=842242 roi_dark=275933 changed_first=3674246 maxabs_first=15.57291
SP_DONE c=256 first=16 tasks=624 base=6240 ms=3.424
SP_DONE c=256 first=49 tasks=624 base=6240 ms=1.346
SP_DONE c=128 first=57 tasks=1581 base=15810 ms=0.733
frame=10 reset=1 wall_ms=13.100 invalid=0 luma=0.01005785 roi=0.0151586 dark=842016 roi_dark=275987 changed_first=3677699 maxabs_first=15.57238
SP_DONE c=256 first=16 tasks=624 base=6864 ms=4.972
SP_DONE c=256 first=49 tasks=624 base=6864 ms=1.319
SP_DONE c=128 first=57 tasks=1581 base=17391 ms=0.703
frame=11 reset=1 wall_ms=15.395 invalid=0 luma=0.01004094 roi=0.01512375 dark=842185 roi_dark=275851 changed_first=3681934 maxabs_first=15.57399
SP_STATS runs=36 fallback=0 rollover=0 jobs=33948 disabled=0 errors=0
RESULT frames=12 temporal=0 mean_wall_ms=121.539 invalid_total=0 restored_capture_every_frame=1 HDR_preserved=1
