seed=1 pattern=0
input format=RGBA16_FLOAT W=1920 H=1080 invalid=0 min=0 max=1 luma=0.3579201 roi_luma=0.389767599
adapter=AMD Radeon RX 9070 XT
SP_PLAN c=256 first=16 layers=6 tasks=893 initial=160 state_bytes=10732 w16=1
SP_PLAN c=256 first=49 layers=6 tasks=893 initial=160 state_bytes=10732 w16=1
frame=0 reset=1 wall_ms=2119.486 invalid=0 luma=0.3620656 roi=0.4089513 dark=1254 roi_dark=352 changed_first=0 maxabs_first=0
frame=1 reset=1 wall_ms=25.290 invalid=0 luma=0.3620656 roi=0.4089513 dark=1254 roi_dark=352 changed_first=0 maxabs_first=0
frame=2 reset=1 wall_ms=11.790 invalid=0 luma=0.3620656 roi=0.4089513 dark=1254 roi_dark=352 changed_first=0 maxabs_first=0
frame=3 reset=1 wall_ms=11.857 invalid=0 luma=0.3620656 roi=0.4089513 dark=1254 roi_dark=352 changed_first=0 maxabs_first=0
frame=4 reset=1 wall_ms=12.402 invalid=0 luma=0.3620656 roi=0.4089513 dark=1254 roi_dark=352 changed_first=0 maxabs_first=0
frame=5 reset=1 wall_ms=14.272 invalid=0 luma=0.3620656 roi=0.4089513 dark=1254 roi_dark=352 changed_first=0 maxabs_first=0
frame=6 reset=1 wall_ms=11.810 invalid=0 luma=0.3620656 roi=0.4089513 dark=1254 roi_dark=352 changed_first=0 maxabs_first=0
frame=7 reset=1 wall_ms=15.470 invalid=0 luma=0.3620656 roi=0.4089513 dark=1254 roi_dark=352 changed_first=0 maxabs_first=0
frame=8 reset=1 wall_ms=13.739 invalid=0 luma=0.3620656 roi=0.4089513 dark=1254 roi_dark=352 changed_first=0 maxabs_first=0
frame=9 reset=1 wall_ms=11.676 invalid=0 luma=0.3620656 roi=0.4089513 dark=1254 roi_dark=352 changed_first=0 maxabs_first=0
frame=10 reset=1 wall_ms=11.655 invalid=0 luma=0.3620656 roi=0.4089513 dark=1254 roi_dark=352 changed_first=0 maxabs_first=0
frame=11 reset=1 wall_ms=11.488 invalid=0 luma=0.3620656 roi=0.4089513 dark=1254 roi_dark=352 changed_first=0 maxabs_first=0
frame=12 reset=1 wall_ms=11.338 invalid=0 luma=0.3620656 roi=0.4089513 dark=1254 roi_dark=352 changed_first=0 maxabs_first=0
frame=13 reset=1 wall_ms=11.761 invalid=0 luma=0.3620656 roi=0.4089513 dark=1254 roi_dark=352 changed_first=0 maxabs_first=0
frame=14 reset=1 wall_ms=11.652 invalid=0 luma=0.3620656 roi=0.4089513 dark=1254 roi_dark=352 changed_first=0 maxabs_first=0
frame=15 reset=1 wall_ms=11.402 invalid=0 luma=0.3620656 roi=0.4089513 dark=1254 roi_dark=352 changed_first=0 maxabs_first=0
frame=16 reset=1 wall_ms=33.692 invalid=0 luma=0.3620656 roi=0.4089513 dark=1254 roi_dark=352 changed_first=0 maxabs_first=0
frame=17 reset=1 wall_ms=11.203 invalid=0 luma=0.3620656 roi=0.4089513 dark=1254 roi_dark=352 changed_first=0 maxabs_first=0
frame=18 reset=1 wall_ms=11.260 invalid=0 luma=0.3620656 roi=0.4089513 dark=1254 roi_dark=352 changed_first=0 maxabs_first=0
frame=19 reset=1 wall_ms=10.963 invalid=0 luma=0.3620656 roi=0.4089513 dark=1254 roi_dark=352 changed_first=0 maxabs_first=0
frame=20 reset=1 wall_ms=11.129 invalid=0 luma=0.3620656 roi=0.4089513 dark=1254 roi_dark=352 changed_first=0 maxabs_first=0
frame=21 reset=1 wall_ms=11.189 invalid=0 luma=0.3620656 roi=0.4089513 dark=1254 roi_dark=352 changed_first=0 maxabs_first=0
frame=22 reset=1 wall_ms=11.176 invalid=0 luma=0.3620656 roi=0.4089513 dark=1254 roi_dark=352 changed_first=0 maxabs_first=0
frame=23 reset=1 wall_ms=11.201 invalid=0 luma=0.3620656 roi=0.4089513 dark=1254 roi_dark=352 changed_first=0 maxabs_first=0
frame=24 reset=1 wall_ms=13.839 invalid=0 luma=0.3620656 roi=0.4089513 dark=1254 roi_dark=352 changed_first=0 maxabs_first=0
frame=25 reset=1 wall_ms=11.131 invalid=0 luma=0.3620656 roi=0.4089513 dark=1254 roi_dark=352 changed_first=0 maxabs_first=0
frame=26 reset=1 wall_ms=11.327 invalid=0 luma=0.3620656 roi=0.4089513 dark=1254 roi_dark=352 changed_first=0 maxabs_first=0
frame=27 reset=1 wall_ms=19.785 invalid=0 luma=0.3620656 roi=0.4089513 dark=1254 roi_dark=352 changed_first=0 maxabs_first=0
frame=28 reset=1 wall_ms=12.045 invalid=0 luma=0.3620656 roi=0.4089513 dark=1254 roi_dark=352 changed_first=0 maxabs_first=0
frame=29 reset=1 wall_ms=11.200 invalid=0 luma=0.3620656 roi=0.4089513 dark=1254 roi_dark=352 changed_first=0 maxabs_first=0
frame=30 reset=1 wall_ms=11.274 invalid=0 luma=0.3620656 roi=0.4089513 dark=1254 roi_dark=352 changed_first=0 maxabs_first=0
frame=31 reset=1 wall_ms=11.081 invalid=0 luma=0.3620656 roi=0.4089513 dark=1254 roi_dark=352 changed_first=0 maxabs_first=0
frame=32 reset=1 wall_ms=11.212 invalid=0 luma=0.3620656 roi=0.4089513 dark=1254 roi_dark=352 changed_first=0 maxabs_first=0
frame=33 reset=1 wall_ms=19.763 invalid=0 luma=0.3620656 roi=0.4089513 dark=1254 roi_dark=352 changed_first=0 maxabs_first=0
frame=34 reset=1 wall_ms=11.378 invalid=0 luma=0.3620656 roi=0.4089513 dark=1254 roi_dark=352 changed_first=0 maxabs_first=0
frame=35 reset=1 wall_ms=11.223 invalid=0 luma=0.3620656 roi=0.4089513 dark=1254 roi_dark=352 changed_first=0 maxabs_first=0
frame=36 reset=1 wall_ms=15.297 invalid=0 luma=0.3620656 roi=0.4089513 dark=1254 roi_dark=352 changed_first=0 maxabs_first=0
frame=37 reset=1 wall_ms=11.072 invalid=0 luma=0.3620656 roi=0.4089513 dark=1254 roi_dark=352 changed_first=0 maxabs_first=0
frame=38 reset=1 wall_ms=11.080 invalid=0 luma=0.3620656 roi=0.4089513 dark=1254 roi_dark=352 changed_first=0 maxabs_first=0
frame=39 reset=1 wall_ms=11.020 invalid=0 luma=0.3620656 roi=0.4089513 dark=1254 roi_dark=352 changed_first=0 maxabs_first=0
frame=40 reset=1 wall_ms=11.356 invalid=0 luma=0.3620656 roi=0.4089513 dark=1254 roi_dark=352 changed_first=0 maxabs_first=0
frame=41 reset=1 wall_ms=11.151 invalid=0 luma=0.3620656 roi=0.4089513 dark=1254 roi_dark=352 changed_first=0 maxabs_first=0
frame=42 reset=1 wall_ms=10.968 invalid=0 luma=0.3620656 roi=0.4089513 dark=1254 roi_dark=352 changed_first=0 maxabs_first=0
frame=43 reset=1 wall_ms=11.164 invalid=0 luma=0.3620656 roi=0.4089513 dark=1254 roi_dark=352 changed_first=0 maxabs_first=0
frame=44 reset=1 wall_ms=11.107 invalid=0 luma=0.3620656 roi=0.4089513 dark=1254 roi_dark=352 changed_first=0 maxabs_first=0
frame=45 reset=1 wall_ms=11.009 invalid=0 luma=0.3620656 roi=0.4089513 dark=1254 roi_dark=352 changed_first=0 maxabs_first=0
frame=46 reset=1 wall_ms=11.065 invalid=0 luma=0.3620656 roi=0.4089513 dark=1254 roi_dark=352 changed_first=0 maxabs_first=0
frame=47 reset=1 wall_ms=11.089 invalid=0 luma=0.3620656 roi=0.4089513 dark=1254 roi_dark=352 changed_first=0 maxabs_first=0
frame=48 reset=1 wall_ms=11.361 invalid=0 luma=0.3620656 roi=0.4089513 dark=1254 roi_dark=352 changed_first=0 maxabs_first=0
frame=49 reset=1 wall_ms=11.460 invalid=0 luma=0.3620656 roi=0.4089513 dark=1254 roi_dark=352 changed_first=0 maxabs_first=0
frame=50 reset=1 wall_ms=11.099 invalid=0 luma=0.3620656 roi=0.4089513 dark=1254 roi_dark=352 changed_first=0 maxabs_first=0
frame=51 reset=1 wall_ms=11.281 invalid=0 luma=0.3620656 roi=0.4089513 dark=1254 roi_dark=352 changed_first=0 maxabs_first=0
frame=52 reset=1 wall_ms=11.156 invalid=0 luma=0.3620656 roi=0.4089513 dark=1254 roi_dark=352 changed_first=0 maxabs_first=0
frame=53 reset=1 wall_ms=11.475 invalid=0 luma=0.3620656 roi=0.4089513 dark=1254 roi_dark=352 changed_first=0 maxabs_first=0
frame=54 reset=1 wall_ms=11.277 invalid=0 luma=0.3620656 roi=0.4089513 dark=1254 roi_dark=352 changed_first=0 maxabs_first=0
frame=55 reset=1 wall_ms=11.348 invalid=0 luma=0.3620656 roi=0.4089513 dark=1254 roi_dark=352 changed_first=0 maxabs_first=0
frame=56 reset=1 wall_ms=11.163 invalid=0 luma=0.3620656 roi=0.4089513 dark=1254 roi_dark=352 changed_first=0 maxabs_first=0
frame=57 reset=1 wall_ms=11.172 invalid=0 luma=0.3620656 roi=0.4089513 dark=1254 roi_dark=352 changed_first=0 maxabs_first=0
frame=58 reset=1 wall_ms=11.358 invalid=0 luma=0.3620656 roi=0.4089513 dark=1254 roi_dark=352 changed_first=0 maxabs_first=0
frame=59 reset=1 wall_ms=11.096 invalid=0 luma=0.3620656 roi=0.4089513 dark=1254 roi_dark=352 changed_first=0 maxabs_first=0
frame=60 reset=1 wall_ms=11.107 invalid=0 luma=0.3620656 roi=0.4089513 dark=1254 roi_dark=352 changed_first=0 maxabs_first=0
frame=61 reset=1 wall_ms=11.928 invalid=0 luma=0.3620656 roi=0.4089513 dark=1254 roi_dark=352 changed_first=0 maxabs_first=0
frame=62 reset=1 wall_ms=11.252 invalid=0 luma=0.3620656 roi=0.4089513 dark=1254 roi_dark=352 changed_first=0 maxabs_first=0
frame=63 reset=1 wall_ms=11.085 invalid=0 luma=0.3620656 roi=0.4089513 dark=1254 roi_dark=352 changed_first=0 maxabs_first=0
SP_STATS runs=128 fallback=0 rollover=0 jobs=114304 disabled=0 errors=0
RESULT frames=64 temporal=0 mean_wall_ms=45.346 invalid_total=0 restored_capture_every_frame=1 HDR_preserved=1
