COMGR 3.0
ISA amdgcn-amd-amdhsa--gfx1200
assembly emitted
COMGR kind5:
ELF hsaco saved bytes=14328 path=D:\DLSSNR-Lab\multipass-direct-rgba-20261004\HIP\gfx1200\multi-pass-predict.hsaco
COMGR 3.0
ISA amdgcn-amd-amdhsa--gfx1200
assembly emitted
COMGR kind5:
ELF hsaco saved bytes=12888 path=D:\DLSSNR-Lab\multipass-direct-rgba-20261004\HIP\gfx1200\multi-pass-skin.hsaco
COMGR 3.0
ISA amdgcn-amd-amdhsa--gfx1201
assembly emitted
COMGR kind5:
ELF hsaco saved bytes=14328 path=D:\DLSSNR-Lab\multipass-direct-rgba-20261004\HIP\gfx1201\multi-pass-predict.hsaco
COMGR 3.0
ISA amdgcn-amd-amdhsa--gfx1201
assembly emitted
COMGR kind5:
ELF hsaco saved bytes=12888 path=D:\DLSSNR-Lab\multipass-direct-rgba-20261004\HIP\gfx1201\multi-pass-skin.hsaco
BUILD_SMALL_DONE
