seed=1 pattern=0
input format=RGBA16_FLOAT W=2560 H=1440 invalid=0 min=0 max=1 luma=0.357899353 roi_luma=0.389746571
adapter=AMD Radeon RX 9070 XT
NET frame=0 gpu_ms=1197.795410
GEOMETRY valid=2560x1440 processing=2560x1472 tokens=960
frame=0 reset=1 wall_ms=1205.682 invalid=0 luma=0.3595664 roi=0.4036012 dark=1317 roi_dark=232 changed_first=0 maxabs_first=0
NET frame=1 gpu_ms=19.724501
frame=1 reset=1 wall_ms=21.791 invalid=0 luma=0.3595664 roi=0.4036012 dark=1317 roi_dark=232 changed_first=0 maxabs_first=0
NET frame=2 gpu_ms=16.823601
frame=2 reset=1 wall_ms=18.654 invalid=0 luma=0.3595664 roi=0.4036012 dark=1317 roi_dark=232 changed_first=0 maxabs_first=0
NET frame=3 gpu_ms=16.637400
frame=3 reset=1 wall_ms=18.407 invalid=0 luma=0.3595664 roi=0.4036012 dark=1317 roi_dark=232 changed_first=0 maxabs_first=0
NET frame=4 gpu_ms=17.292299
frame=4 reset=1 wall_ms=19.235 invalid=0 luma=0.3595664 roi=0.4036012 dark=1317 roi_dark=232 changed_first=0 maxabs_first=0
NET frame=5 gpu_ms=18.010401
frame=5 reset=1 wall_ms=19.771 invalid=0 luma=0.3595664 roi=0.4036012 dark=1317 roi_dark=232 changed_first=0 maxabs_first=0
NET frame=6 gpu_ms=20.891600
frame=6 reset=1 wall_ms=22.792 invalid=0 luma=0.3595664 roi=0.4036012 dark=1317 roi_dark=232 changed_first=0 maxabs_first=0
NET frame=7 gpu_ms=17.396700
frame=7 reset=1 wall_ms=19.334 invalid=0 luma=0.3595664 roi=0.4036012 dark=1317 roi_dark=232 changed_first=0 maxabs_first=0
NET frame=8 gpu_ms=17.462400
frame=8 reset=1 wall_ms=19.377 invalid=0 luma=0.3595664 roi=0.4036012 dark=1317 roi_dark=232 changed_first=0 maxabs_first=0
NET frame=9 gpu_ms=16.932699
frame=9 reset=1 wall_ms=18.847 invalid=0 luma=0.3595664 roi=0.4036012 dark=1317 roi_dark=232 changed_first=0 maxabs_first=0
NET frame=10 gpu_ms=17.181900
frame=10 reset=1 wall_ms=19.385 invalid=0 luma=0.3595664 roi=0.4036012 dark=1317 roi_dark=232 changed_first=0 maxabs_first=0
NET frame=11 gpu_ms=16.781099
frame=11 reset=1 wall_ms=18.553 invalid=0 luma=0.3595664 roi=0.4036012 dark=1317 roi_dark=232 changed_first=0 maxabs_first=0
RAW floats=11304960 invalid=0
SP_STATS runs=0 fallback=0 rollover=0 jobs=0 disabled=0 errors=0
RESULT frames=12 temporal=0 mean_wall_ms=118.486 invalid_total=0 restored_capture_every_frame=1 HDR_preserved=1
