seed=0 pattern=0
input format=RGBA16_FLOAT W=1296 H=720 invalid=0 min=0 max=34.53125 luma=0.0157641119 roi_luma=0.0250669576
adapter=AMD Radeon RX 9070 XT
SP_PLAN c=256 first=16 layers=6 tasks=624 initial=104 state_bytes=7504 w16=1
SP_PLAN c=256 first=49 layers=6 tasks=624 initial=104 state_bytes=7504 w16=1
FRAME_NET_GPU frame=0 gpu_ms=1232.89209 tag=1 ready=1
frame=0 reset=1 wall_ms=1241.524 invalid=0 luma=0.01311046 roi=0.01994696 dark=808529 roi_dark=258288 changed_first=0 maxabs_first=0
FRAME_NET_GPU frame=1 gpu_ms=5.00044012 tag=2 ready=1
FRAME_NET_GPU frame=2 gpu_ms=4.81169987 tag=3 ready=1
FRAME_NET_GPU frame=3 gpu_ms=6.67999983 tag=4 ready=1
FRAME_NET_GPU frame=4 gpu_ms=6.61749983 tag=5 ready=1
FRAME_NET_GPU frame=5 gpu_ms=6.44589996 tag=6 ready=1
FRAME_NET_GPU frame=6 gpu_ms=6.3506999 tag=7 ready=1
FRAME_NET_GPU frame=7 gpu_ms=6.32910013 tag=8 ready=1
FRAME_NET_GPU frame=8 gpu_ms=6.3597002 tag=9 ready=1
FRAME_NET_GPU frame=9 gpu_ms=6.33409977 tag=10 ready=1
FRAME_NET_GPU frame=10 gpu_ms=6.31869984 tag=11 ready=1
FRAME_NET_GPU frame=11 gpu_ms=6.3986001 tag=12 ready=1
FRAME_NET_GPU frame=12 gpu_ms=6.36749983 tag=13 ready=1
FRAME_NET_GPU frame=13 gpu_ms=6.29769993 tag=14 ready=1
FRAME_NET_GPU frame=14 gpu_ms=6.38089991 tag=15 ready=1
FRAME_NET_GPU frame=15 gpu_ms=6.33239985 tag=16 ready=1
FRAME_NET_GPU frame=16 gpu_ms=6.51898003 tag=17 ready=1
FRAME_NET_GPU frame=17 gpu_ms=6.36825991 tag=18 ready=1
FRAME_NET_GPU frame=18 gpu_ms=6.47875977 tag=19 ready=1
FRAME_NET_GPU frame=19 gpu_ms=6.50882006 tag=20 ready=1
FRAME_NET_GPU frame=20 gpu_ms=6.48246002 tag=21 ready=1
FRAME_NET_GPU frame=21 gpu_ms=6.48133993 tag=22 ready=1
FRAME_NET_GPU frame=22 gpu_ms=6.51645994 tag=23 ready=1
FRAME_NET_GPU frame=23 gpu_ms=6.4963398 tag=24 ready=1
FRAME_NET_GPU frame=24 gpu_ms=6.45879984 tag=25 ready=1
FRAME_NET_GPU frame=25 gpu_ms=6.39701986 tag=26 ready=1
FRAME_NET_GPU frame=26 gpu_ms=6.40534019 tag=27 ready=1
FRAME_NET_GPU frame=27 gpu_ms=6.55628014 tag=28 ready=1
FRAME_NET_GPU frame=28 gpu_ms=6.48579979 tag=29 ready=1
FRAME_NET_GPU frame=29 gpu_ms=6.48379993 tag=30 ready=1
FRAME_NET_GPU frame=30 gpu_ms=6.43887997 tag=31 ready=1
FRAME_NET_GPU frame=31 gpu_ms=6.36013985 tag=32 ready=1
FRAME_NET_GPU frame=32 gpu_ms=6.4698 tag=33 ready=1
FRAME_NET_GPU frame=33 gpu_ms=6.45508003 tag=34 ready=1
FRAME_NET_GPU frame=34 gpu_ms=6.45851994 tag=35 ready=1
FRAME_NET_GPU frame=35 gpu_ms=6.44504023 tag=36 ready=1
FRAME_NET_GPU frame=36 gpu_ms=6.45972013 tag=37 ready=1
FRAME_NET_GPU frame=37 gpu_ms=6.54040003 tag=38 ready=1
FRAME_NET_GPU frame=38 gpu_ms=6.5099802 tag=39 ready=1
FRAME_NET_GPU frame=39 gpu_ms=6.44574022 tag=40 ready=1
FRAME_NET_GPU frame=40 gpu_ms=6.44119978 tag=41 ready=1
FRAME_NET_GPU frame=41 gpu_ms=6.53921986 tag=42 ready=1
FRAME_NET_GPU frame=42 gpu_ms=6.55170012 tag=43 ready=1
FRAME_NET_GPU frame=43 gpu_ms=6.51745987 tag=44 ready=1
FRAME_NET_GPU frame=44 gpu_ms=6.57747984 tag=45 ready=1
FRAME_NET_GPU frame=45 gpu_ms=6.5362401 tag=46 ready=1
FRAME_NET_GPU frame=46 gpu_ms=6.5328002 tag=47 ready=1
FRAME_NET_GPU frame=47 gpu_ms=6.4783802 tag=48 ready=1
FRAME_NET_GPU frame=48 gpu_ms=6.62413979 tag=49 ready=1
FRAME_NET_GPU frame=49 gpu_ms=6.60451984 tag=50 ready=1
FRAME_NET_GPU frame=50 gpu_ms=6.59469986 tag=51 ready=1
FRAME_NET_GPU frame=51 gpu_ms=6.57240009 tag=52 ready=1
FRAME_NET_GPU frame=52 gpu_ms=6.53529978 tag=53 ready=1
FRAME_NET_GPU frame=53 gpu_ms=6.62839985 tag=54 ready=1
FRAME_NET_GPU frame=54 gpu_ms=6.56633997 tag=55 ready=1
FRAME_NET_GPU frame=55 gpu_ms=6.60184002 tag=56 ready=1
FRAME_NET_GPU frame=56 gpu_ms=6.64007998 tag=57 ready=1
FRAME_NET_GPU frame=57 gpu_ms=6.6023798 tag=58 ready=1
FRAME_NET_GPU frame=58 gpu_ms=6.6560998 tag=59 ready=1
FRAME_NET_GPU frame=59 gpu_ms=6.60355997 tag=60 ready=1
FRAME_NET_GPU frame=60 gpu_ms=6.57969999 tag=61 ready=1
FRAME_NET_GPU frame=61 gpu_ms=6.54831982 tag=62 ready=1
FRAME_NET_GPU frame=62 gpu_ms=6.5948801 tag=63 ready=1
FRAME_NET_GPU frame=63 gpu_ms=6.59613991 tag=64 ready=1
FRAME_NET_GPU frame=64 gpu_ms=6.55565977 tag=65 ready=1
FRAME_NET_GPU frame=65 gpu_ms=6.62029982 tag=66 ready=1
FRAME_NET_GPU frame=66 gpu_ms=6.64124012 tag=67 ready=1
FRAME_NET_GPU frame=67 gpu_ms=6.53658009 tag=68 ready=1
FRAME_NET_GPU frame=68 gpu_ms=6.52954006 tag=69 ready=1
FRAME_NET_GPU frame=69 gpu_ms=6.60716009 tag=70 ready=1
FRAME_NET_GPU frame=70 gpu_ms=6.48398018 tag=71 ready=1
FRAME_NET_GPU frame=71 gpu_ms=6.59055996 tag=72 ready=1
FRAME_NET_GPU frame=72 gpu_ms=6.62616014 tag=73 ready=1
FRAME_NET_GPU frame=73 gpu_ms=6.55870008 tag=74 ready=1
FRAME_NET_GPU frame=74 gpu_ms=6.57569981 tag=75 ready=1
FRAME_NET_GPU frame=75 gpu_ms=6.6230998 tag=76 ready=1
FRAME_NET_GPU frame=76 gpu_ms=6.5999198 tag=77 ready=1
FRAME_NET_GPU frame=77 gpu_ms=6.54890013 tag=78 ready=1
FRAME_NET_GPU frame=78 gpu_ms=6.65074015 tag=79 ready=1
FRAME_NET_GPU frame=79 gpu_ms=6.65642023 tag=80 ready=1
FRAME_NET_GPU frame=80 gpu_ms=6.59047985 tag=81 ready=1
FRAME_NET_GPU frame=81 gpu_ms=6.57906008 tag=82 ready=1
FRAME_NET_GPU frame=82 gpu_ms=6.52765989 tag=83 ready=1
FRAME_NET_GPU frame=83 gpu_ms=6.61636019 tag=84 ready=1
FRAME_NET_GPU frame=84 gpu_ms=6.52050018 tag=85 ready=1
FRAME_NET_GPU frame=85 gpu_ms=6.65004015 tag=86 ready=1
FRAME_NET_GPU frame=86 gpu_ms=6.59024 tag=87 ready=1
FRAME_NET_GPU frame=87 gpu_ms=6.5851202 tag=88 ready=1
FRAME_NET_GPU frame=88 gpu_ms=6.58532 tag=89 ready=1
FRAME_NET_GPU frame=89 gpu_ms=6.55654001 tag=90 ready=1
FRAME_NET_GPU frame=90 gpu_ms=6.6188798 tag=91 ready=1
FRAME_NET_GPU frame=91 gpu_ms=6.53993988 tag=92 ready=1
FRAME_NET_GPU frame=92 gpu_ms=6.56302023 tag=93 ready=1
FRAME_NET_GPU frame=93 gpu_ms=6.57793999 tag=94 ready=1
FRAME_NET_GPU frame=94 gpu_ms=6.60968018 tag=95 ready=1
FRAME_NET_GPU frame=95 gpu_ms=6.69152021 tag=96 ready=1
FRAME_NET_GPU frame=96 gpu_ms=6.57598019 tag=97 ready=1
FRAME_NET_GPU frame=97 gpu_ms=6.50127983 tag=98 ready=1
FRAME_NET_GPU frame=98 gpu_ms=6.65621996 tag=99 ready=1
FRAME_NET_GPU frame=99 gpu_ms=6.59278011 tag=100 ready=1
FRAME_NET_GPU frame=100 gpu_ms=6.5313201 tag=101 ready=1
FRAME_NET_GPU frame=101 gpu_ms=6.66478014 tag=102 ready=1
FRAME_NET_GPU frame=102 gpu_ms=6.66368008 tag=103 ready=1
FRAME_NET_GPU frame=103 gpu_ms=6.46721983 tag=104 ready=1
FRAME_NET_GPU frame=104 gpu_ms=6.67182016 tag=105 ready=1
FRAME_NET_GPU frame=105 gpu_ms=6.55100012 tag=106 ready=1
FRAME_NET_GPU frame=106 gpu_ms=6.5890398 tag=107 ready=1
FRAME_NET_GPU frame=107 gpu_ms=6.60024023 tag=108 ready=1
FRAME_NET_GPU frame=108 gpu_ms=6.6266799 tag=109 ready=1
FRAME_NET_GPU frame=109 gpu_ms=6.46619987 tag=110 ready=1
FRAME_NET_GPU frame=110 gpu_ms=6.72930002 tag=111 ready=1
FRAME_NET_GPU frame=111 gpu_ms=6.36278009 tag=112 ready=1
FRAME_NET_GPU frame=112 gpu_ms=6.53734016 tag=113 ready=1
FRAME_NET_GPU frame=113 gpu_ms=6.69078016 tag=114 ready=1
FRAME_NET_GPU frame=114 gpu_ms=6.45213985 tag=115 ready=1
FRAME_NET_GPU frame=115 gpu_ms=6.56534004 tag=116 ready=1
FRAME_NET_GPU frame=116 gpu_ms=6.37627983 tag=117 ready=1
FRAME_NET_GPU frame=117 gpu_ms=6.63664007 tag=118 ready=1
FRAME_NET_GPU frame=118 gpu_ms=6.36592007 tag=119 ready=1
FRAME_NET_GPU frame=119 gpu_ms=6.57713985 tag=120 ready=1
FRAME_NET_GPU frame=120 gpu_ms=6.49726009 tag=121 ready=1
FRAME_NET_GPU frame=121 gpu_ms=6.62203979 tag=122 ready=1
FRAME_NET_GPU frame=122 gpu_ms=6.53683996 tag=123 ready=1
FRAME_NET_GPU frame=123 gpu_ms=6.55600023 tag=124 ready=1
FRAME_NET_GPU frame=124 gpu_ms=6.74647999 tag=125 ready=1
FRAME_NET_GPU frame=125 gpu_ms=6.52129984 tag=126 ready=1
FRAME_NET_GPU frame=126 gpu_ms=6.41531992 tag=127 ready=1
FRAME_NET_GPU frame=127 gpu_ms=6.4987998 tag=128 ready=1
FRAME_NET_GPU frame=128 gpu_ms=6.52856016 tag=129 ready=1
FRAME_NET_GPU frame=129 gpu_ms=6.40411997 tag=130 ready=1
FRAME_NET_GPU frame=130 gpu_ms=6.68654013 tag=131 ready=1
FRAME_NET_GPU frame=131 gpu_ms=6.57812023 tag=132 ready=1
FRAME_NET_GPU frame=132 gpu_ms=6.49609995 tag=133 ready=1
FRAME_NET_GPU frame=133 gpu_ms=6.5542202 tag=134 ready=1
FRAME_NET_GPU frame=134 gpu_ms=6.55825996 tag=135 ready=1
FRAME_NET_GPU frame=135 gpu_ms=6.54947996 tag=136 ready=1
FRAME_NET_GPU frame=136 gpu_ms=6.64103985 tag=137 ready=1
FRAME_NET_GPU frame=137 gpu_ms=6.53968 tag=138 ready=1
FRAME_NET_GPU frame=138 gpu_ms=6.4330802 tag=139 ready=1
FRAME_NET_GPU frame=139 gpu_ms=6.51408005 tag=140 ready=1
FRAME_NET_GPU frame=140 gpu_ms=6.3441 tag=141 ready=1
FRAME_NET_GPU frame=141 gpu_ms=6.48922014 tag=142 ready=1
FRAME_NET_GPU frame=142 gpu_ms=6.43817997 tag=143 ready=1
FRAME_NET_GPU frame=143 gpu_ms=6.61825991 tag=144 ready=1
FRAME_NET_GPU frame=144 gpu_ms=6.54470015 tag=145 ready=1
FRAME_NET_GPU frame=145 gpu_ms=6.47166014 tag=146 ready=1
FRAME_NET_GPU frame=146 gpu_ms=6.60703993 tag=147 ready=1
FRAME_NET_GPU frame=147 gpu_ms=6.55280018 tag=148 ready=1
FRAME_NET_GPU frame=148 gpu_ms=6.52721977 tag=149 ready=1
FRAME_NET_GPU frame=149 gpu_ms=6.49552011 tag=150 ready=1
FRAME_NET_GPU frame=150 gpu_ms=6.69674015 tag=151 ready=1
FRAME_NET_GPU frame=151 gpu_ms=6.54769993 tag=152 ready=1
FRAME_NET_GPU frame=152 gpu_ms=6.60512018 tag=153 ready=1
FRAME_NET_GPU frame=153 gpu_ms=6.51864004 tag=154 ready=1
FRAME_NET_GPU frame=154 gpu_ms=6.52226019 tag=155 ready=1
FRAME_NET_GPU frame=155 gpu_ms=6.54780006 tag=156 ready=1
FRAME_NET_GPU frame=156 gpu_ms=6.4612999 tag=157 ready=1
FRAME_NET_GPU frame=157 gpu_ms=6.51495981 tag=158 ready=1
FRAME_NET_GPU frame=158 gpu_ms=6.57969999 tag=159 ready=1
FRAME_NET_GPU frame=159 gpu_ms=6.55259991 tag=160 ready=1
FRAME_NET_GPU frame=160 gpu_ms=6.53539991 tag=161 ready=1
FRAME_NET_GPU frame=161 gpu_ms=6.55588007 tag=162 ready=1
FRAME_NET_GPU frame=162 gpu_ms=6.47469997 tag=163 ready=1
FRAME_NET_GPU frame=163 gpu_ms=6.74934006 tag=164 ready=1
FRAME_NET_GPU frame=164 gpu_ms=6.46360016 tag=165 ready=1
FRAME_NET_GPU frame=165 gpu_ms=6.6177001 tag=166 ready=1
FRAME_NET_GPU frame=166 gpu_ms=6.63208008 tag=167 ready=1
FRAME_NET_GPU frame=167 gpu_ms=6.43837976 tag=168 ready=1
FRAME_NET_GPU frame=168 gpu_ms=6.50990009 tag=169 ready=1
FRAME_NET_GPU frame=169 gpu_ms=6.52424002 tag=170 ready=1
FRAME_NET_GPU frame=170 gpu_ms=6.52837992 tag=171 ready=1
FRAME_NET_GPU frame=171 gpu_ms=6.61000013 tag=172 ready=1
FRAME_NET_GPU frame=172 gpu_ms=6.54742002 tag=173 ready=1
FRAME_NET_GPU frame=173 gpu_ms=6.62945986 tag=174 ready=1
FRAME_NET_GPU frame=174 gpu_ms=6.52644014 tag=175 ready=1
FRAME_NET_GPU frame=175 gpu_ms=6.52759981 tag=176 ready=1
FRAME_NET_GPU frame=176 gpu_ms=6.52642012 tag=177 ready=1
FRAME_NET_GPU frame=177 gpu_ms=6.57017994 tag=178 ready=1
FRAME_NET_GPU frame=178 gpu_ms=6.51785994 tag=179 ready=1
FRAME_NET_GPU frame=179 gpu_ms=6.48542023 tag=180 ready=1
FRAME_NET_GPU frame=180 gpu_ms=6.47338009 tag=181 ready=1
FRAME_NET_GPU frame=181 gpu_ms=6.5116601 tag=182 ready=1
FRAME_NET_GPU frame=182 gpu_ms=6.5780201 tag=183 ready=1
FRAME_NET_GPU frame=183 gpu_ms=6.5921998 tag=184 ready=1
FRAME_NET_GPU frame=184 gpu_ms=6.5391202 tag=185 ready=1
FRAME_NET_GPU frame=185 gpu_ms=6.57268 tag=186 ready=1
FRAME_NET_GPU frame=186 gpu_ms=6.54476023 tag=187 ready=1
FRAME_NET_GPU frame=187 gpu_ms=6.56697989 tag=188 ready=1
FRAME_NET_GPU frame=188 gpu_ms=6.44180012 tag=189 ready=1
FRAME_NET_GPU frame=189 gpu_ms=6.54313993 tag=190 ready=1
FRAME_NET_GPU frame=190 gpu_ms=6.70406008 tag=191 ready=1
FRAME_NET_GPU frame=191 gpu_ms=6.41378021 tag=192 ready=1
FRAME_NET_GPU frame=192 gpu_ms=6.61034012 tag=193 ready=1
FRAME_NET_GPU frame=193 gpu_ms=6.51090002 tag=194 ready=1
FRAME_NET_GPU frame=194 gpu_ms=6.50852013 tag=195 ready=1
FRAME_NET_GPU frame=195 gpu_ms=6.49913979 tag=196 ready=1
FRAME_NET_GPU frame=196 gpu_ms=6.59556007 tag=197 ready=1
FRAME_NET_GPU frame=197 gpu_ms=6.54031992 tag=198 ready=1
FRAME_NET_GPU frame=198 gpu_ms=6.55755997 tag=199 ready=1
FRAME_NET_GPU frame=199 gpu_ms=6.62869978 tag=200 ready=1
FRAME_NET_GPU frame=200 gpu_ms=6.60652018 tag=201 ready=1
FRAME_NET_GPU frame=201 gpu_ms=6.36064005 tag=202 ready=1
FRAME_NET_GPU frame=202 gpu_ms=6.59946012 tag=203 ready=1
FRAME_NET_GPU frame=203 gpu_ms=6.55552006 tag=204 ready=1
FRAME_NET_GPU frame=204 gpu_ms=6.50761986 tag=205 ready=1
FRAME_NET_GPU frame=205 gpu_ms=6.53618002 tag=206 ready=1
FRAME_NET_GPU frame=206 gpu_ms=6.54328012 tag=207 ready=1
FRAME_NET_GPU frame=207 gpu_ms=6.51565981 tag=208 ready=1
FRAME_NET_GPU frame=208 gpu_ms=6.56769991 tag=209 ready=1
FRAME_NET_GPU frame=209 gpu_ms=6.55516005 tag=210 ready=1
FRAME_NET_GPU frame=210 gpu_ms=6.56954002 tag=211 ready=1
FRAME_NET_GPU frame=211 gpu_ms=6.47599983 tag=212 ready=1
FRAME_NET_GPU frame=212 gpu_ms=6.43455982 tag=213 ready=1
FRAME_NET_GPU frame=213 gpu_ms=6.51408005 tag=214 ready=1
FRAME_NET_GPU frame=214 gpu_ms=6.57164001 tag=215 ready=1
FRAME_NET_GPU frame=215 gpu_ms=6.42547989 tag=216 ready=1
FRAME_NET_GPU frame=216 gpu_ms=6.58438015 tag=217 ready=1
FRAME_NET_GPU frame=217 gpu_ms=6.58355999 tag=218 ready=1
FRAME_NET_GPU frame=218 gpu_ms=6.69473982 tag=219 ready=1
FRAME_NET_GPU frame=219 gpu_ms=6.47877979 tag=220 ready=1
FRAME_NET_GPU frame=220 gpu_ms=6.70281982 tag=221 ready=1
FRAME_NET_GPU frame=221 gpu_ms=6.54438019 tag=222 ready=1
FRAME_NET_GPU frame=222 gpu_ms=6.70855999 tag=223 ready=1
FRAME_NET_GPU frame=223 gpu_ms=6.60621977 tag=224 ready=1
FRAME_NET_GPU frame=224 gpu_ms=6.59889984 tag=225 ready=1
FRAME_NET_GPU frame=225 gpu_ms=6.44008017 tag=226 ready=1
FRAME_NET_GPU frame=226 gpu_ms=6.6855998 tag=227 ready=1
FRAME_NET_GPU frame=227 gpu_ms=6.69538021 tag=228 ready=1
FRAME_NET_GPU frame=228 gpu_ms=6.68268013 tag=229 ready=1
FRAME_NET_GPU frame=229 gpu_ms=6.52065992 tag=230 ready=1
FRAME_NET_GPU frame=230 gpu_ms=6.51051998 tag=231 ready=1
FRAME_NET_GPU frame=231 gpu_ms=6.56415987 tag=232 ready=1
FRAME_NET_GPU frame=232 gpu_ms=6.49045992 tag=233 ready=1
FRAME_NET_GPU frame=233 gpu_ms=6.51003981 tag=234 ready=1
FRAME_NET_GPU frame=234 gpu_ms=6.47904015 tag=235 ready=1
FRAME_NET_GPU frame=235 gpu_ms=6.60268021 tag=236 ready=1
FRAME_NET_GPU frame=236 gpu_ms=6.54309988 tag=237 ready=1
FRAME_NET_GPU frame=237 gpu_ms=6.46365976 tag=238 ready=1
FRAME_NET_GPU frame=238 gpu_ms=6.55172014 tag=239 ready=1
FRAME_NET_GPU frame=239 gpu_ms=6.50918007 tag=240 ready=1
FRAME_NET_GPU frame=240 gpu_ms=6.56184006 tag=241 ready=1
FRAME_NET_GPU frame=241 gpu_ms=6.68930006 tag=242 ready=1
FRAME_NET_GPU frame=242 gpu_ms=6.67078018 tag=243 ready=1
FRAME_NET_GPU frame=243 gpu_ms=6.37919998 tag=244 ready=1
FRAME_NET_GPU frame=244 gpu_ms=6.54913998 tag=245 ready=1
FRAME_NET_GPU frame=245 gpu_ms=6.59104013 tag=246 ready=1
FRAME_NET_GPU frame=246 gpu_ms=6.51005983 tag=247 ready=1
FRAME_NET_GPU frame=247 gpu_ms=6.54464006 tag=248 ready=1
FRAME_NET_GPU frame=248 gpu_ms=6.5201602 tag=249 ready=1
FRAME_NET_GPU frame=249 gpu_ms=6.53331995 tag=250 ready=1
FRAME_NET_GPU frame=250 gpu_ms=6.59308004 tag=251 ready=1
FRAME_NET_GPU frame=251 gpu_ms=6.6284399 tag=252 ready=1
FRAME_NET_GPU frame=252 gpu_ms=6.67581987 tag=253 ready=1
FRAME_NET_GPU frame=253 gpu_ms=6.42876005 tag=254 ready=1
FRAME_NET_GPU frame=254 gpu_ms=6.62777996 tag=255 ready=1
FRAME_NET_GPU frame=255 gpu_ms=6.46596003 tag=256 ready=1
FRAME_NET_GPU frame=256 gpu_ms=6.57866001 tag=257 ready=1
FRAME_NET_GPU frame=257 gpu_ms=6.5927 tag=258 ready=1
FRAME_NET_GPU frame=258 gpu_ms=6.72223997 tag=259 ready=1
FRAME_NET_GPU frame=259 gpu_ms=6.55819988 tag=260 ready=1
FRAME_NET_GPU frame=260 gpu_ms=6.52886009 tag=261 ready=1
FRAME_NET_GPU frame=261 gpu_ms=6.5785799 tag=262 ready=1
FRAME_NET_GPU frame=262 gpu_ms=6.51817989 tag=263 ready=1
FRAME_NET_GPU frame=263 gpu_ms=6.49660015 tag=264 ready=1
FRAME_NET_GPU frame=264 gpu_ms=6.61897993 tag=265 ready=1
FRAME_NET_GPU frame=265 gpu_ms=6.42640018 tag=266 ready=1
FRAME_NET_GPU frame=266 gpu_ms=6.72730017 tag=267 ready=1
FRAME_NET_GPU frame=267 gpu_ms=6.49338007 tag=268 ready=1
FRAME_NET_GPU frame=268 gpu_ms=6.56623983 tag=269 ready=1
FRAME_NET_GPU frame=269 gpu_ms=6.41535997 tag=270 ready=1
FRAME_NET_GPU frame=270 gpu_ms=6.66158009 tag=271 ready=1
FRAME_NET_GPU frame=271 gpu_ms=6.55119991 tag=272 ready=1
FRAME_NET_GPU frame=272 gpu_ms=6.60377979 tag=273 ready=1
FRAME_NET_GPU frame=273 gpu_ms=6.56309986 tag=274 ready=1
FRAME_NET_GPU frame=274 gpu_ms=6.72626019 tag=275 ready=1
FRAME_NET_GPU frame=275 gpu_ms=6.52542019 tag=276 ready=1
FRAME_NET_GPU frame=276 gpu_ms=6.63290024 tag=277 ready=1
FRAME_NET_GPU frame=277 gpu_ms=6.51978016 tag=278 ready=1
FRAME_NET_GPU frame=278 gpu_ms=6.67123985 tag=279 ready=1
FRAME_NET_GPU frame=279 gpu_ms=6.55289984 tag=280 ready=1
FRAME_NET_GPU frame=280 gpu_ms=6.5050602 tag=281 ready=1
FRAME_NET_GPU frame=281 gpu_ms=6.58608007 tag=282 ready=1
FRAME_NET_GPU frame=282 gpu_ms=6.58517981 tag=283 ready=1
FRAME_NET_GPU frame=283 gpu_ms=6.55308008 tag=284 ready=1
FRAME_NET_GPU frame=284 gpu_ms=6.53815985 tag=285 ready=1
FRAME_NET_GPU frame=285 gpu_ms=6.61619997 tag=286 ready=1
FRAME_NET_GPU frame=286 gpu_ms=6.57333994 tag=287 ready=1
FRAME_NET_GPU frame=287 gpu_ms=6.48233986 tag=288 ready=1
FRAME_NET_GPU frame=288 gpu_ms=6.50769997 tag=289 ready=1
FRAME_NET_GPU frame=289 gpu_ms=6.73600006 tag=290 ready=1
FRAME_NET_GPU frame=290 gpu_ms=6.44473982 tag=291 ready=1
FRAME_NET_GPU frame=291 gpu_ms=6.54332018 tag=292 ready=1
FRAME_NET_GPU frame=292 gpu_ms=7.19437981 tag=293 ready=1
FRAME_NET_GPU frame=293 gpu_ms=6.4457202 tag=294 ready=1
FRAME_NET_GPU frame=294 gpu_ms=6.67729998 tag=295 ready=1
FRAME_NET_GPU frame=295 gpu_ms=6.57999992 tag=296 ready=1
FRAME_NET_GPU frame=296 gpu_ms=6.47849989 tag=297 ready=1
FRAME_NET_GPU frame=297 gpu_ms=6.44538021 tag=298 ready=1
FRAME_NET_GPU frame=298 gpu_ms=6.60620022 tag=299 ready=1
FRAME_NET_GPU frame=299 gpu_ms=6.62928009 tag=300 ready=1
FRAME_NET_GPU frame=300 gpu_ms=6.77712011 tag=301 ready=1
FRAME_NET_GPU frame=301 gpu_ms=6.7006402 tag=302 ready=1
FRAME_NET_GPU frame=302 gpu_ms=6.51980019 tag=303 ready=1
FRAME_NET_GPU frame=303 gpu_ms=6.58913994 tag=304 ready=1
FRAME_NET_GPU frame=304 gpu_ms=6.75224018 tag=305 ready=1
FRAME_NET_GPU frame=305 gpu_ms=6.62538004 tag=306 ready=1
FRAME_NET_GPU frame=306 gpu_ms=6.6057601 tag=307 ready=1
FRAME_NET_GPU frame=307 gpu_ms=6.65874004 tag=308 ready=1
FRAME_NET_GPU frame=308 gpu_ms=6.55374002 tag=309 ready=1
FRAME_NET_GPU frame=309 gpu_ms=6.40416002 tag=310 ready=1
FRAME_NET_GPU frame=310 gpu_ms=6.71814013 tag=311 ready=1
FRAME_NET_GPU frame=311 gpu_ms=6.61460018 tag=312 ready=1
FRAME_NET_GPU frame=312 gpu_ms=6.53128004 tag=313 ready=1
FRAME_NET_GPU frame=313 gpu_ms=6.49783993 tag=314 ready=1
FRAME_NET_GPU frame=314 gpu_ms=6.54617977 tag=315 ready=1
FRAME_NET_GPU frame=315 gpu_ms=6.56506014 tag=316 ready=1
FRAME_NET_GPU frame=316 gpu_ms=6.52296019 tag=317 ready=1
FRAME_NET_GPU frame=317 gpu_ms=6.55270004 tag=318 ready=1
FRAME_NET_GPU frame=318 gpu_ms=6.58508015 tag=319 ready=1
FRAME_NET_GPU frame=319 gpu_ms=6.47435999 tag=320 ready=1
frame=319 reset=1 wall_ms=6.987 invalid=0 luma=0.01311046 roi=0.01994696 dark=808529 roi_dark=258288 changed_first=0 maxabs_first=0
SP_STATS runs=640 fallback=0 rollover=0 jobs=399360 disabled=0 errors=0
RESULT frames=320 temporal=0 mean_wall_ms=10.979 invalid_total=0 restored_capture_every_frame=1 HDR_preserved=1

