GEOMETRY valid=2560x1440 processing=2560x1472 tokens=960
RAW floats=11304960 invalid=0
RESULT frames=12 temporal=0 mean_wall_ms=124.310 invalid_total=0 restored_capture_every_frame=1 HDR_preserved=1
GEOMETRY valid=2560x1440 processing=2560x1472 tokens=960
RAW floats=11304960 invalid=0
RESULT frames=12 temporal=0 mean_wall_ms=116.612 invalid_total=0 restored_capture_every_frame=1 HDR_preserved=1
RAW SAME single motion 48C8C62920F8DB963E81BB6FB3187E22BF8F32A51BC8238A7656226E0F2923E9
GEOMETRY valid=2560x1440 processing=2560x1472 tokens=960
RAW floats=11304960 invalid=0
RESULT frames=12 temporal=0 mean_wall_ms=124.330 invalid_total=0 restored_capture_every_frame=1 HDR_preserved=1
GEOMETRY valid=2560x1440 processing=2560x1472 tokens=960
RAW floats=11304960 invalid=0
RESULT frames=12 temporal=0 mean_wall_ms=123.933 invalid_total=0 restored_capture_every_frame=1 HDR_preserved=1
RAW SAME pred3 motion ED78046E10BB5F0926EE06516B0A2DCB31FD806F64FA6C1C5975DB1850C0F8A3
GEOMETRY valid=2560x1440 processing=2560x1472 tokens=960
RAW floats=11304960 invalid=0
RESULT frames=12 temporal=1 mean_wall_ms=116.982 invalid_total=0 restored_capture_every_frame=1 HDR_preserved=1
GEOMETRY valid=2560x1440 processing=2560x1472 tokens=960
RAW floats=11304960 invalid=0
RESULT frames=12 temporal=1 mean_wall_ms=118.217 invalid_total=0 restored_capture_every_frame=1 HDR_preserved=1
RAW SAME single history 36BBD58E51D77087DDB3DB5E52B8537301D26AA2679D78D7AF35DB96801EDFBD
GEOMETRY valid=2560x1440 processing=2560x1472 tokens=960
RAW floats=11304960 invalid=0
RESULT frames=12 temporal=1 mean_wall_ms=126.270 invalid_total=0 restored_capture_every_frame=1 HDR_preserved=1
GEOMETRY valid=2560x1440 processing=2560x1472 tokens=960
RAW floats=11304960 invalid=0
RESULT frames=12 temporal=1 mean_wall_ms=125.205 invalid_total=0 restored_capture_every_frame=1 HDR_preserved=1
RAW SAME pred3 history BCD28EC2059DD86ECD6BB1698FBCDDB88E5ABF855161923E60130BE691520C3B
QUALITY_DONE
