seed=0 pattern=0
input format=RGBA16_FLOAT W=1296 H=720 invalid=0 min=0 max=34.53125 luma=0.0157641119 roi_luma=0.0250669576
adapter=AMD Radeon RX 9070 XT
SP_PLAN c=256 first=16 layers=6 tasks=893 initial=160 state_bytes=10732 w16=1
SP_PLAN c=256 first=49 layers=6 tasks=893 initial=160 state_bytes=10732 w16=1
FRAME_NET_GPU frame=0 gpu_ms=1110.53467
frame=0 reset=1 wall_ms=1120.746 invalid=0 luma=0.01307101 roi=0.01974189 dark=806206 roi_dark=258238 changed_first=0 maxabs_first=0
FRAME_NET_GPU frame=1 gpu_ms=15.4254704
FRAME_NET_GPU frame=2 gpu_ms=9.52530003
FRAME_NET_GPU frame=3 gpu_ms=9.3185997
FRAME_NET_GPU frame=4 gpu_ms=8.93840027
FRAME_NET_GPU frame=5 gpu_ms=9.00959969
FRAME_NET_GPU frame=6 gpu_ms=9.08460045
FRAME_NET_GPU frame=7 gpu_ms=9.11900043
FRAME_NET_GPU frame=8 gpu_ms=8.98519993
FRAME_NET_GPU frame=9 gpu_ms=8.91569996
FRAME_NET_GPU frame=10 gpu_ms=8.92580032
FRAME_NET_GPU frame=11 gpu_ms=8.93301964
FRAME_NET_GPU frame=12 gpu_ms=9.03899956
FRAME_NET_GPU frame=13 gpu_ms=8.92490005
FRAME_NET_GPU frame=14 gpu_ms=8.94509983
FRAME_NET_GPU frame=15 gpu_ms=8.9151001
FRAME_NET_GPU frame=16 gpu_ms=8.93498039
FRAME_NET_GPU frame=17 gpu_ms=8.91792011
FRAME_NET_GPU frame=18 gpu_ms=8.94301987
FRAME_NET_GPU frame=19 gpu_ms=8.88486004
FRAME_NET_GPU frame=20 gpu_ms=8.92483997
FRAME_NET_GPU frame=21 gpu_ms=8.93233967
FRAME_NET_GPU frame=22 gpu_ms=8.92667961
FRAME_NET_GPU frame=23 gpu_ms=9.03302002
FRAME_NET_GPU frame=24 gpu_ms=9.08508015
FRAME_NET_GPU frame=25 gpu_ms=9.05543995
FRAME_NET_GPU frame=26 gpu_ms=9.06857967
FRAME_NET_GPU frame=27 gpu_ms=9.17609978
FRAME_NET_GPU frame=28 gpu_ms=9.12168026
FRAME_NET_GPU frame=29 gpu_ms=9.12168026
FRAME_NET_GPU frame=30 gpu_ms=9.10235977
FRAME_NET_GPU frame=31 gpu_ms=9.17679977
FRAME_NET_GPU frame=32 gpu_ms=9.09778023
FRAME_NET_GPU frame=33 gpu_ms=9.16454029
FRAME_NET_GPU frame=34 gpu_ms=9.15340042
FRAME_NET_GPU frame=35 gpu_ms=9.18863964
FRAME_NET_GPU frame=36 gpu_ms=9.09556007
FRAME_NET_GPU frame=37 gpu_ms=9.03787994
FRAME_NET_GPU frame=38 gpu_ms=9.14618015
FRAME_NET_GPU frame=39 gpu_ms=9.14239979
FRAME_NET_GPU frame=40 gpu_ms=9.05210018
FRAME_NET_GPU frame=41 gpu_ms=9.09885979
FRAME_NET_GPU frame=42 gpu_ms=9.16749954
FRAME_NET_GPU frame=43 gpu_ms=9.09076023
FRAME_NET_GPU frame=44 gpu_ms=9.09286022
FRAME_NET_GPU frame=45 gpu_ms=9.16781998
FRAME_NET_GPU frame=46 gpu_ms=9.19666004
FRAME_NET_GPU frame=47 gpu_ms=9.15260029
FRAME_NET_GPU frame=48 gpu_ms=9.08154011
FRAME_NET_GPU frame=49 gpu_ms=9.20267963
FRAME_NET_GPU frame=50 gpu_ms=9.08841991
FRAME_NET_GPU frame=51 gpu_ms=9.18665981
FRAME_NET_GPU frame=52 gpu_ms=9.18402004
FRAME_NET_GPU frame=53 gpu_ms=9.10692024
FRAME_NET_GPU frame=54 gpu_ms=9.07509995
FRAME_NET_GPU frame=55 gpu_ms=9.18511963
FRAME_NET_GPU frame=56 gpu_ms=9.14076042
FRAME_NET_GPU frame=57 gpu_ms=9.14914036
FRAME_NET_GPU frame=58 gpu_ms=9.11929989
FRAME_NET_GPU frame=59 gpu_ms=9.23342037
FRAME_NET_GPU frame=60 gpu_ms=9.14319992
FRAME_NET_GPU frame=61 gpu_ms=9.13895988
FRAME_NET_GPU frame=62 gpu_ms=9.12331963
FRAME_NET_GPU frame=63 gpu_ms=9.15725994
FRAME_NET_GPU frame=64 gpu_ms=9.13694
FRAME_NET_GPU frame=65 gpu_ms=9.06704044
FRAME_NET_GPU frame=66 gpu_ms=9.11793995
FRAME_NET_GPU frame=67 gpu_ms=9.14463997
FRAME_NET_GPU frame=68 gpu_ms=9.09809971
FRAME_NET_GPU frame=69 gpu_ms=9.20471954
FRAME_NET_GPU frame=70 gpu_ms=9.16366005
FRAME_NET_GPU frame=71 gpu_ms=9.09467983
FRAME_NET_GPU frame=72 gpu_ms=9.19227982
FRAME_NET_GPU frame=73 gpu_ms=9.24423981
FRAME_NET_GPU frame=74 gpu_ms=9.12742043
FRAME_NET_GPU frame=75 gpu_ms=9.1602602
FRAME_NET_GPU frame=76 gpu_ms=9.1561203
FRAME_NET_GPU frame=77 gpu_ms=9.08967972
FRAME_NET_GPU frame=78 gpu_ms=9.13518047
FRAME_NET_GPU frame=79 gpu_ms=9.14984035
FRAME_NET_GPU frame=80 gpu_ms=9.0788002
FRAME_NET_GPU frame=81 gpu_ms=9.12619972
FRAME_NET_GPU frame=82 gpu_ms=9.14468002
FRAME_NET_GPU frame=83 gpu_ms=9.10976028
FRAME_NET_GPU frame=84 gpu_ms=9.15762043
FRAME_NET_GPU frame=85 gpu_ms=9.09883976
FRAME_NET_GPU frame=86 gpu_ms=9.19231987
FRAME_NET_GPU frame=87 gpu_ms=9.15295982
FRAME_NET_GPU frame=88 gpu_ms=9.20419979
FRAME_NET_GPU frame=89 gpu_ms=9.17335987
FRAME_NET_GPU frame=90 gpu_ms=9.09640026
FRAME_NET_GPU frame=91 gpu_ms=9.05727959
FRAME_NET_GPU frame=92 gpu_ms=9.12479973
FRAME_NET_GPU frame=93 gpu_ms=9.1981802
FRAME_NET_GPU frame=94 gpu_ms=9.08742046
FRAME_NET_GPU frame=95 gpu_ms=9.20874023
FRAME_NET_GPU frame=96 gpu_ms=9.0853796
FRAME_NET_GPU frame=97 gpu_ms=9.16553974
FRAME_NET_GPU frame=98 gpu_ms=9.15318012
FRAME_NET_GPU frame=99 gpu_ms=9.16763973
FRAME_NET_GPU frame=100 gpu_ms=9.0537796
FRAME_NET_GPU frame=101 gpu_ms=9.22052002
FRAME_NET_GPU frame=102 gpu_ms=9.30442047
FRAME_NET_GPU frame=103 gpu_ms=9.2074604
FRAME_NET_GPU frame=104 gpu_ms=9.16226006
FRAME_NET_GPU frame=105 gpu_ms=9.02968025
FRAME_NET_GPU frame=106 gpu_ms=9.18782043
FRAME_NET_GPU frame=107 gpu_ms=8.98760033
FRAME_NET_GPU frame=108 gpu_ms=9.25693989
FRAME_NET_GPU frame=109 gpu_ms=9.19454002
FRAME_NET_GPU frame=110 gpu_ms=9.0987196
FRAME_NET_GPU frame=111 gpu_ms=9.20732021
FRAME_NET_GPU frame=112 gpu_ms=9.08043957
FRAME_NET_GPU frame=113 gpu_ms=9.27682018
FRAME_NET_GPU frame=114 gpu_ms=9.12518024
FRAME_NET_GPU frame=115 gpu_ms=9.23803997
FRAME_NET_GPU frame=116 gpu_ms=9.10910034
FRAME_NET_GPU frame=117 gpu_ms=9.36977959
FRAME_NET_GPU frame=118 gpu_ms=8.95283985
FRAME_NET_GPU frame=119 gpu_ms=9.05303955
FRAME_NET_GPU frame=120 gpu_ms=9.18995953
FRAME_NET_GPU frame=121 gpu_ms=9.11639977
FRAME_NET_GPU frame=122 gpu_ms=9.15526009
FRAME_NET_GPU frame=123 gpu_ms=9.17403984
FRAME_NET_GPU frame=124 gpu_ms=9.1624403
FRAME_NET_GPU frame=125 gpu_ms=9.36100006
FRAME_NET_GPU frame=126 gpu_ms=9.00175953
FRAME_NET_GPU frame=127 gpu_ms=9.11462021
FRAME_NET_GPU frame=128 gpu_ms=9.15180016
FRAME_NET_GPU frame=129 gpu_ms=9.17980003
FRAME_NET_GPU frame=130 gpu_ms=9.13191986
FRAME_NET_GPU frame=131 gpu_ms=9.19287968
FRAME_NET_GPU frame=132 gpu_ms=9.30910015
FRAME_NET_GPU frame=133 gpu_ms=9.10505962
FRAME_NET_GPU frame=134 gpu_ms=9.19172001
FRAME_NET_GPU frame=135 gpu_ms=9.15550041
FRAME_NET_GPU frame=136 gpu_ms=9.13969994
FRAME_NET_GPU frame=137 gpu_ms=9.17399979
FRAME_NET_GPU frame=138 gpu_ms=9.15235996
FRAME_NET_GPU frame=139 gpu_ms=9.10832024
FRAME_NET_GPU frame=140 gpu_ms=9.26898003
FRAME_NET_GPU frame=141 gpu_ms=8.97305965
FRAME_NET_GPU frame=142 gpu_ms=9.10029984
FRAME_NET_GPU frame=143 gpu_ms=9.19172001
FRAME_NET_GPU frame=144 gpu_ms=9.19192028
FRAME_NET_GPU frame=145 gpu_ms=9.06898022
FRAME_NET_GPU frame=146 gpu_ms=9.22768021
FRAME_NET_GPU frame=147 gpu_ms=9.08635998
FRAME_NET_GPU frame=148 gpu_ms=9.20205975
FRAME_NET_GPU frame=149 gpu_ms=9.02009964
FRAME_NET_GPU frame=150 gpu_ms=9.08477974
FRAME_NET_GPU frame=151 gpu_ms=9.16689968
FRAME_NET_GPU frame=152 gpu_ms=9.29378033
FRAME_NET_GPU frame=153 gpu_ms=9.03466034
FRAME_NET_GPU frame=154 gpu_ms=9.10042
FRAME_NET_GPU frame=155 gpu_ms=9.27950001
FRAME_NET_GPU frame=156 gpu_ms=9.33094025
FRAME_NET_GPU frame=157 gpu_ms=9.07166004
FRAME_NET_GPU frame=158 gpu_ms=9.00594044
FRAME_NET_GPU frame=159 gpu_ms=9.11674023
frame=159 reset=1 wall_ms=9.516 invalid=0 luma=0.01307101 roi=0.01974189 dark=806206 roi_dark=258238 changed_first=0 maxabs_first=0
SP_STATS runs=320 fallback=0 rollover=0 jobs=285760 disabled=0 errors=0
RESULT frames=160 temporal=0 mean_wall_ms=16.669 invalid_total=0 restored_capture_every_frame=1 HDR_preserved=1

