SYNC_PROFILE wave_owned=1 c512_m32=1 pdl=0 vit_stream=3 swin_run=1 FAST=1 full71=1
SP_PLAN c=256 first=16 layers=6 tasks=846 initial=144 state_bytes=10168 w16=1
SP_PLAN c=256 first=49 layers=6 tasks=846 initial=144 state_bytes=10168 w16=1
CAPTURE_PLAN first=144 base=68526 jobs=846
CAPTURE_PLAN first=144 base=68526 jobs=846
CAPTURE_PLAN first=144 base=69372 jobs=846
CAPTURE_PLAN first=144 base=69372 jobs=846
CAPTURE_NODE index=0 type=0
CAPTURE_NODE index=1 type=0
CAPTURE_NODE index=2 type=0
CAPTURE_NODE index=3 type=0
CAPTURE_NODE index=4 type=0
CAPTURE_NODE index=5 type=0
CAPTURE_NODE index=6 type=0
CAPTURE_NODE index=7 type=0
CAPTURE_NODE index=8 type=0
CAPTURE_NODE index=9 type=0
CAPTURE_NODE index=10 type=0
CAPTURE_NODE index=11 type=0
CAPTURE_NODE index=12 type=0
CAPTURE_NODE index=13 type=0
CAPTURE_NODE index=14 type=0
CAPTURE_NODE index=15 type=0
CAPTURE_NODE index=16 type=0
CAPTURE_NODE index=17 type=0
CAPTURE_NODE index=18 type=0
CAPTURE_NODE index=19 type=0
CAPTURE_NODE index=20 type=0
CAPTURE_NODE index=21 type=0
CAPTURE_NODE index=22 type=0
CAPTURE_NODE index=23 type=0
CAPTURE_NODE index=24 type=0
CAPTURE_NODE index=25 type=0
CAPTURE_NODE index=26 type=0
CAPTURE_NODE index=27 type=0
CAPTURE_NODE index=28 type=0
CAPTURE_NODE index=29 type=0
CAPTURE_NODE index=30 type=0
CAPTURE_NODE index=31 type=0
CAPTURE_NODE index=32 type=0
CAPTURE_NODE index=33 type=0
CAPTURE_NODE index=34 type=0
CAPTURE_NODE index=35 type=0
CAPTURE_NODE index=36 type=0
CAPTURE_NODE index=37 type=0
CAPTURE_NODE index=38 type=0
CAPTURE_NODE index=39 type=0
CAPTURE_NODE index=40 type=0
CAPTURE_NODE index=41 type=0
CAPTURE_NODE index=42 type=0
CAPTURE_NODE index=43 type=0
CAPTURE_NODE index=44 type=0
CAPTURE_NODE index=45 type=0
CAPTURE_NODE index=46 type=0
CAPTURE_NODE index=47 type=0
CAPTURE_NODE index=48 type=0
CAPTURE_NODE index=49 type=0
CAPTURE_NODE index=50 type=0
CAPTURE_NODE index=51 type=0
CAPTURE_NODE index=52 type=0
CAPTURE_NODE index=53 type=0
CAPTURE_NODE index=54 type=0
CAPTURE_NODE index=55 type=0
CAPTURE_NODE index=56 type=0
CAPTURE_NODE index=57 type=0
CAPTURE_NODE index=58 type=0
CAPTURE_NODE index=59 type=0
CAPTURE_NODE index=60 type=0
CAPTURE_NODE index=61 type=0
CAPTURE_NODE index=62 type=0
CAPTURE_NODE index=63 type=0
CAPTURE_NODE index=64 type=0
CAPTURE_NODE index=65 type=0
CAPTURE_NODE index=66 type=0
CAPTURE_NODE index=67 type=0
CAPTURE_NODE index=68 type=0
CAPTURE_NODE index=69 type=0
CAPTURE_NODE index=70 type=0
CAPTURE_NODE index=71 type=0
CAPTURE_NODE index=72 type=0
CAPTURE_NODE index=73 type=0
CAPTURE_NODE index=74 type=0
CAPTURE_NODE index=75 type=0
CAPTURE_NODE index=76 type=0
CAPTURE_NODE index=77 type=0
CAPTURE_NODE index=78 type=0
CAPTURE_NODE index=79 type=0
CAPTURE_NODE index=80 type=0
CAPTURE_NODE index=81 type=0
CAPTURE_NODE index=82 type=0
CAPTURE_NODE index=83 type=0
CAPTURE_NODE index=84 type=0
CAPTURE_NODE index=85 type=0
CAPTURE_NODE index=86 type=0
CAPTURE_NODE index=87 type=0
CAPTURE_NODE index=88 type=0
CAPTURE_NODE index=89 type=0
CAPTURE_NODE index=90 type=0
CAPTURE_NODE index=91 type=0
CAPTURE_NODE index=92 type=0
CAPTURE_NODE index=93 type=0
CAPTURE_NODE index=94 type=0
CAPTURE_NODE index=95 type=0
CAPTURE_NODE index=96 type=0
CAPTURE_NODE index=97 type=0
CAPTURE_NODE index=98 type=0
CAPTURE_NODE index=99 type=0
CAPTURE_NODE index=100 type=0
CAPTURE_NODE index=101 type=0
CAPTURE_NODE index=102 type=0
CAPTURE_NODE index=103 type=0
CAPTURE_NODE index=104 type=0
CAPTURE_NODE index=105 type=0
CAPTURE_NODE index=106 type=0
CAPTURE_NODE index=107 type=0
CAPTURE_NODE index=108 type=0
CAPTURE_NODE index=109 type=0
CAPTURE_NODE index=110 type=0
CAPTURE_NODE index=111 type=0
CAPTURE_NODE index=112 type=0
CAPTURE_NODE index=113 type=0
CAPTURE_NODE index=114 type=0
CAPTURE_NODE index=115 type=0
CAPTURE_NODE index=116 type=0
CAPTURE_NODE index=117 type=0
CAPTURE_NODE index=118 type=0
CAPTURE_NODE index=119 type=0
CAPTURE_NODE index=120 type=0
CAPTURE_NODE index=121 type=0
CAPTURE_NODE index=122 type=0
CAPTURE_NODE index=123 type=0
CAPTURE_NODE index=124 type=0
CAPTURE_NODE index=125 type=0
CAPTURE_NODE index=126 type=0
CAPTURE_NODE index=127 type=0
CAPTURE_NODE index=128 type=0
CAPTURE_NODE index=129 type=0
CAPTURE_NODE index=130 type=0
CAPTURE_NODE index=131 type=0
CAPTURE_NODE index=132 type=0
CAPTURE_NODE index=133 type=0
CAPTURE_NODE index=134 type=0
CAPTURE_NODE index=135 type=0
CAPTURE_NODE index=136 type=0
CAPTURE_NODE index=137 type=0
CAPTURE_NODE index=138 type=0
CAPTURE_NODE index=139 type=0
CAPTURE_NODE index=140 type=0
CAPTURE_NODE index=141 type=0
CAPTURE_NODE index=142 type=0
CAPTURE_NODE index=143 type=0
CAPTURE_NODE index=144 type=0
CAPTURE_NODE index=145 type=0
CAPTURE_NODE index=146 type=0
CAPTURE_NODE index=147 type=0
CAPTURE_NODE index=148 type=0
CAPTURE_NODE index=149 type=0
CAPTURE_NODE index=150 type=0
CAPTURE_NODE index=151 type=0
CAPTURE_NODE index=152 type=0
CAPTURE_NODE index=153 type=0
CAPTURE_NODE index=154 type=0
CAPTURE_NODE index=155 type=0
CAPTURE_NODE index=156 type=0
CAPTURE_NODE index=157 type=0
CAPTURE_NODE index=158 type=0
CAPTURE_NODE index=159 type=0
CAPTURE_NODE index=160 type=0
CAPTURE_NODES=161 opt_graph=0 PDL=0
GRAPH0_CAPTURE_ONLY_PASS kernels161_Fn_multiset_same replay=0
SP_STATS runs=166 fallback=0 rollover=0 jobs=140436 disabled=0 errors=0

