seed=1 pattern=0
input format=RGBA16_FLOAT W=2560 H=1440 invalid=0 min=0 max=1 luma=0.357899353 roi_luma=0.389746571
adapter=AMD Radeon RX 9070 XT
NET frame=0 gpu_ms=1165.129272
GEOMETRY valid=2560x1440 processing=2560x1472 tokens=960
frame=0 reset=1 wall_ms=1174.271 invalid=0 luma=0.3597704 roi=0.4268046 dark=101219 roi_dark=9829 changed_first=0 maxabs_first=0
NET frame=1 gpu_ms=34.706638
NET frame=2 gpu_ms=32.220779
NET frame=3 gpu_ms=32.280640
NET frame=4 gpu_ms=32.596458
NET frame=5 gpu_ms=32.692501
NET frame=6 gpu_ms=32.288681
NET frame=7 gpu_ms=32.844318
NET frame=8 gpu_ms=32.431862
NET frame=9 gpu_ms=32.570641
NET frame=10 gpu_ms=32.635361
NET frame=11 gpu_ms=32.347542
NET frame=12 gpu_ms=32.762901
NET frame=13 gpu_ms=32.561298
NET frame=14 gpu_ms=32.388939
NET frame=15 gpu_ms=32.665680
NET frame=16 gpu_ms=32.519241
NET frame=17 gpu_ms=32.532318
NET frame=18 gpu_ms=32.728722
NET frame=19 gpu_ms=32.304722
NET frame=20 gpu_ms=32.694439
NET frame=21 gpu_ms=32.518639
NET frame=22 gpu_ms=32.530918
NET frame=23 gpu_ms=32.766300
NET frame=24 gpu_ms=32.330318
NET frame=25 gpu_ms=32.555599
NET frame=26 gpu_ms=32.272861
NET frame=27 gpu_ms=32.531681
NET frame=28 gpu_ms=32.228321
NET frame=29 gpu_ms=32.569901
NET frame=30 gpu_ms=32.457561
NET frame=31 gpu_ms=32.637001
NET frame=32 gpu_ms=32.523178
NET frame=33 gpu_ms=32.758461
NET frame=34 gpu_ms=32.502880
NET frame=35 gpu_ms=32.644520
NET frame=36 gpu_ms=32.624321
NET frame=37 gpu_ms=32.409321
NET frame=38 gpu_ms=32.552361
NET frame=39 gpu_ms=32.670040
NET frame=40 gpu_ms=32.775700
NET frame=41 gpu_ms=32.561520
NET frame=42 gpu_ms=32.645279
NET frame=43 gpu_ms=32.706020
NET frame=44 gpu_ms=32.430779
NET frame=45 gpu_ms=32.732342
NET frame=46 gpu_ms=32.677261
NET frame=47 gpu_ms=32.780918
NET frame=48 gpu_ms=32.402481
NET frame=49 gpu_ms=32.676319
NET frame=50 gpu_ms=32.583000
NET frame=51 gpu_ms=32.616562
NET frame=52 gpu_ms=32.742962
NET frame=53 gpu_ms=32.726879
NET frame=54 gpu_ms=32.581242
NET frame=55 gpu_ms=32.843521
NET frame=56 gpu_ms=32.255981
NET frame=57 gpu_ms=32.932980
NET frame=58 gpu_ms=32.579659
NET frame=59 gpu_ms=32.725941
NET frame=60 gpu_ms=32.498161
NET frame=61 gpu_ms=32.859280
NET frame=62 gpu_ms=32.539902
NET frame=63 gpu_ms=32.446419
NET frame=64 gpu_ms=32.904259
NET frame=65 gpu_ms=32.537022
NET frame=66 gpu_ms=32.780861
NET frame=67 gpu_ms=32.650719
NET frame=68 gpu_ms=32.601021
NET frame=69 gpu_ms=32.560059
NET frame=70 gpu_ms=32.704861
NET frame=71 gpu_ms=32.519402
NET frame=72 gpu_ms=32.710899
NET frame=73 gpu_ms=32.580078
NET frame=74 gpu_ms=32.544998
NET frame=75 gpu_ms=32.759781
NET frame=76 gpu_ms=32.494598
NET frame=77 gpu_ms=32.536999
NET frame=78 gpu_ms=32.770000
NET frame=79 gpu_ms=32.665539
NET frame=80 gpu_ms=32.588058
NET frame=81 gpu_ms=32.533859
NET frame=82 gpu_ms=32.625359
NET frame=83 gpu_ms=32.603359
NET frame=84 gpu_ms=32.797920
NET frame=85 gpu_ms=32.598701
NET frame=86 gpu_ms=32.499439
NET frame=87 gpu_ms=32.529018
NET frame=88 gpu_ms=32.856361
NET frame=89 gpu_ms=32.449478
NET frame=90 gpu_ms=32.648579
NET frame=91 gpu_ms=32.719158
NET frame=92 gpu_ms=32.846241
NET frame=93 gpu_ms=32.725101
NET frame=94 gpu_ms=32.606201
NET frame=95 gpu_ms=32.648602
NET frame=96 gpu_ms=32.694881
NET frame=97 gpu_ms=32.667160
NET frame=98 gpu_ms=32.607441
NET frame=99 gpu_ms=32.682480
NET frame=100 gpu_ms=32.755600
NET frame=101 gpu_ms=32.628239
NET frame=102 gpu_ms=32.524120
NET frame=103 gpu_ms=32.812580
NET frame=104 gpu_ms=32.587460
NET frame=105 gpu_ms=32.578522
NET frame=106 gpu_ms=32.377338
NET frame=107 gpu_ms=32.798840
NET frame=108 gpu_ms=32.387360
NET frame=109 gpu_ms=32.859600
NET frame=110 gpu_ms=32.630180
NET frame=111 gpu_ms=32.709339
NET frame=112 gpu_ms=32.547138
NET frame=113 gpu_ms=32.730740
NET frame=114 gpu_ms=32.768261
NET frame=115 gpu_ms=32.591160
NET frame=116 gpu_ms=32.738560
NET frame=117 gpu_ms=32.652100
NET frame=118 gpu_ms=33.001041
NET frame=119 gpu_ms=32.498161
NET frame=120 gpu_ms=32.588821
NET frame=121 gpu_ms=32.692699
NET frame=122 gpu_ms=32.729221
NET frame=123 gpu_ms=32.778240
NET frame=124 gpu_ms=32.592361
NET frame=125 gpu_ms=32.445480
NET frame=126 gpu_ms=32.869720
NET frame=127 gpu_ms=32.700901
NET frame=128 gpu_ms=32.744282
NET frame=129 gpu_ms=32.621140
NET frame=130 gpu_ms=32.641079
NET frame=131 gpu_ms=32.508400
NET frame=132 gpu_ms=33.011299
NET frame=133 gpu_ms=32.438099
NET frame=134 gpu_ms=32.768520
NET frame=135 gpu_ms=32.694321
NET frame=136 gpu_ms=32.746819
NET frame=137 gpu_ms=32.546822
NET frame=138 gpu_ms=32.694721
NET frame=139 gpu_ms=32.610439
NET frame=140 gpu_ms=32.425060
NET frame=141 gpu_ms=32.800621
NET frame=142 gpu_ms=32.638618
NET frame=143 gpu_ms=32.685760
NET frame=144 gpu_ms=32.737240
NET frame=145 gpu_ms=32.670341
NET frame=146 gpu_ms=32.819279
NET frame=147 gpu_ms=32.641178
NET frame=148 gpu_ms=32.611740
NET frame=149 gpu_ms=32.622940
NET frame=150 gpu_ms=32.525002
NET frame=151 gpu_ms=32.797760
NET frame=152 gpu_ms=32.626740
NET frame=153 gpu_ms=32.702862
NET frame=154 gpu_ms=32.518002
NET frame=155 gpu_ms=32.781120
NET frame=156 gpu_ms=32.478939
NET frame=157 gpu_ms=32.463619
NET frame=158 gpu_ms=32.807598
NET frame=159 gpu_ms=32.561340
NET frame=160 gpu_ms=32.598881
NET frame=161 gpu_ms=32.831440
NET frame=162 gpu_ms=32.588619
NET frame=163 gpu_ms=32.833519
NET frame=164 gpu_ms=32.413280
NET frame=165 gpu_ms=32.721359
NET frame=166 gpu_ms=32.528740
NET frame=167 gpu_ms=32.906380
NET frame=168 gpu_ms=32.703400
NET frame=169 gpu_ms=32.712460
NET frame=170 gpu_ms=32.726082
NET frame=171 gpu_ms=32.601139
NET frame=172 gpu_ms=32.627621
NET frame=173 gpu_ms=32.653820
NET frame=174 gpu_ms=32.638458
NET frame=175 gpu_ms=32.710339
NET frame=176 gpu_ms=32.746880
NET frame=177 gpu_ms=32.542839
NET frame=178 gpu_ms=32.610840
NET frame=179 gpu_ms=32.763699
NET frame=180 gpu_ms=32.621922
NET frame=181 gpu_ms=32.751541
NET frame=182 gpu_ms=32.724361
NET frame=183 gpu_ms=32.545101
NET frame=184 gpu_ms=32.644459
NET frame=185 gpu_ms=32.655800
NET frame=186 gpu_ms=32.631001
NET frame=187 gpu_ms=32.815441
NET frame=188 gpu_ms=32.424122
NET frame=189 gpu_ms=32.623161
NET frame=190 gpu_ms=32.653679
NET frame=191 gpu_ms=32.668739
NET frame=192 gpu_ms=32.563740
NET frame=193 gpu_ms=32.489601
NET frame=194 gpu_ms=32.738640
NET frame=195 gpu_ms=32.736080
NET frame=196 gpu_ms=32.851318
NET frame=197 gpu_ms=32.467258
NET frame=198 gpu_ms=32.840858
NET frame=199 gpu_ms=32.776299
frame=199 reset=1 wall_ms=34.429 invalid=0 luma=0.3597704 roi=0.4268046 dark=101219 roi_dark=9829 changed_first=0 maxabs_first=0
SP_STATS runs=0 fallback=0 rollover=0 jobs=0 disabled=0 errors=0
RESULT frames=200 temporal=0 mean_wall_ms=40.010 invalid_total=0 restored_capture_every_frame=1 HDR_preserved=1
