seed=1 pattern=0
input format=RGBA16_FLOAT W=2560 H=1440 invalid=0 min=0 max=1 luma=0.357899353 roi_luma=0.389746571
adapter=AMD Radeon RX 9070 XT
NET frame=0 gpu_ms=1142.417725
GEOMETRY valid=2560x1440 processing=2560x1472 tokens=960
frame=0 reset=1 wall_ms=1150.826 invalid=0 luma=0.3596833 roi=0.4035345 dark=1325 roi_dark=232 changed_first=0 maxabs_first=0
NET frame=1 gpu_ms=25.362101
NET frame=2 gpu_ms=15.545800
NET frame=3 gpu_ms=15.227200
NET frame=4 gpu_ms=15.295900
NET frame=5 gpu_ms=15.171800
NET frame=6 gpu_ms=15.222900
NET frame=7 gpu_ms=15.215700
NET frame=8 gpu_ms=15.132100
NET frame=9 gpu_ms=15.277100
NET frame=10 gpu_ms=15.306100
NET frame=11 gpu_ms=15.157900
NET frame=12 gpu_ms=15.195500
NET frame=13 gpu_ms=15.160300
NET frame=14 gpu_ms=15.244600
NET frame=15 gpu_ms=15.461900
NET frame=16 gpu_ms=15.490300
NET frame=17 gpu_ms=15.536400
NET frame=18 gpu_ms=15.452000
NET frame=19 gpu_ms=15.328100
NET frame=20 gpu_ms=15.340800
NET frame=21 gpu_ms=15.431860
NET frame=22 gpu_ms=15.515200
NET frame=23 gpu_ms=15.414000
NET frame=24 gpu_ms=15.407300
NET frame=25 gpu_ms=15.525800
NET frame=26 gpu_ms=15.374400
NET frame=27 gpu_ms=15.625500
NET frame=28 gpu_ms=15.413400
NET frame=29 gpu_ms=15.506100
NET frame=30 gpu_ms=15.479300
NET frame=31 gpu_ms=15.639400
NET frame=32 gpu_ms=15.448100
NET frame=33 gpu_ms=15.545600
NET frame=34 gpu_ms=15.541300
NET frame=35 gpu_ms=15.538500
NET frame=36 gpu_ms=15.553700
NET frame=37 gpu_ms=15.501400
NET frame=38 gpu_ms=15.495600
NET frame=39 gpu_ms=15.511600
NET frame=40 gpu_ms=15.479400
NET frame=41 gpu_ms=15.427200
NET frame=42 gpu_ms=15.495000
NET frame=43 gpu_ms=15.480200
NET frame=44 gpu_ms=15.591500
NET frame=45 gpu_ms=15.542200
NET frame=46 gpu_ms=15.461800
NET frame=47 gpu_ms=15.645100
NET frame=48 gpu_ms=15.531860
NET frame=49 gpu_ms=15.454000
NET frame=50 gpu_ms=15.589300
NET frame=51 gpu_ms=15.623300
NET frame=52 gpu_ms=15.214900
NET frame=53 gpu_ms=15.624600
NET frame=54 gpu_ms=15.580900
NET frame=55 gpu_ms=15.458900
NET frame=56 gpu_ms=15.626500
NET frame=57 gpu_ms=15.670800
NET frame=58 gpu_ms=15.301580
NET frame=59 gpu_ms=15.448500
NET frame=60 gpu_ms=15.639500
NET frame=61 gpu_ms=15.708900
NET frame=62 gpu_ms=15.580900
NET frame=63 gpu_ms=15.673100
NET frame=64 gpu_ms=15.563400
NET frame=65 gpu_ms=15.586200
NET frame=66 gpu_ms=15.640900
NET frame=67 gpu_ms=15.533900
NET frame=68 gpu_ms=15.610900
NET frame=69 gpu_ms=15.485740
NET frame=70 gpu_ms=15.420560
NET frame=71 gpu_ms=15.565100
frame=71 reset=1 wall_ms=17.002 invalid=0 luma=0.3596833 roi=0.4035345 dark=1325 roi_dark=232 changed_first=0 maxabs_first=0
SP_STATS runs=0 fallback=0 rollover=0 jobs=0 disabled=0 errors=0
RESULT frames=72 temporal=0 mean_wall_ms=32.852 invalid_total=0 restored_capture_every_frame=1 HDR_preserved=1
