seed=1 pattern=0
input format=RGBA16_FLOAT W=2560 H=1440 invalid=0 min=0 max=1 luma=0.357899353 roi_luma=0.389746571
adapter=AMD Radeon RX 9070 XT
NET frame=0 gpu_ms=1139.775391
GEOMETRY valid=2560x1440 processing=2560x1472 tokens=960
frame=0 reset=1 wall_ms=1145.602 invalid=0 luma=0.3596833 roi=0.4035345 dark=1325 roi_dark=232 changed_first=0 maxabs_first=0
NET frame=1 gpu_ms=23.172300
NET frame=2 gpu_ms=20.388800
NET frame=3 gpu_ms=19.981800
NET frame=4 gpu_ms=19.878000
NET frame=5 gpu_ms=20.013300
NET frame=6 gpu_ms=19.944000
NET frame=7 gpu_ms=19.742500
NET frame=8 gpu_ms=19.836201
NET frame=9 gpu_ms=20.322800
NET frame=10 gpu_ms=20.584299
NET frame=11 gpu_ms=20.544001
NET frame=12 gpu_ms=20.436501
NET frame=13 gpu_ms=20.583300
NET frame=14 gpu_ms=20.570900
NET frame=15 gpu_ms=20.626400
NET frame=16 gpu_ms=20.551001
NET frame=17 gpu_ms=20.808300
NET frame=18 gpu_ms=20.584101
NET frame=19 gpu_ms=20.583599
NET frame=20 gpu_ms=20.601900
NET frame=21 gpu_ms=20.868200
NET frame=22 gpu_ms=20.317760
NET frame=23 gpu_ms=20.717501
NET frame=24 gpu_ms=20.656200
NET frame=25 gpu_ms=20.719700
NET frame=26 gpu_ms=20.492001
NET frame=27 gpu_ms=20.643999
NET frame=28 gpu_ms=20.475201
NET frame=29 gpu_ms=20.660299
NET frame=30 gpu_ms=20.709999
NET frame=31 gpu_ms=20.779200
NET frame=32 gpu_ms=20.681999
NET frame=33 gpu_ms=20.668400
NET frame=34 gpu_ms=20.864000
NET frame=35 gpu_ms=20.773399
NET frame=36 gpu_ms=20.627300
NET frame=37 gpu_ms=20.742901
NET frame=38 gpu_ms=20.691700
NET frame=39 gpu_ms=20.709400
NET frame=40 gpu_ms=20.657000
NET frame=41 gpu_ms=21.037100
NET frame=42 gpu_ms=20.589260
NET frame=43 gpu_ms=20.614559
NET frame=44 gpu_ms=20.581961
NET frame=45 gpu_ms=20.824400
NET frame=46 gpu_ms=20.591221
NET frame=47 gpu_ms=20.964899
NET frame=48 gpu_ms=20.624399
NET frame=49 gpu_ms=20.873199
NET frame=50 gpu_ms=20.773199
NET frame=51 gpu_ms=20.538919
NET frame=52 gpu_ms=20.845699
NET frame=53 gpu_ms=20.682100
NET frame=54 gpu_ms=20.413219
NET frame=55 gpu_ms=20.822701
NET frame=56 gpu_ms=20.803301
NET frame=57 gpu_ms=20.754299
NET frame=58 gpu_ms=20.711901
NET frame=59 gpu_ms=20.770599
NET frame=60 gpu_ms=20.845301
NET frame=61 gpu_ms=20.721100
NET frame=62 gpu_ms=20.659901
NET frame=63 gpu_ms=20.766800
NET frame=64 gpu_ms=20.728580
NET frame=65 gpu_ms=20.847700
NET frame=66 gpu_ms=20.693100
NET frame=67 gpu_ms=20.786200
NET frame=68 gpu_ms=20.682501
NET frame=69 gpu_ms=20.719500
NET frame=70 gpu_ms=20.710680
NET frame=71 gpu_ms=20.728800
frame=71 reset=1 wall_ms=22.153 invalid=0 luma=0.3596833 roi=0.4035345 dark=1325 roi_dark=232 changed_first=0 maxabs_first=0
SP_STATS runs=0 fallback=0 rollover=0 jobs=0 disabled=0 errors=0
RESULT frames=72 temporal=0 mean_wall_ms=37.746 invalid_total=0 restored_capture_every_frame=1 HDR_preserved=1
