seed=1 pattern=0
input format=RGBA16_FLOAT W=2560 H=1440 invalid=0 min=0 max=1 luma=0.357899353 roi_luma=0.389746571
adapter=AMD Radeon RX 9070 XT
NET frame=0 gpu_ms=1200.317261
GEOMETRY valid=2560x1440 processing=2560x1472 tokens=960
frame=0 reset=1 wall_ms=1206.269 invalid=0 luma=0.3597704 roi=0.4268046 dark=101219 roi_dark=9829 changed_first=0 maxabs_first=0
NET frame=1 gpu_ms=35.932301
NET frame=2 gpu_ms=32.532700
NET frame=3 gpu_ms=32.685001
NET frame=4 gpu_ms=33.013302
NET frame=5 gpu_ms=33.013699
NET frame=6 gpu_ms=32.733898
NET frame=7 gpu_ms=32.649342
NET frame=8 gpu_ms=32.756241
NET frame=9 gpu_ms=32.715221
NET frame=10 gpu_ms=32.727299
NET frame=11 gpu_ms=32.999901
NET frame=12 gpu_ms=32.700199
NET frame=13 gpu_ms=32.613300
NET frame=14 gpu_ms=32.716579
NET frame=15 gpu_ms=33.119499
NET frame=16 gpu_ms=32.844799
NET frame=17 gpu_ms=32.546459
NET frame=18 gpu_ms=32.869259
NET frame=19 gpu_ms=32.590698
NET frame=20 gpu_ms=32.730541
NET frame=21 gpu_ms=32.645359
NET frame=22 gpu_ms=32.778881
NET frame=23 gpu_ms=32.781738
NET frame=24 gpu_ms=32.435139
NET frame=25 gpu_ms=32.592121
NET frame=26 gpu_ms=32.721218
NET frame=27 gpu_ms=32.618179
NET frame=28 gpu_ms=32.746101
NET frame=29 gpu_ms=32.536942
NET frame=30 gpu_ms=32.769402
NET frame=31 gpu_ms=32.935440
NET frame=32 gpu_ms=32.744919
NET frame=33 gpu_ms=32.853180
NET frame=34 gpu_ms=32.927078
NET frame=35 gpu_ms=32.728920
NET frame=36 gpu_ms=32.956242
NET frame=37 gpu_ms=33.040100
NET frame=38 gpu_ms=32.757702
NET frame=39 gpu_ms=32.870602
NET frame=40 gpu_ms=32.536880
NET frame=41 gpu_ms=33.001678
NET frame=42 gpu_ms=32.896000
NET frame=43 gpu_ms=32.988739
NET frame=44 gpu_ms=32.755280
NET frame=45 gpu_ms=32.917961
NET frame=46 gpu_ms=32.798660
NET frame=47 gpu_ms=32.900181
NET frame=48 gpu_ms=32.795238
NET frame=49 gpu_ms=32.585739
NET frame=50 gpu_ms=32.822521
NET frame=51 gpu_ms=32.947578
NET frame=52 gpu_ms=32.673820
NET frame=53 gpu_ms=32.987701
NET frame=54 gpu_ms=32.750462
NET frame=55 gpu_ms=32.831558
NET frame=56 gpu_ms=32.775719
NET frame=57 gpu_ms=32.975578
NET frame=58 gpu_ms=32.793480
NET frame=59 gpu_ms=32.724178
NET frame=60 gpu_ms=32.973099
NET frame=61 gpu_ms=32.967899
NET frame=62 gpu_ms=32.706341
NET frame=63 gpu_ms=32.795422
NET frame=64 gpu_ms=32.917439
NET frame=65 gpu_ms=32.493359
NET frame=66 gpu_ms=32.957859
NET frame=67 gpu_ms=32.992401
NET frame=68 gpu_ms=32.941860
NET frame=69 gpu_ms=32.731739
NET frame=70 gpu_ms=32.887039
NET frame=71 gpu_ms=33.086040
NET frame=72 gpu_ms=32.829620
NET frame=73 gpu_ms=32.890942
NET frame=74 gpu_ms=32.746960
NET frame=75 gpu_ms=33.169338
NET frame=76 gpu_ms=32.888779
NET frame=77 gpu_ms=32.731022
NET frame=78 gpu_ms=32.997341
NET frame=79 gpu_ms=32.875839
NET frame=80 gpu_ms=32.866100
NET frame=81 gpu_ms=32.897758
NET frame=82 gpu_ms=32.840961
NET frame=83 gpu_ms=32.754761
NET frame=84 gpu_ms=32.638378
NET frame=85 gpu_ms=32.939339
NET frame=86 gpu_ms=32.738781
NET frame=87 gpu_ms=32.757622
NET frame=88 gpu_ms=32.623260
NET frame=89 gpu_ms=32.689201
NET frame=90 gpu_ms=32.800400
NET frame=91 gpu_ms=32.786758
NET frame=92 gpu_ms=33.049179
NET frame=93 gpu_ms=32.952759
NET frame=94 gpu_ms=32.832279
NET frame=95 gpu_ms=32.751579
NET frame=96 gpu_ms=32.880180
NET frame=97 gpu_ms=32.967499
NET frame=98 gpu_ms=32.961700
NET frame=99 gpu_ms=32.812061
NET frame=100 gpu_ms=32.964180
NET frame=101 gpu_ms=32.890942
NET frame=102 gpu_ms=32.760559
NET frame=103 gpu_ms=32.636940
NET frame=104 gpu_ms=32.913780
NET frame=105 gpu_ms=32.767738
NET frame=106 gpu_ms=32.867760
NET frame=107 gpu_ms=32.884399
NET frame=108 gpu_ms=32.780380
NET frame=109 gpu_ms=33.046921
NET frame=110 gpu_ms=32.945900
NET frame=111 gpu_ms=32.789558
NET frame=112 gpu_ms=32.812160
NET frame=113 gpu_ms=32.668060
NET frame=114 gpu_ms=32.824440
NET frame=115 gpu_ms=32.939240
NET frame=116 gpu_ms=32.843040
NET frame=117 gpu_ms=32.913139
NET frame=118 gpu_ms=32.896820
NET frame=119 gpu_ms=32.750401
NET frame=120 gpu_ms=32.548260
NET frame=121 gpu_ms=33.017681
NET frame=122 gpu_ms=32.846199
NET frame=123 gpu_ms=32.775719
NET frame=124 gpu_ms=32.694359
NET frame=125 gpu_ms=32.952278
NET frame=126 gpu_ms=32.876438
NET frame=127 gpu_ms=33.087521
NET frame=128 gpu_ms=32.754421
NET frame=129 gpu_ms=32.747459
NET frame=130 gpu_ms=32.598122
NET frame=131 gpu_ms=32.731800
NET frame=132 gpu_ms=32.778999
NET frame=133 gpu_ms=32.543999
NET frame=134 gpu_ms=32.703499
NET frame=135 gpu_ms=32.866982
NET frame=136 gpu_ms=32.877338
NET frame=137 gpu_ms=33.114498
NET frame=138 gpu_ms=32.892899
NET frame=139 gpu_ms=32.750141
NET frame=140 gpu_ms=33.399738
NET frame=141 gpu_ms=32.996441
NET frame=142 gpu_ms=32.620258
NET frame=143 gpu_ms=33.041779
NET frame=144 gpu_ms=32.722961
NET frame=145 gpu_ms=32.696999
NET frame=146 gpu_ms=32.808121
NET frame=147 gpu_ms=32.828140
NET frame=148 gpu_ms=32.809399
NET frame=149 gpu_ms=32.797760
NET frame=150 gpu_ms=32.741119
NET frame=151 gpu_ms=33.112919
NET frame=152 gpu_ms=32.821079
NET frame=153 gpu_ms=32.453861
NET frame=154 gpu_ms=32.921619
NET frame=155 gpu_ms=32.953362
NET frame=156 gpu_ms=32.854221
NET frame=157 gpu_ms=32.869839
NET frame=158 gpu_ms=32.923740
NET frame=159 gpu_ms=32.807541
NET frame=160 gpu_ms=33.113781
NET frame=161 gpu_ms=32.979519
NET frame=162 gpu_ms=32.864922
NET frame=163 gpu_ms=32.845440
NET frame=164 gpu_ms=33.149979
NET frame=165 gpu_ms=32.723660
NET frame=166 gpu_ms=33.092079
NET frame=167 gpu_ms=32.835339
NET frame=168 gpu_ms=32.799702
NET frame=169 gpu_ms=32.680141
NET frame=170 gpu_ms=33.230659
NET frame=171 gpu_ms=32.612598
NET frame=172 gpu_ms=32.997120
NET frame=173 gpu_ms=32.908440
NET frame=174 gpu_ms=32.669041
NET frame=175 gpu_ms=32.830299
NET frame=176 gpu_ms=32.337040
NET frame=177 gpu_ms=32.780220
NET frame=178 gpu_ms=32.979099
NET frame=179 gpu_ms=32.868359
NET frame=180 gpu_ms=32.382542
NET frame=181 gpu_ms=32.796822
NET frame=182 gpu_ms=33.165482
NET frame=183 gpu_ms=32.602699
NET frame=184 gpu_ms=32.624298
NET frame=185 gpu_ms=33.087639
NET frame=186 gpu_ms=32.652538
NET frame=187 gpu_ms=32.925961
NET frame=188 gpu_ms=33.006721
NET frame=189 gpu_ms=32.609081
NET frame=190 gpu_ms=33.004261
NET frame=191 gpu_ms=32.432621
NET frame=192 gpu_ms=32.926579
NET frame=193 gpu_ms=32.708961
NET frame=194 gpu_ms=32.936680
NET frame=195 gpu_ms=32.633759
NET frame=196 gpu_ms=32.657879
NET frame=197 gpu_ms=32.718681
NET frame=198 gpu_ms=32.492882
NET frame=199 gpu_ms=32.806938
frame=199 reset=1 wall_ms=34.308 invalid=0 luma=0.3597704 roi=0.4268046 dark=101219 roi_dark=9829 changed_first=0 maxabs_first=0
SP_STATS runs=0 fallback=0 rollover=0 jobs=0 disabled=0 errors=0
RESULT frames=200 temporal=0 mean_wall_ms=40.316 invalid_total=0 restored_capture_every_frame=1 HDR_preserved=1
