CONFIG wave_owned_active=1 pdl=1 skip=3
VERIFY label=warm bitdiff=0 invalid=0
VERIFY label=topology bitdiff=0 invalid=0
TOPOLOGY dispatches=214 stages=68
VERIFY label=region-0 bitdiff=0 invalid=0
VERIFY label=region-1 bitdiff=0 invalid=0
VERIFY label=region-2 bitdiff=0 invalid=0
VERIFY label=region-3 bitdiff=0 invalid=0
VERIFY label=region-4 bitdiff=0 invalid=0
VERIFY label=region-5 bitdiff=0 invalid=0
VERIFY label=region-6 bitdiff=0 invalid=0
VERIFY label=region-7 bitdiff=0 invalid=0
VERIFY label=region-8 bitdiff=0 invalid=0
VERIFY label=region-9 bitdiff=0 invalid=0
VERIFY label=region-10 bitdiff=0 invalid=0
VERIFY label=region-11 bitdiff=0 invalid=0
VERIFY label=region-12 bitdiff=0 invalid=0
VERIFY label=region-13 bitdiff=0 invalid=0
VERIFY label=region-14 bitdiff=0 invalid=0
VERIFY label=final bitdiff=0 invalid=0
PASS family ledger checks=18
