seed=1 pattern=0
input format=RGBA16_FLOAT W=2560 H=1440 invalid=0 min=0 max=1 luma=0.357899353 roi_luma=0.389746571
adapter=AMD Radeon RX 9070 XT
NET frame=0 gpu_ms=1183.529541
GEOMETRY valid=2560x1440 processing=2560x1472 tokens=960
frame=0 reset=1 wall_ms=1189.199 invalid=0 luma=0.3596833 roi=0.4035345 dark=1325 roi_dark=232 changed_first=0 maxabs_first=0
NET frame=1 gpu_ms=17.991400
NET frame=2 gpu_ms=15.621400
NET frame=3 gpu_ms=15.285500
NET frame=4 gpu_ms=15.284100
NET frame=5 gpu_ms=15.323700
NET frame=6 gpu_ms=15.390400
NET frame=7 gpu_ms=15.281600
NET frame=8 gpu_ms=15.172900
NET frame=9 gpu_ms=15.210100
NET frame=10 gpu_ms=15.359500
NET frame=11 gpu_ms=15.307200
NET frame=12 gpu_ms=15.488900
NET frame=13 gpu_ms=15.127300
NET frame=14 gpu_ms=15.275200
NET frame=15 gpu_ms=15.509000
NET frame=16 gpu_ms=15.474600
NET frame=17 gpu_ms=15.558900
NET frame=18 gpu_ms=15.438700
NET frame=19 gpu_ms=15.492200
NET frame=20 gpu_ms=15.627200
NET frame=21 gpu_ms=15.579400
NET frame=22 gpu_ms=15.449800
NET frame=23 gpu_ms=15.407300
NET frame=24 gpu_ms=15.458600
NET frame=25 gpu_ms=15.437300
NET frame=26 gpu_ms=15.460200
NET frame=27 gpu_ms=15.439000
NET frame=28 gpu_ms=15.460500
NET frame=29 gpu_ms=15.611200
NET frame=30 gpu_ms=15.534800
NET frame=31 gpu_ms=15.528300
NET frame=32 gpu_ms=15.529800
NET frame=33 gpu_ms=15.580100
NET frame=34 gpu_ms=15.627700
NET frame=35 gpu_ms=15.572100
NET frame=36 gpu_ms=15.668200
NET frame=37 gpu_ms=15.596200
NET frame=38 gpu_ms=15.575100
NET frame=39 gpu_ms=15.572600
NET frame=40 gpu_ms=15.585400
NET frame=41 gpu_ms=15.629700
NET frame=42 gpu_ms=15.530500
NET frame=43 gpu_ms=15.466900
NET frame=44 gpu_ms=15.629800
NET frame=45 gpu_ms=15.548600
NET frame=46 gpu_ms=15.652300
NET frame=47 gpu_ms=15.575300
NET frame=48 gpu_ms=15.519400
NET frame=49 gpu_ms=15.611600
NET frame=50 gpu_ms=15.682600
NET frame=51 gpu_ms=15.502800
NET frame=52 gpu_ms=15.665900
NET frame=53 gpu_ms=15.624200
NET frame=54 gpu_ms=15.606800
NET frame=55 gpu_ms=15.666200
NET frame=56 gpu_ms=15.678000
NET frame=57 gpu_ms=15.470400
NET frame=58 gpu_ms=15.509200
NET frame=59 gpu_ms=15.788000
NET frame=60 gpu_ms=15.618600
NET frame=61 gpu_ms=15.552500
NET frame=62 gpu_ms=15.593700
NET frame=63 gpu_ms=15.617000
NET frame=64 gpu_ms=15.450880
NET frame=65 gpu_ms=15.657600
NET frame=66 gpu_ms=15.578600
NET frame=67 gpu_ms=15.539800
NET frame=68 gpu_ms=15.439140
NET frame=69 gpu_ms=15.575700
NET frame=70 gpu_ms=15.751700
NET frame=71 gpu_ms=15.662400
NET frame=72 gpu_ms=15.653100
NET frame=73 gpu_ms=15.563000
NET frame=74 gpu_ms=15.514200
NET frame=75 gpu_ms=15.649800
NET frame=76 gpu_ms=15.753300
NET frame=77 gpu_ms=15.657400
NET frame=78 gpu_ms=15.566700
NET frame=79 gpu_ms=15.542300
NET frame=80 gpu_ms=15.614500
NET frame=81 gpu_ms=15.730300
NET frame=82 gpu_ms=15.454600
NET frame=83 gpu_ms=15.646200
NET frame=84 gpu_ms=15.771100
NET frame=85 gpu_ms=15.575200
NET frame=86 gpu_ms=15.623900
NET frame=87 gpu_ms=15.551000
NET frame=88 gpu_ms=15.650700
NET frame=89 gpu_ms=15.674400
NET frame=90 gpu_ms=15.409080
NET frame=91 gpu_ms=15.581200
NET frame=92 gpu_ms=15.523300
NET frame=93 gpu_ms=15.544220
NET frame=94 gpu_ms=15.499600
NET frame=95 gpu_ms=15.408260
NET frame=96 gpu_ms=15.596000
NET frame=97 gpu_ms=15.568600
NET frame=98 gpu_ms=15.368640
NET frame=99 gpu_ms=15.634400
NET frame=100 gpu_ms=15.805400
NET frame=101 gpu_ms=15.474700
NET frame=102 gpu_ms=15.453800
NET frame=103 gpu_ms=15.509200
NET frame=104 gpu_ms=15.515800
NET frame=105 gpu_ms=15.596400
NET frame=106 gpu_ms=15.527400
NET frame=107 gpu_ms=15.585400
NET frame=108 gpu_ms=15.703500
NET frame=109 gpu_ms=15.519000
NET frame=110 gpu_ms=15.640900
NET frame=111 gpu_ms=15.702900
NET frame=112 gpu_ms=15.579500
NET frame=113 gpu_ms=15.543400
NET frame=114 gpu_ms=15.644700
NET frame=115 gpu_ms=15.653100
NET frame=116 gpu_ms=15.570200
NET frame=117 gpu_ms=15.788000
NET frame=118 gpu_ms=15.518400
NET frame=119 gpu_ms=15.578680
NET frame=120 gpu_ms=15.450600
NET frame=121 gpu_ms=15.627500
NET frame=122 gpu_ms=15.751600
NET frame=123 gpu_ms=15.727100
NET frame=124 gpu_ms=15.652300
NET frame=125 gpu_ms=15.675300
NET frame=126 gpu_ms=15.704100
NET frame=127 gpu_ms=15.610400
NET frame=128 gpu_ms=15.409700
NET frame=129 gpu_ms=15.521700
NET frame=130 gpu_ms=15.682700
NET frame=131 gpu_ms=15.585200
NET frame=132 gpu_ms=15.610400
NET frame=133 gpu_ms=15.613800
NET frame=134 gpu_ms=15.388260
NET frame=135 gpu_ms=15.598800
NET frame=136 gpu_ms=15.443200
NET frame=137 gpu_ms=15.580500
NET frame=138 gpu_ms=15.774100
NET frame=139 gpu_ms=15.561800
NET frame=140 gpu_ms=15.648700
NET frame=141 gpu_ms=15.362300
NET frame=142 gpu_ms=15.619700
NET frame=143 gpu_ms=15.617800
NET frame=144 gpu_ms=15.525000
NET frame=145 gpu_ms=15.480080
NET frame=146 gpu_ms=15.671700
NET frame=147 gpu_ms=15.401700
NET frame=148 gpu_ms=15.689700
NET frame=149 gpu_ms=15.772400
NET frame=150 gpu_ms=15.452000
NET frame=151 gpu_ms=15.758400
NET frame=152 gpu_ms=15.600500
NET frame=153 gpu_ms=15.600100
NET frame=154 gpu_ms=15.711800
NET frame=155 gpu_ms=15.501400
NET frame=156 gpu_ms=15.521100
NET frame=157 gpu_ms=15.685100
NET frame=158 gpu_ms=15.577600
NET frame=159 gpu_ms=15.741300
NET frame=160 gpu_ms=15.418780
NET frame=161 gpu_ms=15.617400
NET frame=162 gpu_ms=15.501900
NET frame=163 gpu_ms=15.570200
NET frame=164 gpu_ms=15.589800
NET frame=165 gpu_ms=15.568500
NET frame=166 gpu_ms=15.705300
NET frame=167 gpu_ms=15.643300
NET frame=168 gpu_ms=15.533200
NET frame=169 gpu_ms=15.507900
NET frame=170 gpu_ms=15.592700
NET frame=171 gpu_ms=15.569600
NET frame=172 gpu_ms=15.684400
NET frame=173 gpu_ms=15.561200
NET frame=174 gpu_ms=15.524600
NET frame=175 gpu_ms=15.761900
NET frame=176 gpu_ms=15.629300
NET frame=177 gpu_ms=15.591900
NET frame=178 gpu_ms=15.579100
NET frame=179 gpu_ms=15.734900
NET frame=180 gpu_ms=15.573600
NET frame=181 gpu_ms=15.548420
NET frame=182 gpu_ms=15.428200
NET frame=183 gpu_ms=15.650100
NET frame=184 gpu_ms=15.543300
NET frame=185 gpu_ms=15.364300
NET frame=186 gpu_ms=15.632300
NET frame=187 gpu_ms=15.668400
NET frame=188 gpu_ms=15.780900
NET frame=189 gpu_ms=15.559300
NET frame=190 gpu_ms=15.451540
NET frame=191 gpu_ms=15.639100
NET frame=192 gpu_ms=15.571800
NET frame=193 gpu_ms=15.730000
NET frame=194 gpu_ms=15.482900
NET frame=195 gpu_ms=15.471600
NET frame=196 gpu_ms=15.481900
NET frame=197 gpu_ms=15.619800
NET frame=198 gpu_ms=15.649900
NET frame=199 gpu_ms=15.690000
frame=199 reset=1 wall_ms=17.186 invalid=0 luma=0.3596833 roi=0.4035345 dark=1325 roi_dark=232 changed_first=0 maxabs_first=0
SP_STATS runs=0 fallback=0 rollover=0 jobs=0 disabled=0 errors=0
RESULT frames=200 temporal=0 mean_wall_ms=22.890 invalid_total=0 restored_capture_every_frame=1 HDR_preserved=1
