MODULES D:\DLSSNR-Lab\hip-backend\prefix-post-arith-20260930\flat-A C32=301D3E169F28C7F66EBD7BDFADD572C7F6CF33740C8E7C7AA7E57556578A2F28 C64=E46EA20F4EDE6E91B4A388FADB1EB7FA9CCDAD985002AFDAFD4DD24CBD2C27E4
{"tag":"900-static-False","mean_ms":10.470909090909091,"sha":"54D7C1B454CD475AD2C12C2375AA6908FB9A3A7226F0901961EB49145EAAD689"}
MODULES D:\DLSSNR-Lab\hip-backend\prefix-post-arith-20260930\flat-T C32=A95D5BA1FDFAF02C3AB3201FFABB4FBD9A885E5EC7DD1E345DFD59FBA444A690 C64=E46EA20F4EDE6E91B4A388FADB1EB7FA9CCDAD985002AFDAFD4DD24CBD2C27E4
{"tag":"900-static-True","mean_ms":10.193727272727273,"sha":"54D7C1B454CD475AD2C12C2375AA6908FB9A3A7226F0901961EB49145EAAD689"}
SAME 900-static-False 900-static-True
MODULES D:\DLSSNR-Lab\hip-backend\prefix-post-arith-20260930\flat-A C32=301D3E169F28C7F66EBD7BDFADD572C7F6CF33740C8E7C7AA7E57556578A2F28 C64=E46EA20F4EDE6E91B4A388FADB1EB7FA9CCDAD985002AFDAFD4DD24CBD2C27E4
{"tag":"900-motion-False","mean_ms":9.070363636363636,"sha":"5475F39A1C6B8F1F3BA64154327376F7520166A25C297B8ADB08A7BAEB5A8F95"}
MODULES D:\DLSSNR-Lab\hip-backend\prefix-post-arith-20260930\flat-T C32=A95D5BA1FDFAF02C3AB3201FFABB4FBD9A885E5EC7DD1E345DFD59FBA444A690 C64=E46EA20F4EDE6E91B4A388FADB1EB7FA9CCDAD985002AFDAFD4DD24CBD2C27E4
{"tag":"900-motion-True","mean_ms":10.995272727272727,"sha":"5475F39A1C6B8F1F3BA64154327376F7520166A25C297B8ADB08A7BAEB5A8F95"}
SAME 900-motion-False 900-motion-True
MODULES D:\DLSSNR-Lab\hip-backend\prefix-post-arith-20260930\flat-A C32=301D3E169F28C7F66EBD7BDFADD572C7F6CF33740C8E7C7AA7E57556578A2F28 C64=E46EA20F4EDE6E91B4A388FADB1EB7FA9CCDAD985002AFDAFD4DD24CBD2C27E4
{"tag":"1080-static-False","mean_ms":12.842454545454546,"sha":"52947438109AA3E5A58DEB4DDC28045C175C51A6473775A1C102008CE7810D2B"}
MODULES D:\DLSSNR-Lab\hip-backend\prefix-post-arith-20260930\flat-T C32=A95D5BA1FDFAF02C3AB3201FFABB4FBD9A885E5EC7DD1E345DFD59FBA444A690 C64=E46EA20F4EDE6E91B4A388FADB1EB7FA9CCDAD985002AFDAFD4DD24CBD2C27E4
{"tag":"1080-static-True","mean_ms":12.454363636363636,"sha":"52947438109AA3E5A58DEB4DDC28045C175C51A6473775A1C102008CE7810D2B"}
SAME 1080-static-False 1080-static-True
MODULES D:\DLSSNR-Lab\hip-backend\prefix-post-arith-20260930\flat-A C32=301D3E169F28C7F66EBD7BDFADD572C7F6CF33740C8E7C7AA7E57556578A2F28 C64=E46EA20F4EDE6E91B4A388FADB1EB7FA9CCDAD985002AFDAFD4DD24CBD2C27E4
{"tag":"1080-motion-False","mean_ms":12.569727272727272,"sha":"EF3EF3F43305E89547E3440D075E511B6F9B4F032E7C68F3D21782B6823F369E"}
MODULES D:\DLSSNR-Lab\hip-backend\prefix-post-arith-20260930\flat-T C32=A95D5BA1FDFAF02C3AB3201FFABB4FBD9A885E5EC7DD1E345DFD59FBA444A690 C64=E46EA20F4EDE6E91B4A388FADB1EB7FA9CCDAD985002AFDAFD4DD24CBD2C27E4
{"tag":"1080-motion-True","mean_ms":13.005818181818182,"sha":"EF3EF3F43305E89547E3440D075E511B6F9B4F032E7C68F3D21782B6823F369E"}
SAME 1080-motion-False 1080-motion-True
MODULES D:\DLSSNR-Lab\hip-backend\prefix-post-arith-20260930\flat-A C32=301D3E169F28C7F66EBD7BDFADD572C7F6CF33740C8E7C7AA7E57556578A2F28 C64=E46EA20F4EDE6E91B4A388FADB1EB7FA9CCDAD985002AFDAFD4DD24CBD2C27E4
{"tag":"720-motion-False","mean_ms":7.3755454545454544,"sha":"C90688A2E7E641A03DF002D81B77251384C93EF3992E9F57D747009433B76A5D"}
MODULES D:\DLSSNR-Lab\hip-backend\prefix-post-arith-20260930\flat-T C32=A95D5BA1FDFAF02C3AB3201FFABB4FBD9A885E5EC7DD1E345DFD59FBA444A690 C64=E46EA20F4EDE6E91B4A388FADB1EB7FA9CCDAD985002AFDAFD4DD24CBD2C27E4
{"tag":"720-motion-True","mean_ms":7.49518181818182,"sha":"C90688A2E7E641A03DF002D81B77251384C93EF3992E9F57D747009433B76A5D"}
SAME 720-motion-False 720-motion-True
MODULES D:\DLSSNR-Lab\hip-backend\prefix-post-arith-20260930\flat-A C32=301D3E169F28C7F66EBD7BDFADD572C7F6CF33740C8E7C7AA7E57556578A2F28 C64=E46EA20F4EDE6E91B4A388FADB1EB7FA9CCDAD985002AFDAFD4DD24CBD2C27E4
{"tag":"900-history-False","mean_ms":10.607727272727271,"sha":"D0D899C190F04ABFA969CF73787B04B80E8700A3E66B843291398D53FBBC3FA5"}
MODULES D:\DLSSNR-Lab\hip-backend\prefix-post-arith-20260930\flat-T C32=A95D5BA1FDFAF02C3AB3201FFABB4FBD9A885E5EC7DD1E345DFD59FBA444A690 C64=E46EA20F4EDE6E91B4A388FADB1EB7FA9CCDAD985002AFDAFD4DD24CBD2C27E4
{"tag":"900-history-True","mean_ms":9.3516363636363629,"sha":"D0D899C190F04ABFA969CF73787B04B80E8700A3E66B843291398D53FBBC3FA5"}
SAME 900-history-False 900-history-True
MODULES D:\DLSSNR-Lab\hip-backend\prefix-post-arith-20260930\flat-A C32=301D3E169F28C7F66EBD7BDFADD572C7F6CF33740C8E7C7AA7E57556578A2F28 C64=E46EA20F4EDE6E91B4A388FADB1EB7FA9CCDAD985002AFDAFD4DD24CBD2C27E4
{"tag":"1080-history-False","mean_ms":14.164090909090907,"sha":"266C89831F10DBDE1C05B5CDF894D881E70C7DC8C4F9892D265C2AC32E171762"}
MODULES D:\DLSSNR-Lab\hip-backend\prefix-post-arith-20260930\flat-T C32=A95D5BA1FDFAF02C3AB3201FFABB4FBD9A885E5EC7DD1E345DFD59FBA444A690 C64=E46EA20F4EDE6E91B4A388FADB1EB7FA9CCDAD985002AFDAFD4DD24CBD2C27E4
{"tag":"1080-history-True","mean_ms":15.790999999999999,"sha":"266C89831F10DBDE1C05B5CDF894D881E70C7DC8C4F9892D265C2AC32E171762"}
SAME 1080-history-False 1080-history-True
MODULES D:\DLSSNR-Lab\hip-backend\prefix-post-arith-20260930\flat-A C32=301D3E169F28C7F66EBD7BDFADD572C7F6CF33740C8E7C7AA7E57556578A2F28 C64=E46EA20F4EDE6E91B4A388FADB1EB7FA9CCDAD985002AFDAFD4DD24CBD2C27E4
{"tag":"900-static-False","mean_ms":12.747272727272728,"sha":"54D7C1B454CD475AD2C12C2375AA6908FB9A3A7226F0901961EB49145EAAD689"}
MODULES D:\DLSSNR-Lab\hip-backend\prefix-post-arith-20260930\flat-T C32=A95D5BA1FDFAF02C3AB3201FFABB4FBD9A885E5EC7DD1E345DFD59FBA444A690 C64=E46EA20F4EDE6E91B4A388FADB1EB7FA9CCDAD985002AFDAFD4DD24CBD2C27E4
{"tag":"900-static-True","mean_ms":11.513363636363636,"sha":"54D7C1B454CD475AD2C12C2375AA6908FB9A3A7226F0901961EB49145EAAD689"}
SAME 900-static-False 900-static-True
MODULES D:\DLSSNR-Lab\hip-backend\prefix-post-arith-20260930\flat-A C32=301D3E169F28C7F66EBD7BDFADD572C7F6CF33740C8E7C7AA7E57556578A2F28 C64=E46EA20F4EDE6E91B4A388FADB1EB7FA9CCDAD985002AFDAFD4DD24CBD2C27E4
{"tag":"900-motion-False","mean_ms":13.278090909090908,"sha":"5475F39A1C6B8F1F3BA64154327376F7520166A25C297B8ADB08A7BAEB5A8F95"}
MODULES D:\DLSSNR-Lab\hip-backend\prefix-post-arith-20260930\flat-T C32=A95D5BA1FDFAF02C3AB3201FFABB4FBD9A885E5EC7DD1E345DFD59FBA444A690 C64=E46EA20F4EDE6E91B4A388FADB1EB7FA9CCDAD985002AFDAFD4DD24CBD2C27E4
{"tag":"900-motion-True","mean_ms":12.159999999999997,"sha":"5475F39A1C6B8F1F3BA64154327376F7520166A25C297B8ADB08A7BAEB5A8F95"}
SAME 900-motion-False 900-motion-True
MODULES D:\DLSSNR-Lab\hip-backend\prefix-post-arith-20260930\flat-A C32=301D3E169F28C7F66EBD7BDFADD572C7F6CF33740C8E7C7AA7E57556578A2F28 C64=E46EA20F4EDE6E91B4A388FADB1EB7FA9CCDAD985002AFDAFD4DD24CBD2C27E4
{"tag":"1080-static-False","mean_ms":14.531090909090908,"sha":"52947438109AA3E5A58DEB4DDC28045C175C51A6473775A1C102008CE7810D2B"}
MODULES D:\DLSSNR-Lab\hip-backend\prefix-post-arith-20260930\flat-T C32=A95D5BA1FDFAF02C3AB3201FFABB4FBD9A885E5EC7DD1E345DFD59FBA444A690 C64=E46EA20F4EDE6E91B4A388FADB1EB7FA9CCDAD985002AFDAFD4DD24CBD2C27E4
{"tag":"1080-static-True","mean_ms":13.885727272727275,"sha":"52947438109AA3E5A58DEB4DDC28045C175C51A6473775A1C102008CE7810D2B"}
SAME 1080-static-False 1080-static-True
MODULES D:\DLSSNR-Lab\hip-backend\prefix-post-arith-20260930\flat-A C32=301D3E169F28C7F66EBD7BDFADD572C7F6CF33740C8E7C7AA7E57556578A2F28 C64=E46EA20F4EDE6E91B4A388FADB1EB7FA9CCDAD985002AFDAFD4DD24CBD2C27E4
{"tag":"1080-motion-False","mean_ms":15.989818181818185,"sha":"20EBE3294DF3C8747A3CE17052E214B3492E86DEB2EE9FD007F746937C8ECA61"}
MODULES D:\DLSSNR-Lab\hip-backend\prefix-post-arith-20260930\flat-T C32=A95D5BA1FDFAF02C3AB3201FFABB4FBD9A885E5EC7DD1E345DFD59FBA444A690 C64=E46EA20F4EDE6E91B4A388FADB1EB7FA9CCDAD985002AFDAFD4DD24CBD2C27E4
{"tag":"1080-motion-True","mean_ms":13.271545454545453,"sha":"20EBE3294DF3C8747A3CE17052E214B3492E86DEB2EE9FD007F746937C8ECA61"}
SAME 1080-motion-False 1080-motion-True
MODULES D:\DLSSNR-Lab\hip-backend\prefix-post-arith-20260930\flat-A C32=301D3E169F28C7F66EBD7BDFADD572C7F6CF33740C8E7C7AA7E57556578A2F28 C64=E46EA20F4EDE6E91B4A388FADB1EB7FA9CCDAD985002AFDAFD4DD24CBD2C27E4
{"tag":"720-motion-False","mean_ms":12.463090909090909,"sha":"9DF9122ACADE184B91D36A66FEFCFAC8E841ECC7C5BB06DF9FFFAE0F44112F77"}
MODULES D:\DLSSNR-Lab\hip-backend\prefix-post-arith-20260930\flat-T C32=A95D5BA1FDFAF02C3AB3201FFABB4FBD9A885E5EC7DD1E345DFD59FBA444A690 C64=E46EA20F4EDE6E91B4A388FADB1EB7FA9CCDAD985002AFDAFD4DD24CBD2C27E4
{"tag":"720-motion-True","mean_ms":9.086,"sha":"9DF9122ACADE184B91D36A66FEFCFAC8E841ECC7C5BB06DF9FFFAE0F44112F77"}
SAME 720-motion-False 720-motion-True
MODULES D:\DLSSNR-Lab\hip-backend\prefix-post-arith-20260930\flat-A C32=301D3E169F28C7F66EBD7BDFADD572C7F6CF33740C8E7C7AA7E57556578A2F28 C64=E46EA20F4EDE6E91B4A388FADB1EB7FA9CCDAD985002AFDAFD4DD24CBD2C27E4
{"tag":"900-history-False","mean_ms":14.216181818181816,"sha":"F41C89C1E78298BF3CFD381824189E1C87C31B5FCDAA889A357CD1A68BBC6E4B"}
MODULES D:\DLSSNR-Lab\hip-backend\prefix-post-arith-20260930\flat-T C32=A95D5BA1FDFAF02C3AB3201FFABB4FBD9A885E5EC7DD1E345DFD59FBA444A690 C64=E46EA20F4EDE6E91B4A388FADB1EB7FA9CCDAD985002AFDAFD4DD24CBD2C27E4
{"tag":"900-history-True","mean_ms":15.254727272727273,"sha":"F41C89C1E78298BF3CFD381824189E1C87C31B5FCDAA889A357CD1A68BBC6E4B"}
SAME 900-history-False 900-history-True
MODULES D:\DLSSNR-Lab\hip-backend\prefix-post-arith-20260930\flat-A C32=301D3E169F28C7F66EBD7BDFADD572C7F6CF33740C8E7C7AA7E57556578A2F28 C64=E46EA20F4EDE6E91B4A388FADB1EB7FA9CCDAD985002AFDAFD4DD24CBD2C27E4
{"tag":"1080-history-False","mean_ms":17.061,"sha":"25131680EC7E66F966385AD36E0FB0AF59EC8879CF776BBD972A97845FED62F9"}
MODULES D:\DLSSNR-Lab\hip-backend\prefix-post-arith-20260930\flat-T C32=A95D5BA1FDFAF02C3AB3201FFABB4FBD9A885E5EC7DD1E345DFD59FBA444A690 C64=E46EA20F4EDE6E91B4A388FADB1EB7FA9CCDAD985002AFDAFD4DD24CBD2C27E4
{"tag":"1080-history-True","mean_ms":17.409545454545455,"sha":"25131680EC7E66F966385AD36E0FB0AF59EC8879CF776BBD972A97845FED62F9"}
SAME 1080-history-False 1080-history-True
AE CSV SAME T
MODULES D:\DLSSNR-Lab\hip-backend\prefix-post-arith-20260930\flat-A C32=301D3E169F28C7F66EBD7BDFADD572C7F6CF33740C8E7C7AA7E57556578A2F28 C64=E46EA20F4EDE6E91B4A388FADB1EB7FA9CCDAD985002AFDAFD4DD24CBD2C27E4
{"tag":"900-history-False","mean_ms":13.280454545454544,"sha":"D0D899C190F04ABFA969CF73787B04B80E8700A3E66B843291398D53FBBC3FA5"}
MODULES D:\DLSSNR-Lab\hip-backend\prefix-post-arith-20260930\flat-T C32=A95D5BA1FDFAF02C3AB3201FFABB4FBD9A885E5EC7DD1E345DFD59FBA444A690 C64=E46EA20F4EDE6E91B4A388FADB1EB7FA9CCDAD985002AFDAFD4DD24CBD2C27E4
{"tag":"900-history-True","mean_ms":12.017909090909088,"sha":"D0D899C190F04ABFA969CF73787B04B80E8700A3E66B843291398D53FBBC3FA5"}
SAME 900-history-False 900-history-True
MODULES D:\DLSSNR-Lab\hip-backend\prefix-post-arith-20260930\flat-A C32=301D3E169F28C7F66EBD7BDFADD572C7F6CF33740C8E7C7AA7E57556578A2F28 C64=E46EA20F4EDE6E91B4A388FADB1EB7FA9CCDAD985002AFDAFD4DD24CBD2C27E4
{"tag":"1080-history-False","mean_ms":13.924636363636363,"sha":"266C89831F10DBDE1C05B5CDF894D881E70C7DC8C4F9892D265C2AC32E171762"}
MODULES D:\DLSSNR-Lab\hip-backend\prefix-post-arith-20260930\flat-T C32=A95D5BA1FDFAF02C3AB3201FFABB4FBD9A885E5EC7DD1E345DFD59FBA444A690 C64=E46EA20F4EDE6E91B4A388FADB1EB7FA9CCDAD985002AFDAFD4DD24CBD2C27E4
{"tag":"1080-history-True","mean_ms":14.883,"sha":"266C89831F10DBDE1C05B5CDF894D881E70C7DC8C4F9892D265C2AC32E171762"}
SAME 1080-history-False 1080-history-True
MODULES D:\DLSSNR-Lab\hip-backend\prefix-post-arith-20260930\flat-A C32=301D3E169F28C7F66EBD7BDFADD572C7F6CF33740C8E7C7AA7E57556578A2F28 C64=E46EA20F4EDE6E91B4A388FADB1EB7FA9CCDAD985002AFDAFD4DD24CBD2C27E4
{"tag":"900-history-False","mean_ms":15.056545454545455,"sha":"F41C89C1E78298BF3CFD381824189E1C87C31B5FCDAA889A357CD1A68BBC6E4B"}
MODULES D:\DLSSNR-Lab\hip-backend\prefix-post-arith-20260930\flat-T C32=A95D5BA1FDFAF02C3AB3201FFABB4FBD9A885E5EC7DD1E345DFD59FBA444A690 C64=E46EA20F4EDE6E91B4A388FADB1EB7FA9CCDAD985002AFDAFD4DD24CBD2C27E4
{"tag":"900-history-True","mean_ms":15.209727272727271,"sha":"F41C89C1E78298BF3CFD381824189E1C87C31B5FCDAA889A357CD1A68BBC6E4B"}
SAME 900-history-False 900-history-True
MODULES D:\DLSSNR-Lab\hip-backend\prefix-post-arith-20260930\flat-A C32=301D3E169F28C7F66EBD7BDFADD572C7F6CF33740C8E7C7AA7E57556578A2F28 C64=E46EA20F4EDE6E91B4A388FADB1EB7FA9CCDAD985002AFDAFD4DD24CBD2C27E4
{"tag":"1080-history-False","mean_ms":20.218818181818182,"sha":"25131680EC7E66F966385AD36E0FB0AF59EC8879CF776BBD972A97845FED62F9"}
MODULES D:\DLSSNR-Lab\hip-backend\prefix-post-arith-20260930\flat-T C32=A95D5BA1FDFAF02C3AB3201FFABB4FBD9A885E5EC7DD1E345DFD59FBA444A690 C64=E46EA20F4EDE6E91B4A388FADB1EB7FA9CCDAD985002AFDAFD4DD24CBD2C27E4
{"tag":"1080-history-True","mean_ms":20.242454545454546,"sha":"25131680EC7E66F966385AD36E0FB0AF59EC8879CF776BBD972A97845FED62F9"}
SAME 1080-history-False 1080-history-True
MODULES D:\DLSSNR-Lab\hip-backend\prefix-post-arith-20260930\flat-A C32=301D3E169F28C7F66EBD7BDFADD572C7F6CF33740C8E7C7AA7E57556578A2F28 C64=E46EA20F4EDE6E91B4A388FADB1EB7FA9CCDAD985002AFDAFD4DD24CBD2C27E4
{"tag":"time-900-0","mean_ms":7.7175612499999993,"sha":"54D7C1B454CD475AD2C12C2375AA6908FB9A3A7226F0901961EB49145EAAD689"}
MODULES D:\DLSSNR-Lab\hip-backend\prefix-post-arith-20260930\flat-T C32=A95D5BA1FDFAF02C3AB3201FFABB4FBD9A885E5EC7DD1E345DFD59FBA444A690 C64=E46EA20F4EDE6E91B4A388FADB1EB7FA9CCDAD985002AFDAFD4DD24CBD2C27E4
{"tag":"time-900-1","mean_ms":7.6842500000000076,"sha":"54D7C1B454CD475AD2C12C2375AA6908FB9A3A7226F0901961EB49145EAAD689"}
MODULES D:\DLSSNR-Lab\hip-backend\prefix-post-arith-20260930\flat-T C32=A95D5BA1FDFAF02C3AB3201FFABB4FBD9A885E5EC7DD1E345DFD59FBA444A690 C64=E46EA20F4EDE6E91B4A388FADB1EB7FA9CCDAD985002AFDAFD4DD24CBD2C27E4
{"tag":"time-900-2","mean_ms":7.677778750000007,"sha":"54D7C1B454CD475AD2C12C2375AA6908FB9A3A7226F0901961EB49145EAAD689"}
MODULES D:\DLSSNR-Lab\hip-backend\prefix-post-arith-20260930\flat-A C32=301D3E169F28C7F66EBD7BDFADD572C7F6CF33740C8E7C7AA7E57556578A2F28 C64=E46EA20F4EDE6E91B4A388FADB1EB7FA9CCDAD985002AFDAFD4DD24CBD2C27E4
{"tag":"time-900-3","mean_ms":7.7368287499999964,"sha":"54D7C1B454CD475AD2C12C2375AA6908FB9A3A7226F0901961EB49145EAAD689"}
MODULES D:\DLSSNR-Lab\hip-backend\prefix-post-arith-20260930\flat-A C32=301D3E169F28C7F66EBD7BDFADD572C7F6CF33740C8E7C7AA7E57556578A2F28 C64=E46EA20F4EDE6E91B4A388FADB1EB7FA9CCDAD985002AFDAFD4DD24CBD2C27E4
{"tag":"time-1080-0","mean_ms":10.583076250000001,"sha":"52947438109AA3E5A58DEB4DDC28045C175C51A6473775A1C102008CE7810D2B"}
MODULES D:\DLSSNR-Lab\hip-backend\prefix-post-arith-20260930\flat-T C32=A95D5BA1FDFAF02C3AB3201FFABB4FBD9A885E5EC7DD1E345DFD59FBA444A690 C64=E46EA20F4EDE6E91B4A388FADB1EB7FA9CCDAD985002AFDAFD4DD24CBD2C27E4
{"tag":"time-1080-1","mean_ms":10.527174999999977,"sha":"52947438109AA3E5A58DEB4DDC28045C175C51A6473775A1C102008CE7810D2B"}
MODULES D:\DLSSNR-Lab\hip-backend\prefix-post-arith-20260930\flat-T C32=A95D5BA1FDFAF02C3AB3201FFABB4FBD9A885E5EC7DD1E345DFD59FBA444A690 C64=E46EA20F4EDE6E91B4A388FADB1EB7FA9CCDAD985002AFDAFD4DD24CBD2C27E4
{"tag":"time-1080-2","mean_ms":10.545623750000011,"sha":"52947438109AA3E5A58DEB4DDC28045C175C51A6473775A1C102008CE7810D2B"}
MODULES D:\DLSSNR-Lab\hip-backend\prefix-post-arith-20260930\flat-A C32=301D3E169F28C7F66EBD7BDFADD572C7F6CF33740C8E7C7AA7E57556578A2F28 C64=E46EA20F4EDE6E91B4A388FADB1EB7FA9CCDAD985002AFDAFD4DD24CBD2C27E4
{"tag":"time-1080-3","mean_ms":10.619706249999993,"sha":"52947438109AA3E5A58DEB4DDC28045C175C51A6473775A1C102008CE7810D2B"}
MODULES D:\DLSSNR-Lab\hip-backend\prefix-post-arith-20260930\flat-A C32=301D3E169F28C7F66EBD7BDFADD572C7F6CF33740C8E7C7AA7E57556578A2F28 C64=E46EA20F4EDE6E91B4A388FADB1EB7FA9CCDAD985002AFDAFD4DD24CBD2C27E4
{"tag":"time-900-0","mean_ms":7.7836274999999988,"sha":"54D7C1B454CD475AD2C12C2375AA6908FB9A3A7226F0901961EB49145EAAD689"}
MODULES D:\DLSSNR-Lab\hip-backend\prefix-post-arith-20260930\flat-T C32=A95D5BA1FDFAF02C3AB3201FFABB4FBD9A885E5EC7DD1E345DFD59FBA444A690 C64=E46EA20F4EDE6E91B4A388FADB1EB7FA9CCDAD985002AFDAFD4DD24CBD2C27E4
{"tag":"time-900-1","mean_ms":7.740328750000006,"sha":"54D7C1B454CD475AD2C12C2375AA6908FB9A3A7226F0901961EB49145EAAD689"}
MODULES D:\DLSSNR-Lab\hip-backend\prefix-post-arith-20260930\flat-T C32=A95D5BA1FDFAF02C3AB3201FFABB4FBD9A885E5EC7DD1E345DFD59FBA444A690 C64=E46EA20F4EDE6E91B4A388FADB1EB7FA9CCDAD985002AFDAFD4DD24CBD2C27E4
{"tag":"time-900-2","mean_ms":7.7284437499999958,"sha":"54D7C1B454CD475AD2C12C2375AA6908FB9A3A7226F0901961EB49145EAAD689"}
MODULES D:\DLSSNR-Lab\hip-backend\prefix-post-arith-20260930\flat-A C32=301D3E169F28C7F66EBD7BDFADD572C7F6CF33740C8E7C7AA7E57556578A2F28 C64=E46EA20F4EDE6E91B4A388FADB1EB7FA9CCDAD985002AFDAFD4DD24CBD2C27E4
{"tag":"time-900-3","mean_ms":7.7646112499999926,"sha":"54D7C1B454CD475AD2C12C2375AA6908FB9A3A7226F0901961EB49145EAAD689"}
MODULES D:\DLSSNR-Lab\hip-backend\prefix-post-arith-20260930\flat-A C32=301D3E169F28C7F66EBD7BDFADD572C7F6CF33740C8E7C7AA7E57556578A2F28 C64=E46EA20F4EDE6E91B4A388FADB1EB7FA9CCDAD985002AFDAFD4DD24CBD2C27E4
{"tag":"time-1080-0","mean_ms":10.613351250000003,"sha":"52947438109AA3E5A58DEB4DDC28045C175C51A6473775A1C102008CE7810D2B"}
MODULES D:\DLSSNR-Lab\hip-backend\prefix-post-arith-20260930\flat-T C32=A95D5BA1FDFAF02C3AB3201FFABB4FBD9A885E5EC7DD1E345DFD59FBA444A690 C64=E46EA20F4EDE6E91B4A388FADB1EB7FA9CCDAD985002AFDAFD4DD24CBD2C27E4
{"tag":"time-1080-1","mean_ms":10.540482499999996,"sha":"52947438109AA3E5A58DEB4DDC28045C175C51A6473775A1C102008CE7810D2B"}
MODULES D:\DLSSNR-Lab\hip-backend\prefix-post-arith-20260930\flat-T C32=A95D5BA1FDFAF02C3AB3201FFABB4FBD9A885E5EC7DD1E345DFD59FBA444A690 C64=E46EA20F4EDE6E91B4A388FADB1EB7FA9CCDAD985002AFDAFD4DD24CBD2C27E4
{"tag":"time-1080-2","mean_ms":10.547083749999995,"sha":"52947438109AA3E5A58DEB4DDC28045C175C51A6473775A1C102008CE7810D2B"}
MODULES D:\DLSSNR-Lab\hip-backend\prefix-post-arith-20260930\flat-A C32=301D3E169F28C7F66EBD7BDFADD572C7F6CF33740C8E7C7AA7E57556578A2F28 C64=E46EA20F4EDE6E91B4A388FADB1EB7FA9CCDAD985002AFDAFD4DD24CBD2C27E4
{"tag":"time-1080-3","mean_ms":10.6178625,"sha":"52947438109AA3E5A58DEB4DDC28045C175C51A6473775A1C102008CE7810D2B"}
MODULES D:\DLSSNR-Lab\hip-backend\prefix-post-arith-20260930\flat-A C32=301D3E169F28C7F66EBD7BDFADD572C7F6CF33740C8E7C7AA7E57556578A2F28 C64=E46EA20F4EDE6E91B4A388FADB1EB7FA9CCDAD985002AFDAFD4DD24CBD2C27E4
{"tag":"time-900-0","mean_ms":7.76826124999999,"sha":"54D7C1B454CD475AD2C12C2375AA6908FB9A3A7226F0901961EB49145EAAD689"}
MODULES D:\DLSSNR-Lab\hip-backend\prefix-post-arith-20260930\flat-T C32=A95D5BA1FDFAF02C3AB3201FFABB4FBD9A885E5EC7DD1E345DFD59FBA444A690 C64=E46EA20F4EDE6E91B4A388FADB1EB7FA9CCDAD985002AFDAFD4DD24CBD2C27E4
{"tag":"time-900-1","mean_ms":7.7321287500000029,"sha":"54D7C1B454CD475AD2C12C2375AA6908FB9A3A7226F0901961EB49145EAAD689"}
MODULES D:\DLSSNR-Lab\hip-backend\prefix-post-arith-20260930\flat-T C32=A95D5BA1FDFAF02C3AB3201FFABB4FBD9A885E5EC7DD1E345DFD59FBA444A690 C64=E46EA20F4EDE6E91B4A388FADB1EB7FA9CCDAD985002AFDAFD4DD24CBD2C27E4
{"tag":"time-900-2","mean_ms":7.7150987500000028,"sha":"54D7C1B454CD475AD2C12C2375AA6908FB9A3A7226F0901961EB49145EAAD689"}
MODULES D:\DLSSNR-Lab\hip-backend\prefix-post-arith-20260930\flat-A C32=301D3E169F28C7F66EBD7BDFADD572C7F6CF33740C8E7C7AA7E57556578A2F28 C64=E46EA20F4EDE6E91B4A388FADB1EB7FA9CCDAD985002AFDAFD4DD24CBD2C27E4
{"tag":"time-900-3","mean_ms":7.7589462499999975,"sha":"54D7C1B454CD475AD2C12C2375AA6908FB9A3A7226F0901961EB49145EAAD689"}
MODULES D:\DLSSNR-Lab\hip-backend\prefix-post-arith-20260930\flat-A C32=301D3E169F28C7F66EBD7BDFADD572C7F6CF33740C8E7C7AA7E57556578A2F28 C64=E46EA20F4EDE6E91B4A388FADB1EB7FA9CCDAD985002AFDAFD4DD24CBD2C27E4
{"tag":"time-1080-0","mean_ms":10.623196250000003,"sha":"52947438109AA3E5A58DEB4DDC28045C175C51A6473775A1C102008CE7810D2B"}
MODULES D:\DLSSNR-Lab\hip-backend\prefix-post-arith-20260930\flat-T C32=A95D5BA1FDFAF02C3AB3201FFABB4FBD9A885E5EC7DD1E345DFD59FBA444A690 C64=E46EA20F4EDE6E91B4A388FADB1EB7FA9CCDAD985002AFDAFD4DD24CBD2C27E4
{"tag":"time-1080-1","mean_ms":10.55370625,"sha":"52947438109AA3E5A58DEB4DDC28045C175C51A6473775A1C102008CE7810D2B"}
MODULES D:\DLSSNR-Lab\hip-backend\prefix-post-arith-20260930\flat-T C32=A95D5BA1FDFAF02C3AB3201FFABB4FBD9A885E5EC7DD1E345DFD59FBA444A690 C64=E46EA20F4EDE6E91B4A388FADB1EB7FA9CCDAD985002AFDAFD4DD24CBD2C27E4
{"tag":"time-1080-2","mean_ms":10.55548875,"sha":"52947438109AA3E5A58DEB4DDC28045C175C51A6473775A1C102008CE7810D2B"}
MODULES D:\DLSSNR-Lab\hip-backend\prefix-post-arith-20260930\flat-A C32=301D3E169F28C7F66EBD7BDFADD572C7F6CF33740C8E7C7AA7E57556578A2F28 C64=E46EA20F4EDE6E91B4A388FADB1EB7FA9CCDAD985002AFDAFD4DD24CBD2C27E4
{"tag":"time-1080-3","mean_ms":10.63387125,"sha":"52947438109AA3E5A58DEB4DDC28045C175C51A6473775A1C102008CE7810D2B"}
FULL_DONE T P
