seed=1 pattern=0
input format=RGBA16_FLOAT W=2560 H=1440 invalid=0 min=0 max=1 luma=0.357899353 roi_luma=0.389746571
adapter=AMD Radeon RX 9070 XT
NET frame=0 gpu_ms=1209.491455
GEOMETRY valid=2560x1440 processing=2560x1472 tokens=960
frame=0 reset=1 wall_ms=1215.140 invalid=0 luma=0.3596833 roi=0.4035345 dark=1325 roi_dark=232 changed_first=0 maxabs_first=0
NET frame=1 gpu_ms=19.826799
NET frame=2 gpu_ms=17.719900
NET frame=3 gpu_ms=17.513500
NET frame=4 gpu_ms=17.442301
NET frame=5 gpu_ms=17.449301
NET frame=6 gpu_ms=17.277399
NET frame=7 gpu_ms=17.435801
NET frame=8 gpu_ms=17.357201
NET frame=9 gpu_ms=17.325300
NET frame=10 gpu_ms=17.448700
NET frame=11 gpu_ms=17.346500
NET frame=12 gpu_ms=17.419701
NET frame=13 gpu_ms=17.883301
NET frame=14 gpu_ms=17.661800
NET frame=15 gpu_ms=17.675600
NET frame=16 gpu_ms=17.672400
NET frame=17 gpu_ms=17.787060
NET frame=18 gpu_ms=17.696600
NET frame=19 gpu_ms=17.757000
NET frame=20 gpu_ms=17.689100
NET frame=21 gpu_ms=17.598900
NET frame=22 gpu_ms=17.723600
NET frame=23 gpu_ms=17.810499
NET frame=24 gpu_ms=17.718901
NET frame=25 gpu_ms=17.761499
NET frame=26 gpu_ms=17.622499
NET frame=27 gpu_ms=17.608200
NET frame=28 gpu_ms=17.728100
NET frame=29 gpu_ms=17.722000
NET frame=30 gpu_ms=17.758499
NET frame=31 gpu_ms=17.734200
NET frame=32 gpu_ms=17.647400
NET frame=33 gpu_ms=17.733500
NET frame=34 gpu_ms=17.796900
NET frame=35 gpu_ms=17.811501
NET frame=36 gpu_ms=17.802299
NET frame=37 gpu_ms=17.805099
NET frame=38 gpu_ms=17.808800
NET frame=39 gpu_ms=17.854700
NET frame=40 gpu_ms=17.739700
NET frame=41 gpu_ms=17.750700
NET frame=42 gpu_ms=18.115900
NET frame=43 gpu_ms=17.827101
NET frame=44 gpu_ms=17.860001
NET frame=45 gpu_ms=17.736799
NET frame=46 gpu_ms=17.802000
NET frame=47 gpu_ms=17.738400
NET frame=48 gpu_ms=17.905100
NET frame=49 gpu_ms=17.753700
NET frame=50 gpu_ms=17.771160
NET frame=51 gpu_ms=17.775499
NET frame=52 gpu_ms=18.041100
NET frame=53 gpu_ms=17.835199
NET frame=54 gpu_ms=17.767300
NET frame=55 gpu_ms=17.917681
NET frame=56 gpu_ms=17.740101
NET frame=57 gpu_ms=17.711180
NET frame=58 gpu_ms=17.838200
NET frame=59 gpu_ms=17.747499
NET frame=60 gpu_ms=17.862499
NET frame=61 gpu_ms=17.950199
NET frame=62 gpu_ms=17.794701
NET frame=63 gpu_ms=17.690741
NET frame=64 gpu_ms=17.765120
NET frame=65 gpu_ms=17.856600
NET frame=66 gpu_ms=17.691580
NET frame=67 gpu_ms=17.922199
NET frame=68 gpu_ms=17.849899
NET frame=69 gpu_ms=17.809200
NET frame=70 gpu_ms=17.712200
NET frame=71 gpu_ms=17.749001
frame=71 reset=1 wall_ms=19.269 invalid=0 luma=0.3596833 roi=0.4035345 dark=1325 roi_dark=232 changed_first=0 maxabs_first=0
SP_STATS runs=0 fallback=0 rollover=0 jobs=0 disabled=0 errors=0
RESULT frames=72 temporal=0 mean_wall_ms=35.860 invalid_total=0 restored_capture_every_frame=1 HDR_preserved=1
