seed=0 pattern=0
input format=RGBA16_FLOAT W=1296 H=720 invalid=0 min=0 max=34.53125 luma=0.0157641119 roi_luma=0.0250669576
adapter=AMD Radeon RX 9070 XT
SP_PLAN c=256 first=16 layers=6 tasks=624 initial=104 state_bytes=7504
SP_DONE c=256 first=16 tasks=624 base=0 ms=1.840
SP_PLAN c=256 first=49 layers=6 tasks=624 initial=104 state_bytes=7504
SP_DONE c=256 first=49 tasks=624 base=0 ms=0.884
SP_PLAN c=64 first=63 layers=2 tasks=3111 initial=1581 state_bytes=37348
SP_DONE c=64 first=63 tasks=3111 base=0 ms=0.624
frame=0 reset=1 wall_ms=1416.313 invalid=0 luma=0.01004178 roi=0.01568267 dark=842326 roi_dark=274409 changed_first=0 maxabs_first=0
SP_DONE c=256 first=16 tasks=624 base=624 ms=6.900
SP_DONE c=256 first=49 tasks=624 base=624 ms=1.346
SP_DONE c=64 first=63 tasks=3111 base=3111 ms=1.160
frame=1 reset=0 wall_ms=22.433 invalid=0 luma=0.01069183 roi=0.01666229 dark=836150 roi_dark=270498 changed_first=3672493 maxabs_first=15.56113
SP_DONE c=256 first=16 tasks=624 base=1248 ms=3.902
SP_DONE c=256 first=49 tasks=624 base=1248 ms=1.315
SP_DONE c=64 first=63 tasks=3111 base=6222 ms=1.227
frame=2 reset=0 wall_ms=15.263 invalid=0 luma=0.0110267 roi=0.01714769 dark=833545 roi_dark=269189 changed_first=3711189 maxabs_first=15.57192
SP_DONE c=256 first=16 tasks=624 base=1872 ms=5.130
SP_DONE c=256 first=49 tasks=624 base=1872 ms=1.366
SP_DONE c=64 first=63 tasks=3111 base=9333 ms=1.227
frame=3 reset=0 wall_ms=14.087 invalid=0 luma=0.01124946 roi=0.01750652 dark=831704 roi_dark=268125 changed_first=3724533 maxabs_first=15.57576
SP_DONE c=256 first=16 tasks=624 base=2496 ms=3.798
SP_DONE c=256 first=49 tasks=624 base=2496 ms=1.342
SP_DONE c=64 first=63 tasks=3111 base=12444 ms=1.270
frame=4 reset=0 wall_ms=14.513 invalid=0 luma=0.01144009 roi=0.01786219 dark=830225 roi_dark=267321 changed_first=3727583 maxabs_first=15.57611
SP_DONE c=256 first=16 tasks=624 base=3120 ms=3.719
SP_DONE c=256 first=49 tasks=624 base=3120 ms=1.390
SP_DONE c=64 first=63 tasks=3111 base=15555 ms=1.311
frame=5 reset=0 wall_ms=14.803 invalid=0 luma=0.01157156 roi=0.01806322 dark=829227 roi_dark=266713 changed_first=3729422 maxabs_first=15.57658
SP_DONE c=256 first=16 tasks=624 base=3744 ms=5.237
SP_DONE c=256 first=49 tasks=624 base=3744 ms=1.284
SP_DONE c=64 first=63 tasks=3111 base=18666 ms=1.205
frame=6 reset=0 wall_ms=16.268 invalid=0 luma=0.01172489 roi=0.01833849 dark=828273 roi_dark=266112 changed_first=3730220 maxabs_first=15.577
SP_DONE c=256 first=16 tasks=624 base=4368 ms=3.843
SP_DONE c=256 first=49 tasks=624 base=4368 ms=1.332
SP_DONE c=64 first=63 tasks=3111 base=21777 ms=1.193
frame=7 reset=0 wall_ms=14.359 invalid=0 luma=0.01152952 roi=0.0181503 dark=829556 roi_dark=266467 changed_first=3730402 maxabs_first=15.57514
SP_DONE c=256 first=16 tasks=624 base=4992 ms=3.833
SP_DONE c=256 first=49 tasks=624 base=4992 ms=1.330
SP_DONE c=64 first=63 tasks=3111 base=24888 ms=1.223
frame=8 reset=0 wall_ms=14.440 invalid=0 luma=0.01160356 roi=0.01834181 dark=829003 roi_dark=266028 changed_first=3730694 maxabs_first=15.57446
SP_DONE c=256 first=16 tasks=624 base=5616 ms=11.025
SP_DONE c=256 first=49 tasks=624 base=5616 ms=1.294
SP_DONE c=64 first=63 tasks=3111 base=27999 ms=1.260
frame=9 reset=0 wall_ms=26.895 invalid=0 luma=0.01147787 roi=0.01817924 dark=829571 roi_dark=266273 changed_first=3730927 maxabs_first=15.57565
SP_DONE c=256 first=16 tasks=624 base=6240 ms=3.896
SP_DONE c=256 first=49 tasks=624 base=6240 ms=1.335
SP_DONE c=64 first=63 tasks=3111 base=31110 ms=1.290
frame=10 reset=0 wall_ms=13.830 invalid=0 luma=0.01153603 roi=0.01835384 dark=829204 roi_dark=266268 changed_first=3730896 maxabs_first=15.57721
SP_DONE c=256 first=16 tasks=624 base=6864 ms=3.817
SP_DONE c=256 first=49 tasks=624 base=6864 ms=1.372
SP_DONE c=64 first=63 tasks=3111 base=34221 ms=1.258
frame=11 reset=0 wall_ms=14.255 invalid=0 luma=0.01160197 roi=0.01854111 dark=828520 roi_dark=265790 changed_first=3731113 maxabs_first=15.57678
SP_STATS runs=36 fallback=0 rollover=0 jobs=52308 disabled=0 errors=0
RESULT frames=12 temporal=1 mean_wall_ms=133.122 invalid_total=0 restored_capture_every_frame=1 HDR_preserved=1
