MODULES D:\DLSSNR-Lab\native-1440-optimization-20261004\flat-A C32=D3FC3B577F9D2F274C979AEF46D077AF1DB0C3F459FC797B9B70826DB1A6D328 C64=EB4A486EA073D2057EB4989F2E9952221069B6262050F777243DC7FEB9E84335
{"tag":"900-static-False","mean_ms":11.332454545454544,"sha":"D936137C46D43AE7FC94B288218680316771E4E052E5212715A250EC30E57A30"}
MODULES D:\DLSSNR-Lab\native-1440-optimization-20261004\flat-C C32=D3FC3B577F9D2F274C979AEF46D077AF1DB0C3F459FC797B9B70826DB1A6D328 C64=EB4A486EA073D2057EB4989F2E9952221069B6262050F777243DC7FEB9E84335
{"tag":"900-static-True","mean_ms":13.295636363636364,"sha":"D936137C46D43AE7FC94B288218680316771E4E052E5212715A250EC30E57A30"}
SAME 900-static-False 900-static-True
MODULES D:\DLSSNR-Lab\native-1440-optimization-20261004\flat-A C32=D3FC3B577F9D2F274C979AEF46D077AF1DB0C3F459FC797B9B70826DB1A6D328 C64=EB4A486EA073D2057EB4989F2E9952221069B6262050F777243DC7FEB9E84335
{"tag":"900-motion-False","mean_ms":13.965909090909093,"sha":"E2A3A1E953057EB5A1B3FD9AE01D92ACFE166F4E21754554A3F7E67694AB25C1"}
MODULES D:\DLSSNR-Lab\native-1440-optimization-20261004\flat-C C32=D3FC3B577F9D2F274C979AEF46D077AF1DB0C3F459FC797B9B70826DB1A6D328 C64=EB4A486EA073D2057EB4989F2E9952221069B6262050F777243DC7FEB9E84335
{"tag":"900-motion-True","mean_ms":10.346636363636362,"sha":"E2A3A1E953057EB5A1B3FD9AE01D92ACFE166F4E21754554A3F7E67694AB25C1"}
SAME 900-motion-False 900-motion-True
MODULES D:\DLSSNR-Lab\native-1440-optimization-20261004\flat-A C32=D3FC3B577F9D2F274C979AEF46D077AF1DB0C3F459FC797B9B70826DB1A6D328 C64=EB4A486EA073D2057EB4989F2E9952221069B6262050F777243DC7FEB9E84335
{"tag":"1080-static-False","mean_ms":12.839909090909089,"sha":"FDBAE1D5CD6F06FDEC6BBE9CD8DE30190C2F6F5873A582A994B8F50DE120FE77"}
MODULES D:\DLSSNR-Lab\native-1440-optimization-20261004\flat-C C32=D3FC3B577F9D2F274C979AEF46D077AF1DB0C3F459FC797B9B70826DB1A6D328 C64=EB4A486EA073D2057EB4989F2E9952221069B6262050F777243DC7FEB9E84335
{"tag":"1080-static-True","mean_ms":13.498454545454546,"sha":"FDBAE1D5CD6F06FDEC6BBE9CD8DE30190C2F6F5873A582A994B8F50DE120FE77"}
SAME 1080-static-False 1080-static-True
MODULES D:\DLSSNR-Lab\native-1440-optimization-20261004\flat-A C32=D3FC3B577F9D2F274C979AEF46D077AF1DB0C3F459FC797B9B70826DB1A6D328 C64=EB4A486EA073D2057EB4989F2E9952221069B6262050F777243DC7FEB9E84335
{"tag":"1080-motion-False","mean_ms":15.13518181818182,"sha":"FCBDE8035C3DE760280E56B66361C257087565D868E0AD3749914273A04DA9A4"}
MODULES D:\DLSSNR-Lab\native-1440-optimization-20261004\flat-C C32=D3FC3B577F9D2F274C979AEF46D077AF1DB0C3F459FC797B9B70826DB1A6D328 C64=EB4A486EA073D2057EB4989F2E9952221069B6262050F777243DC7FEB9E84335
{"tag":"1080-motion-True","mean_ms":14.180181818181818,"sha":"FCBDE8035C3DE760280E56B66361C257087565D868E0AD3749914273A04DA9A4"}
SAME 1080-motion-False 1080-motion-True
MODULES D:\DLSSNR-Lab\native-1440-optimization-20261004\flat-A C32=D3FC3B577F9D2F274C979AEF46D077AF1DB0C3F459FC797B9B70826DB1A6D328 C64=EB4A486EA073D2057EB4989F2E9952221069B6262050F777243DC7FEB9E84335
{"tag":"720-motion-False","mean_ms":10.193181818181817,"sha":"C2F64390FB8B2E7F737F9AE2F5FD1AD248A5961965328E2B8D50679C08A8C1C0"}
MODULES D:\DLSSNR-Lab\native-1440-optimization-20261004\flat-C C32=D3FC3B577F9D2F274C979AEF46D077AF1DB0C3F459FC797B9B70826DB1A6D328 C64=EB4A486EA073D2057EB4989F2E9952221069B6262050F777243DC7FEB9E84335
{"tag":"720-motion-True","mean_ms":10.741909090909088,"sha":"C2F64390FB8B2E7F737F9AE2F5FD1AD248A5961965328E2B8D50679C08A8C1C0"}
SAME 720-motion-False 720-motion-True
MODULES D:\DLSSNR-Lab\native-1440-optimization-20261004\flat-A C32=D3FC3B577F9D2F274C979AEF46D077AF1DB0C3F459FC797B9B70826DB1A6D328 C64=EB4A486EA073D2057EB4989F2E9952221069B6262050F777243DC7FEB9E84335
{"tag":"900-history-False","mean_ms":18.92881818181818,"sha":"396AE607DD55B49C48ADD56C38660F9814E220B6C0CC3746B65998D00929452D"}
MODULES D:\DLSSNR-Lab\native-1440-optimization-20261004\flat-C C32=D3FC3B577F9D2F274C979AEF46D077AF1DB0C3F459FC797B9B70826DB1A6D328 C64=EB4A486EA073D2057EB4989F2E9952221069B6262050F777243DC7FEB9E84335
{"tag":"900-history-True","mean_ms":13.125,"sha":"396AE607DD55B49C48ADD56C38660F9814E220B6C0CC3746B65998D00929452D"}
SAME 900-history-False 900-history-True
MODULES D:\DLSSNR-Lab\native-1440-optimization-20261004\flat-A C32=D3FC3B577F9D2F274C979AEF46D077AF1DB0C3F459FC797B9B70826DB1A6D328 C64=EB4A486EA073D2057EB4989F2E9952221069B6262050F777243DC7FEB9E84335
{"tag":"1080-history-False","mean_ms":20.634090909090911,"sha":"764B9176C81E0ADA2A948523716ABFFFC6AE9F6C4160B7DAC4BFDC12D4FEBD49"}
MODULES D:\DLSSNR-Lab\native-1440-optimization-20261004\flat-C C32=D3FC3B577F9D2F274C979AEF46D077AF1DB0C3F459FC797B9B70826DB1A6D328 C64=EB4A486EA073D2057EB4989F2E9952221069B6262050F777243DC7FEB9E84335
{"tag":"1080-history-True","mean_ms":18.256000000000004,"sha":"764B9176C81E0ADA2A948523716ABFFFC6AE9F6C4160B7DAC4BFDC12D4FEBD49"}
SAME 1080-history-False 1080-history-True
