MODULES D:\DLSSNR-Lab\native-1440-optimization-20261004\flat-A C32=D3FC3B577F9D2F274C979AEF46D077AF1DB0C3F459FC797B9B70826DB1A6D328 C64=EB4A486EA073D2057EB4989F2E9952221069B6262050F777243DC7FEB9E84335
{"tag":"900-static-False","mean_ms":12.279909090909092,"sha":"D936137C46D43AE7FC94B288218680316771E4E052E5212715A250EC30E57A30"}
MODULES D:\DLSSNR-Lab\native-1440-optimization-20261004\flat-C C32=D3FC3B577F9D2F274C979AEF46D077AF1DB0C3F459FC797B9B70826DB1A6D328 C64=EB4A486EA073D2057EB4989F2E9952221069B6262050F777243DC7FEB9E84335
{"tag":"900-static-True","mean_ms":11.669272727272727,"sha":"D936137C46D43AE7FC94B288218680316771E4E052E5212715A250EC30E57A30"}
SAME 900-static-False 900-static-True
MODULES D:\DLSSNR-Lab\native-1440-optimization-20261004\flat-A C32=D3FC3B577F9D2F274C979AEF46D077AF1DB0C3F459FC797B9B70826DB1A6D328 C64=EB4A486EA073D2057EB4989F2E9952221069B6262050F777243DC7FEB9E84335
{"tag":"900-motion-False","mean_ms":15.840363636363639,"sha":"E2A3A1E953057EB5A1B3FD9AE01D92ACFE166F4E21754554A3F7E67694AB25C1"}
MODULES D:\DLSSNR-Lab\native-1440-optimization-20261004\flat-C C32=D3FC3B577F9D2F274C979AEF46D077AF1DB0C3F459FC797B9B70826DB1A6D328 C64=EB4A486EA073D2057EB4989F2E9952221069B6262050F777243DC7FEB9E84335
{"tag":"900-motion-True","mean_ms":13.537727272727272,"sha":"E2A3A1E953057EB5A1B3FD9AE01D92ACFE166F4E21754554A3F7E67694AB25C1"}
SAME 900-motion-False 900-motion-True
MODULES D:\DLSSNR-Lab\native-1440-optimization-20261004\flat-A C32=D3FC3B577F9D2F274C979AEF46D077AF1DB0C3F459FC797B9B70826DB1A6D328 C64=EB4A486EA073D2057EB4989F2E9952221069B6262050F777243DC7FEB9E84335
{"tag":"1080-static-False","mean_ms":13.861,"sha":"FDBAE1D5CD6F06FDEC6BBE9CD8DE30190C2F6F5873A582A994B8F50DE120FE77"}
MODULES D:\DLSSNR-Lab\native-1440-optimization-20261004\flat-C C32=D3FC3B577F9D2F274C979AEF46D077AF1DB0C3F459FC797B9B70826DB1A6D328 C64=EB4A486EA073D2057EB4989F2E9952221069B6262050F777243DC7FEB9E84335
{"tag":"1080-static-True","mean_ms":13.069636363636365,"sha":"FDBAE1D5CD6F06FDEC6BBE9CD8DE30190C2F6F5873A582A994B8F50DE120FE77"}
SAME 1080-static-False 1080-static-True
MODULES D:\DLSSNR-Lab\native-1440-optimization-20261004\flat-A C32=D3FC3B577F9D2F274C979AEF46D077AF1DB0C3F459FC797B9B70826DB1A6D328 C64=EB4A486EA073D2057EB4989F2E9952221069B6262050F777243DC7FEB9E84335
{"tag":"1080-motion-False","mean_ms":16.654545454545453,"sha":"FCBDE8035C3DE760280E56B66361C257087565D868E0AD3749914273A04DA9A4"}
MODULES D:\DLSSNR-Lab\native-1440-optimization-20261004\flat-C C32=D3FC3B577F9D2F274C979AEF46D077AF1DB0C3F459FC797B9B70826DB1A6D328 C64=EB4A486EA073D2057EB4989F2E9952221069B6262050F777243DC7FEB9E84335
{"tag":"1080-motion-True","mean_ms":14.946272727272726,"sha":"FCBDE8035C3DE760280E56B66361C257087565D868E0AD3749914273A04DA9A4"}
SAME 1080-motion-False 1080-motion-True
MODULES D:\DLSSNR-Lab\native-1440-optimization-20261004\flat-A C32=D3FC3B577F9D2F274C979AEF46D077AF1DB0C3F459FC797B9B70826DB1A6D328 C64=EB4A486EA073D2057EB4989F2E9952221069B6262050F777243DC7FEB9E84335
{"tag":"720-motion-False","mean_ms":8.5778181818181825,"sha":"C2F64390FB8B2E7F737F9AE2F5FD1AD248A5961965328E2B8D50679C08A8C1C0"}
MODULES D:\DLSSNR-Lab\native-1440-optimization-20261004\flat-C C32=D3FC3B577F9D2F274C979AEF46D077AF1DB0C3F459FC797B9B70826DB1A6D328 C64=EB4A486EA073D2057EB4989F2E9952221069B6262050F777243DC7FEB9E84335
{"tag":"720-motion-True","mean_ms":13.057636363636362,"sha":"C2F64390FB8B2E7F737F9AE2F5FD1AD248A5961965328E2B8D50679C08A8C1C0"}
