MODULES D:\DLSSNR-Lab\hip-backend\swin-small-20260929\flat-A C32=D5CCA49957B8B3DB4BACC4A821FD4F754EDBA0FCADADA79DB3BB4CDBD9904CB7 C64=C8A88D27BE37A1A1C69282B07C55D22E5B5025DBF9978C8AC76F65AD118A5FD5
{"tag":"time-900-0","mean_ms":8.2278212499999981,"sha":"54D7C1B454CD475AD2C12C2375AA6908FB9A3A7226F0901961EB49145EAAD689"}
MODULES D:\DLSSNR-Lab\hip-backend\swin-small-20260929\flat-P C32=D5CCA49957B8B3DB4BACC4A821FD4F754EDBA0FCADADA79DB3BB4CDBD9904CB7 C64=C8A88D27BE37A1A1C69282B07C55D22E5B5025DBF9978C8AC76F65AD118A5FD5
{"tag":"time-900-1","mean_ms":8.2625850000000032,"sha":"54D7C1B454CD475AD2C12C2375AA6908FB9A3A7226F0901961EB49145EAAD689"}
MODULES D:\DLSSNR-Lab\hip-backend\swin-small-20260929\flat-P C32=D5CCA49957B8B3DB4BACC4A821FD4F754EDBA0FCADADA79DB3BB4CDBD9904CB7 C64=C8A88D27BE37A1A1C69282B07C55D22E5B5025DBF9978C8AC76F65AD118A5FD5
{"tag":"time-900-2","mean_ms":8.2621525000000027,"sha":"54D7C1B454CD475AD2C12C2375AA6908FB9A3A7226F0901961EB49145EAAD689"}
MODULES D:\DLSSNR-Lab\hip-backend\swin-small-20260929\flat-A C32=D5CCA49957B8B3DB4BACC4A821FD4F754EDBA0FCADADA79DB3BB4CDBD9904CB7 C64=C8A88D27BE37A1A1C69282B07C55D22E5B5025DBF9978C8AC76F65AD118A5FD5
{"tag":"time-900-3","mean_ms":8.2371024999999936,"sha":"54D7C1B454CD475AD2C12C2375AA6908FB9A3A7226F0901961EB49145EAAD689"}
MODULES D:\DLSSNR-Lab\hip-backend\swin-small-20260929\flat-A C32=D5CCA49957B8B3DB4BACC4A821FD4F754EDBA0FCADADA79DB3BB4CDBD9904CB7 C64=C8A88D27BE37A1A1C69282B07C55D22E5B5025DBF9978C8AC76F65AD118A5FD5
{"tag":"time-1080-0","mean_ms":11.138316249999994,"sha":"52947438109AA3E5A58DEB4DDC28045C175C51A6473775A1C102008CE7810D2B"}
MODULES D:\DLSSNR-Lab\hip-backend\swin-small-20260929\flat-P C32=D5CCA49957B8B3DB4BACC4A821FD4F754EDBA0FCADADA79DB3BB4CDBD9904CB7 C64=C8A88D27BE37A1A1C69282B07C55D22E5B5025DBF9978C8AC76F65AD118A5FD5
{"tag":"time-1080-1","mean_ms":11.126328750000004,"sha":"52947438109AA3E5A58DEB4DDC28045C175C51A6473775A1C102008CE7810D2B"}
MODULES D:\DLSSNR-Lab\hip-backend\swin-small-20260929\flat-P C32=D5CCA49957B8B3DB4BACC4A821FD4F754EDBA0FCADADA79DB3BB4CDBD9904CB7 C64=C8A88D27BE37A1A1C69282B07C55D22E5B5025DBF9978C8AC76F65AD118A5FD5
{"tag":"time-1080-2","mean_ms":11.132286250000009,"sha":"52947438109AA3E5A58DEB4DDC28045C175C51A6473775A1C102008CE7810D2B"}
MODULES D:\DLSSNR-Lab\hip-backend\swin-small-20260929\flat-A C32=D5CCA49957B8B3DB4BACC4A821FD4F754EDBA0FCADADA79DB3BB4CDBD9904CB7 C64=C8A88D27BE37A1A1C69282B07C55D22E5B5025DBF9978C8AC76F65AD118A5FD5
{"tag":"time-1080-3","mean_ms":11.142616249999989,"sha":"52947438109AA3E5A58DEB4DDC28045C175C51A6473775A1C102008CE7810D2B"}
MODULES D:\DLSSNR-Lab\hip-backend\swin-small-20260929\flat-A C32=D5CCA49957B8B3DB4BACC4A821FD4F754EDBA0FCADADA79DB3BB4CDBD9904CB7 C64=C8A88D27BE37A1A1C69282B07C55D22E5B5025DBF9978C8AC76F65AD118A5FD5
{"tag":"time-900-0","mean_ms":8.2511449999999975,"sha":"54D7C1B454CD475AD2C12C2375AA6908FB9A3A7226F0901961EB49145EAAD689"}
MODULES D:\DLSSNR-Lab\hip-backend\swin-small-20260929\flat-P C32=D5CCA49957B8B3DB4BACC4A821FD4F754EDBA0FCADADA79DB3BB4CDBD9904CB7 C64=C8A88D27BE37A1A1C69282B07C55D22E5B5025DBF9978C8AC76F65AD118A5FD5
{"tag":"time-900-1","mean_ms":8.2544612499999985,"sha":"54D7C1B454CD475AD2C12C2375AA6908FB9A3A7226F0901961EB49145EAAD689"}
MODULES D:\DLSSNR-Lab\hip-backend\swin-small-20260929\flat-P C32=D5CCA49957B8B3DB4BACC4A821FD4F754EDBA0FCADADA79DB3BB4CDBD9904CB7 C64=C8A88D27BE37A1A1C69282B07C55D22E5B5025DBF9978C8AC76F65AD118A5FD5
{"tag":"time-900-2","mean_ms":8.2530699999999868,"sha":"54D7C1B454CD475AD2C12C2375AA6908FB9A3A7226F0901961EB49145EAAD689"}
MODULES D:\DLSSNR-Lab\hip-backend\swin-small-20260929\flat-A C32=D5CCA49957B8B3DB4BACC4A821FD4F754EDBA0FCADADA79DB3BB4CDBD9904CB7 C64=C8A88D27BE37A1A1C69282B07C55D22E5B5025DBF9978C8AC76F65AD118A5FD5
{"tag":"time-900-3","mean_ms":8.2523224999999858,"sha":"54D7C1B454CD475AD2C12C2375AA6908FB9A3A7226F0901961EB49145EAAD689"}
MODULES D:\DLSSNR-Lab\hip-backend\swin-small-20260929\flat-A C32=D5CCA49957B8B3DB4BACC4A821FD4F754EDBA0FCADADA79DB3BB4CDBD9904CB7 C64=C8A88D27BE37A1A1C69282B07C55D22E5B5025DBF9978C8AC76F65AD118A5FD5
{"tag":"time-1080-0","mean_ms":11.138941249999991,"sha":"52947438109AA3E5A58DEB4DDC28045C175C51A6473775A1C102008CE7810D2B"}
MODULES D:\DLSSNR-Lab\hip-backend\swin-small-20260929\flat-P C32=D5CCA49957B8B3DB4BACC4A821FD4F754EDBA0FCADADA79DB3BB4CDBD9904CB7 C64=C8A88D27BE37A1A1C69282B07C55D22E5B5025DBF9978C8AC76F65AD118A5FD5
{"tag":"time-1080-1","mean_ms":11.140492500000018,"sha":"52947438109AA3E5A58DEB4DDC28045C175C51A6473775A1C102008CE7810D2B"}
MODULES D:\DLSSNR-Lab\hip-backend\swin-small-20260929\flat-P C32=D5CCA49957B8B3DB4BACC4A821FD4F754EDBA0FCADADA79DB3BB4CDBD9904CB7 C64=C8A88D27BE37A1A1C69282B07C55D22E5B5025DBF9978C8AC76F65AD118A5FD5
{"tag":"time-1080-2","mean_ms":11.146946250000008,"sha":"52947438109AA3E5A58DEB4DDC28045C175C51A6473775A1C102008CE7810D2B"}
MODULES D:\DLSSNR-Lab\hip-backend\swin-small-20260929\flat-A C32=D5CCA49957B8B3DB4BACC4A821FD4F754EDBA0FCADADA79DB3BB4CDBD9904CB7 C64=C8A88D27BE37A1A1C69282B07C55D22E5B5025DBF9978C8AC76F65AD118A5FD5
{"tag":"time-1080-3","mean_ms":11.147327500000006,"sha":"52947438109AA3E5A58DEB4DDC28045C175C51A6473775A1C102008CE7810D2B"}
MODULES D:\DLSSNR-Lab\hip-backend\swin-small-20260929\flat-A C32=D5CCA49957B8B3DB4BACC4A821FD4F754EDBA0FCADADA79DB3BB4CDBD9904CB7 C64=C8A88D27BE37A1A1C69282B07C55D22E5B5025DBF9978C8AC76F65AD118A5FD5
{"tag":"time-900-0","mean_ms":8.2701950000000046,"sha":"54D7C1B454CD475AD2C12C2375AA6908FB9A3A7226F0901961EB49145EAAD689"}
MODULES D:\DLSSNR-Lab\hip-backend\swin-small-20260929\flat-P C32=D5CCA49957B8B3DB4BACC4A821FD4F754EDBA0FCADADA79DB3BB4CDBD9904CB7 C64=C8A88D27BE37A1A1C69282B07C55D22E5B5025DBF9978C8AC76F65AD118A5FD5
{"tag":"time-900-1","mean_ms":8.2921175000000016,"sha":"54D7C1B454CD475AD2C12C2375AA6908FB9A3A7226F0901961EB49145EAAD689"}
MODULES D:\DLSSNR-Lab\hip-backend\swin-small-20260929\flat-P C32=D5CCA49957B8B3DB4BACC4A821FD4F754EDBA0FCADADA79DB3BB4CDBD9904CB7 C64=C8A88D27BE37A1A1C69282B07C55D22E5B5025DBF9978C8AC76F65AD118A5FD5
{"tag":"time-900-2","mean_ms":8.2880812500000012,"sha":"54D7C1B454CD475AD2C12C2375AA6908FB9A3A7226F0901961EB49145EAAD689"}
MODULES D:\DLSSNR-Lab\hip-backend\swin-small-20260929\flat-A C32=D5CCA49957B8B3DB4BACC4A821FD4F754EDBA0FCADADA79DB3BB4CDBD9904CB7 C64=C8A88D27BE37A1A1C69282B07C55D22E5B5025DBF9978C8AC76F65AD118A5FD5
{"tag":"time-900-3","mean_ms":8.2515687500000059,"sha":"54D7C1B454CD475AD2C12C2375AA6908FB9A3A7226F0901961EB49145EAAD689"}
MODULES D:\DLSSNR-Lab\hip-backend\swin-small-20260929\flat-A C32=D5CCA49957B8B3DB4BACC4A821FD4F754EDBA0FCADADA79DB3BB4CDBD9904CB7 C64=C8A88D27BE37A1A1C69282B07C55D22E5B5025DBF9978C8AC76F65AD118A5FD5
{"tag":"time-1080-0","mean_ms":11.150912499999995,"sha":"52947438109AA3E5A58DEB4DDC28045C175C51A6473775A1C102008CE7810D2B"}
MODULES D:\DLSSNR-Lab\hip-backend\swin-small-20260929\flat-P C32=D5CCA49957B8B3DB4BACC4A821FD4F754EDBA0FCADADA79DB3BB4CDBD9904CB7 C64=C8A88D27BE37A1A1C69282B07C55D22E5B5025DBF9978C8AC76F65AD118A5FD5
{"tag":"time-1080-1","mean_ms":11.131405000000019,"sha":"52947438109AA3E5A58DEB4DDC28045C175C51A6473775A1C102008CE7810D2B"}
MODULES D:\DLSSNR-Lab\hip-backend\swin-small-20260929\flat-P C32=D5CCA49957B8B3DB4BACC4A821FD4F754EDBA0FCADADA79DB3BB4CDBD9904CB7 C64=C8A88D27BE37A1A1C69282B07C55D22E5B5025DBF9978C8AC76F65AD118A5FD5
{"tag":"time-1080-2","mean_ms":11.139957499999991,"sha":"52947438109AA3E5A58DEB4DDC28045C175C51A6473775A1C102008CE7810D2B"}
MODULES D:\DLSSNR-Lab\hip-backend\swin-small-20260929\flat-A C32=D5CCA49957B8B3DB4BACC4A821FD4F754EDBA0FCADADA79DB3BB4CDBD9904CB7 C64=C8A88D27BE37A1A1C69282B07C55D22E5B5025DBF9978C8AC76F65AD118A5FD5
{"tag":"time-1080-3","mean_ms":11.146011250000006,"sha":"52947438109AA3E5A58DEB4DDC28045C175C51A6473775A1C102008CE7810D2B"}
MODULES D:\DLSSNR-Lab\hip-backend\swin-small-20260929\flat-A C32=D5CCA49957B8B3DB4BACC4A821FD4F754EDBA0FCADADA79DB3BB4CDBD9904CB7 C64=C8A88D27BE37A1A1C69282B07C55D22E5B5025DBF9978C8AC76F65AD118A5FD5
{"tag":"time-900-0","mean_ms":8.2600062500000053,"sha":"54D7C1B454CD475AD2C12C2375AA6908FB9A3A7226F0901961EB49145EAAD689"}
MODULES D:\DLSSNR-Lab\hip-backend\swin-small-20260929\flat-P C32=D5CCA49957B8B3DB4BACC4A821FD4F754EDBA0FCADADA79DB3BB4CDBD9904CB7 C64=C8A88D27BE37A1A1C69282B07C55D22E5B5025DBF9978C8AC76F65AD118A5FD5
{"tag":"time-900-1","mean_ms":8.2740375000000128,"sha":"54D7C1B454CD475AD2C12C2375AA6908FB9A3A7226F0901961EB49145EAAD689"}
MODULES D:\DLSSNR-Lab\hip-backend\swin-small-20260929\flat-P C32=D5CCA49957B8B3DB4BACC4A821FD4F754EDBA0FCADADA79DB3BB4CDBD9904CB7 C64=C8A88D27BE37A1A1C69282B07C55D22E5B5025DBF9978C8AC76F65AD118A5FD5
{"tag":"time-900-2","mean_ms":8.29326625,"sha":"54D7C1B454CD475AD2C12C2375AA6908FB9A3A7226F0901961EB49145EAAD689"}
MODULES D:\DLSSNR-Lab\hip-backend\swin-small-20260929\flat-A C32=D5CCA49957B8B3DB4BACC4A821FD4F754EDBA0FCADADA79DB3BB4CDBD9904CB7 C64=C8A88D27BE37A1A1C69282B07C55D22E5B5025DBF9978C8AC76F65AD118A5FD5
{"tag":"time-900-3","mean_ms":8.25848999999999,"sha":"54D7C1B454CD475AD2C12C2375AA6908FB9A3A7226F0901961EB49145EAAD689"}
MODULES D:\DLSSNR-Lab\hip-backend\swin-small-20260929\flat-A C32=D5CCA49957B8B3DB4BACC4A821FD4F754EDBA0FCADADA79DB3BB4CDBD9904CB7 C64=C8A88D27BE37A1A1C69282B07C55D22E5B5025DBF9978C8AC76F65AD118A5FD5
{"tag":"time-1080-0","mean_ms":11.141989999999991,"sha":"52947438109AA3E5A58DEB4DDC28045C175C51A6473775A1C102008CE7810D2B"}
MODULES D:\DLSSNR-Lab\hip-backend\swin-small-20260929\flat-P C32=D5CCA49957B8B3DB4BACC4A821FD4F754EDBA0FCADADA79DB3BB4CDBD9904CB7 C64=C8A88D27BE37A1A1C69282B07C55D22E5B5025DBF9978C8AC76F65AD118A5FD5
{"tag":"time-1080-1","mean_ms":11.158578749999988,"sha":"52947438109AA3E5A58DEB4DDC28045C175C51A6473775A1C102008CE7810D2B"}
MODULES D:\DLSSNR-Lab\hip-backend\swin-small-20260929\flat-P C32=D5CCA49957B8B3DB4BACC4A821FD4F754EDBA0FCADADA79DB3BB4CDBD9904CB7 C64=C8A88D27BE37A1A1C69282B07C55D22E5B5025DBF9978C8AC76F65AD118A5FD5
{"tag":"time-1080-2","mean_ms":11.167150000000003,"sha":"52947438109AA3E5A58DEB4DDC28045C175C51A6473775A1C102008CE7810D2B"}
MODULES D:\DLSSNR-Lab\hip-backend\swin-small-20260929\flat-A C32=D5CCA49957B8B3DB4BACC4A821FD4F754EDBA0FCADADA79DB3BB4CDBD9904CB7 C64=C8A88D27BE37A1A1C69282B07C55D22E5B5025DBF9978C8AC76F65AD118A5FD5
{"tag":"time-1080-3","mean_ms":11.156348749999998,"sha":"52947438109AA3E5A58DEB4DDC28045C175C51A6473775A1C102008CE7810D2B"}
INSTALLED_SNAPSHOT_UNCHANGED=66

Algorithm       Hash                                                                   Path
---------       ----                                                                   ----
SHA256          A6B60906BDF35C0789C91EFE78620035065B1160B181491403227B4A7FED59EE       D:\DLSSNR-Lab\hip-backend\swi...
