seed=1 pattern=0
input format=RGBA16_FLOAT W=2560 H=1440 invalid=0 min=0 max=1 luma=0.357899353 roi_luma=0.389746571
adapter=AMD Radeon RX 9070 XT
NET frame=0 gpu_ms=1172.549805
GEOMETRY valid=2560x1440 processing=2560x1472 tokens=960
frame=0 reset=1 wall_ms=1178.226 invalid=0 luma=0.3596833 roi=0.4035345 dark=1325 roi_dark=232 changed_first=0 maxabs_first=0
NET frame=1 gpu_ms=20.122700
NET frame=2 gpu_ms=17.710300
NET frame=3 gpu_ms=17.425100
NET frame=4 gpu_ms=17.325300
NET frame=5 gpu_ms=17.326200
NET frame=6 gpu_ms=17.355900
NET frame=7 gpu_ms=17.434601
NET frame=8 gpu_ms=17.326300
NET frame=9 gpu_ms=17.356501
NET frame=10 gpu_ms=17.650299
NET frame=11 gpu_ms=17.469601
NET frame=12 gpu_ms=17.425301
NET frame=13 gpu_ms=17.536301
NET frame=14 gpu_ms=17.663000
NET frame=15 gpu_ms=17.732901
NET frame=16 gpu_ms=17.723200
NET frame=17 gpu_ms=17.695801
NET frame=18 gpu_ms=17.743700
NET frame=19 gpu_ms=17.572399
NET frame=20 gpu_ms=17.614901
NET frame=21 gpu_ms=17.615480
NET frame=22 gpu_ms=17.722900
NET frame=23 gpu_ms=17.689199
NET frame=24 gpu_ms=17.668699
NET frame=25 gpu_ms=17.499201
NET frame=26 gpu_ms=17.656040
NET frame=27 gpu_ms=17.668400
NET frame=28 gpu_ms=17.673500
NET frame=29 gpu_ms=17.727200
NET frame=30 gpu_ms=17.717199
NET frame=31 gpu_ms=17.866699
NET frame=32 gpu_ms=17.585800
NET frame=33 gpu_ms=17.810320
NET frame=34 gpu_ms=18.024799
NET frame=35 gpu_ms=17.763300
NET frame=36 gpu_ms=17.892099
NET frame=37 gpu_ms=17.775299
NET frame=38 gpu_ms=17.761900
NET frame=39 gpu_ms=17.809799
NET frame=40 gpu_ms=17.946600
NET frame=41 gpu_ms=17.764400
NET frame=42 gpu_ms=17.936380
NET frame=43 gpu_ms=17.753000
NET frame=44 gpu_ms=17.754601
NET frame=45 gpu_ms=17.816700
NET frame=46 gpu_ms=17.813400
NET frame=47 gpu_ms=17.909401
NET frame=48 gpu_ms=17.943399
NET frame=49 gpu_ms=17.723200
NET frame=50 gpu_ms=17.934500
NET frame=51 gpu_ms=17.740400
NET frame=52 gpu_ms=17.733339
NET frame=53 gpu_ms=17.778040
NET frame=54 gpu_ms=17.924200
NET frame=55 gpu_ms=17.577440
NET frame=56 gpu_ms=17.784599
NET frame=57 gpu_ms=17.744600
NET frame=58 gpu_ms=17.832001
NET frame=59 gpu_ms=17.976000
NET frame=60 gpu_ms=17.885700
NET frame=61 gpu_ms=17.700100
NET frame=62 gpu_ms=17.652880
NET frame=63 gpu_ms=17.823900
NET frame=64 gpu_ms=17.840599
NET frame=65 gpu_ms=17.870899
NET frame=66 gpu_ms=17.845900
NET frame=67 gpu_ms=17.823700
NET frame=68 gpu_ms=17.860901
NET frame=69 gpu_ms=17.750401
NET frame=70 gpu_ms=17.773399
NET frame=71 gpu_ms=17.774900
frame=71 reset=1 wall_ms=19.178 invalid=0 luma=0.3596833 roi=0.4035345 dark=1325 roi_dark=232 changed_first=0 maxabs_first=0
SP_STATS runs=0 fallback=0 rollover=0 jobs=0 disabled=0 errors=0
RESULT frames=72 temporal=0 mean_wall_ms=35.332 invalid_total=0 restored_capture_every_frame=1 HDR_preserved=1
