seed=0 pattern=0
input format=RGBA16_FLOAT W=1296 H=720 invalid=0 min=0 max=34.53125 luma=0.0157641119 roi_luma=0.0250669576
adapter=AMD Radeon RX 9070 XT
SP_PLAN c=256 first=16 layers=6 tasks=624 initial=104 state_bytes=7504
SP_DONE c=256 first=16 tasks=624 base=0 ms=1.427
SP_PLAN c=256 first=49 layers=6 tasks=624 initial=104 state_bytes=7504
SP_DONE c=256 first=49 tasks=624 base=0 ms=0.525
SP_PLAN c=128 first=57 layers=4 tasks=1581 initial=400 state_bytes=18988
SP_DONE c=128 first=57 tasks=1581 base=0 ms=0.488
frame=0 reset=1 wall_ms=1301.648 invalid=0 luma=0.01004178 roi=0.01568267 dark=842326 roi_dark=274409 changed_first=0 maxabs_first=0
SP_DONE c=256 first=16 tasks=624 base=624 ms=9.059
SP_DONE c=256 first=49 tasks=624 base=624 ms=1.216
SP_DONE c=128 first=57 tasks=1581 base=1581 ms=0.670
frame=1 reset=1 wall_ms=23.758 invalid=0 luma=0.01004178 roi=0.01568267 dark=842326 roi_dark=274409 changed_first=0 maxabs_first=0
SP_DONE c=256 first=16 tasks=624 base=1248 ms=3.474
SP_DONE c=256 first=49 tasks=624 base=1248 ms=1.213
SP_DONE c=128 first=57 tasks=1581 base=3162 ms=0.623
frame=2 reset=1 wall_ms=11.324 invalid=0 luma=0.01004178 roi=0.01568267 dark=842326 roi_dark=274409 changed_first=0 maxabs_first=0
SP_DONE c=256 first=16 tasks=624 base=1872 ms=4.145
SP_DONE c=256 first=49 tasks=624 base=1872 ms=1.176
SP_DONE c=128 first=57 tasks=1581 base=4743 ms=0.626
frame=3 reset=1 wall_ms=11.914 invalid=0 luma=0.01004178 roi=0.01568267 dark=842326 roi_dark=274409 changed_first=0 maxabs_first=0
SP_DONE c=256 first=16 tasks=624 base=2496 ms=3.273
SP_DONE c=256 first=49 tasks=624 base=2496 ms=1.153
SP_DONE c=128 first=57 tasks=1581 base=6324 ms=0.618
frame=4 reset=1 wall_ms=10.761 invalid=0 luma=0.01004178 roi=0.01568267 dark=842326 roi_dark=274409 changed_first=0 maxabs_first=0
SP_DONE c=256 first=16 tasks=624 base=3120 ms=3.457
SP_DONE c=256 first=49 tasks=624 base=3120 ms=1.359
SP_DONE c=128 first=57 tasks=1581 base=7905 ms=0.687
frame=5 reset=1 wall_ms=11.241 invalid=0 luma=0.01004178 roi=0.01568267 dark=842326 roi_dark=274409 changed_first=0 maxabs_first=0
SP_DONE c=256 first=16 tasks=624 base=3744 ms=3.387
SP_DONE c=256 first=49 tasks=624 base=3744 ms=1.168
SP_DONE c=128 first=57 tasks=1581 base=9486 ms=0.628
frame=6 reset=1 wall_ms=10.956 invalid=0 luma=0.01004178 roi=0.01568267 dark=842326 roi_dark=274409 changed_first=0 maxabs_first=0
SP_DONE c=256 first=16 tasks=624 base=4368 ms=3.489
SP_DONE c=256 first=49 tasks=624 base=4368 ms=1.146
SP_DONE c=128 first=57 tasks=1581 base=11067 ms=0.615
frame=7 reset=1 wall_ms=10.922 invalid=0 luma=0.01004178 roi=0.01568267 dark=842326 roi_dark=274409 changed_first=0 maxabs_first=0
SP_DONE c=256 first=16 tasks=624 base=4992 ms=3.458
SP_DONE c=256 first=49 tasks=624 base=4992 ms=1.175
SP_DONE c=128 first=57 tasks=1581 base=12648 ms=0.783
frame=8 reset=1 wall_ms=11.171 invalid=0 luma=0.01004178 roi=0.01568267 dark=842326 roi_dark=274409 changed_first=0 maxabs_first=0
SP_DONE c=256 first=16 tasks=624 base=5616 ms=3.438
SP_DONE c=256 first=49 tasks=624 base=5616 ms=1.328
SP_DONE c=128 first=57 tasks=1581 base=14229 ms=0.771
frame=9 reset=1 wall_ms=12.742 invalid=0 luma=0.01004178 roi=0.01568267 dark=842326 roi_dark=274409 changed_first=0 maxabs_first=0
SP_DONE c=256 first=16 tasks=624 base=6240 ms=5.462
SP_DONE c=256 first=49 tasks=624 base=6240 ms=1.411
SP_DONE c=128 first=57 tasks=1581 base=15810 ms=0.727
frame=10 reset=1 wall_ms=15.210 invalid=0 luma=0.01004178 roi=0.01568267 dark=842326 roi_dark=274409 changed_first=0 maxabs_first=0
SP_DONE c=256 first=16 tasks=624 base=6864 ms=3.528
SP_DONE c=256 first=49 tasks=624 base=6864 ms=1.371
SP_DONE c=128 first=57 tasks=1581 base=17391 ms=0.818
frame=11 reset=1 wall_ms=12.465 invalid=0 luma=0.01004178 roi=0.01568267 dark=842326 roi_dark=274409 changed_first=0 maxabs_first=0
SP_STATS runs=36 fallback=0 rollover=0 jobs=33948 disabled=0 errors=0
RESULT frames=12 temporal=0 mean_wall_ms=120.343 invalid_total=0 restored_capture_every_frame=1 HDR_preserved=1
