SYNC_PROFILE wave_owned=1 c512_m32=1 pdl=0 vit_stream=3 swin_run=1 FAST=1 full71=1
SP_PLAN c=256 first=16 layers=6 tasks=846 initial=144 state_bytes=10168 w16=1
SP_PLAN c=256 first=49 layers=6 tasks=846 initial=144 state_bytes=10168 w16=1
CAPTURE_PLAN first=144 base=68526 jobs=846
CAPTURE_PLAN first=144 base=68526 jobs=846
CAPTURE_PLAN first=144 base=69372 jobs=846
CAPTURE_PLAN first=144 base=69372 jobs=846
CAPTURE_NODE index=0 type=0
CAPTURE_NODE index=1 type=0
CAPTURE_NODE index=2 type=0
CAPTURE_NODE index=3 type=0
CAPTURE_NODE index=4 type=0
CAPTURE_NODE index=5 type=0
CAPTURE_NODE index=6 type=0
CAPTURE_NODE index=7 type=0
CAPTURE_NODE index=8 type=0
CAPTURE_NODE index=9 type=0
CAPTURE_NODE index=10 type=0
CAPTURE_NODE index=11 type=0
CAPTURE_NODE index=12 type=0
CAPTURE_NODE index=13 type=0
CAPTURE_NODE index=14 type=0
CAPTURE_NODE index=15 type=0
CAPTURE_NODE index=16 type=0
CAPTURE_NODE index=17 type=0
CAPTURE_NODE index=18 type=0
CAPTURE_NODE index=19 type=0
CAPTURE_NODE index=20 type=0
CAPTURE_NODE index=21 type=0
CAPTURE_NODE index=22 type=0
CAPTURE_NODE index=23 type=0
CAPTURE_NODE index=24 type=0
CAPTURE_NODE index=25 type=0
CAPTURE_NODE index=26 type=0
CAPTURE_NODE index=27 type=0
CAPTURE_NODE index=28 type=0
CAPTURE_NODE index=29 type=0
CAPTURE_NODE index=30 type=0
CAPTURE_NODE index=31 type=0
CAPTURE_NODE index=32 type=0
CAPTURE_NODE index=33 type=0
CAPTURE_NODE index=34 type=0
CAPTURE_NODE index=35 type=0
CAPTURE_NODE index=36 type=0
CAPTURE_NODE index=37 type=0
CAPTURE_NODE index=38 type=0
CAPTURE_NODE index=39 type=0
CAPTURE_NODE index=40 type=0
CAPTURE_NODE index=41 type=0
CAPTURE_NODE index=42 type=0
CAPTURE_NODE index=43 type=0
CAPTURE_NODE index=44 type=0
CAPTURE_NODE index=45 type=0
CAPTURE_NODE index=46 type=0
CAPTURE_NODE index=47 type=0
CAPTURE_NODE index=48 type=0
CAPTURE_NODE index=49 type=0
CAPTURE_NODE index=50 type=0
CAPTURE_NODE index=51 type=0
CAPTURE_NODE index=52 type=0
CAPTURE_NODE index=53 type=0
CAPTURE_NODE index=54 type=0
CAPTURE_NODE index=55 type=0
CAPTURE_NODE index=56 type=0
CAPTURE_NODE index=57 type=0
CAPTURE_NODE index=58 type=0
CAPTURE_NODE index=59 type=0
CAPTURE_NODE index=60 type=0
CAPTURE_NODE index=61 type=0
CAPTURE_NODE index=62 type=0
CAPTURE_NODE index=63 type=0
CAPTURE_NODE index=64 type=0
CAPTURE_NODE index=65 type=0
CAPTURE_NODE index=66 type=0
CAPTURE_NODE index=67 type=0
CAPTURE_NODE index=68 type=0
CAPTURE_NODE index=69 type=0
CAPTURE_NODE index=70 type=0
CAPTURE_NODE index=71 type=0
CAPTURE_NODE index=72 type=0
CAPTURE_NODE index=73 type=0
CAPTURE_NODE index=74 type=0
CAPTURE_NODE index=75 type=0
CAPTURE_NODE index=76 type=0
CAPTURE_NODE index=77 type=0
CAPTURE_NODE index=78 type=0
CAPTURE_NODE index=79 type=0
CAPTURE_NODE index=80 type=0
CAPTURE_NODE index=81 type=0
CAPTURE_NODE index=82 type=0
CAPTURE_NODE index=83 type=0
CAPTURE_NODE index=84 type=0
CAPTURE_NODE index=85 type=0
CAPTURE_NODE index=86 type=0
CAPTURE_NODE index=87 type=0
CAPTURE_NODE index=88 type=0
CAPTURE_NODE index=89 type=0
CAPTURE_NODE index=90 type=0
CAPTURE_NODE index=91 type=0
CAPTURE_NODE index=92 type=0
CAPTURE_NODE index=93 type=0
CAPTURE_NODE index=94 type=0
CAPTURE_NODE index=95 type=0
CAPTURE_NODE index=96 type=0
CAPTURE_NODE index=97 type=0
CAPTURE_NODE index=98 type=0
CAPTURE_NODE index=99 type=0
CAPTURE_NODE index=100 type=0
CAPTURE_NODE index=101 type=0
CAPTURE_NODE index=102 type=0
CAPTURE_NODE index=103 type=0
CAPTURE_NODE index=104 type=0
CAPTURE_NODE index=105 type=0
CAPTURE_NODE index=106 type=0
CAPTURE_NODE index=107 type=0
CAPTURE_NODE index=108 type=0
CAPTURE_NODE index=109 type=0
CAPTURE_NODE index=110 type=0
CAPTURE_NODE index=111 type=0
CAPTURE_NODE index=112 type=0
CAPTURE_NODE index=113 type=0
CAPTURE_NODE index=114 type=0
CAPTURE_NODE index=115 type=0
CAPTURE_NODE index=116 type=0
CAPTURE_NODE index=117 type=0
CAPTURE_NODE index=118 type=0
CAPTURE_NODE index=119 type=0
CAPTURE_NODE index=120 type=0
CAPTURE_NODE index=121 type=0
CAPTURE_NODE index=122 type=0
CAPTURE_NODE index=123 type=0
CAPTURE_NODE index=124 type=0
CAPTURE_NODE index=125 type=0
CAPTURE_NODE index=126 type=0
CAPTURE_NODE index=127 type=0
CAPTURE_NODE index=128 type=0
CAPTURE_NODE index=129 type=0
CAPTURE_NODE index=130 type=0
CAPTURE_NODE index=131 type=0
CAPTURE_NODE index=132 type=0
CAPTURE_NODE index=133 type=0
CAPTURE_NODE index=134 type=0
CAPTURE_NODE index=135 type=0
CAPTURE_NODE index=136 type=0
CAPTURE_NODE index=137 type=0
CAPTURE_NODE index=138 type=0
CAPTURE_NODE index=139 type=0
CAPTURE_NODE index=140 type=0
CAPTURE_NODE index=141 type=0
CAPTURE_NODE index=142 type=0
CAPTURE_NODE index=143 type=0
CAPTURE_NODE index=144 type=0
CAPTURE_NODE index=145 type=0
CAPTURE_NODE index=146 type=0
CAPTURE_NODE index=147 type=0
CAPTURE_NODE index=148 type=0
CAPTURE_NODE index=149 type=0
CAPTURE_NODE index=150 type=0
CAPTURE_NODE index=151 type=0
CAPTURE_NODE index=152 type=0
CAPTURE_NODE index=153 type=0
CAPTURE_NODE index=154 type=0
CAPTURE_NODE index=155 type=0
CAPTURE_NODE index=156 type=0
CAPTURE_NODE index=157 type=0
CAPTURE_NODE index=158 type=0
CAPTURE_NODE index=159 type=0
CAPTURE_NODE index=160 type=0
CAPTURE_NODES=161 opt_graph=0 PDL=0
GRAPH_EDGE from=0 to=1
GRAPH_EDGE from=1 to=2
GRAPH_EDGE from=2 to=3
GRAPH_EDGE from=3 to=4
GRAPH_EDGE from=4 to=5
GRAPH_EDGE from=5 to=6
GRAPH_EDGE from=6 to=7
GRAPH_EDGE from=7 to=8
GRAPH_EDGE from=8 to=9
GRAPH_EDGE from=9 to=10
GRAPH_EDGE from=10 to=11
GRAPH_EDGE from=11 to=12
GRAPH_EDGE from=12 to=13
GRAPH_EDGE from=13 to=14
GRAPH_EDGE from=14 to=15
GRAPH_EDGE from=15 to=16
GRAPH_EDGE from=16 to=17
GRAPH_EDGE from=17 to=18
GRAPH_EDGE from=18 to=19
GRAPH_EDGE from=19 to=20
GRAPH_EDGE from=20 to=21
GRAPH_EDGE from=21 to=22
GRAPH_EDGE from=22 to=23
GRAPH_EDGE from=23 to=24
GRAPH_EDGE from=24 to=25
GRAPH_EDGE from=25 to=26
GRAPH_EDGE from=26 to=27
GRAPH_EDGE from=27 to=28
GRAPH_EDGE from=28 to=29
GRAPH_EDGE from=29 to=30
GRAPH_EDGE from=30 to=31
GRAPH_EDGE from=31 to=32
GRAPH_EDGE from=32 to=33
GRAPH_EDGE from=33 to=34
GRAPH_EDGE from=34 to=35
GRAPH_EDGE from=35 to=36
GRAPH_EDGE from=36 to=37
GRAPH_EDGE from=37 to=38
GRAPH_EDGE from=38 to=39
GRAPH_EDGE from=39 to=40
GRAPH_EDGE from=40 to=41
GRAPH_EDGE from=41 to=42
GRAPH_EDGE from=42 to=43
GRAPH_EDGE from=43 to=44
GRAPH_EDGE from=44 to=45
GRAPH_EDGE from=45 to=46
GRAPH_EDGE from=46 to=47
GRAPH_EDGE from=47 to=48
GRAPH_EDGE from=48 to=49
GRAPH_EDGE from=49 to=50
GRAPH_EDGE from=50 to=51
GRAPH_EDGE from=51 to=52
GRAPH_EDGE from=52 to=53
GRAPH_EDGE from=53 to=54
GRAPH_EDGE from=54 to=55
GRAPH_EDGE from=55 to=56
GRAPH_EDGE from=56 to=57
GRAPH_EDGE from=57 to=58
GRAPH_EDGE from=58 to=59
GRAPH_EDGE from=59 to=60
GRAPH_EDGE from=60 to=61
GRAPH_EDGE from=61 to=62
GRAPH_EDGE from=62 to=63
GRAPH_EDGE from=63 to=64
GRAPH_EDGE from=64 to=65
GRAPH_EDGE from=65 to=66
GRAPH_EDGE from=66 to=67
GRAPH_EDGE from=67 to=68
GRAPH_EDGE from=68 to=69
GRAPH_EDGE from=69 to=70
GRAPH_EDGE from=70 to=71
GRAPH_EDGE from=71 to=72
GRAPH_EDGE from=72 to=73
GRAPH_EDGE from=73 to=74
GRAPH_EDGE from=74 to=75
GRAPH_EDGE from=75 to=76
GRAPH_EDGE from=76 to=77
GRAPH_EDGE from=77 to=78
GRAPH_EDGE from=78 to=79
GRAPH_EDGE from=79 to=80
GRAPH_EDGE from=80 to=81
GRAPH_EDGE from=81 to=82
GRAPH_EDGE from=82 to=83
GRAPH_EDGE from=83 to=84
GRAPH_EDGE from=84 to=85
GRAPH_EDGE from=85 to=86
GRAPH_EDGE from=86 to=87
GRAPH_EDGE from=87 to=88
GRAPH_EDGE from=88 to=89
GRAPH_EDGE from=89 to=90
GRAPH_EDGE from=90 to=91
GRAPH_EDGE from=91 to=92
GRAPH_EDGE from=92 to=93
GRAPH_EDGE from=93 to=94
GRAPH_EDGE from=94 to=95
GRAPH_EDGE from=95 to=96
GRAPH_EDGE from=96 to=97
GRAPH_EDGE from=97 to=98
GRAPH_EDGE from=98 to=99
GRAPH_EDGE from=99 to=100
GRAPH_EDGE from=100 to=101
GRAPH_EDGE from=101 to=102
GRAPH_EDGE from=102 to=103
GRAPH_EDGE from=103 to=104
GRAPH_EDGE from=104 to=105
GRAPH_EDGE from=105 to=106
GRAPH_EDGE from=106 to=107
GRAPH_EDGE from=107 to=108
GRAPH_EDGE from=108 to=109
GRAPH_EDGE from=109 to=110
GRAPH_EDGE from=110 to=111
GRAPH_EDGE from=111 to=112
GRAPH_EDGE from=112 to=113
GRAPH_EDGE from=113 to=114
GRAPH_EDGE from=114 to=115
GRAPH_EDGE from=115 to=116
GRAPH_EDGE from=116 to=117
GRAPH_EDGE from=117 to=118
GRAPH_EDGE from=118 to=119
GRAPH_EDGE from=119 to=120
GRAPH_EDGE from=120 to=121
GRAPH_EDGE from=121 to=122
GRAPH_EDGE from=122 to=123
GRAPH_EDGE from=123 to=124
GRAPH_EDGE from=124 to=125
GRAPH_EDGE from=125 to=126
GRAPH_EDGE from=126 to=127
GRAPH_EDGE from=127 to=128
GRAPH_EDGE from=128 to=129
GRAPH_EDGE from=129 to=130
GRAPH_EDGE from=130 to=131
GRAPH_EDGE from=131 to=132
GRAPH_EDGE from=132 to=133
GRAPH_EDGE from=133 to=134
GRAPH_EDGE from=134 to=135
GRAPH_EDGE from=135 to=136
GRAPH_EDGE from=136 to=137
GRAPH_EDGE from=137 to=138
GRAPH_EDGE from=138 to=139
GRAPH_EDGE from=139 to=140
GRAPH_EDGE from=140 to=141
GRAPH_EDGE from=141 to=142
GRAPH_EDGE from=142 to=143
GRAPH_EDGE from=143 to=144
GRAPH_EDGE from=144 to=145
GRAPH_EDGE from=145 to=146
GRAPH_EDGE from=146 to=147
GRAPH_EDGE from=147 to=148
GRAPH_EDGE from=148 to=149
GRAPH_EDGE from=149 to=150
GRAPH_EDGE from=150 to=151
GRAPH_EDGE from=151 to=152
GRAPH_EDGE from=152 to=153
GRAPH_EDGE from=153 to=154
GRAPH_EDGE from=154 to=155
GRAPH_EDGE from=155 to=156
GRAPH_EDGE from=156 to=157
GRAPH_EDGE from=157 to=158
GRAPH_EDGE from=158 to=159
GRAPH_EDGE from=159 to=160
GRAPH_ORDER position=0 node=0 fn=000001e87c871850
GRAPH_ORDER position=1 node=1 fn=000001e87caf6750
GRAPH_ORDER position=2 node=2 fn=000001e87caf5a30
GRAPH_ORDER position=3 node=3 fn=000001e87caf5a30
GRAPH_ORDER position=4 node=4 fn=000001e87caf5760
GRAPH_ORDER position=5 node=5 fn=000001e87c8710d0
GRAPH_ORDER position=6 node=6 fn=000001e87c871a30
GRAPH_ORDER position=7 node=7 fn=000001e87c871a30
GRAPH_ORDER position=8 node=8 fn=000001e87c871a30
GRAPH_ORDER position=9 node=9 fn=000001e87caf52b0
GRAPH_ORDER position=10 node=10 fn=000001e87caf53a0
GRAPH_ORDER position=11 node=11 fn=000001e87caf4ef0
GRAPH_ORDER position=12 node=12 fn=000001e87caf62a0
GRAPH_ORDER position=13 node=13 fn=000001e87caf62a0
GRAPH_ORDER position=14 node=14 fn=000001e87caf62a0
GRAPH_ORDER position=15 node=15 fn=000001e87caf62a0
GRAPH_ORDER position=16 node=16 fn=000001e87caf5850
GRAPH_ORDER position=17 node=17 fn=000001e87caf6840
GRAPH_ORDER position=18 node=18 fn=000001e87caf50d0
GRAPH_ORDER position=19 node=19 fn=000001e87caf4c20
GRAPH_ORDER position=20 node=20 fn=000001e87caf5940
GRAPH_ORDER position=21 node=21 fn=000001e87caf4b30
GRAPH_ORDER position=22 node=22 fn=000001e87caf5d00
GRAPH_ORDER position=23 node=23 fn=000001e87caf4d10
GRAPH_ORDER position=24 node=24 fn=000001e87caf4fe0
GRAPH_ORDER position=25 node=25 fn=000001e87caf6570
GRAPH_ORDER position=26 node=26 fn=000001e87caf51c0
GRAPH_ORDER position=27 node=27 fn=000001e87caf4e00
GRAPH_ORDER position=28 node=28 fn=000001e87caf4fe0
GRAPH_ORDER position=29 node=29 fn=000001e87caf6570
GRAPH_ORDER position=30 node=30 fn=000001e87caf51c0
GRAPH_ORDER position=31 node=31 fn=000001e87caf4e00
GRAPH_ORDER position=32 node=32 fn=000001e87caf4fe0
GRAPH_ORDER position=33 node=33 fn=000001e87caf6570
GRAPH_ORDER position=34 node=34 fn=000001e87caf51c0
GRAPH_ORDER position=35 node=35 fn=000001e87caf4e00
GRAPH_ORDER position=36 node=36 fn=000001e87caf4fe0
GRAPH_ORDER position=37 node=37 fn=000001e87caf6570
GRAPH_ORDER position=38 node=38 fn=000001e87caf51c0
GRAPH_ORDER position=39 node=39 fn=000001e87caf4e00
GRAPH_ORDER position=40 node=40 fn=000001e87caf4fe0
GRAPH_ORDER position=41 node=41 fn=000001e87caf6570
GRAPH_ORDER position=42 node=42 fn=000001e87caf51c0
GRAPH_ORDER position=43 node=43 fn=000001e87caf4e00
GRAPH_ORDER position=44 node=44 fn=000001e87caf4fe0
GRAPH_ORDER position=45 node=45 fn=000001e87caf6570
GRAPH_ORDER position=46 node=46 fn=000001e87caf51c0
GRAPH_ORDER position=47 node=47 fn=000001e87caf4e00
GRAPH_ORDER position=48 node=48 fn=000001e87caf4fe0
GRAPH_ORDER position=49 node=49 fn=000001e87caf6570
GRAPH_ORDER position=50 node=50 fn=000001e87caf51c0
GRAPH_ORDER position=51 node=51 fn=000001e87caf4e00
GRAPH_ORDER position=52 node=52 fn=000001e87caf4fe0
GRAPH_ORDER position=53 node=53 fn=000001e87caf6570
GRAPH_ORDER position=54 node=54 fn=000001e87caf51c0
GRAPH_ORDER position=55 node=55 fn=000001e87caf4e00
GRAPH_ORDER position=56 node=56 fn=000001e87caf6660
GRAPH_ORDER position=57 node=57 fn=000001e87caf5df0
GRAPH_ORDER position=58 node=58 fn=000001e87caf5580
GRAPH_ORDER position=59 node=59 fn=000001e87caf5ee0
GRAPH_ORDER position=60 node=60 fn=000001e87c871b20
GRAPH_ORDER position=61 node=61 fn=000001e87c871d00
GRAPH_ORDER position=62 node=62 fn=000001e87caf5670
GRAPH_ORDER position=63 node=63 fn=000001e87c8711c0
GRAPH_ORDER position=64 node=64 fn=000001e87caf5580
GRAPH_ORDER position=65 node=65 fn=000001e87caf5ee0
GRAPH_ORDER position=66 node=66 fn=000001e87c871b20
GRAPH_ORDER position=67 node=67 fn=000001e87c871d00
GRAPH_ORDER position=68 node=68 fn=000001e87caf5670
GRAPH_ORDER position=69 node=69 fn=000001e87c8711c0
GRAPH_ORDER position=70 node=70 fn=000001e87caf5580
GRAPH_ORDER position=71 node=71 fn=000001e87caf5ee0
GRAPH_ORDER position=72 node=72 fn=000001e87c871b20
GRAPH_ORDER position=73 node=73 fn=000001e87c871d00
GRAPH_ORDER position=74 node=74 fn=000001e87caf5670
GRAPH_ORDER position=75 node=75 fn=000001e87c8711c0
GRAPH_ORDER position=76 node=76 fn=000001e87caf5580
GRAPH_ORDER position=77 node=77 fn=000001e87caf5ee0
GRAPH_ORDER position=78 node=78 fn=000001e87c871b20
GRAPH_ORDER position=79 node=79 fn=000001e87c871d00
GRAPH_ORDER position=80 node=80 fn=000001e87caf5670
GRAPH_ORDER position=81 node=81 fn=000001e87c8711c0
GRAPH_ORDER position=82 node=82 fn=000001e87caf5580
GRAPH_ORDER position=83 node=83 fn=000001e87caf5ee0
GRAPH_ORDER position=84 node=84 fn=000001e87c871b20
GRAPH_ORDER position=85 node=85 fn=000001e87c871d00
GRAPH_ORDER position=86 node=86 fn=000001e87caf5670
GRAPH_ORDER position=87 node=87 fn=000001e87c8711c0
GRAPH_ORDER position=88 node=88 fn=000001e87caf5580
GRAPH_ORDER position=89 node=89 fn=000001e87caf5ee0
GRAPH_ORDER position=90 node=90 fn=000001e87c871b20
GRAPH_ORDER position=91 node=91 fn=000001e87c871d00
GRAPH_ORDER position=92 node=92 fn=000001e87caf5670
GRAPH_ORDER position=93 node=93 fn=000001e87c8711c0
GRAPH_ORDER position=94 node=94 fn=000001e87caf5580
GRAPH_ORDER position=95 node=95 fn=000001e87caf5ee0
GRAPH_ORDER position=96 node=96 fn=000001e87c871b20
GRAPH_ORDER position=97 node=97 fn=000001e87c871d00
GRAPH_ORDER position=98 node=98 fn=000001e87caf5670
GRAPH_ORDER position=99 node=99 fn=000001e87c8711c0
GRAPH_ORDER position=100 node=100 fn=000001e87caf5580
GRAPH_ORDER position=101 node=101 fn=000001e87caf5ee0
GRAPH_ORDER position=102 node=102 fn=000001e87c871b20
GRAPH_ORDER position=103 node=103 fn=000001e87c871d00
GRAPH_ORDER position=104 node=104 fn=000001e87caf5670
GRAPH_ORDER position=105 node=105 fn=000001e87c8711c0
GRAPH_ORDER position=106 node=106 fn=000001e87caf5df0
GRAPH_ORDER position=107 node=107 fn=000001e87ce629d0
GRAPH_ORDER position=108 node=108 fn=000001e87caf4fe0
GRAPH_ORDER position=109 node=109 fn=000001e87caf6570
GRAPH_ORDER position=110 node=110 fn=000001e87caf51c0
GRAPH_ORDER position=111 node=111 fn=000001e87caf4e00
GRAPH_ORDER position=112 node=112 fn=000001e87caf4fe0
GRAPH_ORDER position=113 node=113 fn=000001e87caf6570
GRAPH_ORDER position=114 node=114 fn=000001e87caf51c0
GRAPH_ORDER position=115 node=115 fn=000001e87caf4e00
GRAPH_ORDER position=116 node=116 fn=000001e87caf4fe0
GRAPH_ORDER position=117 node=117 fn=000001e87caf6570
GRAPH_ORDER position=118 node=118 fn=000001e87caf51c0
GRAPH_ORDER position=119 node=119 fn=000001e87caf4e00
GRAPH_ORDER position=120 node=120 fn=000001e87caf4fe0
GRAPH_ORDER position=121 node=121 fn=000001e87caf6570
GRAPH_ORDER position=122 node=122 fn=000001e87caf51c0
GRAPH_ORDER position=123 node=123 fn=000001e87caf4e00
GRAPH_ORDER position=124 node=124 fn=000001e87caf4fe0
GRAPH_ORDER position=125 node=125 fn=000001e87caf6570
GRAPH_ORDER position=126 node=126 fn=000001e87caf51c0
GRAPH_ORDER position=127 node=127 fn=000001e87caf4e00
GRAPH_ORDER position=128 node=128 fn=000001e87caf4fe0
GRAPH_ORDER position=129 node=129 fn=000001e87caf6570
GRAPH_ORDER position=130 node=130 fn=000001e87caf51c0
GRAPH_ORDER position=131 node=131 fn=000001e87caf4e00
GRAPH_ORDER position=132 node=132 fn=000001e87caf4fe0
GRAPH_ORDER position=133 node=133 fn=000001e87caf6570
GRAPH_ORDER position=134 node=134 fn=000001e87caf51c0
GRAPH_ORDER position=135 node=135 fn=000001e87caf4e00
GRAPH_ORDER position=136 node=136 fn=000001e87caf4fe0
GRAPH_ORDER position=137 node=137 fn=000001e87caf6570
GRAPH_ORDER position=138 node=138 fn=000001e87caf51c0
GRAPH_ORDER position=139 node=139 fn=000001e87caf4e00
GRAPH_ORDER position=140 node=140 fn=000001e87ce63240
GRAPH_ORDER position=141 node=141 fn=000001e87ce62f70
GRAPH_ORDER position=142 node=142 fn=000001e87caf4c20
GRAPH_ORDER position=143 node=143 fn=000001e87caf5940
GRAPH_ORDER position=144 node=144 fn=000001e87caf4b30
GRAPH_ORDER position=145 node=145 fn=000001e87ce62f70
GRAPH_ORDER position=146 node=146 fn=000001e87caf4a40
GRAPH_ORDER position=147 node=147 fn=000001e87caf62a0
GRAPH_ORDER position=148 node=148 fn=000001e87caf62a0
GRAPH_ORDER position=149 node=149 fn=000001e87caf62a0
GRAPH_ORDER position=150 node=150 fn=000001e87caf62a0
GRAPH_ORDER position=151 node=151 fn=000001e87caf62a0
GRAPH_ORDER position=152 node=152 fn=000001e87caf5490
GRAPH_ORDER position=153 node=153 fn=000001e87c871a30
GRAPH_ORDER position=154 node=154 fn=000001e87c871a30
GRAPH_ORDER position=155 node=155 fn=000001e87ce62d90
GRAPH_ORDER position=156 node=156 fn=000001e87caf6390
GRAPH_ORDER position=157 node=157 fn=000001e87caf5a30
GRAPH_ORDER position=158 node=158 fn=000001e87caf5a30
GRAPH_ORDER position=159 node=159 fn=000001e87ce637e0
GRAPH_ORDER position=160 node=160 fn=000001e87ce628e0
GRAPH_DAG_PASS nodes=161 edges=160 unique_order_eager_equal=1
PERF_SCOPE mode=replay capture_ms=0.281000 instantiate_ms=0.104000 graph_launch_api_calls=241 expected=241 node161_samework=1 raw_bitdiff=0 finite=1 opt_graph=0
SP_STATS runs=166 fallback=0 rollover=0 jobs=140436 disabled=0 errors=0

