seed=0 pattern=0
input format=RGBA16_FLOAT W=1296 H=720 invalid=0 min=0 max=34.53125 luma=0.0157641119 roi_luma=0.0250669576
adapter=AMD Radeon RX 9070 XT
SP_PLAN c=64 first=6 layers=2 tasks=4453 initial=2257 state_bytes=53452
SP_DONE c=64 first=6 tasks=4453 base=0 ms=0.965
SP_PLAN c=256 first=16 layers=6 tasks=893 initial=160 state_bytes=10732
SP_DONE c=256 first=16 tasks=893 base=0 ms=0.735
SP_PLAN c=256 first=49 layers=6 tasks=893 initial=160 state_bytes=10732
SP_DONE c=256 first=49 tasks=893 base=0 ms=0.749
frame=0 reset=1 wall_ms=1420.451 invalid=0 luma=0.01043502 roi=0.01611849 dark=837589 roi_dark=271139 changed_first=0 maxabs_first=0
SP_DONE c=64 first=6 tasks=4453 base=0 ms=0.616
SP_DONE c=256 first=16 tasks=893 base=0 ms=0.769
SP_DONE c=256 first=49 tasks=893 base=0 ms=0.737
frame=1 reset=0 wall_ms=21.946 invalid=0 luma=0.01103854 roi=0.01706857 dark=833391 roi_dark=268977 changed_first=3674549 maxabs_first=15.56113
SP_DONE c=64 first=6 tasks=4453 base=0 ms=0.569
SP_DONE c=256 first=16 tasks=893 base=0 ms=0.717
SP_DONE c=256 first=49 tasks=893 base=0 ms=0.663
frame=2 reset=0 wall_ms=18.838 invalid=0 luma=0.01150613 roi=0.01783123 dark=829052 roi_dark=266739 changed_first=3712159 maxabs_first=15.57192
SP_DONE c=64 first=6 tasks=4453 base=0 ms=0.605
SP_DONE c=256 first=16 tasks=893 base=0 ms=0.853
SP_DONE c=256 first=49 tasks=893 base=0 ms=0.746
frame=3 reset=0 wall_ms=19.225 invalid=0 luma=0.01178046 roi=0.01831547 dark=826913 roi_dark=265560 changed_first=3724795 maxabs_first=15.57576
SP_DONE c=64 first=6 tasks=4453 base=0 ms=0.909
SP_DONE c=256 first=16 tasks=893 base=0 ms=0.708
SP_DONE c=256 first=49 tasks=893 base=0 ms=0.742
frame=4 reset=0 wall_ms=21.888 invalid=0 luma=0.01179889 roi=0.01840152 dark=826864 roi_dark=265452 changed_first=3727565 maxabs_first=15.57611
SP_DONE c=64 first=6 tasks=4453 base=0 ms=0.584
SP_DONE c=256 first=16 tasks=893 base=0 ms=0.781
SP_DONE c=256 first=49 tasks=893 base=0 ms=0.713
frame=5 reset=0 wall_ms=18.695 invalid=0 luma=0.01195839 roi=0.01873205 dark=825887 roi_dark=264740 changed_first=3729306 maxabs_first=15.57658
SP_DONE c=64 first=6 tasks=4453 base=0 ms=0.573
SP_DONE c=256 first=16 tasks=893 base=0 ms=0.748
SP_DONE c=256 first=49 tasks=893 base=0 ms=0.728
frame=6 reset=0 wall_ms=21.014 invalid=0 luma=0.01198082 roi=0.01888853 dark=826118 roi_dark=264662 changed_first=3730016 maxabs_first=15.577
SP_DONE c=64 first=6 tasks=4453 base=0 ms=0.597
SP_DONE c=256 first=16 tasks=893 base=0 ms=0.715
SP_DONE c=256 first=49 tasks=893 base=0 ms=0.737
frame=7 reset=0 wall_ms=17.267 invalid=0 luma=0.01197875 roi=0.01896414 dark=826337 roi_dark=264756 changed_first=3730213 maxabs_first=15.57514
SP_DONE c=64 first=6 tasks=4453 base=0 ms=0.570
SP_DONE c=256 first=16 tasks=893 base=0 ms=0.730
SP_DONE c=256 first=49 tasks=893 base=0 ms=0.768
frame=8 reset=0 wall_ms=23.436 invalid=0 luma=0.01185332 roi=0.01878667 dark=826694 roi_dark=264804 changed_first=3730473 maxabs_first=15.57446
SP_DONE c=64 first=6 tasks=4453 base=0 ms=0.597
SP_DONE c=256 first=16 tasks=893 base=0 ms=0.652
SP_DONE c=256 first=49 tasks=893 base=0 ms=0.755
frame=9 reset=0 wall_ms=18.751 invalid=0 luma=0.01182334 roi=0.01881591 dark=826548 roi_dark=264677 changed_first=3730809 maxabs_first=15.57565
SP_DONE c=64 first=6 tasks=4453 base=0 ms=0.773
SP_DONE c=256 first=16 tasks=893 base=0 ms=0.747
SP_DONE c=256 first=49 tasks=893 base=0 ms=0.737
frame=10 reset=0 wall_ms=22.024 invalid=0 luma=0.01175181 roi=0.01876273 dark=827300 roi_dark=265052 changed_first=3730776 maxabs_first=15.57721
SP_DONE c=64 first=6 tasks=4453 base=0 ms=0.580
SP_DONE c=256 first=16 tasks=893 base=0 ms=0.703
SP_DONE c=256 first=49 tasks=893 base=0 ms=0.745
frame=11 reset=0 wall_ms=19.135 invalid=0 luma=0.01182221 roi=0.01893322 dark=826586 roi_dark=264783 changed_first=3730897 maxabs_first=15.57678
SP_STATS runs=36 fallback=0 rollover=36 jobs=74868 disabled=0 errors=0
RESULT frames=12 temporal=1 mean_wall_ms=136.889 invalid_total=0 restored_capture_every_frame=1 HDR_preserved=1
