seed=0 pattern=0
input format=RGBA16_FLOAT W=1296 H=720 invalid=0 min=0 max=34.53125 luma=0.0157641119 roi_luma=0.0250669576
adapter=AMD Radeon RX 9070 XT
SP_PLAN c=256 first=16 layers=6 tasks=893 initial=160 state_bytes=10732
SP_DONE c=256 first=16 tasks=893 base=0 ms=1.534
SP_PLAN c=256 first=49 layers=6 tasks=893 initial=160 state_bytes=10732
SP_DONE c=256 first=49 tasks=893 base=0 ms=0.742
SP_PLAN c=64 first=63 layers=2 tasks=4453 initial=2257 state_bytes=53452
SP_DONE c=64 first=63 tasks=4453 base=0 ms=0.453
frame=0 reset=1 wall_ms=1191.535 invalid=0 luma=0.01043502 roi=0.01611849 dark=837589 roi_dark=271139 changed_first=0 maxabs_first=0
SP_DONE c=256 first=16 tasks=893 base=893 ms=9.737
SP_DONE c=256 first=49 tasks=893 base=893 ms=4.101
SP_DONE c=64 first=63 tasks=4453 base=4453 ms=1.442
frame=1 reset=1 wall_ms=19.407 invalid=0 luma=0.01043502 roi=0.01611849 dark=837589 roi_dark=271139 changed_first=0 maxabs_first=0
SP_DONE c=256 first=16 tasks=893 base=1786 ms=4.534
SP_DONE c=256 first=49 tasks=893 base=1786 ms=4.111
SP_DONE c=64 first=63 tasks=4453 base=8906 ms=1.365
frame=2 reset=1 wall_ms=13.230 invalid=0 luma=0.01043502 roi=0.01611849 dark=837589 roi_dark=271139 changed_first=0 maxabs_first=0
SP_DONE c=256 first=16 tasks=893 base=2679 ms=4.588
SP_DONE c=256 first=49 tasks=893 base=2679 ms=4.069
SP_DONE c=64 first=63 tasks=4453 base=13359 ms=1.378
frame=3 reset=1 wall_ms=13.260 invalid=0 luma=0.01043502 roi=0.01611849 dark=837589 roi_dark=271139 changed_first=0 maxabs_first=0
SP_DONE c=256 first=16 tasks=893 base=3572 ms=4.665
SP_DONE c=256 first=49 tasks=893 base=3572 ms=4.141
SP_DONE c=64 first=63 tasks=4453 base=17812 ms=1.500
frame=4 reset=1 wall_ms=13.595 invalid=0 luma=0.01043502 roi=0.01611849 dark=837589 roi_dark=271139 changed_first=0 maxabs_first=0
SP_DONE c=256 first=16 tasks=893 base=4465 ms=4.558
SP_DONE c=256 first=49 tasks=893 base=4465 ms=4.098
SP_DONE c=64 first=63 tasks=4453 base=22265 ms=1.386
frame=5 reset=1 wall_ms=13.190 invalid=0 luma=0.01043502 roi=0.01611849 dark=837589 roi_dark=271139 changed_first=0 maxabs_first=0
SP_DONE c=256 first=16 tasks=893 base=5358 ms=4.544
SP_DONE c=256 first=49 tasks=893 base=5358 ms=4.103
SP_DONE c=64 first=63 tasks=4453 base=26718 ms=1.436
frame=6 reset=1 wall_ms=13.261 invalid=0 luma=0.01043502 roi=0.01611849 dark=837589 roi_dark=271139 changed_first=0 maxabs_first=0
SP_DONE c=256 first=16 tasks=893 base=6251 ms=4.532
SP_DONE c=256 first=49 tasks=893 base=6251 ms=4.097
SP_DONE c=64 first=63 tasks=4453 base=31171 ms=1.383
frame=7 reset=1 wall_ms=13.305 invalid=0 luma=0.01043502 roi=0.01611849 dark=837589 roi_dark=271139 changed_first=0 maxabs_first=0
SP_DONE c=256 first=16 tasks=893 base=7144 ms=4.593
SP_DONE c=256 first=49 tasks=893 base=7144 ms=4.108
SP_DONE c=64 first=63 tasks=4453 base=35624 ms=1.422
frame=8 reset=1 wall_ms=13.400 invalid=0 luma=0.01043502 roi=0.01611849 dark=837589 roi_dark=271139 changed_first=0 maxabs_first=0
SP_DONE c=256 first=16 tasks=893 base=8037 ms=11.549
SP_DONE c=256 first=49 tasks=893 base=8037 ms=4.119
SP_DONE c=64 first=63 tasks=4453 base=40077 ms=1.416
frame=9 reset=1 wall_ms=20.452 invalid=0 luma=0.01043502 roi=0.01611849 dark=837589 roi_dark=271139 changed_first=0 maxabs_first=0
SP_DONE c=256 first=16 tasks=893 base=8930 ms=8.097
SP_DONE c=256 first=49 tasks=893 base=8930 ms=4.081
SP_DONE c=64 first=63 tasks=4453 base=44530 ms=1.369
frame=10 reset=1 wall_ms=16.761 invalid=0 luma=0.01043502 roi=0.01611849 dark=837589 roi_dark=271139 changed_first=0 maxabs_first=0
SP_DONE c=256 first=16 tasks=893 base=9823 ms=4.691
SP_DONE c=256 first=49 tasks=893 base=9823 ms=4.196
SP_DONE c=64 first=63 tasks=4453 base=48983 ms=1.473
frame=11 reset=1 wall_ms=13.831 invalid=0 luma=0.01043502 roi=0.01611849 dark=837589 roi_dark=271139 changed_first=0 maxabs_first=0
SP_STATS runs=36 fallback=0 rollover=0 jobs=74868 disabled=0 errors=0
RESULT frames=12 temporal=0 mean_wall_ms=112.936 invalid_total=0 restored_capture_every_frame=1 HDR_preserved=1
