seed=0 pattern=0
input format=RGBA16_FLOAT W=1296 H=720 invalid=0 min=0 max=34.53125 luma=0.0157641119 roi_luma=0.0250669576
adapter=AMD Radeon RX 9070 XT
SP_PLAN c=256 first=16 layers=6 tasks=624 initial=104 state_bytes=7504 w16=1
SP_PLAN c=256 first=49 layers=6 tasks=624 initial=104 state_bytes=7504 w16=1
FRAME_NET_GPU frame=0 gpu_ms=1364.3916 tag=1 ready=1
frame=0 reset=1 wall_ms=1374.438 invalid=0 luma=0.01311046 roi=0.01994696 dark=808529 roi_dark=258288 changed_first=0 maxabs_first=0
FRAME_NET_GPU frame=1 gpu_ms=5.02887011 tag=2 ready=1
FRAME_NET_GPU frame=2 gpu_ms=4.78026009 tag=3 ready=1
FRAME_NET_GPU frame=3 gpu_ms=6.66436005 tag=4 ready=1
FRAME_NET_GPU frame=4 gpu_ms=6.55753994 tag=5 ready=1
FRAME_NET_GPU frame=5 gpu_ms=6.36859989 tag=6 ready=1
FRAME_NET_GPU frame=6 gpu_ms=6.0822401 tag=7 ready=1
FRAME_NET_GPU frame=7 gpu_ms=6.33228016 tag=8 ready=1
FRAME_NET_GPU frame=8 gpu_ms=6.27214003 tag=9 ready=1
FRAME_NET_GPU frame=9 gpu_ms=6.36289978 tag=10 ready=1
FRAME_NET_GPU frame=10 gpu_ms=6.38929987 tag=11 ready=1
FRAME_NET_GPU frame=11 gpu_ms=6.30378008 tag=12 ready=1
FRAME_NET_GPU frame=12 gpu_ms=6.27729988 tag=13 ready=1
FRAME_NET_GPU frame=13 gpu_ms=6.32238007 tag=14 ready=1
FRAME_NET_GPU frame=14 gpu_ms=6.26857996 tag=15 ready=1
FRAME_NET_GPU frame=15 gpu_ms=6.40570021 tag=16 ready=1
FRAME_NET_GPU frame=16 gpu_ms=6.6041398 tag=17 ready=1
FRAME_NET_GPU frame=17 gpu_ms=6.39415979 tag=18 ready=1
FRAME_NET_GPU frame=18 gpu_ms=6.81135988 tag=19 ready=1
FRAME_NET_GPU frame=19 gpu_ms=6.36783981 tag=20 ready=1
FRAME_NET_GPU frame=20 gpu_ms=6.59011984 tag=21 ready=1
FRAME_NET_GPU frame=21 gpu_ms=6.5405798 tag=22 ready=1
FRAME_NET_GPU frame=22 gpu_ms=6.61505985 tag=23 ready=1
FRAME_NET_GPU frame=23 gpu_ms=6.421 tag=24 ready=1
FRAME_NET_GPU frame=24 gpu_ms=6.64120007 tag=25 ready=1
FRAME_NET_GPU frame=25 gpu_ms=6.45979977 tag=26 ready=1
FRAME_NET_GPU frame=26 gpu_ms=6.49771976 tag=27 ready=1
FRAME_NET_GPU frame=27 gpu_ms=6.50479984 tag=28 ready=1
FRAME_NET_GPU frame=28 gpu_ms=6.40526009 tag=29 ready=1
FRAME_NET_GPU frame=29 gpu_ms=6.49062014 tag=30 ready=1
FRAME_NET_GPU frame=30 gpu_ms=6.45843983 tag=31 ready=1
FRAME_NET_GPU frame=31 gpu_ms=6.18677998 tag=32 ready=1
FRAME_NET_GPU frame=32 gpu_ms=6.31237984 tag=33 ready=1
FRAME_NET_GPU frame=33 gpu_ms=6.37290001 tag=34 ready=1
FRAME_NET_GPU frame=34 gpu_ms=6.39733982 tag=35 ready=1
FRAME_NET_GPU frame=35 gpu_ms=6.49923992 tag=36 ready=1
FRAME_NET_GPU frame=36 gpu_ms=6.43552017 tag=37 ready=1
FRAME_NET_GPU frame=37 gpu_ms=6.38817978 tag=38 ready=1
FRAME_NET_GPU frame=38 gpu_ms=6.41633987 tag=39 ready=1
FRAME_NET_GPU frame=39 gpu_ms=6.40783978 tag=40 ready=1
FRAME_NET_GPU frame=40 gpu_ms=6.27699995 tag=41 ready=1
FRAME_NET_GPU frame=41 gpu_ms=6.47020006 tag=42 ready=1
FRAME_NET_GPU frame=42 gpu_ms=6.48867989 tag=43 ready=1
FRAME_NET_GPU frame=43 gpu_ms=6.44295979 tag=44 ready=1
FRAME_NET_GPU frame=44 gpu_ms=6.44398022 tag=45 ready=1
FRAME_NET_GPU frame=45 gpu_ms=6.41387987 tag=46 ready=1
FRAME_NET_GPU frame=46 gpu_ms=6.4700799 tag=47 ready=1
FRAME_NET_GPU frame=47 gpu_ms=6.4941802 tag=48 ready=1
FRAME_NET_GPU frame=48 gpu_ms=6.47527981 tag=49 ready=1
FRAME_NET_GPU frame=49 gpu_ms=6.7101202 tag=50 ready=1
FRAME_NET_GPU frame=50 gpu_ms=6.3762002 tag=51 ready=1
FRAME_NET_GPU frame=51 gpu_ms=6.56945992 tag=52 ready=1
FRAME_NET_GPU frame=52 gpu_ms=6.49872017 tag=53 ready=1
FRAME_NET_GPU frame=53 gpu_ms=6.40483999 tag=54 ready=1
FRAME_NET_GPU frame=54 gpu_ms=6.54016018 tag=55 ready=1
FRAME_NET_GPU frame=55 gpu_ms=6.5374198 tag=56 ready=1
FRAME_NET_GPU frame=56 gpu_ms=6.36670017 tag=57 ready=1
FRAME_NET_GPU frame=57 gpu_ms=6.48292017 tag=58 ready=1
FRAME_NET_GPU frame=58 gpu_ms=6.50875998 tag=59 ready=1
FRAME_NET_GPU frame=59 gpu_ms=6.54627991 tag=60 ready=1
FRAME_NET_GPU frame=60 gpu_ms=6.49736023 tag=61 ready=1
FRAME_NET_GPU frame=61 gpu_ms=6.52532005 tag=62 ready=1
FRAME_NET_GPU frame=62 gpu_ms=6.47338009 tag=63 ready=1
FRAME_NET_GPU frame=63 gpu_ms=6.55601978 tag=64 ready=1
FRAME_NET_GPU frame=64 gpu_ms=6.53261995 tag=65 ready=1
FRAME_NET_GPU frame=65 gpu_ms=6.46208 tag=66 ready=1
FRAME_NET_GPU frame=66 gpu_ms=6.57223988 tag=67 ready=1
FRAME_NET_GPU frame=67 gpu_ms=6.42784023 tag=68 ready=1
FRAME_NET_GPU frame=68 gpu_ms=6.56479979 tag=69 ready=1
FRAME_NET_GPU frame=69 gpu_ms=6.41041994 tag=70 ready=1
FRAME_NET_GPU frame=70 gpu_ms=6.36293983 tag=71 ready=1
FRAME_NET_GPU frame=71 gpu_ms=6.55842018 tag=72 ready=1
FRAME_NET_GPU frame=72 gpu_ms=6.67148018 tag=73 ready=1
FRAME_NET_GPU frame=73 gpu_ms=6.53115988 tag=74 ready=1
FRAME_NET_GPU frame=74 gpu_ms=6.52988005 tag=75 ready=1
FRAME_NET_GPU frame=75 gpu_ms=6.72877979 tag=76 ready=1
FRAME_NET_GPU frame=76 gpu_ms=6.49378014 tag=77 ready=1
FRAME_NET_GPU frame=77 gpu_ms=6.56935978 tag=78 ready=1
FRAME_NET_GPU frame=78 gpu_ms=6.56835985 tag=79 ready=1
FRAME_NET_GPU frame=79 gpu_ms=6.42256021 tag=80 ready=1
FRAME_NET_GPU frame=80 gpu_ms=6.48227978 tag=81 ready=1
FRAME_NET_GPU frame=81 gpu_ms=6.43045998 tag=82 ready=1
FRAME_NET_GPU frame=82 gpu_ms=6.50485992 tag=83 ready=1
FRAME_NET_GPU frame=83 gpu_ms=6.57350016 tag=84 ready=1
FRAME_NET_GPU frame=84 gpu_ms=6.44046021 tag=85 ready=1
FRAME_NET_GPU frame=85 gpu_ms=6.48146009 tag=86 ready=1
FRAME_NET_GPU frame=86 gpu_ms=6.6308198 tag=87 ready=1
FRAME_NET_GPU frame=87 gpu_ms=6.60156012 tag=88 ready=1
FRAME_NET_GPU frame=88 gpu_ms=6.5398798 tag=89 ready=1
FRAME_NET_GPU frame=89 gpu_ms=6.40350008 tag=90 ready=1
FRAME_NET_GPU frame=90 gpu_ms=6.4812398 tag=91 ready=1
FRAME_NET_GPU frame=91 gpu_ms=6.42573977 tag=92 ready=1
FRAME_NET_GPU frame=92 gpu_ms=6.45769978 tag=93 ready=1
FRAME_NET_GPU frame=93 gpu_ms=6.47544003 tag=94 ready=1
FRAME_NET_GPU frame=94 gpu_ms=6.48332024 tag=95 ready=1
FRAME_NET_GPU frame=95 gpu_ms=6.56640005 tag=96 ready=1
FRAME_NET_GPU frame=96 gpu_ms=6.47673988 tag=97 ready=1
FRAME_NET_GPU frame=97 gpu_ms=6.45416021 tag=98 ready=1
FRAME_NET_GPU frame=98 gpu_ms=6.5483799 tag=99 ready=1
FRAME_NET_GPU frame=99 gpu_ms=6.46617985 tag=100 ready=1
FRAME_NET_GPU frame=100 gpu_ms=6.5710001 tag=101 ready=1
FRAME_NET_GPU frame=101 gpu_ms=6.53213978 tag=102 ready=1
FRAME_NET_GPU frame=102 gpu_ms=6.53072023 tag=103 ready=1
FRAME_NET_GPU frame=103 gpu_ms=6.50093985 tag=104 ready=1
FRAME_NET_GPU frame=104 gpu_ms=6.48169994 tag=105 ready=1
FRAME_NET_GPU frame=105 gpu_ms=6.62608004 tag=106 ready=1
FRAME_NET_GPU frame=106 gpu_ms=6.67053986 tag=107 ready=1
FRAME_NET_GPU frame=107 gpu_ms=6.51565981 tag=108 ready=1
FRAME_NET_GPU frame=108 gpu_ms=6.40248013 tag=109 ready=1
FRAME_NET_GPU frame=109 gpu_ms=6.53758001 tag=110 ready=1
FRAME_NET_GPU frame=110 gpu_ms=6.45705986 tag=111 ready=1
FRAME_NET_GPU frame=111 gpu_ms=6.60743999 tag=112 ready=1
FRAME_NET_GPU frame=112 gpu_ms=6.46002007 tag=113 ready=1
FRAME_NET_GPU frame=113 gpu_ms=6.3362999 tag=114 ready=1
FRAME_NET_GPU frame=114 gpu_ms=6.44121981 tag=115 ready=1
FRAME_NET_GPU frame=115 gpu_ms=6.49505997 tag=116 ready=1
FRAME_NET_GPU frame=116 gpu_ms=6.50165987 tag=117 ready=1
FRAME_NET_GPU frame=117 gpu_ms=6.51512003 tag=118 ready=1
FRAME_NET_GPU frame=118 gpu_ms=6.5763402 tag=119 ready=1
FRAME_NET_GPU frame=119 gpu_ms=6.4739399 tag=120 ready=1
FRAME_NET_GPU frame=120 gpu_ms=6.454 tag=121 ready=1
FRAME_NET_GPU frame=121 gpu_ms=6.6308198 tag=122 ready=1
FRAME_NET_GPU frame=122 gpu_ms=6.41711998 tag=123 ready=1
FRAME_NET_GPU frame=123 gpu_ms=6.51327991 tag=124 ready=1
FRAME_NET_GPU frame=124 gpu_ms=6.50600004 tag=125 ready=1
FRAME_NET_GPU frame=125 gpu_ms=6.48549986 tag=126 ready=1
FRAME_NET_GPU frame=126 gpu_ms=6.35659981 tag=127 ready=1
FRAME_NET_GPU frame=127 gpu_ms=6.40036011 tag=128 ready=1
FRAME_NET_GPU frame=128 gpu_ms=6.41304016 tag=129 ready=1
FRAME_NET_GPU frame=129 gpu_ms=6.55641985 tag=130 ready=1
FRAME_NET_GPU frame=130 gpu_ms=6.51420021 tag=131 ready=1
FRAME_NET_GPU frame=131 gpu_ms=6.4990201 tag=132 ready=1
FRAME_NET_GPU frame=132 gpu_ms=6.52640009 tag=133 ready=1
FRAME_NET_GPU frame=133 gpu_ms=6.50415993 tag=134 ready=1
FRAME_NET_GPU frame=134 gpu_ms=6.38683987 tag=135 ready=1
FRAME_NET_GPU frame=135 gpu_ms=6.58708 tag=136 ready=1
FRAME_NET_GPU frame=136 gpu_ms=6.57289982 tag=137 ready=1
FRAME_NET_GPU frame=137 gpu_ms=6.55363989 tag=138 ready=1
FRAME_NET_GPU frame=138 gpu_ms=6.51537991 tag=139 ready=1
FRAME_NET_GPU frame=139 gpu_ms=6.47724009 tag=140 ready=1
FRAME_NET_GPU frame=140 gpu_ms=6.61221981 tag=141 ready=1
FRAME_NET_GPU frame=141 gpu_ms=6.68648005 tag=142 ready=1
FRAME_NET_GPU frame=142 gpu_ms=6.5844202 tag=143 ready=1
FRAME_NET_GPU frame=143 gpu_ms=6.49338007 tag=144 ready=1
FRAME_NET_GPU frame=144 gpu_ms=6.40768003 tag=145 ready=1
FRAME_NET_GPU frame=145 gpu_ms=6.59872007 tag=146 ready=1
FRAME_NET_GPU frame=146 gpu_ms=6.43164015 tag=147 ready=1
FRAME_NET_GPU frame=147 gpu_ms=6.69208002 tag=148 ready=1
FRAME_NET_GPU frame=148 gpu_ms=6.43028021 tag=149 ready=1
FRAME_NET_GPU frame=149 gpu_ms=6.5044198 tag=150 ready=1
FRAME_NET_GPU frame=150 gpu_ms=6.65634012 tag=151 ready=1
FRAME_NET_GPU frame=151 gpu_ms=6.53722 tag=152 ready=1
FRAME_NET_GPU frame=152 gpu_ms=6.3990202 tag=153 ready=1
FRAME_NET_GPU frame=153 gpu_ms=6.5230999 tag=154 ready=1
FRAME_NET_GPU frame=154 gpu_ms=6.42517996 tag=155 ready=1
FRAME_NET_GPU frame=155 gpu_ms=6.44789982 tag=156 ready=1
FRAME_NET_GPU frame=156 gpu_ms=6.60833979 tag=157 ready=1
FRAME_NET_GPU frame=157 gpu_ms=6.47559977 tag=158 ready=1
FRAME_NET_GPU frame=158 gpu_ms=6.61793995 tag=159 ready=1
FRAME_NET_GPU frame=159 gpu_ms=6.50825977 tag=160 ready=1
frame=159 reset=1 wall_ms=7.017 invalid=0 luma=0.01311046 roi=0.01994696 dark=808529 roi_dark=258288 changed_first=0 maxabs_first=0
SP_STATS runs=320 fallback=0 rollover=0 jobs=199680 disabled=0 errors=0
RESULT frames=160 temporal=0 mean_wall_ms=15.709 invalid_total=0 restored_capture_every_frame=1 HDR_preserved=1

