seed=1 pattern=0
input format=RGBA16_FLOAT W=2560 H=1440 invalid=0 min=0 max=1 luma=0.357899353 roi_luma=0.389746571
adapter=AMD Radeon RX 9070 XT
NET frame=0 gpu_ms=1132.905396
GEOMETRY valid=2560x1440 processing=2560x1472 tokens=960
frame=0 reset=1 wall_ms=1140.905 invalid=0 luma=0.3596833 roi=0.4035345 dark=1325 roi_dark=232 changed_first=0 maxabs_first=0
NET frame=1 gpu_ms=22.096300
NET frame=2 gpu_ms=20.270100
NET frame=3 gpu_ms=20.014299
NET frame=4 gpu_ms=19.856300
NET frame=5 gpu_ms=20.286400
NET frame=6 gpu_ms=20.312700
NET frame=7 gpu_ms=20.008900
NET frame=8 gpu_ms=19.981800
NET frame=9 gpu_ms=20.274200
NET frame=10 gpu_ms=20.484100
NET frame=11 gpu_ms=20.582399
NET frame=12 gpu_ms=20.576599
NET frame=13 gpu_ms=20.756901
NET frame=14 gpu_ms=20.408899
NET frame=15 gpu_ms=20.626900
NET frame=16 gpu_ms=20.687599
NET frame=17 gpu_ms=20.668400
NET frame=18 gpu_ms=20.725401
NET frame=19 gpu_ms=20.544201
NET frame=20 gpu_ms=20.647800
NET frame=21 gpu_ms=20.616199
NET frame=22 gpu_ms=20.702200
NET frame=23 gpu_ms=20.678499
NET frame=24 gpu_ms=20.512640
NET frame=25 gpu_ms=20.638599
NET frame=26 gpu_ms=20.764799
NET frame=27 gpu_ms=20.590200
NET frame=28 gpu_ms=20.503361
NET frame=29 gpu_ms=20.657900
NET frame=30 gpu_ms=20.662901
NET frame=31 gpu_ms=20.733400
NET frame=32 gpu_ms=20.681000
NET frame=33 gpu_ms=20.675200
NET frame=34 gpu_ms=20.800600
NET frame=35 gpu_ms=20.734800
NET frame=36 gpu_ms=20.566700
NET frame=37 gpu_ms=20.663200
NET frame=38 gpu_ms=20.638000
NET frame=39 gpu_ms=20.682301
NET frame=40 gpu_ms=20.931999
NET frame=41 gpu_ms=20.767401
NET frame=42 gpu_ms=20.861401
NET frame=43 gpu_ms=20.522261
NET frame=44 gpu_ms=20.742701
NET frame=45 gpu_ms=20.779100
NET frame=46 gpu_ms=20.517879
NET frame=47 gpu_ms=20.757099
NET frame=48 gpu_ms=20.680201
NET frame=49 gpu_ms=20.828199
NET frame=50 gpu_ms=20.679800
NET frame=51 gpu_ms=20.726400
NET frame=52 gpu_ms=20.747801
NET frame=53 gpu_ms=20.835300
NET frame=54 gpu_ms=20.763700
NET frame=55 gpu_ms=20.746660
NET frame=56 gpu_ms=20.770000
NET frame=57 gpu_ms=20.880501
NET frame=58 gpu_ms=20.900299
NET frame=59 gpu_ms=20.523899
NET frame=60 gpu_ms=20.659060
NET frame=61 gpu_ms=20.670500
NET frame=62 gpu_ms=20.626619
NET frame=63 gpu_ms=20.543140
NET frame=64 gpu_ms=20.942841
NET frame=65 gpu_ms=20.825701
NET frame=66 gpu_ms=20.657061
NET frame=67 gpu_ms=20.786600
NET frame=68 gpu_ms=20.530960
NET frame=69 gpu_ms=20.690359
NET frame=70 gpu_ms=20.755301
NET frame=71 gpu_ms=20.710840
frame=71 reset=1 wall_ms=22.290 invalid=0 luma=0.3596833 roi=0.4035345 dark=1325 roi_dark=232 changed_first=0 maxabs_first=0
SP_STATS runs=0 fallback=0 rollover=0 jobs=0 disabled=0 errors=0
RESULT frames=72 temporal=0 mean_wall_ms=37.736 invalid_total=0 restored_capture_every_frame=1 HDR_preserved=1
