MODULES D:\DLSSNR-Lab\hip-backend\swin-persistent-20260929\flat-A C32=D5CCA49957B8B3DB4BACC4A821FD4F754EDBA0FCADADA79DB3BB4CDBD9904CB7 C64=C8A88D27BE37A1A1C69282B07C55D22E5B5025DBF9978C8AC76F65AD118A5FD5
{"tag":"900-static-False","mean_ms":12.189090909090909,"sha":"54D7C1B454CD475AD2C12C2375AA6908FB9A3A7226F0901961EB49145EAAD689"}
MODULES D:\DLSSNR-Lab\hip-backend\swin-persistent-20260929\flat-Q C32=D5CCA49957B8B3DB4BACC4A821FD4F754EDBA0FCADADA79DB3BB4CDBD9904CB7 C64=C8A88D27BE37A1A1C69282B07C55D22E5B5025DBF9978C8AC76F65AD118A5FD5
{"tag":"900-static-True","mean_ms":10.034090909090908,"sha":"54D7C1B454CD475AD2C12C2375AA6908FB9A3A7226F0901961EB49145EAAD689"}
SAME 900-static-False 900-static-True
MODULES D:\DLSSNR-Lab\hip-backend\swin-persistent-20260929\flat-A C32=D5CCA49957B8B3DB4BACC4A821FD4F754EDBA0FCADADA79DB3BB4CDBD9904CB7 C64=C8A88D27BE37A1A1C69282B07C55D22E5B5025DBF9978C8AC76F65AD118A5FD5
{"tag":"900-motion-False","mean_ms":9.3726363636363637,"sha":"5475F39A1C6B8F1F3BA64154327376F7520166A25C297B8ADB08A7BAEB5A8F95"}
MODULES D:\DLSSNR-Lab\hip-backend\swin-persistent-20260929\flat-Q C32=D5CCA49957B8B3DB4BACC4A821FD4F754EDBA0FCADADA79DB3BB4CDBD9904CB7 C64=C8A88D27BE37A1A1C69282B07C55D22E5B5025DBF9978C8AC76F65AD118A5FD5
{"tag":"900-motion-True","mean_ms":11.827090909090911,"sha":"5475F39A1C6B8F1F3BA64154327376F7520166A25C297B8ADB08A7BAEB5A8F95"}
SAME 900-motion-False 900-motion-True
MODULES D:\DLSSNR-Lab\hip-backend\swin-persistent-20260929\flat-A C32=D5CCA49957B8B3DB4BACC4A821FD4F754EDBA0FCADADA79DB3BB4CDBD9904CB7 C64=C8A88D27BE37A1A1C69282B07C55D22E5B5025DBF9978C8AC76F65AD118A5FD5
{"tag":"1080-static-False","mean_ms":12.938909090909091,"sha":"52947438109AA3E5A58DEB4DDC28045C175C51A6473775A1C102008CE7810D2B"}
MODULES D:\DLSSNR-Lab\hip-backend\swin-persistent-20260929\flat-Q C32=D5CCA49957B8B3DB4BACC4A821FD4F754EDBA0FCADADA79DB3BB4CDBD9904CB7 C64=C8A88D27BE37A1A1C69282B07C55D22E5B5025DBF9978C8AC76F65AD118A5FD5
{"tag":"1080-static-True","mean_ms":13.714636363636362,"sha":"52947438109AA3E5A58DEB4DDC28045C175C51A6473775A1C102008CE7810D2B"}
SAME 1080-static-False 1080-static-True
MODULES D:\DLSSNR-Lab\hip-backend\swin-persistent-20260929\flat-A C32=D5CCA49957B8B3DB4BACC4A821FD4F754EDBA0FCADADA79DB3BB4CDBD9904CB7 C64=C8A88D27BE37A1A1C69282B07C55D22E5B5025DBF9978C8AC76F65AD118A5FD5
{"tag":"1080-motion-False","mean_ms":13.628909090909088,"sha":"EF3EF3F43305E89547E3440D075E511B6F9B4F032E7C68F3D21782B6823F369E"}
MODULES D:\DLSSNR-Lab\hip-backend\swin-persistent-20260929\flat-Q C32=D5CCA49957B8B3DB4BACC4A821FD4F754EDBA0FCADADA79DB3BB4CDBD9904CB7 C64=C8A88D27BE37A1A1C69282B07C55D22E5B5025DBF9978C8AC76F65AD118A5FD5
{"tag":"1080-motion-True","mean_ms":12.757818181818182,"sha":"EF3EF3F43305E89547E3440D075E511B6F9B4F032E7C68F3D21782B6823F369E"}
SAME 1080-motion-False 1080-motion-True
MODULES D:\DLSSNR-Lab\hip-backend\swin-persistent-20260929\flat-A C32=D5CCA49957B8B3DB4BACC4A821FD4F754EDBA0FCADADA79DB3BB4CDBD9904CB7 C64=C8A88D27BE37A1A1C69282B07C55D22E5B5025DBF9978C8AC76F65AD118A5FD5
{"tag":"720-motion-False","mean_ms":8.2435454545454547,"sha":"C90688A2E7E641A03DF002D81B77251384C93EF3992E9F57D747009433B76A5D"}
MODULES D:\DLSSNR-Lab\hip-backend\swin-persistent-20260929\flat-Q C32=D5CCA49957B8B3DB4BACC4A821FD4F754EDBA0FCADADA79DB3BB4CDBD9904CB7 C64=C8A88D27BE37A1A1C69282B07C55D22E5B5025DBF9978C8AC76F65AD118A5FD5
{"tag":"720-motion-True","mean_ms":9.0626363636363632,"sha":"C90688A2E7E641A03DF002D81B77251384C93EF3992E9F57D747009433B76A5D"}
SAME 720-motion-False 720-motion-True
MODULES D:\DLSSNR-Lab\hip-backend\swin-persistent-20260929\flat-A C32=D5CCA49957B8B3DB4BACC4A821FD4F754EDBA0FCADADA79DB3BB4CDBD9904CB7 C64=C8A88D27BE37A1A1C69282B07C55D22E5B5025DBF9978C8AC76F65AD118A5FD5
{"tag":"900-history-False","mean_ms":12.167090909090909,"sha":"D0D899C190F04ABFA969CF73787B04B80E8700A3E66B843291398D53FBBC3FA5"}
MODULES D:\DLSSNR-Lab\hip-backend\swin-persistent-20260929\flat-Q C32=D5CCA49957B8B3DB4BACC4A821FD4F754EDBA0FCADADA79DB3BB4CDBD9904CB7 C64=C8A88D27BE37A1A1C69282B07C55D22E5B5025DBF9978C8AC76F65AD118A5FD5
{"tag":"900-history-True","mean_ms":13.967727272727274,"sha":"D0D899C190F04ABFA969CF73787B04B80E8700A3E66B843291398D53FBBC3FA5"}
SAME 900-history-False 900-history-True
MODULES D:\DLSSNR-Lab\hip-backend\swin-persistent-20260929\flat-A C32=D5CCA49957B8B3DB4BACC4A821FD4F754EDBA0FCADADA79DB3BB4CDBD9904CB7 C64=C8A88D27BE37A1A1C69282B07C55D22E5B5025DBF9978C8AC76F65AD118A5FD5
{"tag":"1080-history-False","mean_ms":14.558636363636362,"sha":"266C89831F10DBDE1C05B5CDF894D881E70C7DC8C4F9892D265C2AC32E171762"}
MODULES D:\DLSSNR-Lab\hip-backend\swin-persistent-20260929\flat-Q C32=D5CCA49957B8B3DB4BACC4A821FD4F754EDBA0FCADADA79DB3BB4CDBD9904CB7 C64=C8A88D27BE37A1A1C69282B07C55D22E5B5025DBF9978C8AC76F65AD118A5FD5
{"tag":"1080-history-True","mean_ms":14.305818181818182,"sha":"266C89831F10DBDE1C05B5CDF894D881E70C7DC8C4F9892D265C2AC32E171762"}
SAME 1080-history-False 1080-history-True
MODULES D:\DLSSNR-Lab\hip-backend\swin-persistent-20260929\flat-A C32=D5CCA49957B8B3DB4BACC4A821FD4F754EDBA0FCADADA79DB3BB4CDBD9904CB7 C64=C8A88D27BE37A1A1C69282B07C55D22E5B5025DBF9978C8AC76F65AD118A5FD5
{"tag":"900-static-False","mean_ms":11.934272727272726,"sha":"54D7C1B454CD475AD2C12C2375AA6908FB9A3A7226F0901961EB49145EAAD689"}
MODULES D:\DLSSNR-Lab\hip-backend\swin-persistent-20260929\flat-Q C32=D5CCA49957B8B3DB4BACC4A821FD4F754EDBA0FCADADA79DB3BB4CDBD9904CB7 C64=C8A88D27BE37A1A1C69282B07C55D22E5B5025DBF9978C8AC76F65AD118A5FD5
{"tag":"900-static-True","mean_ms":11.475,"sha":"54D7C1B454CD475AD2C12C2375AA6908FB9A3A7226F0901961EB49145EAAD689"}
SAME 900-static-False 900-static-True
MODULES D:\DLSSNR-Lab\hip-backend\swin-persistent-20260929\flat-A C32=D5CCA49957B8B3DB4BACC4A821FD4F754EDBA0FCADADA79DB3BB4CDBD9904CB7 C64=C8A88D27BE37A1A1C69282B07C55D22E5B5025DBF9978C8AC76F65AD118A5FD5
{"tag":"900-motion-False","mean_ms":13.041454545454544,"sha":"5475F39A1C6B8F1F3BA64154327376F7520166A25C297B8ADB08A7BAEB5A8F95"}
MODULES D:\DLSSNR-Lab\hip-backend\swin-persistent-20260929\flat-Q C32=D5CCA49957B8B3DB4BACC4A821FD4F754EDBA0FCADADA79DB3BB4CDBD9904CB7 C64=C8A88D27BE37A1A1C69282B07C55D22E5B5025DBF9978C8AC76F65AD118A5FD5
{"tag":"900-motion-True","mean_ms":12.682636363636364,"sha":"5475F39A1C6B8F1F3BA64154327376F7520166A25C297B8ADB08A7BAEB5A8F95"}
SAME 900-motion-False 900-motion-True
MODULES D:\DLSSNR-Lab\hip-backend\swin-persistent-20260929\flat-A C32=D5CCA49957B8B3DB4BACC4A821FD4F754EDBA0FCADADA79DB3BB4CDBD9904CB7 C64=C8A88D27BE37A1A1C69282B07C55D22E5B5025DBF9978C8AC76F65AD118A5FD5
{"tag":"1080-static-False","mean_ms":14.336727272727273,"sha":"52947438109AA3E5A58DEB4DDC28045C175C51A6473775A1C102008CE7810D2B"}
MODULES D:\DLSSNR-Lab\hip-backend\swin-persistent-20260929\flat-Q C32=D5CCA49957B8B3DB4BACC4A821FD4F754EDBA0FCADADA79DB3BB4CDBD9904CB7 C64=C8A88D27BE37A1A1C69282B07C55D22E5B5025DBF9978C8AC76F65AD118A5FD5
{"tag":"1080-static-True","mean_ms":15.168272727272724,"sha":"52947438109AA3E5A58DEB4DDC28045C175C51A6473775A1C102008CE7810D2B"}
SAME 1080-static-False 1080-static-True
MODULES D:\DLSSNR-Lab\hip-backend\swin-persistent-20260929\flat-A C32=D5CCA49957B8B3DB4BACC4A821FD4F754EDBA0FCADADA79DB3BB4CDBD9904CB7 C64=C8A88D27BE37A1A1C69282B07C55D22E5B5025DBF9978C8AC76F65AD118A5FD5
{"tag":"1080-motion-False","mean_ms":16.198181818181819,"sha":"20EBE3294DF3C8747A3CE17052E214B3492E86DEB2EE9FD007F746937C8ECA61"}
MODULES D:\DLSSNR-Lab\hip-backend\swin-persistent-20260929\flat-Q C32=D5CCA49957B8B3DB4BACC4A821FD4F754EDBA0FCADADA79DB3BB4CDBD9904CB7 C64=C8A88D27BE37A1A1C69282B07C55D22E5B5025DBF9978C8AC76F65AD118A5FD5
{"tag":"1080-motion-True","mean_ms":17.283,"sha":"20EBE3294DF3C8747A3CE17052E214B3492E86DEB2EE9FD007F746937C8ECA61"}
SAME 1080-motion-False 1080-motion-True
MODULES D:\DLSSNR-Lab\hip-backend\swin-persistent-20260929\flat-A C32=D5CCA49957B8B3DB4BACC4A821FD4F754EDBA0FCADADA79DB3BB4CDBD9904CB7 C64=C8A88D27BE37A1A1C69282B07C55D22E5B5025DBF9978C8AC76F65AD118A5FD5
{"tag":"720-motion-False","mean_ms":10.905545454545454,"sha":"9DF9122ACADE184B91D36A66FEFCFAC8E841ECC7C5BB06DF9FFFAE0F44112F77"}
MODULES D:\DLSSNR-Lab\hip-backend\swin-persistent-20260929\flat-Q C32=D5CCA49957B8B3DB4BACC4A821FD4F754EDBA0FCADADA79DB3BB4CDBD9904CB7 C64=C8A88D27BE37A1A1C69282B07C55D22E5B5025DBF9978C8AC76F65AD118A5FD5
{"tag":"720-motion-True","mean_ms":12.064727272727271,"sha":"9DF9122ACADE184B91D36A66FEFCFAC8E841ECC7C5BB06DF9FFFAE0F44112F77"}
SAME 720-motion-False 720-motion-True
MODULES D:\DLSSNR-Lab\hip-backend\swin-persistent-20260929\flat-A C32=D5CCA49957B8B3DB4BACC4A821FD4F754EDBA0FCADADA79DB3BB4CDBD9904CB7 C64=C8A88D27BE37A1A1C69282B07C55D22E5B5025DBF9978C8AC76F65AD118A5FD5
{"tag":"900-history-False","mean_ms":16.007909090909092,"sha":"F41C89C1E78298BF3CFD381824189E1C87C31B5FCDAA889A357CD1A68BBC6E4B"}
MODULES D:\DLSSNR-Lab\hip-backend\swin-persistent-20260929\flat-Q C32=D5CCA49957B8B3DB4BACC4A821FD4F754EDBA0FCADADA79DB3BB4CDBD9904CB7 C64=C8A88D27BE37A1A1C69282B07C55D22E5B5025DBF9978C8AC76F65AD118A5FD5
{"tag":"900-history-True","mean_ms":15.806545454545455,"sha":"F41C89C1E78298BF3CFD381824189E1C87C31B5FCDAA889A357CD1A68BBC6E4B"}
SAME 900-history-False 900-history-True
MODULES D:\DLSSNR-Lab\hip-backend\swin-persistent-20260929\flat-A C32=D5CCA49957B8B3DB4BACC4A821FD4F754EDBA0FCADADA79DB3BB4CDBD9904CB7 C64=C8A88D27BE37A1A1C69282B07C55D22E5B5025DBF9978C8AC76F65AD118A5FD5
{"tag":"1080-history-False","mean_ms":20.932818181818178,"sha":"25131680EC7E66F966385AD36E0FB0AF59EC8879CF776BBD972A97845FED62F9"}
MODULES D:\DLSSNR-Lab\hip-backend\swin-persistent-20260929\flat-Q C32=D5CCA49957B8B3DB4BACC4A821FD4F754EDBA0FCADADA79DB3BB4CDBD9904CB7 C64=C8A88D27BE37A1A1C69282B07C55D22E5B5025DBF9978C8AC76F65AD118A5FD5
{"tag":"1080-history-True","mean_ms":18.919090909090908,"sha":"25131680EC7E66F966385AD36E0FB0AF59EC8879CF776BBD972A97845FED62F9"}
SAME 1080-history-False 1080-history-True
MODULES D:\DLSSNR-Lab\hip-backend\swin-persistent-20260929\flat-A C32=D5CCA49957B8B3DB4BACC4A821FD4F754EDBA0FCADADA79DB3BB4CDBD9904CB7 C64=C8A88D27BE37A1A1C69282B07C55D22E5B5025DBF9978C8AC76F65AD118A5FD5
{"tag":"900-motion-False","mean_ms":9.6517272727272729,"sha":"5475F39A1C6B8F1F3BA64154327376F7520166A25C297B8ADB08A7BAEB5A8F95"}
MODULES D:\DLSSNR-Lab\hip-backend\swin-persistent-20260929\flat-Q C32=D5CCA49957B8B3DB4BACC4A821FD4F754EDBA0FCADADA79DB3BB4CDBD9904CB7 C64=C8A88D27BE37A1A1C69282B07C55D22E5B5025DBF9978C8AC76F65AD118A5FD5
{"tag":"900-motion-True","mean_ms":10.032727272727273,"sha":"5475F39A1C6B8F1F3BA64154327376F7520166A25C297B8ADB08A7BAEB5A8F95"}
SAME 900-motion-False 900-motion-True
MODULES D:\DLSSNR-Lab\hip-backend\swin-persistent-20260929\flat-A C32=D5CCA49957B8B3DB4BACC4A821FD4F754EDBA0FCADADA79DB3BB4CDBD9904CB7 C64=C8A88D27BE37A1A1C69282B07C55D22E5B5025DBF9978C8AC76F65AD118A5FD5
{"tag":"900-motion-False","mean_ms":10.479636363636363,"sha":"5475F39A1C6B8F1F3BA64154327376F7520166A25C297B8ADB08A7BAEB5A8F95"}
MODULES D:\DLSSNR-Lab\hip-backend\swin-persistent-20260929\flat-A C32=D5CCA49957B8B3DB4BACC4A821FD4F754EDBA0FCADADA79DB3BB4CDBD9904CB7 C64=C8A88D27BE37A1A1C69282B07C55D22E5B5025DBF9978C8AC76F65AD118A5FD5
swin_run:nomodule
{"tag":"900-motion-True","mean_ms":9.842818181818183,"sha":"5475F39A1C6B8F1F3BA64154327376F7520166A25C297B8ADB08A7BAEB5A8F95"}
SAME 900-motion-False 900-motion-True
MODULES D:\DLSSNR-Lab\hip-backend\swin-persistent-20260929\flat-A C32=D5CCA49957B8B3DB4BACC4A821FD4F754EDBA0FCADADA79DB3BB4CDBD9904CB7 C64=C8A88D27BE37A1A1C69282B07C55D22E5B5025DBF9978C8AC76F65AD118A5FD5
{"tag":"time-900-0","mean_ms":8.3318862500000037,"sha":"54D7C1B454CD475AD2C12C2375AA6908FB9A3A7226F0901961EB49145EAAD689"}
MODULES D:\DLSSNR-Lab\hip-backend\swin-persistent-20260929\flat-Q C32=D5CCA49957B8B3DB4BACC4A821FD4F754EDBA0FCADADA79DB3BB4CDBD9904CB7 C64=C8A88D27BE37A1A1C69282B07C55D22E5B5025DBF9978C8AC76F65AD118A5FD5
{"tag":"time-900-1","mean_ms":8.1822899999999965,"sha":"54D7C1B454CD475AD2C12C2375AA6908FB9A3A7226F0901961EB49145EAAD689"}
MODULES D:\DLSSNR-Lab\hip-backend\swin-persistent-20260929\flat-Q C32=D5CCA49957B8B3DB4BACC4A821FD4F754EDBA0FCADADA79DB3BB4CDBD9904CB7 C64=C8A88D27BE37A1A1C69282B07C55D22E5B5025DBF9978C8AC76F65AD118A5FD5
{"tag":"time-900-2","mean_ms":8.1962474999999966,"sha":"54D7C1B454CD475AD2C12C2375AA6908FB9A3A7226F0901961EB49145EAAD689"}
MODULES D:\DLSSNR-Lab\hip-backend\swin-persistent-20260929\flat-A C32=D5CCA49957B8B3DB4BACC4A821FD4F754EDBA0FCADADA79DB3BB4CDBD9904CB7 C64=C8A88D27BE37A1A1C69282B07C55D22E5B5025DBF9978C8AC76F65AD118A5FD5
{"tag":"time-900-3","mean_ms":8.3635412499999919,"sha":"54D7C1B454CD475AD2C12C2375AA6908FB9A3A7226F0901961EB49145EAAD689"}
MODULES D:\DLSSNR-Lab\hip-backend\swin-persistent-20260929\flat-A C32=D5CCA49957B8B3DB4BACC4A821FD4F754EDBA0FCADADA79DB3BB4CDBD9904CB7 C64=C8A88D27BE37A1A1C69282B07C55D22E5B5025DBF9978C8AC76F65AD118A5FD5
{"tag":"time-1080-0","mean_ms":11.176912500000009,"sha":"52947438109AA3E5A58DEB4DDC28045C175C51A6473775A1C102008CE7810D2B"}
MODULES D:\DLSSNR-Lab\hip-backend\swin-persistent-20260929\flat-Q C32=D5CCA49957B8B3DB4BACC4A821FD4F754EDBA0FCADADA79DB3BB4CDBD9904CB7 C64=C8A88D27BE37A1A1C69282B07C55D22E5B5025DBF9978C8AC76F65AD118A5FD5
{"tag":"time-1080-1","mean_ms":11.11970125,"sha":"52947438109AA3E5A58DEB4DDC28045C175C51A6473775A1C102008CE7810D2B"}
MODULES D:\DLSSNR-Lab\hip-backend\swin-persistent-20260929\flat-Q C32=D5CCA49957B8B3DB4BACC4A821FD4F754EDBA0FCADADA79DB3BB4CDBD9904CB7 C64=C8A88D27BE37A1A1C69282B07C55D22E5B5025DBF9978C8AC76F65AD118A5FD5
{"tag":"time-1080-2","mean_ms":11.131342500000002,"sha":"52947438109AA3E5A58DEB4DDC28045C175C51A6473775A1C102008CE7810D2B"}
MODULES D:\DLSSNR-Lab\hip-backend\swin-persistent-20260929\flat-A C32=D5CCA49957B8B3DB4BACC4A821FD4F754EDBA0FCADADA79DB3BB4CDBD9904CB7 C64=C8A88D27BE37A1A1C69282B07C55D22E5B5025DBF9978C8AC76F65AD118A5FD5
{"tag":"time-1080-3","mean_ms":11.201839999999997,"sha":"52947438109AA3E5A58DEB4DDC28045C175C51A6473775A1C102008CE7810D2B"}
MODULES D:\DLSSNR-Lab\hip-backend\swin-persistent-20260929\flat-A C32=D5CCA49957B8B3DB4BACC4A821FD4F754EDBA0FCADADA79DB3BB4CDBD9904CB7 C64=C8A88D27BE37A1A1C69282B07C55D22E5B5025DBF9978C8AC76F65AD118A5FD5
{"tag":"time-900-0","mean_ms":8.396275000000001,"sha":"54D7C1B454CD475AD2C12C2375AA6908FB9A3A7226F0901961EB49145EAAD689"}
MODULES D:\DLSSNR-Lab\hip-backend\swin-persistent-20260929\flat-Q C32=D5CCA49957B8B3DB4BACC4A821FD4F754EDBA0FCADADA79DB3BB4CDBD9904CB7 C64=C8A88D27BE37A1A1C69282B07C55D22E5B5025DBF9978C8AC76F65AD118A5FD5
{"tag":"time-900-1","mean_ms":8.23053250000001,"sha":"54D7C1B454CD475AD2C12C2375AA6908FB9A3A7226F0901961EB49145EAAD689"}
MODULES D:\DLSSNR-Lab\hip-backend\swin-persistent-20260929\flat-Q C32=D5CCA49957B8B3DB4BACC4A821FD4F754EDBA0FCADADA79DB3BB4CDBD9904CB7 C64=C8A88D27BE37A1A1C69282B07C55D22E5B5025DBF9978C8AC76F65AD118A5FD5
{"tag":"time-900-2","mean_ms":8.2413299999999925,"sha":"54D7C1B454CD475AD2C12C2375AA6908FB9A3A7226F0901961EB49145EAAD689"}
MODULES D:\DLSSNR-Lab\hip-backend\swin-persistent-20260929\flat-A C32=D5CCA49957B8B3DB4BACC4A821FD4F754EDBA0FCADADA79DB3BB4CDBD9904CB7 C64=C8A88D27BE37A1A1C69282B07C55D22E5B5025DBF9978C8AC76F65AD118A5FD5
{"tag":"time-900-3","mean_ms":8.4016237499999953,"sha":"54D7C1B454CD475AD2C12C2375AA6908FB9A3A7226F0901961EB49145EAAD689"}
MODULES D:\DLSSNR-Lab\hip-backend\swin-persistent-20260929\flat-A C32=D5CCA49957B8B3DB4BACC4A821FD4F754EDBA0FCADADA79DB3BB4CDBD9904CB7 C64=C8A88D27BE37A1A1C69282B07C55D22E5B5025DBF9978C8AC76F65AD118A5FD5
{"tag":"time-1080-0","mean_ms":11.204951250000013,"sha":"52947438109AA3E5A58DEB4DDC28045C175C51A6473775A1C102008CE7810D2B"}
MODULES D:\DLSSNR-Lab\hip-backend\swin-persistent-20260929\flat-Q C32=D5CCA49957B8B3DB4BACC4A821FD4F754EDBA0FCADADA79DB3BB4CDBD9904CB7 C64=C8A88D27BE37A1A1C69282B07C55D22E5B5025DBF9978C8AC76F65AD118A5FD5
{"tag":"time-1080-1","mean_ms":11.1318825,"sha":"52947438109AA3E5A58DEB4DDC28045C175C51A6473775A1C102008CE7810D2B"}
MODULES D:\DLSSNR-Lab\hip-backend\swin-persistent-20260929\flat-Q C32=D5CCA49957B8B3DB4BACC4A821FD4F754EDBA0FCADADA79DB3BB4CDBD9904CB7 C64=C8A88D27BE37A1A1C69282B07C55D22E5B5025DBF9978C8AC76F65AD118A5FD5
{"tag":"time-1080-2","mean_ms":11.141645000000004,"sha":"52947438109AA3E5A58DEB4DDC28045C175C51A6473775A1C102008CE7810D2B"}
MODULES D:\DLSSNR-Lab\hip-backend\swin-persistent-20260929\flat-A C32=D5CCA49957B8B3DB4BACC4A821FD4F754EDBA0FCADADA79DB3BB4CDBD9904CB7 C64=C8A88D27BE37A1A1C69282B07C55D22E5B5025DBF9978C8AC76F65AD118A5FD5
{"tag":"time-1080-3","mean_ms":11.204530000000002,"sha":"52947438109AA3E5A58DEB4DDC28045C175C51A6473775A1C102008CE7810D2B"}
