[
    {
        "sha256":  "BA010DE7515E2A3882140AF816C80A4420D997E14F5B4D6C4B37E4A81C96CE07",
        "path":  "C:\\Program Files (x86)\\Steam\\steamapps\\common\\StellarBlade\\SB\\Binaries\\Win64\\dlss5-amd.addon64"
    },
    {
        "sha256":  "FBFB6676B829DAD7E020FB830586A16AA0EC6ADD78016DB48EF12E2AE1803231",
        "path":  "C:\\Program Files (x86)\\Steam\\steamapps\\common\\StellarBlade\\SB\\Binaries\\Win64\\dxgi.dll"
    },
    {
        "sha256":  "6630654CEFE238A8F4E0B509F5A0B47031C90B769C3087330331A9E3AECAA220",
        "path":  "C:\\Program Files (x86)\\Steam\\steamapps\\common\\StellarBlade\\SB\\Binaries\\Win64\\OptiScaler.ini"
    },
    {
        "sha256":  "48E60891965B2E8DDB03D0C8B3652C2F5EB8E1944F65B5ED7D019214A7F2C214",
        "path":  "C:\\Program Files (x86)\\Steam\\steamapps\\common\\StellarBlade\\SB\\Binaries\\Win64\\DLSS5-AMD\\native-game-flags.txt"
    }
]

DLSS5_MAKE_RESIDENT_EVERY=60
DLSS5_NETWORK_HEIGHT=auto
DLSS5_VIT_ADAPTIVE=1
DLSS5_DIRECT_IO=3
