seed=0 pattern=0
input format=RGBA16_FLOAT W=1296 H=720 invalid=0 min=0 max=34.53125 luma=0.0157641119 roi_luma=0.0250669576
adapter=AMD Radeon RX 9070 XT
SP_PLAN c=128 first=10 layers=4 tasks=2257 initial=589 state_bytes=27100
SP_DONE c=128 first=10 tasks=2257 base=0 ms=1.263
SP_PLAN c=256 first=16 layers=6 tasks=893 initial=160 state_bytes=10732
SP_DONE c=256 first=16 tasks=893 base=0 ms=0.799
SP_PLAN c=256 first=49 layers=6 tasks=893 initial=160 state_bytes=10732
SP_DONE c=256 first=49 tasks=893 base=0 ms=0.714
frame=0 reset=1 wall_ms=1273.134 invalid=0 luma=0.01043502 roi=0.01611849 dark=837589 roi_dark=271139 changed_first=0 maxabs_first=0
SP_DONE c=128 first=10 tasks=2257 base=2257 ms=3.820
SP_DONE c=256 first=16 tasks=893 base=893 ms=0.867
SP_DONE c=256 first=49 tasks=893 base=893 ms=1.370
frame=1 reset=1 wall_ms=15.938 invalid=0 luma=0.01058388 roi=0.01638867 dark=835523 roi_dark=269962 changed_first=3613807 maxabs_first=15.45532
SP_DONE c=128 first=10 tasks=2257 base=4514 ms=6.743
SP_DONE c=256 first=16 tasks=893 base=1786 ms=0.873
SP_DONE c=256 first=49 tasks=893 base=1786 ms=1.380
frame=2 reset=1 wall_ms=16.528 invalid=0 luma=0.01059036 roi=0.01629655 dark=835709 roi_dark=270355 changed_first=3627108 maxabs_first=15.56181
SP_DONE c=128 first=10 tasks=2257 base=6771 ms=11.132
SP_DONE c=256 first=16 tasks=893 base=2679 ms=2.658
SP_DONE c=256 first=49 tasks=893 base=2679 ms=1.516
frame=3 reset=1 wall_ms=25.414 invalid=0 luma=0.01057726 roi=0.01619845 dark=835764 roi_dark=270744 changed_first=3643703 maxabs_first=15.57711
SP_DONE c=128 first=10 tasks=2257 base=9028 ms=3.928
SP_DONE c=256 first=16 tasks=893 base=3572 ms=0.875
SP_DONE c=256 first=49 tasks=893 base=3572 ms=1.405
frame=4 reset=1 wall_ms=15.342 invalid=0 luma=0.01058589 roi=0.016097 dark=836270 roi_dark=271564 changed_first=3651748 maxabs_first=15.57686
SP_DONE c=128 first=10 tasks=2257 base=11285 ms=3.933
SP_DONE c=256 first=16 tasks=893 base=4465 ms=0.859
SP_DONE c=256 first=49 tasks=893 base=4465 ms=1.369
frame=5 reset=1 wall_ms=13.618 invalid=0 luma=0.01055159 roi=0.01595096 dark=836585 roi_dark=271914 changed_first=3661716 maxabs_first=15.57282
SP_DONE c=128 first=10 tasks=2257 base=13542 ms=5.497
SP_DONE c=256 first=16 tasks=893 base=5358 ms=0.877
SP_DONE c=256 first=49 tasks=893 base=5358 ms=1.405
frame=6 reset=1 wall_ms=15.475 invalid=0 luma=0.01056649 roi=0.01593167 dark=836504 roi_dark=271962 changed_first=3662502 maxabs_first=15.57127
SP_DONE c=128 first=10 tasks=2257 base=15799 ms=11.242
SP_DONE c=256 first=16 tasks=893 base=6251 ms=2.770
SP_DONE c=256 first=49 tasks=893 base=6251 ms=1.406
frame=7 reset=1 wall_ms=25.767 invalid=0 luma=0.01059234 roi=0.01599504 dark=836009 roi_dark=271717 changed_first=3676455 maxabs_first=15.56163
SP_DONE c=128 first=10 tasks=2257 base=18056 ms=3.833
SP_DONE c=256 first=16 tasks=893 base=7144 ms=0.916
SP_DONE c=256 first=49 tasks=893 base=7144 ms=1.446
frame=8 reset=1 wall_ms=13.732 invalid=0 luma=0.0106066 roi=0.01597222 dark=836062 roi_dark=271951 changed_first=3680158 maxabs_first=15.56401
SP_DONE c=128 first=10 tasks=2257 base=20313 ms=4.365
SP_DONE c=256 first=16 tasks=893 base=8037 ms=1.092
SP_DONE c=256 first=49 tasks=893 base=8037 ms=1.580
frame=9 reset=1 wall_ms=16.423 invalid=0 luma=0.01059387 roi=0.01593037 dark=835664 roi_dark=271889 changed_first=3684441 maxabs_first=15.57291
SP_DONE c=128 first=10 tasks=2257 base=22570 ms=11.297
SP_DONE c=256 first=16 tasks=893 base=8930 ms=3.000
SP_DONE c=256 first=49 tasks=893 base=8930 ms=1.568
frame=10 reset=1 wall_ms=29.608 invalid=0 luma=0.01058156 roi=0.01584257 dark=835152 roi_dark=271857 changed_first=3688112 maxabs_first=15.57238
SP_DONE c=128 first=10 tasks=2257 base=24827 ms=6.481
SP_DONE c=256 first=16 tasks=893 base=9823 ms=1.113
SP_DONE c=256 first=49 tasks=893 base=9823 ms=1.532
frame=11 reset=1 wall_ms=17.466 invalid=0 luma=0.01054018 roi=0.0157031 dark=835526 roi_dark=272233 changed_first=3690961 maxabs_first=15.57399
SP_STATS runs=36 fallback=0 rollover=0 jobs=48516 disabled=0 errors=0
RESULT frames=12 temporal=0 mean_wall_ms=123.204 invalid_total=0 restored_capture_every_frame=1 HDR_preserved=1
