seed=1 pattern=0
input format=RGBA16_FLOAT W=2560 H=1440 invalid=0 min=0 max=1 luma=0.357899353 roi_luma=0.389746571
adapter=AMD Radeon RX 9070 XT
NET frame=0 gpu_ms=1085.877319
GEOMETRY valid=2560x1440 processing=2560x1472 tokens=960
frame=0 reset=1 wall_ms=1091.689 invalid=0 luma=0.3597704 roi=0.4268046 dark=101219 roi_dark=9829 changed_first=0 maxabs_first=0
NET frame=1 gpu_ms=33.272732
NET frame=2 gpu_ms=31.073299
NET frame=3 gpu_ms=31.187500
NET frame=4 gpu_ms=31.771999
NET frame=5 gpu_ms=31.795019
NET frame=6 gpu_ms=31.462601
NET frame=7 gpu_ms=31.809200
NET frame=8 gpu_ms=31.775700
NET frame=9 gpu_ms=31.876940
NET frame=10 gpu_ms=31.839800
NET frame=11 gpu_ms=31.753201
NET frame=12 gpu_ms=31.484699
NET frame=13 gpu_ms=31.881901
NET frame=14 gpu_ms=31.813101
NET frame=15 gpu_ms=32.025002
NET frame=16 gpu_ms=31.153900
NET frame=17 gpu_ms=31.629520
NET frame=18 gpu_ms=31.618481
NET frame=19 gpu_ms=31.776979
NET frame=20 gpu_ms=31.643280
NET frame=21 gpu_ms=31.666241
NET frame=22 gpu_ms=31.666901
NET frame=23 gpu_ms=31.663700
NET frame=24 gpu_ms=31.753260
NET frame=25 gpu_ms=31.904640
NET frame=26 gpu_ms=31.839439
NET frame=27 gpu_ms=31.511280
NET frame=28 gpu_ms=31.568140
NET frame=29 gpu_ms=31.644640
NET frame=30 gpu_ms=31.873079
NET frame=31 gpu_ms=31.698160
NET frame=32 gpu_ms=31.814960
NET frame=33 gpu_ms=31.724600
NET frame=34 gpu_ms=31.694321
NET frame=35 gpu_ms=31.882401
NET frame=36 gpu_ms=31.625179
NET frame=37 gpu_ms=31.614540
NET frame=38 gpu_ms=31.750780
NET frame=39 gpu_ms=31.692360
NET frame=40 gpu_ms=31.602221
NET frame=41 gpu_ms=31.883301
NET frame=42 gpu_ms=31.825199
NET frame=43 gpu_ms=31.791960
NET frame=44 gpu_ms=31.733980
NET frame=45 gpu_ms=31.440180
NET frame=46 gpu_ms=31.954359
NET frame=47 gpu_ms=31.834379
NET frame=48 gpu_ms=31.700661
NET frame=49 gpu_ms=31.752300
NET frame=50 gpu_ms=31.704180
NET frame=51 gpu_ms=31.631920
NET frame=52 gpu_ms=31.854441
NET frame=53 gpu_ms=31.689341
NET frame=54 gpu_ms=31.976320
NET frame=55 gpu_ms=31.812300
NET frame=56 gpu_ms=31.571920
NET frame=57 gpu_ms=31.986561
NET frame=58 gpu_ms=31.584061
NET frame=59 gpu_ms=31.925940
NET frame=60 gpu_ms=31.658300
NET frame=61 gpu_ms=31.688120
NET frame=62 gpu_ms=31.722200
NET frame=63 gpu_ms=31.852539
NET frame=64 gpu_ms=31.745199
NET frame=65 gpu_ms=31.548880
NET frame=66 gpu_ms=31.745720
NET frame=67 gpu_ms=31.787100
NET frame=68 gpu_ms=31.707861
NET frame=69 gpu_ms=31.593201
NET frame=70 gpu_ms=31.935760
NET frame=71 gpu_ms=31.609501
NET frame=72 gpu_ms=31.874460
NET frame=73 gpu_ms=31.630680
NET frame=74 gpu_ms=31.881840
NET frame=75 gpu_ms=31.721399
NET frame=76 gpu_ms=31.696621
NET frame=77 gpu_ms=31.886101
NET frame=78 gpu_ms=31.575899
NET frame=79 gpu_ms=31.944040
NET frame=80 gpu_ms=31.611300
NET frame=81 gpu_ms=31.644520
NET frame=82 gpu_ms=31.612980
NET frame=83 gpu_ms=31.766661
NET frame=84 gpu_ms=31.692301
NET frame=85 gpu_ms=31.699780
NET frame=86 gpu_ms=31.665001
NET frame=87 gpu_ms=31.760521
NET frame=88 gpu_ms=31.587320
NET frame=89 gpu_ms=31.902040
NET frame=90 gpu_ms=31.665400
NET frame=91 gpu_ms=31.607460
NET frame=92 gpu_ms=31.859980
NET frame=93 gpu_ms=31.698820
NET frame=94 gpu_ms=31.831560
NET frame=95 gpu_ms=31.756741
NET frame=96 gpu_ms=31.547461
NET frame=97 gpu_ms=31.793921
NET frame=98 gpu_ms=31.844879
NET frame=99 gpu_ms=31.918140
NET frame=100 gpu_ms=31.786501
NET frame=101 gpu_ms=31.726900
NET frame=102 gpu_ms=31.659559
NET frame=103 gpu_ms=31.848680
NET frame=104 gpu_ms=31.678221
NET frame=105 gpu_ms=31.763420
NET frame=106 gpu_ms=31.687620
NET frame=107 gpu_ms=31.903460
NET frame=108 gpu_ms=31.604700
NET frame=109 gpu_ms=32.015339
NET frame=110 gpu_ms=31.925020
NET frame=111 gpu_ms=31.752100
NET frame=112 gpu_ms=31.580400
NET frame=113 gpu_ms=31.813580
NET frame=114 gpu_ms=31.634781
NET frame=115 gpu_ms=31.755760
NET frame=116 gpu_ms=31.733561
NET frame=117 gpu_ms=31.827480
NET frame=118 gpu_ms=31.603140
NET frame=119 gpu_ms=31.708820
NET frame=120 gpu_ms=31.738840
NET frame=121 gpu_ms=31.624380
NET frame=122 gpu_ms=31.769979
NET frame=123 gpu_ms=31.747520
NET frame=124 gpu_ms=31.794621
NET frame=125 gpu_ms=31.686800
NET frame=126 gpu_ms=31.646040
NET frame=127 gpu_ms=31.795179
NET frame=128 gpu_ms=31.645781
NET frame=129 gpu_ms=31.895321
NET frame=130 gpu_ms=31.669319
NET frame=131 gpu_ms=31.716080
NET frame=132 gpu_ms=32.209782
NET frame=133 gpu_ms=31.487640
NET frame=134 gpu_ms=31.847540
NET frame=135 gpu_ms=32.024200
NET frame=136 gpu_ms=31.326620
NET frame=137 gpu_ms=31.992901
NET frame=138 gpu_ms=31.638380
NET frame=139 gpu_ms=31.847839
NET frame=140 gpu_ms=31.834881
NET frame=141 gpu_ms=31.692480
NET frame=142 gpu_ms=31.773920
NET frame=143 gpu_ms=31.754141
NET frame=144 gpu_ms=31.865580
NET frame=145 gpu_ms=31.833281
NET frame=146 gpu_ms=31.766439
NET frame=147 gpu_ms=31.693119
NET frame=148 gpu_ms=31.847740
NET frame=149 gpu_ms=31.747480
NET frame=150 gpu_ms=31.640579
NET frame=151 gpu_ms=31.868059
NET frame=152 gpu_ms=31.755039
NET frame=153 gpu_ms=32.025841
NET frame=154 gpu_ms=31.675739
NET frame=155 gpu_ms=31.740860
NET frame=156 gpu_ms=31.784201
NET frame=157 gpu_ms=31.839960
NET frame=158 gpu_ms=31.765400
NET frame=159 gpu_ms=31.774460
NET frame=160 gpu_ms=31.814659
NET frame=161 gpu_ms=31.548861
NET frame=162 gpu_ms=31.821899
NET frame=163 gpu_ms=31.835260
NET frame=164 gpu_ms=31.947901
NET frame=165 gpu_ms=31.772840
NET frame=166 gpu_ms=31.622940
NET frame=167 gpu_ms=31.610020
NET frame=168 gpu_ms=31.837561
NET frame=169 gpu_ms=31.623199
NET frame=170 gpu_ms=32.018681
NET frame=171 gpu_ms=31.731140
NET frame=172 gpu_ms=31.743601
NET frame=173 gpu_ms=31.912300
NET frame=174 gpu_ms=31.624981
NET frame=175 gpu_ms=31.820959
NET frame=176 gpu_ms=31.789980
NET frame=177 gpu_ms=31.631981
NET frame=178 gpu_ms=31.720140
NET frame=179 gpu_ms=31.765579
NET frame=180 gpu_ms=31.800360
NET frame=181 gpu_ms=31.624121
NET frame=182 gpu_ms=31.652861
NET frame=183 gpu_ms=31.858860
NET frame=184 gpu_ms=32.122318
NET frame=185 gpu_ms=31.452181
NET frame=186 gpu_ms=31.854481
NET frame=187 gpu_ms=31.491760
NET frame=188 gpu_ms=31.787960
NET frame=189 gpu_ms=31.854240
NET frame=190 gpu_ms=31.696760
NET frame=191 gpu_ms=31.858101
NET frame=192 gpu_ms=31.476440
NET frame=193 gpu_ms=31.840940
NET frame=194 gpu_ms=31.684139
NET frame=195 gpu_ms=31.723860
NET frame=196 gpu_ms=31.747061
NET frame=197 gpu_ms=31.719681
NET frame=198 gpu_ms=31.762621
NET frame=199 gpu_ms=31.824940
frame=199 reset=1 wall_ms=33.506 invalid=0 luma=0.3597704 roi=0.4268046 dark=101219 roi_dark=9829 changed_first=0 maxabs_first=0
SP_STATS runs=0 fallback=0 rollover=0 jobs=0 disabled=0 errors=0
RESULT frames=200 temporal=0 mean_wall_ms=38.691 invalid_total=0 restored_capture_every_frame=1 HDR_preserved=1
