flat-P vit-stream A081106D9A20ECD816F1A7D19865157AD75C42334E7078B39A68D4874B149D20
MODULES D:\DLSSNR-Lab\hip-backend\vit-qkv-20260929\flat-A C32=D5CCA49957B8B3DB4BACC4A821FD4F754EDBA0FCADADA79DB3BB4CDBD9904CB7 C64=C8A88D27BE37A1A1C69282B07C55D22E5B5025DBF9978C8AC76F65AD118A5FD5
{"tag":"900-static-False","mean_ms":10.127454545454546,"sha":"54D7C1B454CD475AD2C12C2375AA6908FB9A3A7226F0901961EB49145EAAD689"}
MODULES D:\DLSSNR-Lab\hip-backend\vit-qkv-20260929\flat-P C32=D5CCA49957B8B3DB4BACC4A821FD4F754EDBA0FCADADA79DB3BB4CDBD9904CB7 C64=C8A88D27BE37A1A1C69282B07C55D22E5B5025DBF9978C8AC76F65AD118A5FD5
{"tag":"900-static-True","mean_ms":9.7930909090909086,"sha":"54D7C1B454CD475AD2C12C2375AA6908FB9A3A7226F0901961EB49145EAAD689"}
SAME 900-static-False 900-static-True
MODULES D:\DLSSNR-Lab\hip-backend\vit-qkv-20260929\flat-A C32=D5CCA49957B8B3DB4BACC4A821FD4F754EDBA0FCADADA79DB3BB4CDBD9904CB7 C64=C8A88D27BE37A1A1C69282B07C55D22E5B5025DBF9978C8AC76F65AD118A5FD5
{"tag":"900-motion-False","mean_ms":9.9105454545454545,"sha":"5475F39A1C6B8F1F3BA64154327376F7520166A25C297B8ADB08A7BAEB5A8F95"}
MODULES D:\DLSSNR-Lab\hip-backend\vit-qkv-20260929\flat-P C32=D5CCA49957B8B3DB4BACC4A821FD4F754EDBA0FCADADA79DB3BB4CDBD9904CB7 C64=C8A88D27BE37A1A1C69282B07C55D22E5B5025DBF9978C8AC76F65AD118A5FD5
{"tag":"900-motion-True","mean_ms":9.81181818181818,"sha":"5475F39A1C6B8F1F3BA64154327376F7520166A25C297B8ADB08A7BAEB5A8F95"}
SAME 900-motion-False 900-motion-True
MODULES D:\DLSSNR-Lab\hip-backend\vit-qkv-20260929\flat-A C32=D5CCA49957B8B3DB4BACC4A821FD4F754EDBA0FCADADA79DB3BB4CDBD9904CB7 C64=C8A88D27BE37A1A1C69282B07C55D22E5B5025DBF9978C8AC76F65AD118A5FD5
{"tag":"1080-static-False","mean_ms":12.671,"sha":"52947438109AA3E5A58DEB4DDC28045C175C51A6473775A1C102008CE7810D2B"}
MODULES D:\DLSSNR-Lab\hip-backend\vit-qkv-20260929\flat-P C32=D5CCA49957B8B3DB4BACC4A821FD4F754EDBA0FCADADA79DB3BB4CDBD9904CB7 C64=C8A88D27BE37A1A1C69282B07C55D22E5B5025DBF9978C8AC76F65AD118A5FD5
{"tag":"1080-static-True","mean_ms":12.856181818181817,"sha":"52947438109AA3E5A58DEB4DDC28045C175C51A6473775A1C102008CE7810D2B"}
SAME 1080-static-False 1080-static-True
MODULES D:\DLSSNR-Lab\hip-backend\vit-qkv-20260929\flat-A C32=D5CCA49957B8B3DB4BACC4A821FD4F754EDBA0FCADADA79DB3BB4CDBD9904CB7 C64=C8A88D27BE37A1A1C69282B07C55D22E5B5025DBF9978C8AC76F65AD118A5FD5
{"tag":"1080-motion-False","mean_ms":12.697363636363638,"sha":"EF3EF3F43305E89547E3440D075E511B6F9B4F032E7C68F3D21782B6823F369E"}
MODULES D:\DLSSNR-Lab\hip-backend\vit-qkv-20260929\flat-P C32=D5CCA49957B8B3DB4BACC4A821FD4F754EDBA0FCADADA79DB3BB4CDBD9904CB7 C64=C8A88D27BE37A1A1C69282B07C55D22E5B5025DBF9978C8AC76F65AD118A5FD5
{"tag":"1080-motion-True","mean_ms":13.25272727272727,"sha":"EF3EF3F43305E89547E3440D075E511B6F9B4F032E7C68F3D21782B6823F369E"}
SAME 1080-motion-False 1080-motion-True
MODULES D:\DLSSNR-Lab\hip-backend\vit-qkv-20260929\flat-A C32=D5CCA49957B8B3DB4BACC4A821FD4F754EDBA0FCADADA79DB3BB4CDBD9904CB7 C64=C8A88D27BE37A1A1C69282B07C55D22E5B5025DBF9978C8AC76F65AD118A5FD5
{"tag":"720-motion-False","mean_ms":8.3721818181818168,"sha":"C90688A2E7E641A03DF002D81B77251384C93EF3992E9F57D747009433B76A5D"}
MODULES D:\DLSSNR-Lab\hip-backend\vit-qkv-20260929\flat-P C32=D5CCA49957B8B3DB4BACC4A821FD4F754EDBA0FCADADA79DB3BB4CDBD9904CB7 C64=C8A88D27BE37A1A1C69282B07C55D22E5B5025DBF9978C8AC76F65AD118A5FD5
{"tag":"720-motion-True","mean_ms":6.7704545454545446,"sha":"C90688A2E7E641A03DF002D81B77251384C93EF3992E9F57D747009433B76A5D"}
SAME 720-motion-False 720-motion-True
MODULES D:\DLSSNR-Lab\hip-backend\vit-qkv-20260929\flat-A C32=D5CCA49957B8B3DB4BACC4A821FD4F754EDBA0FCADADA79DB3BB4CDBD9904CB7 C64=C8A88D27BE37A1A1C69282B07C55D22E5B5025DBF9978C8AC76F65AD118A5FD5
{"tag":"900-history-False","mean_ms":10.913545454545455,"sha":"D0D899C190F04ABFA969CF73787B04B80E8700A3E66B843291398D53FBBC3FA5"}
MODULES D:\DLSSNR-Lab\hip-backend\vit-qkv-20260929\flat-P C32=D5CCA49957B8B3DB4BACC4A821FD4F754EDBA0FCADADA79DB3BB4CDBD9904CB7 C64=C8A88D27BE37A1A1C69282B07C55D22E5B5025DBF9978C8AC76F65AD118A5FD5
{"tag":"900-history-True","mean_ms":9.929,"sha":"D0D899C190F04ABFA969CF73787B04B80E8700A3E66B843291398D53FBBC3FA5"}
SAME 900-history-False 900-history-True
MODULES D:\DLSSNR-Lab\hip-backend\vit-qkv-20260929\flat-A C32=D5CCA49957B8B3DB4BACC4A821FD4F754EDBA0FCADADA79DB3BB4CDBD9904CB7 C64=C8A88D27BE37A1A1C69282B07C55D22E5B5025DBF9978C8AC76F65AD118A5FD5
{"tag":"1080-history-False","mean_ms":13.548181818181819,"sha":"266C89831F10DBDE1C05B5CDF894D881E70C7DC8C4F9892D265C2AC32E171762"}
MODULES D:\DLSSNR-Lab\hip-backend\vit-qkv-20260929\flat-P C32=D5CCA49957B8B3DB4BACC4A821FD4F754EDBA0FCADADA79DB3BB4CDBD9904CB7 C64=C8A88D27BE37A1A1C69282B07C55D22E5B5025DBF9978C8AC76F65AD118A5FD5
{"tag":"1080-history-True","mean_ms":14.044272727272727,"sha":"266C89831F10DBDE1C05B5CDF894D881E70C7DC8C4F9892D265C2AC32E171762"}
SAME 1080-history-False 1080-history-True
MODULES D:\DLSSNR-Lab\hip-backend\vit-qkv-20260929\flat-A C32=D5CCA49957B8B3DB4BACC4A821FD4F754EDBA0FCADADA79DB3BB4CDBD9904CB7 C64=C8A88D27BE37A1A1C69282B07C55D22E5B5025DBF9978C8AC76F65AD118A5FD5
{"tag":"900-static-False","mean_ms":11.868727272727272,"sha":"54D7C1B454CD475AD2C12C2375AA6908FB9A3A7226F0901961EB49145EAAD689"}
MODULES D:\DLSSNR-Lab\hip-backend\vit-qkv-20260929\flat-P C32=D5CCA49957B8B3DB4BACC4A821FD4F754EDBA0FCADADA79DB3BB4CDBD9904CB7 C64=C8A88D27BE37A1A1C69282B07C55D22E5B5025DBF9978C8AC76F65AD118A5FD5
{"tag":"900-static-True","mean_ms":12.392000000000001,"sha":"54D7C1B454CD475AD2C12C2375AA6908FB9A3A7226F0901961EB49145EAAD689"}
SAME 900-static-False 900-static-True
MODULES D:\DLSSNR-Lab\hip-backend\vit-qkv-20260929\flat-A C32=D5CCA49957B8B3DB4BACC4A821FD4F754EDBA0FCADADA79DB3BB4CDBD9904CB7 C64=C8A88D27BE37A1A1C69282B07C55D22E5B5025DBF9978C8AC76F65AD118A5FD5
{"tag":"900-motion-False","mean_ms":16.739,"sha":"5475F39A1C6B8F1F3BA64154327376F7520166A25C297B8ADB08A7BAEB5A8F95"}
MODULES D:\DLSSNR-Lab\hip-backend\vit-qkv-20260929\flat-P C32=D5CCA49957B8B3DB4BACC4A821FD4F754EDBA0FCADADA79DB3BB4CDBD9904CB7 C64=C8A88D27BE37A1A1C69282B07C55D22E5B5025DBF9978C8AC76F65AD118A5FD5
{"tag":"900-motion-True","mean_ms":13.07390909090909,"sha":"5475F39A1C6B8F1F3BA64154327376F7520166A25C297B8ADB08A7BAEB5A8F95"}
SAME 900-motion-False 900-motion-True
MODULES D:\DLSSNR-Lab\hip-backend\vit-qkv-20260929\flat-A C32=D5CCA49957B8B3DB4BACC4A821FD4F754EDBA0FCADADA79DB3BB4CDBD9904CB7 C64=C8A88D27BE37A1A1C69282B07C55D22E5B5025DBF9978C8AC76F65AD118A5FD5
{"tag":"1080-static-False","mean_ms":14.190181818181816,"sha":"52947438109AA3E5A58DEB4DDC28045C175C51A6473775A1C102008CE7810D2B"}
MODULES D:\DLSSNR-Lab\hip-backend\vit-qkv-20260929\flat-P C32=D5CCA49957B8B3DB4BACC4A821FD4F754EDBA0FCADADA79DB3BB4CDBD9904CB7 C64=C8A88D27BE37A1A1C69282B07C55D22E5B5025DBF9978C8AC76F65AD118A5FD5
{"tag":"1080-static-True","mean_ms":13.482999999999999,"sha":"52947438109AA3E5A58DEB4DDC28045C175C51A6473775A1C102008CE7810D2B"}
SAME 1080-static-False 1080-static-True
MODULES D:\DLSSNR-Lab\hip-backend\vit-qkv-20260929\flat-A C32=D5CCA49957B8B3DB4BACC4A821FD4F754EDBA0FCADADA79DB3BB4CDBD9904CB7 C64=C8A88D27BE37A1A1C69282B07C55D22E5B5025DBF9978C8AC76F65AD118A5FD5
{"tag":"1080-motion-False","mean_ms":18.360545454545459,"sha":"20EBE3294DF3C8747A3CE17052E214B3492E86DEB2EE9FD007F746937C8ECA61"}
MODULES D:\DLSSNR-Lab\hip-backend\vit-qkv-20260929\flat-P C32=D5CCA49957B8B3DB4BACC4A821FD4F754EDBA0FCADADA79DB3BB4CDBD9904CB7 C64=C8A88D27BE37A1A1C69282B07C55D22E5B5025DBF9978C8AC76F65AD118A5FD5
{"tag":"1080-motion-True","mean_ms":14.655636363636363,"sha":"20EBE3294DF3C8747A3CE17052E214B3492E86DEB2EE9FD007F746937C8ECA61"}
SAME 1080-motion-False 1080-motion-True
MODULES D:\DLSSNR-Lab\hip-backend\vit-qkv-20260929\flat-A C32=D5CCA49957B8B3DB4BACC4A821FD4F754EDBA0FCADADA79DB3BB4CDBD9904CB7 C64=C8A88D27BE37A1A1C69282B07C55D22E5B5025DBF9978C8AC76F65AD118A5FD5
{"tag":"720-motion-False","mean_ms":11.725,"sha":"9DF9122ACADE184B91D36A66FEFCFAC8E841ECC7C5BB06DF9FFFAE0F44112F77"}
MODULES D:\DLSSNR-Lab\hip-backend\vit-qkv-20260929\flat-P C32=D5CCA49957B8B3DB4BACC4A821FD4F754EDBA0FCADADA79DB3BB4CDBD9904CB7 C64=C8A88D27BE37A1A1C69282B07C55D22E5B5025DBF9978C8AC76F65AD118A5FD5
{"tag":"720-motion-True","mean_ms":11.315090909090909,"sha":"9DF9122ACADE184B91D36A66FEFCFAC8E841ECC7C5BB06DF9FFFAE0F44112F77"}
SAME 720-motion-False 720-motion-True
MODULES D:\DLSSNR-Lab\hip-backend\vit-qkv-20260929\flat-A C32=D5CCA49957B8B3DB4BACC4A821FD4F754EDBA0FCADADA79DB3BB4CDBD9904CB7 C64=C8A88D27BE37A1A1C69282B07C55D22E5B5025DBF9978C8AC76F65AD118A5FD5
{"tag":"900-history-False","mean_ms":14.741181818181817,"sha":"F41C89C1E78298BF3CFD381824189E1C87C31B5FCDAA889A357CD1A68BBC6E4B"}
MODULES D:\DLSSNR-Lab\hip-backend\vit-qkv-20260929\flat-P C32=D5CCA49957B8B3DB4BACC4A821FD4F754EDBA0FCADADA79DB3BB4CDBD9904CB7 C64=C8A88D27BE37A1A1C69282B07C55D22E5B5025DBF9978C8AC76F65AD118A5FD5
{"tag":"900-history-True","mean_ms":14.242090909090907,"sha":"F41C89C1E78298BF3CFD381824189E1C87C31B5FCDAA889A357CD1A68BBC6E4B"}
SAME 900-history-False 900-history-True
MODULES D:\DLSSNR-Lab\hip-backend\vit-qkv-20260929\flat-A C32=D5CCA49957B8B3DB4BACC4A821FD4F754EDBA0FCADADA79DB3BB4CDBD9904CB7 C64=C8A88D27BE37A1A1C69282B07C55D22E5B5025DBF9978C8AC76F65AD118A5FD5
{"tag":"1080-history-False","mean_ms":18.351636363636363,"sha":"25131680EC7E66F966385AD36E0FB0AF59EC8879CF776BBD972A97845FED62F9"}
MODULES D:\DLSSNR-Lab\hip-backend\vit-qkv-20260929\flat-P C32=D5CCA49957B8B3DB4BACC4A821FD4F754EDBA0FCADADA79DB3BB4CDBD9904CB7 C64=C8A88D27BE37A1A1C69282B07C55D22E5B5025DBF9978C8AC76F65AD118A5FD5
{"tag":"1080-history-True","mean_ms":16.231454545454547,"sha":"25131680EC7E66F966385AD36E0FB0AF59EC8879CF776BBD972A97845FED62F9"}
SAME 1080-history-False 1080-history-True
MODULES D:\DLSSNR-Lab\hip-backend\vit-qkv-20260929\flat-A C32=D5CCA49957B8B3DB4BACC4A821FD4F754EDBA0FCADADA79DB3BB4CDBD9904CB7 C64=C8A88D27BE37A1A1C69282B07C55D22E5B5025DBF9978C8AC76F65AD118A5FD5
{"tag":"900-history-False","mean_ms":9.91890909090909,"sha":"D0D899C190F04ABFA969CF73787B04B80E8700A3E66B843291398D53FBBC3FA5"}
MODULES D:\DLSSNR-Lab\hip-backend\vit-qkv-20260929\flat-P C32=D5CCA49957B8B3DB4BACC4A821FD4F754EDBA0FCADADA79DB3BB4CDBD9904CB7 C64=C8A88D27BE37A1A1C69282B07C55D22E5B5025DBF9978C8AC76F65AD118A5FD5
{"tag":"900-history-True","mean_ms":12.195363636363636,"sha":"D0D899C190F04ABFA969CF73787B04B80E8700A3E66B843291398D53FBBC3FA5"}
SAME 900-history-False 900-history-True
MODULES D:\DLSSNR-Lab\hip-backend\vit-qkv-20260929\flat-A C32=D5CCA49957B8B3DB4BACC4A821FD4F754EDBA0FCADADA79DB3BB4CDBD9904CB7 C64=C8A88D27BE37A1A1C69282B07C55D22E5B5025DBF9978C8AC76F65AD118A5FD5
{"tag":"1080-history-False","mean_ms":14.590818181818181,"sha":"266C89831F10DBDE1C05B5CDF894D881E70C7DC8C4F9892D265C2AC32E171762"}
MODULES D:\DLSSNR-Lab\hip-backend\vit-qkv-20260929\flat-P C32=D5CCA49957B8B3DB4BACC4A821FD4F754EDBA0FCADADA79DB3BB4CDBD9904CB7 C64=C8A88D27BE37A1A1C69282B07C55D22E5B5025DBF9978C8AC76F65AD118A5FD5
{"tag":"1080-history-True","mean_ms":14.428818181818183,"sha":"266C89831F10DBDE1C05B5CDF894D881E70C7DC8C4F9892D265C2AC32E171762"}
SAME 1080-history-False 1080-history-True
MODULES D:\DLSSNR-Lab\hip-backend\vit-qkv-20260929\flat-A C32=D5CCA49957B8B3DB4BACC4A821FD4F754EDBA0FCADADA79DB3BB4CDBD9904CB7 C64=C8A88D27BE37A1A1C69282B07C55D22E5B5025DBF9978C8AC76F65AD118A5FD5
{"tag":"900-history-False","mean_ms":13.312818181818182,"sha":"F41C89C1E78298BF3CFD381824189E1C87C31B5FCDAA889A357CD1A68BBC6E4B"}
MODULES D:\DLSSNR-Lab\hip-backend\vit-qkv-20260929\flat-P C32=D5CCA49957B8B3DB4BACC4A821FD4F754EDBA0FCADADA79DB3BB4CDBD9904CB7 C64=C8A88D27BE37A1A1C69282B07C55D22E5B5025DBF9978C8AC76F65AD118A5FD5
{"tag":"900-history-True","mean_ms":14.280272727272727,"sha":"F41C89C1E78298BF3CFD381824189E1C87C31B5FCDAA889A357CD1A68BBC6E4B"}
SAME 900-history-False 900-history-True
MODULES D:\DLSSNR-Lab\hip-backend\vit-qkv-20260929\flat-A C32=D5CCA49957B8B3DB4BACC4A821FD4F754EDBA0FCADADA79DB3BB4CDBD9904CB7 C64=C8A88D27BE37A1A1C69282B07C55D22E5B5025DBF9978C8AC76F65AD118A5FD5
{"tag":"1080-history-False","mean_ms":18.802272727272726,"sha":"25131680EC7E66F966385AD36E0FB0AF59EC8879CF776BBD972A97845FED62F9"}
MODULES D:\DLSSNR-Lab\hip-backend\vit-qkv-20260929\flat-P C32=D5CCA49957B8B3DB4BACC4A821FD4F754EDBA0FCADADA79DB3BB4CDBD9904CB7 C64=C8A88D27BE37A1A1C69282B07C55D22E5B5025DBF9978C8AC76F65AD118A5FD5
{"tag":"1080-history-True","mean_ms":18.459,"sha":"25131680EC7E66F966385AD36E0FB0AF59EC8879CF776BBD972A97845FED62F9"}
SAME 1080-history-False 1080-history-True
MODULES D:\DLSSNR-Lab\hip-backend\vit-qkv-20260929\flat-A C32=D5CCA49957B8B3DB4BACC4A821FD4F754EDBA0FCADADA79DB3BB4CDBD9904CB7 C64=C8A88D27BE37A1A1C69282B07C55D22E5B5025DBF9978C8AC76F65AD118A5FD5
{"tag":"time-900-0","mean_ms":8.0229462499999951,"sha":"54D7C1B454CD475AD2C12C2375AA6908FB9A3A7226F0901961EB49145EAAD689"}
MODULES D:\DLSSNR-Lab\hip-backend\vit-qkv-20260929\flat-P C32=D5CCA49957B8B3DB4BACC4A821FD4F754EDBA0FCADADA79DB3BB4CDBD9904CB7 C64=C8A88D27BE37A1A1C69282B07C55D22E5B5025DBF9978C8AC76F65AD118A5FD5
{"tag":"time-900-1","mean_ms":7.9909112499999928,"sha":"54D7C1B454CD475AD2C12C2375AA6908FB9A3A7226F0901961EB49145EAAD689"}
MODULES D:\DLSSNR-Lab\hip-backend\vit-qkv-20260929\flat-P C32=D5CCA49957B8B3DB4BACC4A821FD4F754EDBA0FCADADA79DB3BB4CDBD9904CB7 C64=C8A88D27BE37A1A1C69282B07C55D22E5B5025DBF9978C8AC76F65AD118A5FD5
{"tag":"time-900-2","mean_ms":8.01793875,"sha":"54D7C1B454CD475AD2C12C2375AA6908FB9A3A7226F0901961EB49145EAAD689"}
MODULES D:\DLSSNR-Lab\hip-backend\vit-qkv-20260929\flat-A C32=D5CCA49957B8B3DB4BACC4A821FD4F754EDBA0FCADADA79DB3BB4CDBD9904CB7 C64=C8A88D27BE37A1A1C69282B07C55D22E5B5025DBF9978C8AC76F65AD118A5FD5
{"tag":"time-900-3","mean_ms":8.0527825000000046,"sha":"54D7C1B454CD475AD2C12C2375AA6908FB9A3A7226F0901961EB49145EAAD689"}
MODULES D:\DLSSNR-Lab\hip-backend\vit-qkv-20260929\flat-A C32=D5CCA49957B8B3DB4BACC4A821FD4F754EDBA0FCADADA79DB3BB4CDBD9904CB7 C64=C8A88D27BE37A1A1C69282B07C55D22E5B5025DBF9978C8AC76F65AD118A5FD5
{"tag":"time-1080-0","mean_ms":10.918290000000018,"sha":"52947438109AA3E5A58DEB4DDC28045C175C51A6473775A1C102008CE7810D2B"}
MODULES D:\DLSSNR-Lab\hip-backend\vit-qkv-20260929\flat-P C32=D5CCA49957B8B3DB4BACC4A821FD4F754EDBA0FCADADA79DB3BB4CDBD9904CB7 C64=C8A88D27BE37A1A1C69282B07C55D22E5B5025DBF9978C8AC76F65AD118A5FD5
{"tag":"time-1080-1","mean_ms":10.826272499999993,"sha":"52947438109AA3E5A58DEB4DDC28045C175C51A6473775A1C102008CE7810D2B"}
MODULES D:\DLSSNR-Lab\hip-backend\vit-qkv-20260929\flat-P C32=D5CCA49957B8B3DB4BACC4A821FD4F754EDBA0FCADADA79DB3BB4CDBD9904CB7 C64=C8A88D27BE37A1A1C69282B07C55D22E5B5025DBF9978C8AC76F65AD118A5FD5
{"tag":"time-1080-2","mean_ms":10.844347500000017,"sha":"52947438109AA3E5A58DEB4DDC28045C175C51A6473775A1C102008CE7810D2B"}
MODULES D:\DLSSNR-Lab\hip-backend\vit-qkv-20260929\flat-A C32=D5CCA49957B8B3DB4BACC4A821FD4F754EDBA0FCADADA79DB3BB4CDBD9904CB7 C64=C8A88D27BE37A1A1C69282B07C55D22E5B5025DBF9978C8AC76F65AD118A5FD5
{"tag":"time-1080-3","mean_ms":10.91292375,"sha":"52947438109AA3E5A58DEB4DDC28045C175C51A6473775A1C102008CE7810D2B"}
MODULES D:\DLSSNR-Lab\hip-backend\vit-qkv-20260929\flat-A C32=D5CCA49957B8B3DB4BACC4A821FD4F754EDBA0FCADADA79DB3BB4CDBD9904CB7 C64=C8A88D27BE37A1A1C69282B07C55D22E5B5025DBF9978C8AC76F65AD118A5FD5
{"tag":"time-900-0","mean_ms":8.0649912499999985,"sha":"54D7C1B454CD475AD2C12C2375AA6908FB9A3A7226F0901961EB49145EAAD689"}
MODULES D:\DLSSNR-Lab\hip-backend\vit-qkv-20260929\flat-P C32=D5CCA49957B8B3DB4BACC4A821FD4F754EDBA0FCADADA79DB3BB4CDBD9904CB7 C64=C8A88D27BE37A1A1C69282B07C55D22E5B5025DBF9978C8AC76F65AD118A5FD5
{"tag":"time-900-1","mean_ms":8.0139687500000019,"sha":"54D7C1B454CD475AD2C12C2375AA6908FB9A3A7226F0901961EB49145EAAD689"}
MODULES D:\DLSSNR-Lab\hip-backend\vit-qkv-20260929\flat-P C32=D5CCA49957B8B3DB4BACC4A821FD4F754EDBA0FCADADA79DB3BB4CDBD9904CB7 C64=C8A88D27BE37A1A1C69282B07C55D22E5B5025DBF9978C8AC76F65AD118A5FD5
{"tag":"time-900-2","mean_ms":8.05141125,"sha":"54D7C1B454CD475AD2C12C2375AA6908FB9A3A7226F0901961EB49145EAAD689"}
MODULES D:\DLSSNR-Lab\hip-backend\vit-qkv-20260929\flat-A C32=D5CCA49957B8B3DB4BACC4A821FD4F754EDBA0FCADADA79DB3BB4CDBD9904CB7 C64=C8A88D27BE37A1A1C69282B07C55D22E5B5025DBF9978C8AC76F65AD118A5FD5
{"tag":"time-900-3","mean_ms":8.0822274999999948,"sha":"54D7C1B454CD475AD2C12C2375AA6908FB9A3A7226F0901961EB49145EAAD689"}
MODULES D:\DLSSNR-Lab\hip-backend\vit-qkv-20260929\flat-A C32=D5CCA49957B8B3DB4BACC4A821FD4F754EDBA0FCADADA79DB3BB4CDBD9904CB7 C64=C8A88D27BE37A1A1C69282B07C55D22E5B5025DBF9978C8AC76F65AD118A5FD5
{"tag":"time-1080-0","mean_ms":10.981620000000007,"sha":"52947438109AA3E5A58DEB4DDC28045C175C51A6473775A1C102008CE7810D2B"}
MODULES D:\DLSSNR-Lab\hip-backend\vit-qkv-20260929\flat-P C32=D5CCA49957B8B3DB4BACC4A821FD4F754EDBA0FCADADA79DB3BB4CDBD9904CB7 C64=C8A88D27BE37A1A1C69282B07C55D22E5B5025DBF9978C8AC76F65AD118A5FD5
{"tag":"time-1080-1","mean_ms":10.885235000000007,"sha":"52947438109AA3E5A58DEB4DDC28045C175C51A6473775A1C102008CE7810D2B"}
MODULES D:\DLSSNR-Lab\hip-backend\vit-qkv-20260929\flat-P C32=D5CCA49957B8B3DB4BACC4A821FD4F754EDBA0FCADADA79DB3BB4CDBD9904CB7 C64=C8A88D27BE37A1A1C69282B07C55D22E5B5025DBF9978C8AC76F65AD118A5FD5
{"tag":"time-1080-2","mean_ms":10.874693750000013,"sha":"52947438109AA3E5A58DEB4DDC28045C175C51A6473775A1C102008CE7810D2B"}
MODULES D:\DLSSNR-Lab\hip-backend\vit-qkv-20260929\flat-A C32=D5CCA49957B8B3DB4BACC4A821FD4F754EDBA0FCADADA79DB3BB4CDBD9904CB7 C64=C8A88D27BE37A1A1C69282B07C55D22E5B5025DBF9978C8AC76F65AD118A5FD5
{"tag":"time-1080-3","mean_ms":10.956289999999994,"sha":"52947438109AA3E5A58DEB4DDC28045C175C51A6473775A1C102008CE7810D2B"}
