seed=1 pattern=0
input format=RGBA16_FLOAT W=2560 H=1440 invalid=0 min=0 max=1 luma=0.357899353 roi_luma=0.389746571
adapter=AMD Radeon RX 9070 XT
NET frame=0 gpu_ms=1212.398071
GEOMETRY valid=2560x1440 processing=2560x1472 tokens=960
frame=0 reset=1 wall_ms=1218.053 invalid=0 luma=0.3596833 roi=0.4035345 dark=1325 roi_dark=232 changed_first=0 maxabs_first=0
NET frame=1 gpu_ms=25.260731
NET frame=2 gpu_ms=16.158800
NET frame=3 gpu_ms=15.769000
NET frame=4 gpu_ms=15.555700
NET frame=5 gpu_ms=15.747500
NET frame=6 gpu_ms=15.499800
NET frame=7 gpu_ms=15.760000
NET frame=8 gpu_ms=15.723700
NET frame=9 gpu_ms=15.703700
NET frame=10 gpu_ms=15.740300
NET frame=11 gpu_ms=15.703600
NET frame=12 gpu_ms=15.637600
NET frame=13 gpu_ms=15.896300
NET frame=14 gpu_ms=15.737500
NET frame=15 gpu_ms=16.001400
NET frame=16 gpu_ms=16.098921
NET frame=17 gpu_ms=15.943300
NET frame=18 gpu_ms=15.903800
NET frame=19 gpu_ms=15.916400
NET frame=20 gpu_ms=16.000401
NET frame=21 gpu_ms=15.950000
NET frame=22 gpu_ms=16.041599
NET frame=23 gpu_ms=16.019199
NET frame=24 gpu_ms=15.942860
NET frame=25 gpu_ms=15.907700
NET frame=26 gpu_ms=15.830500
NET frame=27 gpu_ms=16.054701
NET frame=28 gpu_ms=15.910200
NET frame=29 gpu_ms=15.975100
NET frame=30 gpu_ms=15.850500
NET frame=31 gpu_ms=16.161200
NET frame=32 gpu_ms=15.922100
NET frame=33 gpu_ms=16.165001
NET frame=34 gpu_ms=16.154200
NET frame=35 gpu_ms=15.972100
NET frame=36 gpu_ms=16.099300
NET frame=37 gpu_ms=16.129601
NET frame=38 gpu_ms=15.960000
NET frame=39 gpu_ms=16.108500
NET frame=40 gpu_ms=16.412220
NET frame=41 gpu_ms=16.062799
NET frame=42 gpu_ms=15.929000
NET frame=43 gpu_ms=16.048201
NET frame=44 gpu_ms=16.058100
NET frame=45 gpu_ms=16.070900
NET frame=46 gpu_ms=15.964500
NET frame=47 gpu_ms=16.041599
NET frame=48 gpu_ms=15.890960
NET frame=49 gpu_ms=15.794660
NET frame=50 gpu_ms=16.118460
NET frame=51 gpu_ms=15.845940
NET frame=52 gpu_ms=16.010401
NET frame=53 gpu_ms=16.015860
NET frame=54 gpu_ms=16.085779
NET frame=55 gpu_ms=15.897340
NET frame=56 gpu_ms=15.957920
NET frame=57 gpu_ms=16.206800
NET frame=58 gpu_ms=16.221901
NET frame=59 gpu_ms=15.736540
NET frame=60 gpu_ms=15.808780
NET frame=61 gpu_ms=15.736560
NET frame=62 gpu_ms=16.089781
NET frame=63 gpu_ms=16.129040
NET frame=64 gpu_ms=16.001659
NET frame=65 gpu_ms=15.821440
NET frame=66 gpu_ms=16.094101
NET frame=67 gpu_ms=16.080940
NET frame=68 gpu_ms=16.095900
NET frame=69 gpu_ms=16.011259
NET frame=70 gpu_ms=16.025101
NET frame=71 gpu_ms=16.134800
NET frame=72 gpu_ms=15.992800
NET frame=73 gpu_ms=15.984300
NET frame=74 gpu_ms=15.978500
NET frame=75 gpu_ms=16.034760
NET frame=76 gpu_ms=15.885700
NET frame=77 gpu_ms=15.999920
NET frame=78 gpu_ms=16.001520
NET frame=79 gpu_ms=15.881900
NET frame=80 gpu_ms=16.004480
NET frame=81 gpu_ms=16.011801
NET frame=82 gpu_ms=15.831860
NET frame=83 gpu_ms=16.058540
NET frame=84 gpu_ms=16.188700
NET frame=85 gpu_ms=15.925800
NET frame=86 gpu_ms=16.060320
NET frame=87 gpu_ms=16.084700
NET frame=88 gpu_ms=16.001499
NET frame=89 gpu_ms=15.884240
NET frame=90 gpu_ms=15.869040
NET frame=91 gpu_ms=16.015020
NET frame=92 gpu_ms=15.929100
NET frame=93 gpu_ms=15.832300
NET frame=94 gpu_ms=15.960760
NET frame=95 gpu_ms=16.080740
NET frame=96 gpu_ms=16.017960
NET frame=97 gpu_ms=15.960220
NET frame=98 gpu_ms=15.992160
NET frame=99 gpu_ms=15.868120
NET frame=100 gpu_ms=16.064541
NET frame=101 gpu_ms=15.861300
NET frame=102 gpu_ms=16.043560
NET frame=103 gpu_ms=16.014200
NET frame=104 gpu_ms=15.933520
NET frame=105 gpu_ms=15.959980
NET frame=106 gpu_ms=15.893900
NET frame=107 gpu_ms=15.849080
NET frame=108 gpu_ms=15.977420
NET frame=109 gpu_ms=16.191700
NET frame=110 gpu_ms=15.880880
NET frame=111 gpu_ms=16.018101
NET frame=112 gpu_ms=15.989480
NET frame=113 gpu_ms=15.990400
NET frame=114 gpu_ms=16.099480
NET frame=115 gpu_ms=16.057301
NET frame=116 gpu_ms=15.811400
NET frame=117 gpu_ms=16.137100
NET frame=118 gpu_ms=16.047600
NET frame=119 gpu_ms=16.036301
NET frame=120 gpu_ms=15.805580
NET frame=121 gpu_ms=15.998100
NET frame=122 gpu_ms=16.148600
NET frame=123 gpu_ms=16.134001
NET frame=124 gpu_ms=15.881280
NET frame=125 gpu_ms=15.921160
NET frame=126 gpu_ms=16.106600
NET frame=127 gpu_ms=16.078600
NET frame=128 gpu_ms=15.758940
NET frame=129 gpu_ms=15.992180
NET frame=130 gpu_ms=15.826040
NET frame=131 gpu_ms=16.112700
NET frame=132 gpu_ms=15.909340
NET frame=133 gpu_ms=15.883480
NET frame=134 gpu_ms=15.945240
NET frame=135 gpu_ms=16.087500
NET frame=136 gpu_ms=15.934180
NET frame=137 gpu_ms=15.889180
NET frame=138 gpu_ms=16.162201
NET frame=139 gpu_ms=16.008600
NET frame=140 gpu_ms=15.873480
NET frame=141 gpu_ms=16.040880
NET frame=142 gpu_ms=15.960640
NET frame=143 gpu_ms=16.128059
NET frame=144 gpu_ms=15.787520
NET frame=145 gpu_ms=15.813840
NET frame=146 gpu_ms=16.182381
NET frame=147 gpu_ms=15.749960
NET frame=148 gpu_ms=16.048500
NET frame=149 gpu_ms=15.984020
NET frame=150 gpu_ms=15.782320
NET frame=151 gpu_ms=15.981200
NET frame=152 gpu_ms=15.891000
NET frame=153 gpu_ms=15.766140
NET frame=154 gpu_ms=16.024260
NET frame=155 gpu_ms=15.849100
NET frame=156 gpu_ms=15.900900
NET frame=157 gpu_ms=15.879780
NET frame=158 gpu_ms=15.829700
NET frame=159 gpu_ms=16.027201
NET frame=160 gpu_ms=16.064199
NET frame=161 gpu_ms=16.131639
NET frame=162 gpu_ms=16.137899
NET frame=163 gpu_ms=15.924300
NET frame=164 gpu_ms=15.891060
NET frame=165 gpu_ms=16.091900
NET frame=166 gpu_ms=15.986760
NET frame=167 gpu_ms=15.800460
NET frame=168 gpu_ms=15.922140
NET frame=169 gpu_ms=16.231899
NET frame=170 gpu_ms=15.825840
NET frame=171 gpu_ms=16.020500
NET frame=172 gpu_ms=15.811720
NET frame=173 gpu_ms=16.077959
NET frame=174 gpu_ms=15.924940
NET frame=175 gpu_ms=16.043940
NET frame=176 gpu_ms=15.827160
NET frame=177 gpu_ms=16.019760
NET frame=178 gpu_ms=15.973700
NET frame=179 gpu_ms=16.138300
NET frame=180 gpu_ms=15.744020
NET frame=181 gpu_ms=15.996600
NET frame=182 gpu_ms=16.115801
NET frame=183 gpu_ms=16.118000
NET frame=184 gpu_ms=16.076799
NET frame=185 gpu_ms=16.052401
NET frame=186 gpu_ms=16.057461
NET frame=187 gpu_ms=15.936240
NET frame=188 gpu_ms=15.935140
NET frame=189 gpu_ms=15.949940
NET frame=190 gpu_ms=15.913460
NET frame=191 gpu_ms=15.939860
NET frame=192 gpu_ms=15.936440
NET frame=193 gpu_ms=16.018999
NET frame=194 gpu_ms=15.773760
NET frame=195 gpu_ms=15.789680
NET frame=196 gpu_ms=15.892580
NET frame=197 gpu_ms=16.030939
NET frame=198 gpu_ms=15.970000
NET frame=199 gpu_ms=15.883680
frame=199 reset=1 wall_ms=17.427 invalid=0 luma=0.3596833 roi=0.4035345 dark=1325 roi_dark=232 changed_first=0 maxabs_first=0
SP_STATS runs=0 fallback=0 rollover=0 jobs=0 disabled=0 errors=0
RESULT frames=200 temporal=0 mean_wall_ms=23.536 invalid_total=0 restored_capture_every_frame=1 HDR_preserved=1
