seed=0 pattern=0
input format=RGBA16_FLOAT W=1296 H=720 invalid=0 min=0 max=34.53125 luma=0.0157641119 roi_luma=0.0250669576
adapter=AMD Radeon RX 9070 XT
SP_PLAN c=64 first=6 layers=2 tasks=3111 initial=1581 state_bytes=37348
SP_DONE c=64 first=6 tasks=3111 base=0 ms=0.844
SP_PLAN c=256 first=16 layers=6 tasks=624 initial=104 state_bytes=7504
SP_DONE c=256 first=16 tasks=624 base=0 ms=0.681
SP_PLAN c=256 first=49 layers=6 tasks=624 initial=104 state_bytes=7504
SP_DONE c=256 first=49 tasks=624 base=0 ms=0.530
frame=0 reset=1 wall_ms=1286.130 invalid=0 luma=0.01004178 roi=0.01568267 dark=842326 roi_dark=274409 changed_first=0 maxabs_first=0
SP_DONE c=64 first=6 tasks=3111 base=3111 ms=4.740
SP_DONE c=256 first=16 tasks=624 base=624 ms=2.549
SP_DONE c=256 first=49 tasks=624 base=624 ms=1.160
frame=1 reset=1 wall_ms=19.854 invalid=0 luma=0.01008482 roi=0.01563533 dark=841836 roi_dark=273789 changed_first=3599046 maxabs_first=15.45532
SP_DONE c=64 first=6 tasks=3111 base=6222 ms=4.640
SP_DONE c=256 first=16 tasks=624 base=1248 ms=1.251
SP_DONE c=256 first=49 tasks=624 base=1248 ms=1.253
frame=2 reset=1 wall_ms=13.444 invalid=0 luma=0.01009764 roi=0.01554612 dark=841465 roi_dark=274230 changed_first=3613977 maxabs_first=15.56181
SP_DONE c=64 first=6 tasks=3111 base=9333 ms=2.395
SP_DONE c=256 first=16 tasks=624 base=1872 ms=1.244
SP_DONE c=256 first=49 tasks=624 base=1872 ms=1.144
frame=3 reset=1 wall_ms=11.082 invalid=0 luma=0.0100854 roi=0.01544253 dark=841676 roi_dark=274579 changed_first=3630190 maxabs_first=15.57711
SP_DONE c=64 first=6 tasks=3111 base=12444 ms=2.455
SP_DONE c=256 first=16 tasks=624 base=2496 ms=1.227
SP_DONE c=256 first=49 tasks=624 base=2496 ms=1.243
frame=4 reset=1 wall_ms=11.454 invalid=0 luma=0.01008573 roi=0.01539639 dark=841585 roi_dark=274642 changed_first=3640084 maxabs_first=15.57686
SP_DONE c=64 first=6 tasks=3111 base=15555 ms=2.673
SP_DONE c=256 first=16 tasks=624 base=3120 ms=1.217
SP_DONE c=256 first=49 tasks=624 base=3120 ms=1.192
frame=5 reset=1 wall_ms=12.544 invalid=0 luma=0.01010562 roi=0.01532429 dark=841571 roi_dark=274757 changed_first=3652286 maxabs_first=15.57282
SP_DONE c=64 first=6 tasks=3111 base=18666 ms=2.361
SP_DONE c=256 first=16 tasks=624 base=3744 ms=1.225
SP_DONE c=256 first=49 tasks=624 base=3744 ms=1.141
frame=6 reset=1 wall_ms=11.009 invalid=0 luma=0.01016058 roi=0.01534807 dark=841782 roi_dark=275293 changed_first=3653185 maxabs_first=15.57127
SP_DONE c=64 first=6 tasks=3111 base=21777 ms=2.829
SP_DONE c=256 first=16 tasks=624 base=4368 ms=1.226
SP_DONE c=256 first=49 tasks=624 base=4368 ms=1.235
frame=7 reset=1 wall_ms=11.571 invalid=0 luma=0.010131 roi=0.01530866 dark=841782 roi_dark=275232 changed_first=3666280 maxabs_first=15.56163
SP_DONE c=64 first=6 tasks=3111 base=24888 ms=2.307
SP_DONE c=256 first=16 tasks=624 base=4992 ms=1.238
SP_DONE c=256 first=49 tasks=624 base=4992 ms=1.185
frame=8 reset=1 wall_ms=12.165 invalid=0 luma=0.01004213 roi=0.01523903 dark=842220 roi_dark=275510 changed_first=3668669 maxabs_first=15.56401
SP_DONE c=64 first=6 tasks=3111 base=27999 ms=2.438
SP_DONE c=256 first=16 tasks=624 base=5616 ms=1.352
SP_DONE c=256 first=49 tasks=624 base=5616 ms=1.484
frame=9 reset=1 wall_ms=13.199 invalid=0 luma=0.01008287 roi=0.01525153 dark=842242 roi_dark=275933 changed_first=3674246 maxabs_first=15.57291
SP_DONE c=64 first=6 tasks=3111 base=31110 ms=2.368
SP_DONE c=256 first=16 tasks=624 base=6240 ms=1.415
SP_DONE c=256 first=49 tasks=624 base=6240 ms=1.542
frame=10 reset=1 wall_ms=13.110 invalid=0 luma=0.01005785 roi=0.0151586 dark=842016 roi_dark=275987 changed_first=3677699 maxabs_first=15.57238
SP_DONE c=64 first=6 tasks=3111 base=34221 ms=2.396
SP_DONE c=256 first=16 tasks=624 base=6864 ms=1.470
SP_DONE c=256 first=49 tasks=624 base=6864 ms=1.479
frame=11 reset=1 wall_ms=13.781 invalid=0 luma=0.01004094 roi=0.01512375 dark=842185 roi_dark=275851 changed_first=3681934 maxabs_first=15.57399
SP_STATS runs=36 fallback=0 rollover=0 jobs=52308 disabled=0 errors=0
RESULT frames=12 temporal=0 mean_wall_ms=119.112 invalid_total=0 restored_capture_every_frame=1 HDR_preserved=1
