seed=1 pattern=0
input format=RGBA16_FLOAT W=2560 H=1440 invalid=0 min=0 max=1 luma=0.357899353 roi_luma=0.389746571
adapter=AMD Radeon RX 9070 XT
NET frame=0 gpu_ms=1197.295898
GEOMETRY valid=2560x1440 processing=2560x1472 tokens=960
frame=0 reset=1 wall_ms=1205.430 invalid=0 luma=0.3596833 roi=0.4035345 dark=1325 roi_dark=232 changed_first=0 maxabs_first=0
NET frame=1 gpu_ms=18.183620
NET frame=2 gpu_ms=16.163799
NET frame=3 gpu_ms=16.007900
NET frame=4 gpu_ms=15.827600
NET frame=5 gpu_ms=15.829400
NET frame=6 gpu_ms=15.751000
NET frame=7 gpu_ms=15.669000
NET frame=8 gpu_ms=15.661700
NET frame=9 gpu_ms=15.830300
NET frame=10 gpu_ms=15.798600
NET frame=11 gpu_ms=15.827100
NET frame=12 gpu_ms=15.830500
NET frame=13 gpu_ms=15.665800
NET frame=14 gpu_ms=15.759400
NET frame=15 gpu_ms=16.011200
NET frame=16 gpu_ms=16.151760
NET frame=17 gpu_ms=16.008200
NET frame=18 gpu_ms=16.077900
NET frame=19 gpu_ms=16.080099
NET frame=20 gpu_ms=16.426300
NET frame=21 gpu_ms=15.835500
NET frame=22 gpu_ms=15.895620
NET frame=23 gpu_ms=15.933400
NET frame=24 gpu_ms=15.985600
NET frame=25 gpu_ms=15.920040
NET frame=26 gpu_ms=16.023600
NET frame=27 gpu_ms=16.074200
NET frame=28 gpu_ms=15.925300
NET frame=29 gpu_ms=15.992500
NET frame=30 gpu_ms=15.841900
NET frame=31 gpu_ms=15.928600
NET frame=32 gpu_ms=15.947500
NET frame=33 gpu_ms=15.965200
NET frame=34 gpu_ms=16.024000
NET frame=35 gpu_ms=16.017799
NET frame=36 gpu_ms=16.155899
NET frame=37 gpu_ms=16.128700
NET frame=38 gpu_ms=16.002399
NET frame=39 gpu_ms=16.021200
NET frame=40 gpu_ms=16.273100
NET frame=41 gpu_ms=16.079599
NET frame=42 gpu_ms=15.947140
NET frame=43 gpu_ms=16.143600
NET frame=44 gpu_ms=15.920200
NET frame=45 gpu_ms=16.021400
NET frame=46 gpu_ms=16.110399
NET frame=47 gpu_ms=16.053400
NET frame=48 gpu_ms=16.156700
NET frame=49 gpu_ms=16.005440
NET frame=50 gpu_ms=15.997460
NET frame=51 gpu_ms=15.845280
NET frame=52 gpu_ms=15.859320
NET frame=53 gpu_ms=16.112900
NET frame=54 gpu_ms=15.840180
NET frame=55 gpu_ms=15.915220
NET frame=56 gpu_ms=16.136101
NET frame=57 gpu_ms=15.909160
NET frame=58 gpu_ms=15.894300
NET frame=59 gpu_ms=15.974560
NET frame=60 gpu_ms=16.112801
NET frame=61 gpu_ms=15.833560
NET frame=62 gpu_ms=16.012341
NET frame=63 gpu_ms=15.833800
NET frame=64 gpu_ms=16.125401
NET frame=65 gpu_ms=15.890640
NET frame=66 gpu_ms=16.025700
NET frame=67 gpu_ms=16.048960
NET frame=68 gpu_ms=15.882540
NET frame=69 gpu_ms=16.095200
NET frame=70 gpu_ms=15.895640
NET frame=71 gpu_ms=15.974020
NET frame=72 gpu_ms=16.097601
NET frame=73 gpu_ms=16.121000
NET frame=74 gpu_ms=16.014940
NET frame=75 gpu_ms=16.054399
NET frame=76 gpu_ms=15.881540
NET frame=77 gpu_ms=15.967160
NET frame=78 gpu_ms=15.777920
NET frame=79 gpu_ms=16.099039
NET frame=80 gpu_ms=16.157200
NET frame=81 gpu_ms=15.834540
NET frame=82 gpu_ms=15.879340
NET frame=83 gpu_ms=16.190639
NET frame=84 gpu_ms=15.969600
NET frame=85 gpu_ms=16.094601
NET frame=86 gpu_ms=16.123301
NET frame=87 gpu_ms=16.090300
NET frame=88 gpu_ms=15.972880
NET frame=89 gpu_ms=16.037821
NET frame=90 gpu_ms=16.017799
NET frame=91 gpu_ms=16.110060
NET frame=92 gpu_ms=16.022600
NET frame=93 gpu_ms=15.937280
NET frame=94 gpu_ms=15.929820
NET frame=95 gpu_ms=16.195780
NET frame=96 gpu_ms=15.977120
NET frame=97 gpu_ms=16.192400
NET frame=98 gpu_ms=16.057301
NET frame=99 gpu_ms=15.694360
NET frame=100 gpu_ms=16.155500
NET frame=101 gpu_ms=15.841900
NET frame=102 gpu_ms=16.064600
NET frame=103 gpu_ms=16.063379
NET frame=104 gpu_ms=16.172140
NET frame=105 gpu_ms=15.940920
NET frame=106 gpu_ms=16.074039
NET frame=107 gpu_ms=15.881560
NET frame=108 gpu_ms=16.186300
NET frame=109 gpu_ms=15.939880
NET frame=110 gpu_ms=15.806320
NET frame=111 gpu_ms=15.801580
NET frame=112 gpu_ms=15.968240
NET frame=113 gpu_ms=15.931300
NET frame=114 gpu_ms=15.994700
NET frame=115 gpu_ms=16.048559
NET frame=116 gpu_ms=16.035200
NET frame=117 gpu_ms=15.909460
NET frame=118 gpu_ms=16.052299
NET frame=119 gpu_ms=16.076639
NET frame=120 gpu_ms=16.144100
NET frame=121 gpu_ms=15.879420
NET frame=122 gpu_ms=16.075439
NET frame=123 gpu_ms=16.146601
NET frame=124 gpu_ms=15.859340
NET frame=125 gpu_ms=16.182800
NET frame=126 gpu_ms=16.097900
NET frame=127 gpu_ms=16.032660
NET frame=128 gpu_ms=15.898000
NET frame=129 gpu_ms=16.009420
NET frame=130 gpu_ms=15.771140
NET frame=131 gpu_ms=16.059401
NET frame=132 gpu_ms=15.880960
NET frame=133 gpu_ms=15.820600
NET frame=134 gpu_ms=16.111000
NET frame=135 gpu_ms=15.946820
NET frame=136 gpu_ms=15.930320
NET frame=137 gpu_ms=15.993280
NET frame=138 gpu_ms=16.207500
NET frame=139 gpu_ms=15.946540
NET frame=140 gpu_ms=15.913400
NET frame=141 gpu_ms=16.056299
NET frame=142 gpu_ms=15.893220
NET frame=143 gpu_ms=16.095800
NET frame=144 gpu_ms=16.026899
NET frame=145 gpu_ms=16.134720
NET frame=146 gpu_ms=15.998200
NET frame=147 gpu_ms=15.815860
NET frame=148 gpu_ms=16.045401
NET frame=149 gpu_ms=15.914400
NET frame=150 gpu_ms=15.915740
NET frame=151 gpu_ms=15.995000
NET frame=152 gpu_ms=16.154400
NET frame=153 gpu_ms=16.034599
NET frame=154 gpu_ms=16.058880
NET frame=155 gpu_ms=16.191000
NET frame=156 gpu_ms=15.765600
NET frame=157 gpu_ms=16.055820
NET frame=158 gpu_ms=15.994480
NET frame=159 gpu_ms=15.917780
NET frame=160 gpu_ms=15.979440
NET frame=161 gpu_ms=16.183001
NET frame=162 gpu_ms=15.924980
NET frame=163 gpu_ms=16.007280
NET frame=164 gpu_ms=15.964240
NET frame=165 gpu_ms=16.152800
NET frame=166 gpu_ms=15.843860
NET frame=167 gpu_ms=16.095421
NET frame=168 gpu_ms=16.154600
NET frame=169 gpu_ms=16.003759
NET frame=170 gpu_ms=15.884720
NET frame=171 gpu_ms=16.033199
NET frame=172 gpu_ms=16.061859
NET frame=173 gpu_ms=16.009840
NET frame=174 gpu_ms=15.762880
NET frame=175 gpu_ms=15.861280
NET frame=176 gpu_ms=16.020361
NET frame=177 gpu_ms=16.168480
NET frame=178 gpu_ms=15.890280
NET frame=179 gpu_ms=16.060699
NET frame=180 gpu_ms=16.091600
NET frame=181 gpu_ms=16.071960
NET frame=182 gpu_ms=15.990280
NET frame=183 gpu_ms=15.853360
NET frame=184 gpu_ms=15.992660
NET frame=185 gpu_ms=16.268499
NET frame=186 gpu_ms=15.954620
NET frame=187 gpu_ms=16.064341
NET frame=188 gpu_ms=16.232960
NET frame=189 gpu_ms=16.015961
NET frame=190 gpu_ms=16.200701
NET frame=191 gpu_ms=15.942600
NET frame=192 gpu_ms=16.029499
NET frame=193 gpu_ms=15.884200
NET frame=194 gpu_ms=16.017241
NET frame=195 gpu_ms=15.976220
NET frame=196 gpu_ms=15.977040
NET frame=197 gpu_ms=15.926020
NET frame=198 gpu_ms=15.873420
NET frame=199 gpu_ms=16.067200
frame=199 reset=1 wall_ms=17.526 invalid=0 luma=0.3596833 roi=0.4035345 dark=1325 roi_dark=232 changed_first=0 maxabs_first=0
SP_STATS runs=0 fallback=0 rollover=0 jobs=0 disabled=0 errors=0
RESULT frames=200 temporal=0 mean_wall_ms=23.440 invalid_total=0 restored_capture_every_frame=1 HDR_preserved=1
