seed=0 pattern=0
input format=RGBA16_FLOAT W=1296 H=720 invalid=0 min=0 max=34.53125 luma=0.0157641119 roi_luma=0.0250669576
adapter=AMD Radeon RX 9070 XT
SP_PLAN c=256 first=16 layers=6 tasks=624 initial=104 state_bytes=7504 w16=1
SP_PLAN c=256 first=49 layers=6 tasks=624 initial=104 state_bytes=7504 w16=1
FRAME_NET_GPU frame=0 gpu_ms=1114.15015
frame=0 reset=1 wall_ms=1123.914 invalid=0 luma=0.01311046 roi=0.01994696 dark=808529 roi_dark=258288 changed_first=0 maxabs_first=0
FRAME_NET_GPU frame=1 gpu_ms=4.41203022
FRAME_NET_GPU frame=2 gpu_ms=4.8074398
FRAME_NET_GPU frame=3 gpu_ms=6.87669992
FRAME_NET_GPU frame=4 gpu_ms=6.73000002
FRAME_NET_GPU frame=5 gpu_ms=6.43300009
FRAME_NET_GPU frame=6 gpu_ms=6.35739994
FRAME_NET_GPU frame=7 gpu_ms=6.37209988
FRAME_NET_GPU frame=8 gpu_ms=6.30859995
FRAME_NET_GPU frame=9 gpu_ms=6.36310005
FRAME_NET_GPU frame=10 gpu_ms=6.42869997
FRAME_NET_GPU frame=11 gpu_ms=6.43860006
FRAME_NET_GPU frame=12 gpu_ms=6.33069992
FRAME_NET_GPU frame=13 gpu_ms=6.36250019
FRAME_NET_GPU frame=14 gpu_ms=6.28590012
FRAME_NET_GPU frame=15 gpu_ms=6.33129978
FRAME_NET_GPU frame=16 gpu_ms=6.59276009
FRAME_NET_GPU frame=17 gpu_ms=6.57130003
FRAME_NET_GPU frame=18 gpu_ms=6.45334005
FRAME_NET_GPU frame=19 gpu_ms=6.39525986
FRAME_NET_GPU frame=20 gpu_ms=6.5041399
FRAME_NET_GPU frame=21 gpu_ms=6.51558018
FRAME_NET_GPU frame=22 gpu_ms=6.55193996
FRAME_NET_GPU frame=23 gpu_ms=6.5079999
FRAME_NET_GPU frame=24 gpu_ms=6.49510002
FRAME_NET_GPU frame=25 gpu_ms=6.37044001
FRAME_NET_GPU frame=26 gpu_ms=6.53728008
FRAME_NET_GPU frame=27 gpu_ms=6.50954008
FRAME_NET_GPU frame=28 gpu_ms=6.43567991
FRAME_NET_GPU frame=29 gpu_ms=6.47804022
FRAME_NET_GPU frame=30 gpu_ms=6.51781988
FRAME_NET_GPU frame=31 gpu_ms=6.49654007
FRAME_NET_GPU frame=32 gpu_ms=6.35964012
FRAME_NET_GPU frame=33 gpu_ms=6.40946007
FRAME_NET_GPU frame=34 gpu_ms=6.47122002
FRAME_NET_GPU frame=35 gpu_ms=6.46350002
FRAME_NET_GPU frame=36 gpu_ms=6.5131402
FRAME_NET_GPU frame=37 gpu_ms=6.49913979
FRAME_NET_GPU frame=38 gpu_ms=6.44910002
FRAME_NET_GPU frame=39 gpu_ms=6.49978018
FRAME_NET_GPU frame=40 gpu_ms=6.5124402
FRAME_NET_GPU frame=41 gpu_ms=6.5199399
FRAME_NET_GPU frame=42 gpu_ms=6.42138004
FRAME_NET_GPU frame=43 gpu_ms=6.53467989
FRAME_NET_GPU frame=44 gpu_ms=6.50169992
FRAME_NET_GPU frame=45 gpu_ms=6.60491991
FRAME_NET_GPU frame=46 gpu_ms=6.59013987
FRAME_NET_GPU frame=47 gpu_ms=6.53492022
FRAME_NET_GPU frame=48 gpu_ms=6.61814022
FRAME_NET_GPU frame=49 gpu_ms=6.60489988
FRAME_NET_GPU frame=50 gpu_ms=6.5960598
FRAME_NET_GPU frame=51 gpu_ms=6.6391201
FRAME_NET_GPU frame=52 gpu_ms=6.58470011
FRAME_NET_GPU frame=53 gpu_ms=6.62122011
FRAME_NET_GPU frame=54 gpu_ms=6.56408024
FRAME_NET_GPU frame=55 gpu_ms=6.56782007
FRAME_NET_GPU frame=56 gpu_ms=6.5875802
FRAME_NET_GPU frame=57 gpu_ms=6.59477997
FRAME_NET_GPU frame=58 gpu_ms=6.60239983
FRAME_NET_GPU frame=59 gpu_ms=6.60234022
FRAME_NET_GPU frame=60 gpu_ms=6.66048002
FRAME_NET_GPU frame=61 gpu_ms=6.67865992
FRAME_NET_GPU frame=62 gpu_ms=6.63933992
FRAME_NET_GPU frame=63 gpu_ms=6.58084011
FRAME_NET_GPU frame=64 gpu_ms=6.51575994
FRAME_NET_GPU frame=65 gpu_ms=6.59371996
FRAME_NET_GPU frame=66 gpu_ms=6.51711988
FRAME_NET_GPU frame=67 gpu_ms=6.56230021
FRAME_NET_GPU frame=68 gpu_ms=6.64145994
FRAME_NET_GPU frame=69 gpu_ms=6.45416021
FRAME_NET_GPU frame=70 gpu_ms=6.5892601
FRAME_NET_GPU frame=71 gpu_ms=6.54506016
FRAME_NET_GPU frame=72 gpu_ms=6.53734016
FRAME_NET_GPU frame=73 gpu_ms=6.6600399
FRAME_NET_GPU frame=74 gpu_ms=6.57745981
FRAME_NET_GPU frame=75 gpu_ms=6.55658007
FRAME_NET_GPU frame=76 gpu_ms=6.74527979
FRAME_NET_GPU frame=77 gpu_ms=6.56190014
FRAME_NET_GPU frame=78 gpu_ms=6.55656004
FRAME_NET_GPU frame=79 gpu_ms=6.57738018
FRAME_NET_GPU frame=80 gpu_ms=6.50301981
FRAME_NET_GPU frame=81 gpu_ms=6.51136017
FRAME_NET_GPU frame=82 gpu_ms=6.57380009
FRAME_NET_GPU frame=83 gpu_ms=6.5717802
FRAME_NET_GPU frame=84 gpu_ms=6.56120014
FRAME_NET_GPU frame=85 gpu_ms=6.53312016
FRAME_NET_GPU frame=86 gpu_ms=6.55471992
FRAME_NET_GPU frame=87 gpu_ms=6.53722
FRAME_NET_GPU frame=88 gpu_ms=6.53380013
FRAME_NET_GPU frame=89 gpu_ms=6.68370008
FRAME_NET_GPU frame=90 gpu_ms=6.65197992
FRAME_NET_GPU frame=91 gpu_ms=6.62839985
FRAME_NET_GPU frame=92 gpu_ms=6.47406006
FRAME_NET_GPU frame=93 gpu_ms=6.50649977
FRAME_NET_GPU frame=94 gpu_ms=6.56566
FRAME_NET_GPU frame=95 gpu_ms=6.52139997
FRAME_NET_GPU frame=96 gpu_ms=6.63316011
FRAME_NET_GPU frame=97 gpu_ms=6.43359995
FRAME_NET_GPU frame=98 gpu_ms=6.53590012
FRAME_NET_GPU frame=99 gpu_ms=6.63952017
FRAME_NET_GPU frame=100 gpu_ms=6.54506016
FRAME_NET_GPU frame=101 gpu_ms=6.55064011
FRAME_NET_GPU frame=102 gpu_ms=6.6082201
FRAME_NET_GPU frame=103 gpu_ms=6.55613995
FRAME_NET_GPU frame=104 gpu_ms=6.51925993
FRAME_NET_GPU frame=105 gpu_ms=6.62979984
FRAME_NET_GPU frame=106 gpu_ms=6.56186008
FRAME_NET_GPU frame=107 gpu_ms=6.56073999
FRAME_NET_GPU frame=108 gpu_ms=6.62296009
FRAME_NET_GPU frame=109 gpu_ms=6.55198002
FRAME_NET_GPU frame=110 gpu_ms=6.47098017
FRAME_NET_GPU frame=111 gpu_ms=6.55976009
FRAME_NET_GPU frame=112 gpu_ms=6.56985998
FRAME_NET_GPU frame=113 gpu_ms=6.55618
FRAME_NET_GPU frame=114 gpu_ms=6.60551977
FRAME_NET_GPU frame=115 gpu_ms=6.66593981
FRAME_NET_GPU frame=116 gpu_ms=6.54004002
FRAME_NET_GPU frame=117 gpu_ms=6.57456017
FRAME_NET_GPU frame=118 gpu_ms=6.5936799
FRAME_NET_GPU frame=119 gpu_ms=6.53649998
FRAME_NET_GPU frame=120 gpu_ms=6.58273983
FRAME_NET_GPU frame=121 gpu_ms=6.62561989
FRAME_NET_GPU frame=122 gpu_ms=6.56345987
FRAME_NET_GPU frame=123 gpu_ms=6.55499983
FRAME_NET_GPU frame=124 gpu_ms=6.56619978
FRAME_NET_GPU frame=125 gpu_ms=6.52301979
FRAME_NET_GPU frame=126 gpu_ms=6.48666
FRAME_NET_GPU frame=127 gpu_ms=6.64309978
FRAME_NET_GPU frame=128 gpu_ms=6.63853979
FRAME_NET_GPU frame=129 gpu_ms=6.68654013
FRAME_NET_GPU frame=130 gpu_ms=6.63916016
FRAME_NET_GPU frame=131 gpu_ms=6.50992012
FRAME_NET_GPU frame=132 gpu_ms=6.60915995
FRAME_NET_GPU frame=133 gpu_ms=6.62508011
FRAME_NET_GPU frame=134 gpu_ms=6.48984003
FRAME_NET_GPU frame=135 gpu_ms=6.58697987
FRAME_NET_GPU frame=136 gpu_ms=6.84051991
FRAME_NET_GPU frame=137 gpu_ms=6.54638004
FRAME_NET_GPU frame=138 gpu_ms=6.69982004
FRAME_NET_GPU frame=139 gpu_ms=6.41996002
FRAME_NET_GPU frame=140 gpu_ms=6.50614023
FRAME_NET_GPU frame=141 gpu_ms=6.50449991
FRAME_NET_GPU frame=142 gpu_ms=6.52413988
FRAME_NET_GPU frame=143 gpu_ms=6.57501984
FRAME_NET_GPU frame=144 gpu_ms=6.56150007
FRAME_NET_GPU frame=145 gpu_ms=6.50545979
FRAME_NET_GPU frame=146 gpu_ms=6.59569979
FRAME_NET_GPU frame=147 gpu_ms=6.51064014
FRAME_NET_GPU frame=148 gpu_ms=6.69401979
FRAME_NET_GPU frame=149 gpu_ms=6.56502008
FRAME_NET_GPU frame=150 gpu_ms=6.48375988
FRAME_NET_GPU frame=151 gpu_ms=6.5637598
FRAME_NET_GPU frame=152 gpu_ms=6.63747978
FRAME_NET_GPU frame=153 gpu_ms=6.52042007
FRAME_NET_GPU frame=154 gpu_ms=6.50824022
FRAME_NET_GPU frame=155 gpu_ms=6.57505989
FRAME_NET_GPU frame=156 gpu_ms=6.53985977
FRAME_NET_GPU frame=157 gpu_ms=6.50144005
FRAME_NET_GPU frame=158 gpu_ms=6.38462019
FRAME_NET_GPU frame=159 gpu_ms=6.53719997
frame=159 reset=1 wall_ms=7.020 invalid=0 luma=0.01311046 roi=0.01994696 dark=808529 roi_dark=258288 changed_first=0 maxabs_first=0
SP_STATS runs=320 fallback=0 rollover=0 jobs=199680 disabled=0 errors=0
RESULT frames=160 temporal=0 mean_wall_ms=14.022 invalid_total=0 restored_capture_every_frame=1 HDR_preserved=1

