seed=1 pattern=0
input format=RGBA16_FLOAT W=2560 H=1440 invalid=0 min=0 max=1 luma=0.357899353 roi_luma=0.389746571
adapter=AMD Radeon RX 9070 XT
NET frame=0 gpu_ms=1177.023926
GEOMETRY valid=2560x1440 processing=2560x1472 tokens=960
frame=0 reset=1 wall_ms=1183.219 invalid=0 luma=0.3597704 roi=0.4268046 dark=101219 roi_dark=9829 changed_first=0 maxabs_first=0
NET frame=1 gpu_ms=34.291199
NET frame=2 gpu_ms=32.293800
NET frame=3 gpu_ms=32.875900
NET frame=4 gpu_ms=32.551922
NET frame=5 gpu_ms=32.921120
NET frame=6 gpu_ms=32.562740
NET frame=7 gpu_ms=32.785702
NET frame=8 gpu_ms=32.773739
NET frame=9 gpu_ms=32.841999
NET frame=10 gpu_ms=32.788200
NET frame=11 gpu_ms=32.859360
NET frame=12 gpu_ms=32.711319
NET frame=13 gpu_ms=32.869419
NET frame=14 gpu_ms=32.742962
NET frame=15 gpu_ms=32.624001
NET frame=16 gpu_ms=32.548801
NET frame=17 gpu_ms=32.671280
NET frame=18 gpu_ms=32.888222
NET frame=19 gpu_ms=32.741959
NET frame=20 gpu_ms=32.791840
NET frame=21 gpu_ms=32.972382
NET frame=22 gpu_ms=32.784618
NET frame=23 gpu_ms=32.618660
NET frame=24 gpu_ms=32.768459
NET frame=25 gpu_ms=33.062801
NET frame=26 gpu_ms=32.842178
NET frame=27 gpu_ms=32.524220
NET frame=28 gpu_ms=32.821758
NET frame=29 gpu_ms=32.728882
NET frame=30 gpu_ms=32.638882
NET frame=31 gpu_ms=32.815960
NET frame=32 gpu_ms=32.603161
NET frame=33 gpu_ms=33.049961
NET frame=34 gpu_ms=33.034698
NET frame=35 gpu_ms=32.995380
NET frame=36 gpu_ms=32.854641
NET frame=37 gpu_ms=32.909222
NET frame=38 gpu_ms=32.916420
NET frame=39 gpu_ms=32.680302
NET frame=40 gpu_ms=32.968140
NET frame=41 gpu_ms=32.770821
NET frame=42 gpu_ms=34.002079
NET frame=43 gpu_ms=31.985439
NET frame=44 gpu_ms=32.848240
NET frame=45 gpu_ms=32.856140
NET frame=46 gpu_ms=32.910320
NET frame=47 gpu_ms=32.970959
NET frame=48 gpu_ms=32.920761
NET frame=49 gpu_ms=33.124962
NET frame=50 gpu_ms=32.861221
NET frame=51 gpu_ms=32.732342
NET frame=52 gpu_ms=33.135139
NET frame=53 gpu_ms=32.909458
NET frame=54 gpu_ms=32.788040
NET frame=55 gpu_ms=33.087360
NET frame=56 gpu_ms=32.972359
NET frame=57 gpu_ms=32.879620
NET frame=58 gpu_ms=32.710918
NET frame=59 gpu_ms=32.993580
NET frame=60 gpu_ms=32.801659
NET frame=61 gpu_ms=33.188622
NET frame=62 gpu_ms=32.723621
NET frame=63 gpu_ms=32.882759
NET frame=64 gpu_ms=32.878960
NET frame=65 gpu_ms=33.058559
NET frame=66 gpu_ms=32.936600
NET frame=67 gpu_ms=32.742378
NET frame=68 gpu_ms=32.731682
NET frame=69 gpu_ms=32.991718
NET frame=70 gpu_ms=32.909599
NET frame=71 gpu_ms=32.879860
NET frame=72 gpu_ms=32.609322
NET frame=73 gpu_ms=33.093681
NET frame=74 gpu_ms=32.646702
NET frame=75 gpu_ms=33.099602
NET frame=76 gpu_ms=32.897640
NET frame=77 gpu_ms=32.755119
NET frame=78 gpu_ms=32.939861
NET frame=79 gpu_ms=32.771580
NET frame=80 gpu_ms=32.908878
NET frame=81 gpu_ms=32.561722
NET frame=82 gpu_ms=32.716541
NET frame=83 gpu_ms=32.903198
NET frame=84 gpu_ms=32.996300
NET frame=85 gpu_ms=32.560478
NET frame=86 gpu_ms=32.972500
NET frame=87 gpu_ms=32.889938
NET frame=88 gpu_ms=32.914558
NET frame=89 gpu_ms=32.748539
NET frame=90 gpu_ms=32.914181
NET frame=91 gpu_ms=33.022961
NET frame=92 gpu_ms=32.929619
NET frame=93 gpu_ms=32.709099
NET frame=94 gpu_ms=32.867241
NET frame=95 gpu_ms=33.009499
NET frame=96 gpu_ms=32.604099
NET frame=97 gpu_ms=33.040760
NET frame=98 gpu_ms=32.826279
NET frame=99 gpu_ms=32.883480
NET frame=100 gpu_ms=32.800282
NET frame=101 gpu_ms=32.905399
NET frame=102 gpu_ms=32.800121
NET frame=103 gpu_ms=32.899441
NET frame=104 gpu_ms=32.850739
NET frame=105 gpu_ms=33.304379
NET frame=106 gpu_ms=32.989700
NET frame=107 gpu_ms=32.834141
NET frame=108 gpu_ms=32.846722
NET frame=109 gpu_ms=32.771938
NET frame=110 gpu_ms=32.752319
NET frame=111 gpu_ms=33.083641
NET frame=112 gpu_ms=32.878620
NET frame=113 gpu_ms=32.830860
NET frame=114 gpu_ms=32.988762
NET frame=115 gpu_ms=32.976460
NET frame=116 gpu_ms=33.231220
NET frame=117 gpu_ms=32.687759
NET frame=118 gpu_ms=32.863361
NET frame=119 gpu_ms=32.766418
NET frame=120 gpu_ms=33.126579
NET frame=121 gpu_ms=32.811722
NET frame=122 gpu_ms=32.793320
NET frame=123 gpu_ms=32.838718
NET frame=124 gpu_ms=32.975239
NET frame=125 gpu_ms=32.624180
NET frame=126 gpu_ms=32.826118
NET frame=127 gpu_ms=32.754101
NET frame=128 gpu_ms=32.963440
NET frame=129 gpu_ms=32.946178
NET frame=130 gpu_ms=32.913361
NET frame=131 gpu_ms=33.033798
NET frame=132 gpu_ms=32.905319
NET frame=133 gpu_ms=32.778679
NET frame=134 gpu_ms=32.847000
NET frame=135 gpu_ms=33.272820
NET frame=136 gpu_ms=32.840321
NET frame=137 gpu_ms=32.881302
NET frame=138 gpu_ms=32.857059
NET frame=139 gpu_ms=32.944462
NET frame=140 gpu_ms=32.701462
NET frame=141 gpu_ms=32.977600
NET frame=142 gpu_ms=33.059860
NET frame=143 gpu_ms=32.738239
NET frame=144 gpu_ms=32.958019
NET frame=145 gpu_ms=32.795521
NET frame=146 gpu_ms=32.836140
NET frame=147 gpu_ms=32.790298
NET frame=148 gpu_ms=33.113621
NET frame=149 gpu_ms=32.821980
NET frame=150 gpu_ms=33.024200
NET frame=151 gpu_ms=32.838741
NET frame=152 gpu_ms=32.795280
NET frame=153 gpu_ms=32.872799
NET frame=154 gpu_ms=32.944279
NET frame=155 gpu_ms=32.850021
NET frame=156 gpu_ms=33.077339
NET frame=157 gpu_ms=32.893002
NET frame=158 gpu_ms=32.837601
NET frame=159 gpu_ms=32.850300
NET frame=160 gpu_ms=33.029202
NET frame=161 gpu_ms=32.957119
NET frame=162 gpu_ms=32.732841
NET frame=163 gpu_ms=32.935162
NET frame=164 gpu_ms=32.720181
NET frame=165 gpu_ms=32.759399
NET frame=166 gpu_ms=33.016022
NET frame=167 gpu_ms=32.597519
NET frame=168 gpu_ms=33.227482
NET frame=169 gpu_ms=32.877861
NET frame=170 gpu_ms=32.905460
NET frame=171 gpu_ms=32.867680
NET frame=172 gpu_ms=32.618500
NET frame=173 gpu_ms=32.870319
NET frame=174 gpu_ms=32.921040
NET frame=175 gpu_ms=32.541740
NET frame=176 gpu_ms=32.968739
NET frame=177 gpu_ms=32.600681
NET frame=178 gpu_ms=33.042141
NET frame=179 gpu_ms=32.620560
NET frame=180 gpu_ms=32.877579
NET frame=181 gpu_ms=32.887901
NET frame=182 gpu_ms=33.076500
NET frame=183 gpu_ms=32.848660
NET frame=184 gpu_ms=32.935841
NET frame=185 gpu_ms=32.610420
NET frame=186 gpu_ms=33.097599
NET frame=187 gpu_ms=32.937038
NET frame=188 gpu_ms=32.820461
NET frame=189 gpu_ms=32.922180
NET frame=190 gpu_ms=32.953838
NET frame=191 gpu_ms=32.779499
NET frame=192 gpu_ms=32.857780
NET frame=193 gpu_ms=32.815659
NET frame=194 gpu_ms=33.218781
NET frame=195 gpu_ms=33.045219
NET frame=196 gpu_ms=32.753681
NET frame=197 gpu_ms=32.668480
NET frame=198 gpu_ms=32.940060
NET frame=199 gpu_ms=32.857521
frame=199 reset=1 wall_ms=34.319 invalid=0 luma=0.3597704 roi=0.4268046 dark=101219 roi_dark=9829 changed_first=0 maxabs_first=0
SP_STATS runs=0 fallback=0 rollover=0 jobs=0 disabled=0 errors=0
RESULT frames=200 temporal=0 mean_wall_ms=40.258 invalid_total=0 restored_capture_every_frame=1 HDR_preserved=1
