seed=1 pattern=0
input format=RGBA16_FLOAT W=2560 H=1440 invalid=0 min=0 max=1 luma=0.357899353 roi_luma=0.389746571
adapter=AMD Radeon RX 9070 XT
NET frame=0 gpu_ms=1128.871460
GEOMETRY valid=2560x1440 processing=2560x1472 tokens=960
frame=0 reset=1 wall_ms=1134.505 invalid=0 luma=0.3596833 roi=0.4035345 dark=1325 roi_dark=232 changed_first=0 maxabs_first=0
NET frame=1 gpu_ms=18.762899
NET frame=2 gpu_ms=17.642500
NET frame=3 gpu_ms=17.448299
NET frame=4 gpu_ms=17.261200
NET frame=5 gpu_ms=17.294399
NET frame=6 gpu_ms=17.401501
NET frame=7 gpu_ms=17.327299
NET frame=8 gpu_ms=17.373501
NET frame=9 gpu_ms=17.353901
NET frame=10 gpu_ms=17.259800
NET frame=11 gpu_ms=17.305201
NET frame=12 gpu_ms=17.437201
NET frame=13 gpu_ms=17.457199
NET frame=14 gpu_ms=17.656099
NET frame=15 gpu_ms=17.517700
NET frame=16 gpu_ms=17.741899
NET frame=17 gpu_ms=17.587799
NET frame=18 gpu_ms=17.522461
NET frame=19 gpu_ms=17.473459
NET frame=20 gpu_ms=17.712000
NET frame=21 gpu_ms=17.605600
NET frame=22 gpu_ms=17.552299
NET frame=23 gpu_ms=17.647499
NET frame=24 gpu_ms=17.629900
NET frame=25 gpu_ms=17.589300
NET frame=26 gpu_ms=17.550100
NET frame=27 gpu_ms=17.642099
NET frame=28 gpu_ms=17.594900
NET frame=29 gpu_ms=17.747101
NET frame=30 gpu_ms=17.567699
NET frame=31 gpu_ms=17.652901
NET frame=32 gpu_ms=17.543159
NET frame=33 gpu_ms=17.689800
NET frame=34 gpu_ms=17.732401
NET frame=35 gpu_ms=17.689501
NET frame=36 gpu_ms=17.770599
NET frame=37 gpu_ms=17.724701
NET frame=38 gpu_ms=17.569901
NET frame=39 gpu_ms=17.613400
NET frame=40 gpu_ms=17.772499
NET frame=41 gpu_ms=17.596701
NET frame=42 gpu_ms=17.694401
NET frame=43 gpu_ms=17.569201
NET frame=44 gpu_ms=17.728201
NET frame=45 gpu_ms=17.900200
NET frame=46 gpu_ms=17.808100
NET frame=47 gpu_ms=17.913300
NET frame=48 gpu_ms=17.586540
NET frame=49 gpu_ms=17.720800
NET frame=50 gpu_ms=17.595739
NET frame=51 gpu_ms=17.786100
NET frame=52 gpu_ms=17.614401
NET frame=53 gpu_ms=17.723200
NET frame=54 gpu_ms=17.782600
NET frame=55 gpu_ms=17.726500
NET frame=56 gpu_ms=17.808380
NET frame=57 gpu_ms=17.461800
NET frame=58 gpu_ms=17.491859
NET frame=59 gpu_ms=17.601801
NET frame=60 gpu_ms=17.573700
NET frame=61 gpu_ms=17.678801
NET frame=62 gpu_ms=17.917801
NET frame=63 gpu_ms=17.713800
NET frame=64 gpu_ms=17.686399
NET frame=65 gpu_ms=17.533800
NET frame=66 gpu_ms=17.543600
NET frame=67 gpu_ms=17.607100
NET frame=68 gpu_ms=17.757700
NET frame=69 gpu_ms=17.906900
NET frame=70 gpu_ms=17.782600
NET frame=71 gpu_ms=17.840799
frame=71 reset=1 wall_ms=19.218 invalid=0 luma=0.3596833 roi=0.4035345 dark=1325 roi_dark=232 changed_first=0 maxabs_first=0
SP_STATS runs=0 fallback=0 rollover=0 jobs=0 disabled=0 errors=0
RESULT frames=72 temporal=0 mean_wall_ms=34.606 invalid_total=0 restored_capture_every_frame=1 HDR_preserved=1
