seed=0 pattern=0
input format=RGBA16_FLOAT W=1296 H=720 invalid=0 min=0 max=34.53125 luma=0.0157641119 roi_luma=0.0250669576
adapter=AMD Radeon RX 9070 XT
SP_PLAN c=256 first=16 layers=6 tasks=624 initial=104 state_bytes=7504 w16=1
SP_PLAN c=256 first=49 layers=6 tasks=624 initial=104 state_bytes=7504 w16=1
FRAME_NET_GPU frame=0 gpu_ms=1129.58337
frame=0 reset=1 wall_ms=1139.140 invalid=0 luma=0.01311046 roi=0.01994696 dark=808529 roi_dark=258288 changed_first=0 maxabs_first=0
FRAME_NET_GPU frame=1 gpu_ms=4.39552021
FRAME_NET_GPU frame=2 gpu_ms=4.74007988
FRAME_NET_GPU frame=3 gpu_ms=6.70940018
FRAME_NET_GPU frame=4 gpu_ms=6.61850023
FRAME_NET_GPU frame=5 gpu_ms=6.38850021
FRAME_NET_GPU frame=6 gpu_ms=6.2737999
FRAME_NET_GPU frame=7 gpu_ms=6.32410002
FRAME_NET_GPU frame=8 gpu_ms=6.36329985
FRAME_NET_GPU frame=9 gpu_ms=6.33139992
FRAME_NET_GPU frame=10 gpu_ms=6.29419994
FRAME_NET_GPU frame=11 gpu_ms=6.28999996
FRAME_NET_GPU frame=12 gpu_ms=6.26970005
FRAME_NET_GPU frame=13 gpu_ms=6.2967
FRAME_NET_GPU frame=14 gpu_ms=6.33010006
FRAME_NET_GPU frame=15 gpu_ms=6.33939981
FRAME_NET_GPU frame=16 gpu_ms=6.42354012
FRAME_NET_GPU frame=17 gpu_ms=6.50053978
FRAME_NET_GPU frame=18 gpu_ms=6.40409994
FRAME_NET_GPU frame=19 gpu_ms=6.48120022
FRAME_NET_GPU frame=20 gpu_ms=6.43319988
FRAME_NET_GPU frame=21 gpu_ms=6.53401995
FRAME_NET_GPU frame=22 gpu_ms=6.41298008
FRAME_NET_GPU frame=23 gpu_ms=6.52540016
FRAME_NET_GPU frame=24 gpu_ms=6.42133999
FRAME_NET_GPU frame=25 gpu_ms=6.42861986
FRAME_NET_GPU frame=26 gpu_ms=6.45947981
FRAME_NET_GPU frame=27 gpu_ms=6.50273991
FRAME_NET_GPU frame=28 gpu_ms=6.52678013
FRAME_NET_GPU frame=29 gpu_ms=6.44785976
FRAME_NET_GPU frame=30 gpu_ms=6.42587996
FRAME_NET_GPU frame=31 gpu_ms=6.44269991
FRAME_NET_GPU frame=32 gpu_ms=6.42564011
FRAME_NET_GPU frame=33 gpu_ms=6.44723988
FRAME_NET_GPU frame=34 gpu_ms=6.41251993
FRAME_NET_GPU frame=35 gpu_ms=6.37207985
FRAME_NET_GPU frame=36 gpu_ms=6.33803988
FRAME_NET_GPU frame=37 gpu_ms=6.68726015
FRAME_NET_GPU frame=38 gpu_ms=6.5914402
FRAME_NET_GPU frame=39 gpu_ms=6.64519978
FRAME_NET_GPU frame=40 gpu_ms=6.44755983
FRAME_NET_GPU frame=41 gpu_ms=6.51393986
FRAME_NET_GPU frame=42 gpu_ms=6.38923979
FRAME_NET_GPU frame=43 gpu_ms=6.44222021
FRAME_NET_GPU frame=44 gpu_ms=6.5770402
FRAME_NET_GPU frame=45 gpu_ms=6.60644007
FRAME_NET_GPU frame=46 gpu_ms=6.61815977
FRAME_NET_GPU frame=47 gpu_ms=6.53660011
FRAME_NET_GPU frame=48 gpu_ms=6.57246017
FRAME_NET_GPU frame=49 gpu_ms=6.59583998
FRAME_NET_GPU frame=50 gpu_ms=6.50496006
FRAME_NET_GPU frame=51 gpu_ms=6.59113979
FRAME_NET_GPU frame=52 gpu_ms=6.60281992
FRAME_NET_GPU frame=53 gpu_ms=6.52733994
FRAME_NET_GPU frame=54 gpu_ms=6.54127979
FRAME_NET_GPU frame=55 gpu_ms=6.55070019
FRAME_NET_GPU frame=56 gpu_ms=6.54262018
FRAME_NET_GPU frame=57 gpu_ms=6.50139999
FRAME_NET_GPU frame=58 gpu_ms=6.63562012
FRAME_NET_GPU frame=59 gpu_ms=6.50159979
FRAME_NET_GPU frame=60 gpu_ms=6.45991993
FRAME_NET_GPU frame=61 gpu_ms=6.52990007
FRAME_NET_GPU frame=62 gpu_ms=6.59034014
FRAME_NET_GPU frame=63 gpu_ms=6.42924023
FRAME_NET_GPU frame=64 gpu_ms=6.58067989
FRAME_NET_GPU frame=65 gpu_ms=6.56487989
FRAME_NET_GPU frame=66 gpu_ms=6.5325799
FRAME_NET_GPU frame=67 gpu_ms=6.59253979
FRAME_NET_GPU frame=68 gpu_ms=6.6332202
FRAME_NET_GPU frame=69 gpu_ms=6.55164003
FRAME_NET_GPU frame=70 gpu_ms=6.5240798
FRAME_NET_GPU frame=71 gpu_ms=6.57172012
FRAME_NET_GPU frame=72 gpu_ms=6.57382011
FRAME_NET_GPU frame=73 gpu_ms=6.59286022
FRAME_NET_GPU frame=74 gpu_ms=6.60124016
FRAME_NET_GPU frame=75 gpu_ms=6.59206009
FRAME_NET_GPU frame=76 gpu_ms=6.50801992
FRAME_NET_GPU frame=77 gpu_ms=6.56438017
FRAME_NET_GPU frame=78 gpu_ms=6.57607985
FRAME_NET_GPU frame=79 gpu_ms=6.59840012
FRAME_NET_GPU frame=80 gpu_ms=6.49499989
FRAME_NET_GPU frame=81 gpu_ms=6.52950001
FRAME_NET_GPU frame=82 gpu_ms=6.54445982
FRAME_NET_GPU frame=83 gpu_ms=6.62790012
FRAME_NET_GPU frame=84 gpu_ms=6.56065989
FRAME_NET_GPU frame=85 gpu_ms=6.64054012
FRAME_NET_GPU frame=86 gpu_ms=6.62833977
FRAME_NET_GPU frame=87 gpu_ms=6.58290005
FRAME_NET_GPU frame=88 gpu_ms=6.5387001
FRAME_NET_GPU frame=89 gpu_ms=6.48110008
FRAME_NET_GPU frame=90 gpu_ms=6.58979988
FRAME_NET_GPU frame=91 gpu_ms=6.59989977
FRAME_NET_GPU frame=92 gpu_ms=6.53965998
FRAME_NET_GPU frame=93 gpu_ms=6.46205997
FRAME_NET_GPU frame=94 gpu_ms=6.64777994
FRAME_NET_GPU frame=95 gpu_ms=6.49917984
FRAME_NET_GPU frame=96 gpu_ms=6.54008007
FRAME_NET_GPU frame=97 gpu_ms=6.57316017
FRAME_NET_GPU frame=98 gpu_ms=6.52750015
FRAME_NET_GPU frame=99 gpu_ms=6.52818012
FRAME_NET_GPU frame=100 gpu_ms=6.61740017
FRAME_NET_GPU frame=101 gpu_ms=6.50549984
FRAME_NET_GPU frame=102 gpu_ms=6.57586002
FRAME_NET_GPU frame=103 gpu_ms=6.57957983
FRAME_NET_GPU frame=104 gpu_ms=6.53272009
FRAME_NET_GPU frame=105 gpu_ms=6.75825977
FRAME_NET_GPU frame=106 gpu_ms=6.56485987
FRAME_NET_GPU frame=107 gpu_ms=6.61420012
FRAME_NET_GPU frame=108 gpu_ms=6.57687998
FRAME_NET_GPU frame=109 gpu_ms=6.54805994
FRAME_NET_GPU frame=110 gpu_ms=6.50502014
FRAME_NET_GPU frame=111 gpu_ms=6.50010014
FRAME_NET_GPU frame=112 gpu_ms=6.5766201
FRAME_NET_GPU frame=113 gpu_ms=6.65488005
FRAME_NET_GPU frame=114 gpu_ms=6.60690022
FRAME_NET_GPU frame=115 gpu_ms=6.53965998
FRAME_NET_GPU frame=116 gpu_ms=6.55210018
FRAME_NET_GPU frame=117 gpu_ms=6.66591978
FRAME_NET_GPU frame=118 gpu_ms=6.53213978
FRAME_NET_GPU frame=119 gpu_ms=6.52472019
FRAME_NET_GPU frame=120 gpu_ms=6.64455986
FRAME_NET_GPU frame=121 gpu_ms=6.48687983
FRAME_NET_GPU frame=122 gpu_ms=6.60379982
FRAME_NET_GPU frame=123 gpu_ms=6.48277998
FRAME_NET_GPU frame=124 gpu_ms=6.48411989
FRAME_NET_GPU frame=125 gpu_ms=6.56188011
FRAME_NET_GPU frame=126 gpu_ms=6.58304024
FRAME_NET_GPU frame=127 gpu_ms=6.48869991
FRAME_NET_GPU frame=128 gpu_ms=6.51694012
FRAME_NET_GPU frame=129 gpu_ms=6.56754017
FRAME_NET_GPU frame=130 gpu_ms=6.57121992
FRAME_NET_GPU frame=131 gpu_ms=6.56205988
FRAME_NET_GPU frame=132 gpu_ms=6.74147987
FRAME_NET_GPU frame=133 gpu_ms=6.34272003
FRAME_NET_GPU frame=134 gpu_ms=6.43544006
FRAME_NET_GPU frame=135 gpu_ms=6.45508003
FRAME_NET_GPU frame=136 gpu_ms=6.43088007
FRAME_NET_GPU frame=137 gpu_ms=6.46014023
FRAME_NET_GPU frame=138 gpu_ms=6.59026003
FRAME_NET_GPU frame=139 gpu_ms=6.58763981
FRAME_NET_GPU frame=140 gpu_ms=6.4958601
FRAME_NET_GPU frame=141 gpu_ms=6.53709984
FRAME_NET_GPU frame=142 gpu_ms=6.6429801
FRAME_NET_GPU frame=143 gpu_ms=6.42358017
FRAME_NET_GPU frame=144 gpu_ms=6.76872015
FRAME_NET_GPU frame=145 gpu_ms=6.49582005
FRAME_NET_GPU frame=146 gpu_ms=6.39109993
FRAME_NET_GPU frame=147 gpu_ms=6.57439995
FRAME_NET_GPU frame=148 gpu_ms=6.56930017
FRAME_NET_GPU frame=149 gpu_ms=6.53051996
FRAME_NET_GPU frame=150 gpu_ms=6.59562016
FRAME_NET_GPU frame=151 gpu_ms=6.49457979
FRAME_NET_GPU frame=152 gpu_ms=6.55777979
FRAME_NET_GPU frame=153 gpu_ms=6.56820011
FRAME_NET_GPU frame=154 gpu_ms=6.54547977
FRAME_NET_GPU frame=155 gpu_ms=6.46517992
FRAME_NET_GPU frame=156 gpu_ms=6.57740021
FRAME_NET_GPU frame=157 gpu_ms=6.50640011
FRAME_NET_GPU frame=158 gpu_ms=6.4834199
FRAME_NET_GPU frame=159 gpu_ms=6.54659986
frame=159 reset=1 wall_ms=7.170 invalid=0 luma=0.01311046 roi=0.01994696 dark=808529 roi_dark=258288 changed_first=0 maxabs_first=0
SP_STATS runs=320 fallback=0 rollover=0 jobs=199680 disabled=0 errors=0
RESULT frames=160 temporal=0 mean_wall_ms=14.103 invalid_total=0 restored_capture_every_frame=1 HDR_preserved=1

