seed=0 pattern=0
input format=RGBA16_FLOAT W=1296 H=720 invalid=0 min=0 max=34.53125 luma=0.0157641119 roi_luma=0.0250669576
adapter=AMD Radeon RX 9070 XT
SP_PLAN c=256 first=16 layers=6 tasks=893 initial=160 state_bytes=10732 w16=1
SP_PLAN c=256 first=49 layers=6 tasks=893 initial=160 state_bytes=10732 w16=1
FRAME_NET_GPU frame=0 gpu_ms=1187.80432
frame=0 reset=1 wall_ms=1197.751 invalid=0 luma=0.01307101 roi=0.01974189 dark=806206 roi_dark=258238 changed_first=0 maxabs_first=0
FRAME_NET_GPU frame=1 gpu_ms=19.2215099
FRAME_NET_GPU frame=2 gpu_ms=9.68301964
FRAME_NET_GPU frame=3 gpu_ms=8.8382597
FRAME_NET_GPU frame=4 gpu_ms=8.9907999
FRAME_NET_GPU frame=5 gpu_ms=8.98779964
FRAME_NET_GPU frame=6 gpu_ms=9.03299999
FRAME_NET_GPU frame=7 gpu_ms=8.9989996
FRAME_NET_GPU frame=8 gpu_ms=8.95460033
FRAME_NET_GPU frame=9 gpu_ms=8.97099972
FRAME_NET_GPU frame=10 gpu_ms=8.88669968
FRAME_NET_GPU frame=11 gpu_ms=8.93159962
FRAME_NET_GPU frame=12 gpu_ms=9.00940037
FRAME_NET_GPU frame=13 gpu_ms=8.98680019
FRAME_NET_GPU frame=14 gpu_ms=8.81210041
FRAME_NET_GPU frame=15 gpu_ms=8.87819958
FRAME_NET_GPU frame=16 gpu_ms=9.08491993
FRAME_NET_GPU frame=17 gpu_ms=9.13206005
FRAME_NET_GPU frame=18 gpu_ms=8.93144035
FRAME_NET_GPU frame=19 gpu_ms=9.05702019
FRAME_NET_GPU frame=20 gpu_ms=9.08152008
FRAME_NET_GPU frame=21 gpu_ms=9.08195972
FRAME_NET_GPU frame=22 gpu_ms=9.01379967
FRAME_NET_GPU frame=23 gpu_ms=9.12314034
FRAME_NET_GPU frame=24 gpu_ms=9.27719975
FRAME_NET_GPU frame=25 gpu_ms=9.23429966
FRAME_NET_GPU frame=26 gpu_ms=9.2432003
FRAME_NET_GPU frame=27 gpu_ms=9.27130032
FRAME_NET_GPU frame=28 gpu_ms=9.2628603
FRAME_NET_GPU frame=29 gpu_ms=9.23898029
FRAME_NET_GPU frame=30 gpu_ms=9.18327999
FRAME_NET_GPU frame=31 gpu_ms=9.25364017
FRAME_NET_GPU frame=32 gpu_ms=9.17055988
FRAME_NET_GPU frame=33 gpu_ms=9.36388016
FRAME_NET_GPU frame=34 gpu_ms=9.22196007
FRAME_NET_GPU frame=35 gpu_ms=9.27855968
FRAME_NET_GPU frame=36 gpu_ms=9.25349998
FRAME_NET_GPU frame=37 gpu_ms=9.21191978
FRAME_NET_GPU frame=38 gpu_ms=9.2239399
FRAME_NET_GPU frame=39 gpu_ms=9.25271988
FRAME_NET_GPU frame=40 gpu_ms=9.31114006
FRAME_NET_GPU frame=41 gpu_ms=9.20923996
FRAME_NET_GPU frame=42 gpu_ms=9.23917961
FRAME_NET_GPU frame=43 gpu_ms=9.29294014
FRAME_NET_GPU frame=44 gpu_ms=9.24765968
FRAME_NET_GPU frame=45 gpu_ms=9.19248009
FRAME_NET_GPU frame=46 gpu_ms=9.28295994
FRAME_NET_GPU frame=47 gpu_ms=9.26690006
FRAME_NET_GPU frame=48 gpu_ms=9.48023987
FRAME_NET_GPU frame=49 gpu_ms=8.87985992
FRAME_NET_GPU frame=50 gpu_ms=9.27593994
FRAME_NET_GPU frame=51 gpu_ms=9.26704025
FRAME_NET_GPU frame=52 gpu_ms=9.19668007
FRAME_NET_GPU frame=53 gpu_ms=9.31542015
FRAME_NET_GPU frame=54 gpu_ms=9.2672596
FRAME_NET_GPU frame=55 gpu_ms=9.19489956
FRAME_NET_GPU frame=56 gpu_ms=9.31494045
FRAME_NET_GPU frame=57 gpu_ms=9.23980045
FRAME_NET_GPU frame=58 gpu_ms=9.22134018
FRAME_NET_GPU frame=59 gpu_ms=9.06772041
FRAME_NET_GPU frame=60 gpu_ms=9.21578026
FRAME_NET_GPU frame=61 gpu_ms=9.31313992
FRAME_NET_GPU frame=62 gpu_ms=9.25372028
FRAME_NET_GPU frame=63 gpu_ms=9.21350002
FRAME_NET_GPU frame=64 gpu_ms=9.2334404
FRAME_NET_GPU frame=65 gpu_ms=9.26543999
FRAME_NET_GPU frame=66 gpu_ms=9.30037975
FRAME_NET_GPU frame=67 gpu_ms=9.18756008
FRAME_NET_GPU frame=68 gpu_ms=9.38796043
FRAME_NET_GPU frame=69 gpu_ms=9.03559971
FRAME_NET_GPU frame=70 gpu_ms=9.28283978
FRAME_NET_GPU frame=71 gpu_ms=9.14560032
FRAME_NET_GPU frame=72 gpu_ms=9.31645966
FRAME_NET_GPU frame=73 gpu_ms=9.36005974
FRAME_NET_GPU frame=74 gpu_ms=9.17910004
FRAME_NET_GPU frame=75 gpu_ms=9.29053974
FRAME_NET_GPU frame=76 gpu_ms=9.19147968
FRAME_NET_GPU frame=77 gpu_ms=9.25389957
FRAME_NET_GPU frame=78 gpu_ms=9.24621964
FRAME_NET_GPU frame=79 gpu_ms=9.23719978
FRAME_NET_GPU frame=80 gpu_ms=9.43768024
FRAME_NET_GPU frame=81 gpu_ms=9.15822029
FRAME_NET_GPU frame=82 gpu_ms=9.09866047
FRAME_NET_GPU frame=83 gpu_ms=9.17780018
FRAME_NET_GPU frame=84 gpu_ms=9.29389954
FRAME_NET_GPU frame=85 gpu_ms=9.21708012
FRAME_NET_GPU frame=86 gpu_ms=9.17743969
FRAME_NET_GPU frame=87 gpu_ms=9.29146004
FRAME_NET_GPU frame=88 gpu_ms=9.22366047
FRAME_NET_GPU frame=89 gpu_ms=9.37172031
FRAME_NET_GPU frame=90 gpu_ms=9.32231998
FRAME_NET_GPU frame=91 gpu_ms=9.21998024
FRAME_NET_GPU frame=92 gpu_ms=9.11375999
FRAME_NET_GPU frame=93 gpu_ms=9.48418045
FRAME_NET_GPU frame=94 gpu_ms=9.19046021
FRAME_NET_GPU frame=95 gpu_ms=9.26511955
FRAME_NET_GPU frame=96 gpu_ms=9.41460037
FRAME_NET_GPU frame=97 gpu_ms=8.99114037
FRAME_NET_GPU frame=98 gpu_ms=9.14719963
FRAME_NET_GPU frame=99 gpu_ms=9.2220602
FRAME_NET_GPU frame=100 gpu_ms=9.21831989
FRAME_NET_GPU frame=101 gpu_ms=9.15754032
FRAME_NET_GPU frame=102 gpu_ms=9.32903957
FRAME_NET_GPU frame=103 gpu_ms=9.39258003
FRAME_NET_GPU frame=104 gpu_ms=9.23534012
FRAME_NET_GPU frame=105 gpu_ms=9.23600006
FRAME_NET_GPU frame=106 gpu_ms=9.11886024
FRAME_NET_GPU frame=107 gpu_ms=9.22741985
FRAME_NET_GPU frame=108 gpu_ms=9.34360027
FRAME_NET_GPU frame=109 gpu_ms=9.21901989
FRAME_NET_GPU frame=110 gpu_ms=9.13002014
FRAME_NET_GPU frame=111 gpu_ms=9.21490002
FRAME_NET_GPU frame=112 gpu_ms=9.05053997
FRAME_NET_GPU frame=113 gpu_ms=9.1709404
FRAME_NET_GPU frame=114 gpu_ms=9.16079998
FRAME_NET_GPU frame=115 gpu_ms=9.2677002
FRAME_NET_GPU frame=116 gpu_ms=9.2558403
FRAME_NET_GPU frame=117 gpu_ms=9.24796009
FRAME_NET_GPU frame=118 gpu_ms=9.27935982
FRAME_NET_GPU frame=119 gpu_ms=9.22270012
FRAME_NET_GPU frame=120 gpu_ms=9.13284016
FRAME_NET_GPU frame=121 gpu_ms=9.25337982
FRAME_NET_GPU frame=122 gpu_ms=9.17329979
FRAME_NET_GPU frame=123 gpu_ms=9.34727955
FRAME_NET_GPU frame=124 gpu_ms=9.23404026
FRAME_NET_GPU frame=125 gpu_ms=9.34107971
FRAME_NET_GPU frame=126 gpu_ms=9.20808029
FRAME_NET_GPU frame=127 gpu_ms=9.47169971
FRAME_NET_GPU frame=128 gpu_ms=9.32734013
FRAME_NET_GPU frame=129 gpu_ms=9.18692017
FRAME_NET_GPU frame=130 gpu_ms=9.15423965
FRAME_NET_GPU frame=131 gpu_ms=9.16477966
FRAME_NET_GPU frame=132 gpu_ms=9.20464039
FRAME_NET_GPU frame=133 gpu_ms=9.2347002
FRAME_NET_GPU frame=134 gpu_ms=9.12020016
FRAME_NET_GPU frame=135 gpu_ms=9.25245953
FRAME_NET_GPU frame=136 gpu_ms=9.16907978
FRAME_NET_GPU frame=137 gpu_ms=9.30167961
FRAME_NET_GPU frame=138 gpu_ms=9.30751991
FRAME_NET_GPU frame=139 gpu_ms=9.19845963
FRAME_NET_GPU frame=140 gpu_ms=9.34609985
FRAME_NET_GPU frame=141 gpu_ms=9.20938015
FRAME_NET_GPU frame=142 gpu_ms=9.1449604
FRAME_NET_GPU frame=143 gpu_ms=9.17199993
FRAME_NET_GPU frame=144 gpu_ms=9.23896027
FRAME_NET_GPU frame=145 gpu_ms=9.15151978
FRAME_NET_GPU frame=146 gpu_ms=9.2184
FRAME_NET_GPU frame=147 gpu_ms=9.17063999
FRAME_NET_GPU frame=148 gpu_ms=9.17782021
FRAME_NET_GPU frame=149 gpu_ms=9.27204037
FRAME_NET_GPU frame=150 gpu_ms=9.37749958
FRAME_NET_GPU frame=151 gpu_ms=9.13893986
FRAME_NET_GPU frame=152 gpu_ms=9.2297802
FRAME_NET_GPU frame=153 gpu_ms=9.10501957
FRAME_NET_GPU frame=154 gpu_ms=9.10809994
FRAME_NET_GPU frame=155 gpu_ms=9.20318031
FRAME_NET_GPU frame=156 gpu_ms=9.14080048
FRAME_NET_GPU frame=157 gpu_ms=9.22745991
FRAME_NET_GPU frame=158 gpu_ms=9.12915993
FRAME_NET_GPU frame=159 gpu_ms=9.19919968
frame=159 reset=1 wall_ms=9.915 invalid=0 luma=0.01307101 roi=0.01974189 dark=806206 roi_dark=258238 changed_first=0 maxabs_first=0
SP_STATS runs=320 fallback=0 rollover=0 jobs=285760 disabled=0 errors=0
RESULT frames=160 temporal=0 mean_wall_ms=17.289 invalid_total=0 restored_capture_every_frame=1 HDR_preserved=1

