seed=0 pattern=0
input format=RGBA16_FLOAT W=1296 H=720 invalid=0 min=0 max=34.53125 luma=0.0157641119 roi_luma=0.0250669576
adapter=AMD Radeon RX 9070 XT
SP_PLAN c=256 first=16 layers=6 tasks=893 initial=160 state_bytes=10732
SP_DONE c=256 first=16 tasks=893 base=0 ms=1.593
SP_PLAN c=256 first=49 layers=6 tasks=893 initial=160 state_bytes=10732
SP_DONE c=256 first=49 tasks=893 base=0 ms=0.675
SP_PLAN c=128 first=57 layers=4 tasks=2257 initial=570 state_bytes=27100
SP_DONE c=128 first=57 tasks=2257 base=0 ms=0.580
frame=0 reset=1 wall_ms=1201.099 invalid=0 luma=0.01043502 roi=0.01611849 dark=837589 roi_dark=271139 changed_first=0 maxabs_first=0
SP_DONE c=256 first=16 tasks=893 base=893 ms=7.475
SP_DONE c=256 first=49 tasks=893 base=893 ms=4.296
SP_DONE c=128 first=57 tasks=2257 base=2257 ms=0.879
frame=1 reset=1 wall_ms=17.062 invalid=0 luma=0.01058388 roi=0.01638867 dark=835523 roi_dark=269962 changed_first=3613807 maxabs_first=15.45532
SP_DONE c=256 first=16 tasks=893 base=1786 ms=4.563
SP_DONE c=256 first=49 tasks=893 base=1786 ms=4.125
SP_DONE c=128 first=57 tasks=2257 base=4514 ms=0.783
frame=2 reset=1 wall_ms=13.229 invalid=0 luma=0.010684 roi=0.01637147 dark=835604 roi_dark=270559 changed_first=3627304 maxabs_first=15.56181
SP_DONE c=256 first=16 tasks=893 base=2679 ms=4.678
SP_DONE c=256 first=49 tasks=893 base=2679 ms=4.094
SP_DONE c=128 first=57 tasks=2257 base=6771 ms=0.765
frame=3 reset=1 wall_ms=13.243 invalid=0 luma=0.0106517 roi=0.01627674 dark=834699 roi_dark=270471 changed_first=3645038 maxabs_first=15.57711
SP_DONE c=256 first=16 tasks=893 base=3572 ms=4.500
SP_DONE c=256 first=49 tasks=893 base=3572 ms=4.023
SP_DONE c=128 first=57 tasks=2257 base=9028 ms=0.795
frame=4 reset=1 wall_ms=12.980 invalid=0 luma=0.01058589 roi=0.016097 dark=836270 roi_dark=271564 changed_first=3651748 maxabs_first=15.57686
SP_DONE c=256 first=16 tasks=893 base=4465 ms=4.548
SP_DONE c=256 first=49 tasks=893 base=4465 ms=4.095
SP_DONE c=128 first=57 tasks=2257 base=11285 ms=0.769
frame=5 reset=1 wall_ms=13.262 invalid=0 luma=0.01042989 roi=0.01578035 dark=837610 roi_dark=272468 changed_first=3661487 maxabs_first=15.57282
SP_DONE c=256 first=16 tasks=893 base=5358 ms=7.668
SP_DONE c=256 first=49 tasks=893 base=5358 ms=4.080
SP_DONE c=128 first=57 tasks=2257 base=13542 ms=0.767
frame=6 reset=1 wall_ms=16.276 invalid=0 luma=0.01047663 roi=0.01586138 dark=837184 roi_dark=272153 changed_first=3663234 maxabs_first=15.57127
SP_DONE c=256 first=16 tasks=893 base=6251 ms=9.090
SP_DONE c=256 first=49 tasks=893 base=6251 ms=4.203
SP_DONE c=128 first=57 tasks=2257 base=15799 ms=0.776
frame=7 reset=1 wall_ms=17.817 invalid=0 luma=0.01059234 roi=0.01599504 dark=836009 roi_dark=271717 changed_first=3676455 maxabs_first=15.56163
SP_DONE c=256 first=16 tasks=893 base=7144 ms=4.472
SP_DONE c=256 first=49 tasks=893 base=7144 ms=4.051
SP_DONE c=128 first=57 tasks=2257 base=18056 ms=0.758
frame=8 reset=1 wall_ms=12.934 invalid=0 luma=0.010616 roi=0.01600573 dark=836120 roi_dark=271929 changed_first=3679397 maxabs_first=15.56401
SP_DONE c=256 first=16 tasks=893 base=8037 ms=4.473
SP_DONE c=256 first=49 tasks=893 base=8037 ms=4.154
SP_DONE c=128 first=57 tasks=2257 base=20313 ms=0.761
frame=9 reset=1 wall_ms=13.072 invalid=0 luma=0.01059223 roi=0.01587949 dark=835478 roi_dark=271697 changed_first=3684672 maxabs_first=15.57291
SP_DONE c=256 first=16 tasks=893 base=8930 ms=4.817
SP_DONE c=256 first=49 tasks=893 base=8930 ms=4.179
SP_DONE c=128 first=57 tasks=2257 base=22570 ms=0.898
frame=10 reset=1 wall_ms=13.823 invalid=0 luma=0.01058156 roi=0.01584257 dark=835152 roi_dark=271857 changed_first=3688112 maxabs_first=15.57238
SP_DONE c=256 first=16 tasks=893 base=9823 ms=6.396
SP_DONE c=256 first=49 tasks=893 base=9823 ms=4.169
SP_DONE c=128 first=57 tasks=2257 base=24827 ms=0.862
frame=11 reset=1 wall_ms=15.408 invalid=0 luma=0.01056144 roi=0.01571425 dark=836060 roi_dark=272365 changed_first=3690709 maxabs_first=15.57399
SP_STATS runs=36 fallback=0 rollover=0 jobs=48516 disabled=0 errors=0
RESULT frames=12 temporal=0 mean_wall_ms=113.350 invalid_total=0 restored_capture_every_frame=1 HDR_preserved=1
