/tmp/vit-av-trload-main-20261006/new.hip:150:46: warning: constexpr if is a C++17 extension [-Wc++17-extensions]
  150 |   for(uint e=0;e<8;e++){uint j=k+gr()*8+e;if constexpr(!ByteInput)pack(x,e,in[(first+rc())*channels+j]);
      |                                              ^
/tmp/vit-av-trload-main-20261006/new.hip:155:4: warning: constexpr if is a C++17 extension [-Wc++17-extensions]
  155 | if constexpr(ByteInput){const uint*pi=reinterpret_cast<const uint*>(in);uint off=((first+rc())*channels+k+gr()*8)/4;x={int(pi[off]),int(pi[off+1])};}
      |    ^
/tmp/vit-av-trload-main-20261006/new.hip:408:40: warning: constexpr if is a C++17 extension [-Wc++17-extensions]
  408 |  i2 q[2]{};for(uint k=0;k<32;k+=16){if constexpr(ByteInput)__builtin_memcpy(&q[k/16],in8+(first+rc())*1024+head*32+k+gr()*8,8);else for(uint e=0;e<8;e++){uint j=k+gr()*8+e;pack(q[k/16],e,in[(first+rc())*1024+head*32+j]);}}
      |                                        ^
/tmp/vit-av-trload-main-20261006/new.hip:412:38: warning: constexpr if is a C++17 extension [-Wc++17-extensions]
  412 |   for(uint k=0;k<32;k+=16){i2 y{};if constexpr(ByteInput)__builtin_memcpy(&y,in8+(tokens+key+rc())*1024+head*32+k+gr()*8,8);else for(uint e=0;e<8;e++){uint j=k+gr()*8+e;pack(y,e,in[(tokens+key+rc())*1024+head*32+j]);}a=__builtin_amdgcn_wmma_f32_16x16x16_fp8_fp8_w32_gfx12(q[k/16],y,a);}
      |                                      ^
/tmp/vit-av-trload-main-20261006/new.hip:418:80: warning: constexpr if is a C++17 extension [-Wc++17-extensions]
  418 |   for(uint c=0;c<2;c++){i2 y{};for(uint e=0;e<8;e++){uint vkey=key+gr()*8+e;if constexpr(ByteInput){uint b=in8[(2*tokens+vkey)*1024+head*32+c*16+rc()];y[e/4]=int(uint(y[e/4])|(b<<(8*(e%4))));}else pack(y,e,in[(2*tokens+vkey)*1024+head*32+c*16+rc()]);}acc[c]=__builtin_amdgcn_wmma_f32_16x16x16_fp8_fp8_w32_gfx12(xb,y,acc[c]);}
      |                                                                                ^
/tmp/vit-av-trload-main-20261006/new.hip:422:48: warning: constexpr if is a C++17 extension [-Wc++17-extensions]
  422 |  for(uint c=0;c<2;c++)for(uint e=0;e<8;e++){if constexpr(ByteOut)reinterpret_cast<unsigned char*>(out)[(first+gr()*8+e)*1024+head*32+c*16+rc()]=byte_F(vit_attn_hrtz(acc[c][e]*inv[e]));else out[(first+gr()*8+e)*1024+head*32+c*16+rc()]=F(vit_attn_hrtz(acc[c][e]*inv[e]));}
      |                                                ^
/tmp/vit-av-trload-main-20261006/new.hip:297:40: warning: constexpr if is a C++17 extension [-Wc++17-extensions]
  297 |  i2 q[2]{};for(uint k=0;k<32;k+=16){if constexpr(ByteInput)__builtin_memcpy(&q[k/16],in8+(first+rc())*1024+head*32+k+gr()*8,8);else for(uint e=0;e<8;e++){uint j=k+gr()*8+e;pack(q[k/16],e,in[(first+rc())*1024+head*32+j]);}}
      |                                        ^
/tmp/vit-av-trload-main-20261006/new.hip:301:38: warning: constexpr if is a C++17 extension [-Wc++17-extensions]
  301 |   for(uint k=0;k<32;k+=16){i2 y{};if constexpr(ByteInput)__builtin_memcpy(&y,in8+(tokens+key+rc())*1024+head*32+k+gr()*8,8);else for(uint e=0;e<8;e++){uint j=k+gr()*8+e;pack(y,e,in[(tokens+key+rc())*1024+head*32+j]);}a=__builtin_amdgcn_wmma_f32_16x16x16_fp8_fp8_w32_gfx12(y,q[k/16],a);}
      |                                      ^
/tmp/vit-av-trload-main-20261006/new.hip:338:6: warning: constexpr if is a C++17 extension [-Wc++17-extensions]
  338 |   if constexpr(MAXT==640&&ByteInput&&ByteOut){
      |      ^
/tmp/vit-av-trload-main-20261006/new.hip:342:57: warning: constexpr if is a C++17 extension [-Wc++17-extensions]
  342 |   }else for(uint e=0;e<8;e++){uint vkey=key+gr()*8+e;if constexpr(ByteInput){uint b=in8[(2*tokens+vkey)*1024+head*32+c*16+rc()];y[e/4]=int(uint(y[e/4])|(b<<(8*(e%4))));}else pack(y,e,in[(2*tokens+vkey)*1024+head*32+c*16+rc()]);}
      |                                                         ^
/tmp/vit-av-trload-main-20261006/new.hip:354:48: warning: constexpr if is a C++17 extension [-Wc++17-extensions]
  354 |  for(uint c=0;c<2;c++)for(uint e=0;e<8;e++){if constexpr(ByteOut)reinterpret_cast<unsigned char*>(out)[(first+rc())*1024+head*32+c*16+gr()*8+e]=byte_F(vit_attn_hrtz(acc[c][e]*inv));else out[(first+rc())*1024+head*32+c*16+gr()*8+e]=F(vit_attn_hrtz(acc[c][e]*inv));}
      |                                                ^
/tmp/vit-av-trload-main-20261006/new.hip:339:14: error: use of undeclared identifier 'tid'
  339 |    uint lane=tid(),readrow=(lane/8)*4+(lane&3),readcol=(lane&4)?8:0;
      |              ^~~
/tmp/vit-av-trload-main-20261006/new.hip:435:1: note: in instantiation of function template specialization 'vit_attention_transposed_score_body<640U, true, true>' requested here
  435 | vit_attention_transposed_score_body<640,true,true>(in,out,tokens);
      | ^
/tmp/vit-av-trload-main-20261006/new.hip:446:108: warning: constexpr if is a C++17 extension [-Wc++17-extensions]
  446 |  for(uint p=0;p<4;p++){f8 a{};if(!p)for(uint e=0;e<8;e++){uint i=(first+gr()*8+e)*1024+row+rc();float s;if constexpr(HalfSkip)s=(float)s16[i];else s=__builtin_amdgcn_cvt_f32_fp8(int(s8[i]),0);a[e]=H(s*w[1048576+row+rc()]);}a=dot8<true>(in,w,first,row,1024,p*256,(p+1)*256,a);for(uint e=0;e<8;e++)total[e]=p?total[e]+a[e]:a[e];}
      |                                                                                                            ^
/tmp/vit-av-trload-main-20261006/new.hip:475:603: warning: constexpr if is a C++17 extension [-Wc++17-extensions]
  475 | DEV void decoder_project2x_h16w_body(const float*in,const float*w,const float*skip,float*out,uint iw,uint ih,uint ow,uint oh,uint inputs,uint outputs){uint first=bid()/(outputs/16)*16,row=bid()%(outputs/16)*16;if(first>=iw*ih)return;uint parts=inputs==1024?4:1;f8 total{};const _Float16*w16=reinterpret_cast<const _Float16*>(w);for(uint p=0;p<parts;p++){f8 a{};for(uint k=p*(inputs/parts);k<(p+1)*(inputs/parts);k+=16){h8 x{},y;for(uint e=0;e<8;e++){uint j=k+gr()*8+e;x[e]=(FullTile||first+rc()<iw*ih)?(_Float16)(Gin?in[vg_tinv(first+rc())*inputs+vg_cinv(j)]:in[(first+rc())*inputs+j]):(_Float16)0;}if constexpr(W8){i2 y8;__builtin_memcpy(&y8,reinterpret_cast<const unsigned char*>(w)+(row+rc())*inputs+k+gr()*8,8);a=__builtin_amdgcn_wmma_f32_16x16x16_fp8_fp8_w32_gfx12(dec_pack8(x),y8,a);}else{
      |                                                                                                                                                                                                                                                                                                                                                                                                                                                                                                                                                                                                                           ^
/tmp/vit-av-trload-main-20261006/new.hip:496:313: warning: constexpr if is a C++17 extension [-Wc++17-extensions]
  496 |  for(uint e=0;e<8;e++){uint token=first+gr()*8+e;if(!FullTile&&token>=iw*ih)continue;float t=H(total[e]);for(uint dy=0;dy<2;dy++)for(uint dx=0;dx<2;dx++){uint x=(token%iw)*2+dx,y=(token/iw)*2+dy;if(x>=ow||y>=oh)continue;uint i=(y*ow+x)*outputs+row+rc();float merged=H(t+F(skip[i])*w[inputs*outputs+row+rc()]);if constexpr(ByteOutput)reinterpret_cast<unsigned char*>(out)[i]=static_cast<unsigned char>(__builtin_amdgcn_cvt_pk_fp8_f32(HIP_BYTE_F_ADD0?fp8_add0(merged):F(merged),0.f,0,false));else out[i]=outputs==32?merged:F(merged);}}}
      |                                                                                                                                                                                                                                                                                                                         ^
/tmp/vit-av-trload-main-20261006/new.hip:535:228: warning: constexpr if is a C++17 extension [-Wc++17-extensions]
  535 |  for(uint p=0;p<parts;p++){f8 a{};for(uint k=p*(inputs/parts);k<(p+1)*(inputs/parts);k+=16){h8 x{},y;for(uint e=0;e<8;e++){uint j=k+gr()*8+e;x[e]=(FullTile||first+rc()<iw*ih)?(_Float16)in[(first+rc())*inputs+j]:(_Float16)0;}if constexpr(W8){i2 y8;__builtin_memcpy(&y8,reinterpret_cast<const unsigned char*>(w)+(row+rc())*inputs+k+gr()*8,8);a=__builtin_amdgcn_wmma_f32_16x16x16_fp8_fp8_w32_gfx12(dec_pack8(x),y8,a);}else{__builtin_memcpy(&y,w16+(row+rc())*inputs+k+gr()*8,16);a=__builtin_amdgcn_wmma_f32_16x16x16_f16_w32_gfx12(x,y,a);}}for(uint e=0;e<8;e++)total[e]=p?total[e]+a[e]:a[e];}
      |                                                                                                                                                                                                                                    ^
/tmp/vit-av-trload-main-20261006/new.hip:545:7: warning: constexpr if is a C++17 extension [-Wc++17-extensions]
  545 |    if constexpr(ByteOutput)r[c]=HIP_BYTE_F_ADD0?fp8_add0(merged):F(merged);else r[c]=outputs==32?merged:F(merged);}
      |       ^
/tmp/vit-av-trload-main-20261006/new.hip:546:6: warning: constexpr if is a C++17 extension [-Wc++17-extensions]
  546 |   if constexpr(ByteOutput){uint wv[4];for(uint q=0;q<4;q++){uint v=0;for(uint b=0;b<4;b++)v|=(uint(__builtin_amdgcn_cvt_pk_fp8_f32(r[q*4+b],0.f,0,false))&255u)<<(8*b);wv[q]=v;}__builtin_memcpy(__builtin_assume_aligned(reinterpret_cast<unsigned char*>(out)+base,16),wv,16);}
      |      ^
/tmp/vit-av-trload-main-20261006/new.hip:600:197: warning: constexpr if is a C++17 extension [-Wc++17-extensions]
  600 | DEV f8 dot16(const float*in,const float*w,uint first,uint row,uint instride,uint kcols,uint inoff,uint woff,f8 a){for(uint k=0;k<kcols;k+=16){h8 x{},y{};for(uint e=0;e<8;e++){uint j=k+gr()*8+e;if constexpr(ByteInput)x[e]=(_Float16)__builtin_amdgcn_cvt_f32_fp8(int(reinterpret_cast<const unsigned char*>(in)[(first+rc())*instride+inoff+j]),0);else x[e]=(_Float16)in[(first+rc())*instride+inoff+j];y[e]=(_Float16)w[woff+(row+rc())*kcols+j];}a=__builtin_amdgcn_wmma_f32_16x16x16_f16_w32_gfx12(x,y,a);}return a;}
      |                                                                                                                                                                                                     ^
/tmp/vit-av-trload-main-20261006/new.hip:696:72: warning: constexpr if is a C++17 extension [-Wc++17-extensions]
  696 |   for(uint m=0;m<BM;m++){a[m]={};uint row=first+m*16;if(row<tokens){if constexpr(ByteInput){const uint*p=reinterpret_cast<const uint*>(in);uint off=((row+rc())*inputs+k+gr()*8)/4;a[m]={int(p[off]),int(p[off+1])};}else DF_PACK8_LOOP(a[m],in[(row+rc())*inputs+k+gr()*8+e]);}}
      |                                                                        ^
/tmp/vit-av-trload-main-20261006/new.hip:699:28: warning: constexpr if is a C++17 extension [-Wc++17-extensions]
  699 |   for(uint n=0;n<4;n++){if constexpr(Frag)b[n]=vit_weight_fragment_native(w,col+n*16+rc(),inputs,k);else b[n]=vit_weight_fragment<Tiled>(w,col+n*16+rc(),inputs,k);}
      |                            ^
/tmp/vit-av-trload-main-20261006/new.hip:641:5: warning: constexpr if is a C++17 extension [-Wc++17-extensions]
  641 |  if constexpr(Tiled){const unsigned char*p=reinterpret_cast<const unsigned char*>(w);uint off=((row/16)*(channels/32)+k/32)*512+(k%32+gr()*8)*16+row%16;for(uint e=0;e<8;e++)b[e/4]=int(uint(b[e/4])|(uint(p[off+16*e])<<(8*(e%4))));}
      |     ^
/tmp/vit-av-trload-main-20261006/new.hip:738:5: warning: constexpr if is a C++17 extension [-Wc++17-extensions]
  738 |  if constexpr(!Partial)for(uint n=0;n<4;n++)for(uint e=0;e<8;e++){uint c=col+n*16+rc();float s;if constexpr(ByteStream)s=__builtin_amdgcn_cvt_f32_fp8(int(reinterpret_cast<const unsigned char*>(skip)[(first+gr()*8+e)*1024+c]),0);else s=skip[(first+gr()*8+e)*1024+c];total[n][e]=VIT_FAST_H(s*w[4194304+c]);}
      |     ^
/tmp/vit-av-trload-main-20261006/new.hip:738:99: warning: constexpr if is a C++17 extension [-Wc++17-extensions]
  738 |  if constexpr(!Partial)for(uint n=0;n<4;n++)for(uint e=0;e<8;e++){uint c=col+n*16+rc();float s;if constexpr(ByteStream)s=__builtin_amdgcn_cvt_f32_fp8(int(reinterpret_cast<const unsigned char*>(skip)[(first+gr()*8+e)*1024+c]),0);else s=skip[(first+gr()*8+e)*1024+c];total[n][e]=VIT_FAST_H(s*w[4194304+c]);}
      |                                                                                                   ^
/tmp/vit-av-trload-main-20261006/new.hip:741:57: warning: constexpr if is a C++17 extension [-Wc++17-extensions]
  741 |    for(uint n=0;n<4;n++){uint row=col+n*16+rc();i2 b;if constexpr(Frag)b=vit_weight_fragment_native(w,row,4096,k);else b=vit_weight_fragment<Tiled>(w,row,4096,k);acc[n]=__builtin_amdgcn_wmma_f32_16x16x16_fp8_fp8_w32_gfx12(a,b,acc[n]);}
      |                                                         ^
/tmp/vit-av-trload-main-20261006/new.hip:743:49: warning: constexpr if is a C++17 extension [-Wc++17-extensions]
  743 |   for(uint n=0;n<4;n++)for(uint e=0;e<8;e++){if constexpr(Partial)out[(part*tokens+first+gr()*8+e)*1024+col+n*16+rc()]=acc[n][e];else total[n][e]+=acc[n][e];}
      |                                                 ^
/tmp/vit-av-trload-main-20261006/new.hip:745:5: warning: constexpr if is a C++17 extension [-Wc++17-extensions]
  745 |  if constexpr(!Partial)for(uint n=0;n<4;n++)for(uint e=0;e<8;e++){uint i=(first+gr()*8+e)*1024+col+n*16+rc();if constexpr(ByteFOut)reinterpret_cast<unsigned char*>(out)[i]=vit_contract_F_byte(VIT_FAST_H(total[n][e]));else if constexpr(HalfOut)reinterpret_cast<_Float16*>(out)[i]=(_Float16)F(VIT_FAST_H(total[n][e]));else if constexpr(ByteStream)reinterpret_cast<unsigned char*>(out)[i]=byte_F(H(total[n][e]));else out[i]=F(H(total[n][e]));}
      |     ^
/tmp/vit-av-trload-main-20261006/new.hip:745:113: warning: constexpr if is a C++17 extension [-Wc++17-extensions]
  745 |  if constexpr(!Partial)for(uint n=0;n<4;n++)for(uint e=0;e<8;e++){uint i=(first+gr()*8+e)*1024+col+n*16+rc();if constexpr(ByteFOut)reinterpret_cast<unsigned char*>(out)[i]=vit_contract_F_byte(VIT_FAST_H(total[n][e]));else if constexpr(HalfOut)reinterpret_cast<_Float16*>(out)[i]=(_Float16)F(VIT_FAST_H(total[n][e]));else if constexpr(ByteStream)reinterpret_cast<unsigned char*>(out)[i]=byte_F(H(total[n][e]));else out[i]=F(H(total[n][e]));}
      |                                                                                                                 ^
/tmp/vit-av-trload-main-20261006/new.hip:745:226: warning: constexpr if is a C++17 extension [-Wc++17-extensions]
  745 |  if constexpr(!Partial)for(uint n=0;n<4;n++)for(uint e=0;e<8;e++){uint i=(first+gr()*8+e)*1024+col+n*16+rc();if constexpr(ByteFOut)reinterpret_cast<unsigned char*>(out)[i]=vit_contract_F_byte(VIT_FAST_H(total[n][e]));else if constexpr(HalfOut)reinterpret_cast<_Float16*>(out)[i]=(_Float16)F(VIT_FAST_H(total[n][e]));else if constexpr(ByteStream)reinterpret_cast<unsigned char*>(out)[i]=byte_F(H(total[n][e]));else out[i]=F(H(total[n][e]));}
      |                                                                                                                                                                                                                                  ^
/tmp/vit-av-trload-main-20261006/new.hip:745:325: warning: constexpr if is a C++17 extension [-Wc++17-extensions]
  745 |  if constexpr(!Partial)for(uint n=0;n<4;n++)for(uint e=0;e<8;e++){uint i=(first+gr()*8+e)*1024+col+n*16+rc();if constexpr(ByteFOut)reinterpret_cast<unsigned char*>(out)[i]=vit_contract_F_byte(VIT_FAST_H(total[n][e]));else if constexpr(HalfOut)reinterpret_cast<_Float16*>(out)[i]=(_Float16)F(VIT_FAST_H(total[n][e]));else if constexpr(ByteStream)reinterpret_cast<unsigned char*>(out)[i]=byte_F(H(total[n][e]));else out[i]=F(H(total[n][e]));}
      |                                                                                                                                                                                                                                                                                                                                     ^
/tmp/vit-av-trload-main-20261006/new.hip:670:6: warning: constexpr if is a C++17 extension [-Wc++17-extensions]
  670 |   if constexpr(TiledInput){__builtin_memcpy(&a,reinterpret_cast<const unsigned char*>(in)+vit_tile_offset(first+rc(),k+gr()*8,inputs),8);}
      |      ^
/tmp/vit-av-trload-main-20261006/new.hip:671:11: warning: constexpr if is a C++17 extension [-Wc++17-extensions]
  671 |   else if constexpr(ByteInput){const uint*p=reinterpret_cast<const uint*>(in);uint off=((first+rc())*inputs+k+gr()*8)/4;a={int(p[off]),int(p[off+1])};}
      |           ^
/tmp/vit-av-trload-main-20261006/new.hip:673:56: warning: constexpr if is a C++17 extension [-Wc++17-extensions]
  673 |   for(uint n=0;n<4;n++){uint row=col+n*16+rc();i2 b;if constexpr(Frag)b=vit_weight_fragment_native(w,row,inputs,k);else b=vit_weight_fragment<Tiled>(w,row,inputs,k);accum[n]=__builtin_amdgcn_wmma_f32_16x16x16_fp8_fp8_w32_gfx12(a,b,accum[n]);}
      |                                                        ^
/tmp/vit-av-trload-main-20261006/new.hip:859:119: warning: constexpr if is a C++17 extension [-Wc++17-extensions]
  859 |  for(uint j=0;j<4;j++)for(uint e=0;e<8;e++){uint r=first+gr()*8+e,c=row+j*16+rc();float v=F(VIT_FAST_H(acc[j][e]));if constexpr(W32)out[r*512+c]=v;if constexpr(F16Res)out16[r*512+c]=(_Float16)v;uint cl=j*16+rc();t8[(cl/32)*512+(r%16)*32+cl%32]=static_cast<unsigned char>(__builtin_amdgcn_cvt_pk_fp8_f32(v,0.f,0,false));}
      |                                                                                                                       ^
/tmp/vit-av-trload-main-20261006/new.hip:859:151: warning: constexpr if is a C++17 extension [-Wc++17-extensions]
  859 |  for(uint j=0;j<4;j++)for(uint e=0;e<8;e++){uint r=first+gr()*8+e,c=row+j*16+rc();float v=F(VIT_FAST_H(acc[j][e]));if constexpr(W32)out[r*512+c]=v;if constexpr(F16Res)out16[r*512+c]=(_Float16)v;uint cl=j*16+rc();t8[(cl/32)*512+(r%16)*32+cl%32]=static_cast<unsigned char>(__builtin_amdgcn_cvt_pk_fp8_f32(v,0.f,0,false));}
      |                                                                                                                                                       ^
34 warnings and 1 error generated when compiling for gfx1201.
