overlay c32-wave1 <- D:\DLSSNR-Lab\hip-backend\compiler-sweep-20261001\recipe-on\gfx1201 12B60775
overlay c512-m32-deep <- D:\DLSSNR-Lab\hip-backend\compiler-sweep-20261001\recipe-on\gfx1201 FE9A1A0B
addon 053C3589
SPAN r1-h900-base exit=0 n=232 med=6.67
SPAN r1-h900-npitilp-c32-wave1 exit=0 n=235 med=6.694
SPAN r1-h900-delay0-c32-wave1 exit=0 n=232 med=6.771
SPAN r1-h900-vopd0-c32-wave1 exit=0 n=231 med=6.848
SPAN r1-h900-nopartial-c32-wave1 exit=0 n=233 med=6.71
SPAN r1-h900-np-c64-wave2 exit=0 n=233 med=6.704
SPAN r1-h900-npilp-c64-wave2 exit=0 n=231 med=6.684
SPAN r1-h900-npitilp-c64-wave2 exit=0 n=234 med=6.715
SPAN r1-h900-delay0-c64-wave2 exit=0 n=232 med=6.8
SPAN r1-h900-base8 exit=0 n=234 med=6.741
SPAN r1-h900-vopd0-c64-wave2 exit=0 n=233 med=6.755
SPAN r1-h900-nopartial-c64-wave2 exit=0 n=234 med=6.727
SPAN r1-h900-np-swin-persistent exit=0 n=235 med=6.745
SPAN r1-h900-npilp-swin-persistent exit=0 n=233 med=6.748
SPAN r1-h900-npitilp-swin-persistent exit=0 n=233 med=6.749
SPAN r1-h900-delay0-swin-persistent exit=0 n=234 med=6.74
SPAN r1-h900-vopd0-swin-persistent exit=0 n=235 med=6.752
SPAN r1-h900-nopartial-swin-persistent exit=0 n=234 med=6.761
SPAN r1-h900-base16 exit=0 n=233 med=6.763
SPAN r1-h900-np-c512-m32-mh exit=0 n=234 med=6.76
SPAN r1-h900-delay0-c512-m32-mh exit=0 n=231 med=6.775
SPAN r1-h900-vopd0-c512-m32-mh exit=0 n=232 med=6.763
SPAN r1-h900-nopartial-c512-m32-mh exit=0 n=231 med=6.771
SPAN r1-h900-np-c512-m32-deep exit=0 n=230 med=6.761
SPAN r1-h900-npilp-c512-m32-deep exit=0 n=233 med=6.756
SPAN r1-h900-npitilp-c512-m32-deep exit=0 n=235 med=6.792
SPAN r1-h900-delay0-c512-m32-deep exit=0 n=232 med=6.775
SPAN r1-h900-base24 exit=0 n=233 med=6.754
SPAN r1-h900-vopd0-c512-m32-deep exit=0 n=231 med=6.77
SPAN r1-h900-nopartial-c512-m32-deep exit=0 n=233 med=6.771
SPAN r1-h900-np-vit-stream exit=0 n=233 med=6.774
SPAN r1-h900-npilp-vit-stream exit=0 n=234 med=6.76
SPAN r1-h900-npitilp-vit-stream exit=0 n=232 med=6.758
SPAN r1-h900-delay0-vit-stream exit=0 n=233 med=6.757
SPAN r1-h900-vopd0-vit-stream exit=0 n=235 med=6.767
SPAN r1-h900-nopartial-vit-stream exit=0 n=235 med=6.76
SPAN r1-h900-base32 exit=0 n=232 med=6.773
SPAN r1-h900-np-multihead-fast-padded-wave-packed exit=0 n=233 med=6.766
SPAN r1-h900-npilp-multihead-fast-padded-wave-packed exit=0 n=234 med=6.835
SPAN r1-h900-npitilp-multihead-fast-padded-wave-packed exit=0 n=232 med=6.828
SPAN r1-h900-delay0-multihead-fast-padded-wave-packed exit=0 n=233 med=6.794
SPAN r1-h900-vopd0-multihead-fast-padded-wave-packed exit=0 n=231 med=6.775
SPAN r1-h900-nopartial-multihead-fast-padded-wave-packed exit=0 n=234 med=6.77
SPAN r1-h900-np-deep_fast-packed exit=0 n=232 med=6.784
SPAN r1-h900-npilp-deep_fast-packed exit=0 n=232 med=6.775
SPAN r1-h900-base40 exit=0 n=231 med=6.768
SPAN r1-h900-npitilp-deep_fast-packed exit=0 n=234 med=6.782
SPAN r1-h900-delay0-deep_fast-packed exit=0 n=232 med=6.778
SPAN r1-h900-vopd0-deep_fast-packed exit=0 n=231 med=6.781
SPAN r1-h900-nopartial-deep_fast-packed exit=0 n=231 med=6.782
SPAN r1-h900-np-vit-wide-deep exit=0 n=233 med=6.779
SPAN r1-h900-delay0-vit-wide-deep exit=0 n=236 med=6.778
SPAN r1-h900-vopd0-vit-wide-deep exit=0 n=231 med=6.773
SPAN r1-h900-nopartial-vit-wide-deep exit=0 n=231 med=6.823
SPAN r1-h900-base48 exit=0 n=234 med=6.785
SPAN r1-h900-baseZ exit=0 n=234 med=6.766
SPAN r1-h1080-base exit=0 n=233 med=9.516
SPAN r1-h1080-npitilp-c32-wave1 exit=0 n=233 med=9.52
SPAN r1-h1080-delay0-c32-wave1 exit=0 n=233 med=9.626
SPAN r1-h1080-vopd0-c32-wave1 exit=0 n=230 med=9.756
SPAN r1-h1080-nopartial-c32-wave1 exit=0 n=230 med=9.52
SPAN r1-h1080-np-c64-wave2 exit=0 n=232 med=9.5
SPAN r1-h1080-npilp-c64-wave2 exit=0 n=234 med=9.583
SPAN r1-h1080-npitilp-c64-wave2 exit=0 n=233 med=9.506
SPAN r1-h1080-delay0-c64-wave2 exit=0 n=228 med=9.593
SPAN r1-h1080-base8 exit=0 n=230 med=9.523
SPAN r1-h1080-vopd0-c64-wave2 exit=0 n=231 med=9.566
SPAN r1-h1080-nopartial-c64-wave2 exit=0 n=232 med=9.524
SPAN r1-h1080-np-swin-persistent exit=0 n=233 med=9.519
SPAN r1-h1080-npilp-swin-persistent exit=0 n=231 med=9.514
SPAN r1-h1080-npitilp-swin-persistent exit=0 n=233 med=9.51
SPAN r1-h1080-delay0-swin-persistent exit=0 n=231 med=9.507
SPAN r1-h1080-vopd0-swin-persistent exit=0 n=231 med=9.518
SPAN r1-h1080-nopartial-swin-persistent exit=0 n=232 med=9.532
SPAN r1-h1080-base16 exit=0 n=235 med=9.532
SPAN r1-h1080-np-c512-m32-mh exit=0 n=232 med=9.526
SPAN r1-h1080-delay0-c512-m32-mh exit=0 n=235 med=9.525
SPAN r1-h1080-vopd0-c512-m32-mh exit=0 n=234 med=9.585
SPAN r1-h1080-nopartial-c512-m32-mh exit=0 n=234 med=9.511
SPAN r1-h1080-np-c512-m32-deep exit=0 n=233 med=9.529
SPAN r1-h1080-npilp-c512-m32-deep exit=0 n=232 med=9.528
SPAN r1-h1080-npitilp-c512-m32-deep exit=0 n=233 med=9.595
SPAN r1-h1080-delay0-c512-m32-deep exit=0 n=231 med=9.544
SPAN r1-h1080-base24 exit=0 n=230 med=9.537
SPAN r1-h1080-vopd0-c512-m32-deep exit=0 n=231 med=9.53
SPAN r1-h1080-nopartial-c512-m32-deep exit=0 n=231 med=9.502
SPAN r1-h1080-np-vit-stream exit=0 n=232 med=9.517
SPAN r1-h1080-npilp-vit-stream exit=0 n=232 med=9.516
SPAN r1-h1080-npitilp-vit-stream exit=0 n=232 med=9.529
SPAN r1-h1080-delay0-vit-stream exit=0 n=236 med=9.522
SPAN r1-h1080-vopd0-vit-stream exit=0 n=232 med=9.609
SPAN r1-h1080-nopartial-vit-stream exit=0 n=231 med=9.555
SPAN r1-h1080-base32 exit=0 n=231 med=9.521
SPAN r1-h1080-np-multihead-fast-padded-wave-packed exit=0 n=232 med=9.508
SPAN r1-h1080-npilp-multihead-fast-padded-wave-packed exit=0 n=232 med=9.493
SPAN r1-h1080-npitilp-multihead-fast-padded-wave-packed exit=0 n=231 med=9.54
SPAN r1-h1080-delay0-multihead-fast-padded-wave-packed exit=0 n=234 med=9.577
SPAN r1-h1080-vopd0-multihead-fast-padded-wave-packed exit=0 n=233 med=9.529
SPAN r1-h1080-nopartial-multihead-fast-padded-wave-packed exit=0 n=232 med=9.513
SPAN r1-h1080-np-deep_fast-packed exit=0 n=232 med=9.552
SPAN r1-h1080-npilp-deep_fast-packed exit=0 n=231 med=9.523
SPAN r1-h1080-base40 exit=0 n=232 med=9.514
SPAN r1-h1080-npitilp-deep_fast-packed exit=0 n=233 med=9.63
SPAN r1-h1080-delay0-deep_fast-packed exit=0 n=232 med=9.57
SPAN r1-h1080-vopd0-deep_fast-packed exit=0 n=233 med=9.562
SPAN r1-h1080-nopartial-deep_fast-packed exit=0 n=231 med=9.522
SPAN r1-h1080-np-vit-wide-deep exit=0 n=233 med=9.511
SPAN r1-h1080-delay0-vit-wide-deep exit=0 n=233 med=9.511
SPAN r1-h1080-vopd0-vit-wide-deep exit=0 n=231 med=9.53
SPAN r1-h1080-nopartial-vit-wide-deep exit=0 n=232 med=9.523
SPAN r1-h1080-base48 exit=0 n=231 med=9.517
SPAN r1-h1080-baseZ exit=0 n=233 med=9.53
SPAN r2-h900-base exit=0 n=232 med=6.798
SPAN r2-h900-npitilp-c32-wave1 exit=0 n=236 med=6.8
SPAN r2-h900-delay0-c32-wave1 exit=0 n=234 med=6.864
SPAN r2-h900-vopd0-c32-wave1 exit=0 n=234 med=6.937
SPAN r2-h900-nopartial-c32-wave1 exit=0 n=234 med=6.792
SPAN r2-h900-np-c64-wave2 exit=0 n=237 med=6.776
SPAN r2-h900-npilp-c64-wave2 exit=0 n=234 med=6.767
SPAN r2-h900-npitilp-c64-wave2 exit=0 n=235 med=6.778
SPAN r2-h900-delay0-c64-wave2 exit=0 n=236 med=6.843
SPAN r2-h900-base8 exit=0 n=232 med=6.788
SPAN r2-h900-vopd0-c64-wave2 exit=0 n=234 med=6.81
SPAN r2-h900-nopartial-c64-wave2 exit=0 n=235 med=6.783
SPAN r2-h900-np-swin-persistent exit=0 n=232 med=6.789
SPAN r2-h900-npilp-swin-persistent exit=0 n=234 med=6.773
SPAN r2-h900-npitilp-swin-persistent exit=0 n=230 med=6.774
SPAN r2-h900-delay0-swin-persistent exit=0 n=231 med=6.787
SPAN r2-h900-vopd0-swin-persistent exit=0 n=235 med=6.79
SPAN r2-h900-nopartial-swin-persistent exit=0 n=232 med=6.824
SPAN r2-h900-base16 exit=0 n=233 med=6.775
SPAN r2-h900-np-c512-m32-mh exit=0 n=234 med=6.779
SPAN r2-h900-delay0-c512-m32-mh exit=0 n=233 med=6.784
SPAN r2-h900-vopd0-c512-m32-mh exit=0 n=235 med=6.793
SPAN r2-h900-nopartial-c512-m32-mh exit=0 n=233 med=6.779
SPAN r2-h900-np-c512-m32-deep exit=0 n=236 med=6.781
SPAN r2-h900-npilp-c512-m32-deep exit=0 n=235 med=6.782
SPAN r2-h900-npitilp-c512-m32-deep exit=0 n=233 med=6.819
SPAN r2-h900-delay0-c512-m32-deep exit=0 n=231 med=6.789
SPAN r2-h900-base24 exit=0 n=235 med=6.775
SPAN r2-h900-vopd0-c512-m32-deep exit=0 n=236 med=6.791
SPAN r2-h900-nopartial-c512-m32-deep exit=0 n=235 med=6.792
SPAN r2-h900-np-vit-stream exit=0 n=232 med=6.784
SPAN r2-h900-npilp-vit-stream exit=0 n=233 med=6.764
SPAN r2-h900-npitilp-vit-stream exit=0 n=232 med=6.825
SPAN r2-h900-delay0-vit-stream exit=0 n=233 med=6.794
SPAN r2-h900-vopd0-vit-stream exit=0 n=233 med=6.775
SPAN r2-h900-nopartial-vit-stream exit=0 n=233 med=6.787
SPAN r2-h900-base32 exit=0 n=234 med=6.792
SPAN r2-h900-np-multihead-fast-padded-wave-packed exit=0 n=232 med=6.795
SPAN r2-h900-npilp-multihead-fast-padded-wave-packed exit=0 n=233 med=6.877
SPAN r2-h900-npitilp-multihead-fast-padded-wave-packed exit=0 n=234 med=6.849
SPAN r2-h900-delay0-multihead-fast-padded-wave-packed exit=0 n=231 med=6.817
SPAN r2-h900-vopd0-multihead-fast-padded-wave-packed exit=0 n=233 med=6.775
SPAN r2-h900-nopartial-multihead-fast-padded-wave-packed exit=0 n=231 med=6.781
SPAN r2-h900-np-deep_fast-packed exit=0 n=231 med=6.792
SPAN r2-h900-npilp-deep_fast-packed exit=0 n=233 med=6.779
SPAN r2-h900-base40 exit=0 n=232 med=6.787
SPAN r2-h900-npitilp-deep_fast-packed exit=0 n=232 med=6.794
SPAN r2-h900-delay0-deep_fast-packed exit=0 n=231 med=6.823
SPAN r2-h900-vopd0-deep_fast-packed exit=0 n=235 med=6.792
SPAN r2-h900-nopartial-deep_fast-packed exit=0 n=231 med=6.78
SPAN r2-h900-np-vit-wide-deep exit=0 n=231 med=6.786
SPAN r2-h900-delay0-vit-wide-deep exit=0 n=231 med=6.785
SPAN r2-h900-vopd0-vit-wide-deep exit=0 n=237 med=6.767
SPAN r2-h900-nopartial-vit-wide-deep exit=0 n=232 med=6.793
SPAN r2-h900-base48 exit=0 n=232 med=6.788
SPAN r2-h900-baseZ exit=0 n=233 med=6.785
SPAN r2-h1080-base exit=0 n=230 med=9.524
SPAN r2-h1080-npitilp-c32-wave1 exit=0 n=234 med=9.541
SPAN r2-h1080-delay0-c32-wave1 exit=0 n=232 med=9.639
SPAN r2-h1080-vopd0-c32-wave1 exit=0 n=231 med=9.747
SPAN r2-h1080-nopartial-c32-wave1 exit=0 n=230 med=9.516
SPAN r2-h1080-np-c64-wave2 exit=0 n=232 med=9.496
SPAN r2-h1080-npilp-c64-wave2 exit=0 n=229 med=9.577
SPAN r2-h1080-npitilp-c64-wave2 exit=0 n=232 med=9.518
SPAN r2-h1080-delay0-c64-wave2 exit=0 n=232 med=9.607
SPAN r2-h1080-base8 exit=0 n=230 med=9.517
SPAN r2-h1080-vopd0-c64-wave2 exit=0 n=230 med=9.581
SPAN r2-h1080-nopartial-c64-wave2 exit=0 n=231 med=9.521
SPAN r2-h1080-np-swin-persistent exit=0 n=232 med=9.524
SPAN r2-h1080-npilp-swin-persistent exit=0 n=233 med=9.493
SPAN r2-h1080-npitilp-swin-persistent exit=0 n=230 med=9.53
SPAN r2-h1080-delay0-swin-persistent exit=0 n=232 med=9.504
SPAN r2-h1080-vopd0-swin-persistent exit=0 n=232 med=9.509
SPAN r2-h1080-nopartial-swin-persistent exit=0 n=231 med=9.524
SPAN r2-h1080-base16 exit=0 n=230 med=9.5
SPAN r2-h1080-np-c512-m32-mh exit=0 n=231 med=9.516
SPAN r2-h1080-delay0-c512-m32-mh exit=0 n=232 med=9.534
SPAN r2-h1080-vopd0-c512-m32-mh exit=0 n=230 med=9.527
SPAN r2-h1080-nopartial-c512-m32-mh exit=0 n=230 med=9.512
SPAN r2-h1080-np-c512-m32-deep exit=0 n=232 med=9.516
SPAN r2-h1080-npilp-c512-m32-deep exit=0 n=232 med=9.524
SPAN r2-h1080-npitilp-c512-m32-deep exit=0 n=229 med=9.597
SPAN r2-h1080-delay0-c512-m32-deep exit=0 n=231 med=9.516
SPAN r2-h1080-base24 exit=0 n=231 med=9.512
SPAN r2-h1080-vopd0-c512-m32-deep exit=0 n=230 med=9.528
SPAN r2-h1080-nopartial-c512-m32-deep exit=0 n=232 med=9.508
SPAN r2-h1080-np-vit-stream exit=0 n=231 med=9.483
SPAN r2-h1080-npilp-vit-stream exit=0 n=230 med=9.504
SPAN r2-h1080-npitilp-vit-stream exit=0 n=230 med=9.512
SPAN r2-h1080-delay0-vit-stream exit=0 n=231 med=9.514
SPAN r2-h1080-vopd0-vit-stream exit=0 n=232 med=9.57
SPAN r2-h1080-nopartial-vit-stream exit=0 n=232 med=9.526
SPAN r2-h1080-base32 exit=0 n=231 med=9.528
SPAN r2-h1080-np-multihead-fast-padded-wave-packed exit=0 n=231 med=9.52
SPAN r2-h1080-npilp-multihead-fast-padded-wave-packed exit=0 n=231 med=9.516
SPAN r2-h1080-npitilp-multihead-fast-padded-wave-packed exit=0 n=229 med=9.534
SPAN r2-h1080-delay0-multihead-fast-padded-wave-packed exit=0 n=234 med=9.563
SPAN r2-h1080-vopd0-multihead-fast-padded-wave-packed exit=0 n=231 med=9.514
SPAN r2-h1080-nopartial-multihead-fast-padded-wave-packed exit=0 n=232 med=9.497
SPAN r2-h1080-np-deep_fast-packed exit=0 n=229 med=9.549
SPAN r2-h1080-npilp-deep_fast-packed exit=0 n=230 med=9.506
SPAN r2-h1080-base40 exit=0 n=230 med=9.527
SPAN r2-h1080-npitilp-deep_fast-packed exit=0 n=229 med=9.569
SPAN r2-h1080-delay0-deep_fast-packed exit=0 n=230 med=9.564
SPAN r2-h1080-vopd0-deep_fast-packed exit=0 n=231 med=9.575
SPAN r2-h1080-nopartial-deep_fast-packed exit=0 n=234 med=9.514
SPAN r2-h1080-np-vit-wide-deep exit=0 n=230 med=9.523
SPAN r2-h1080-delay0-vit-wide-deep exit=0 n=232 med=9.528
SPAN r2-h1080-vopd0-vit-wide-deep exit=0 n=232 med=9.521
SPAN r2-h1080-nopartial-vit-wide-deep exit=0 n=235 med=9.502
SPAN r2-h1080-base48 exit=0 n=232 med=9.519
SPAN r2-h1080-baseZ exit=0 n=230 med=9.58
SPAN r3-h900-base exit=0 n=235 med=6.805
SPAN r3-h900-npitilp-c32-wave1 exit=0 n=232 med=6.792
SPAN r3-h900-delay0-c32-wave1 exit=0 n=233 med=6.866
SPAN r3-h900-vopd0-c32-wave1 exit=0 n=230 med=6.945
SPAN r3-h900-nopartial-c32-wave1 exit=0 n=235 med=6.8
SPAN r3-h900-np-c64-wave2 exit=0 n=232 med=6.773
SPAN r3-h900-npilp-c64-wave2 exit=0 n=234 med=6.78
SPAN r3-h900-npitilp-c64-wave2 exit=0 n=233 med=6.794
SPAN r3-h900-delay0-c64-wave2 exit=0 n=232 med=6.837
SPAN r3-h900-base8 exit=0 n=234 med=6.795
SPAN r3-h900-vopd0-c64-wave2 exit=0 n=231 med=6.824
SPAN r3-h900-nopartial-c64-wave2 exit=0 n=231 med=6.79
SPAN r3-h900-np-swin-persistent exit=0 n=231 med=6.796
SPAN r3-h900-npilp-swin-persistent exit=0 n=230 med=6.788
SPAN r3-h900-npitilp-swin-persistent exit=0 n=233 med=6.793
SPAN r3-h900-delay0-swin-persistent exit=0 n=232 med=6.787
SPAN r3-h900-vopd0-swin-persistent exit=0 n=232 med=6.786
SPAN r3-h900-nopartial-swin-persistent exit=0 n=233 med=6.781
SPAN r3-h900-base16 exit=0 n=233 med=6.785
SPAN r3-h900-np-c512-m32-mh exit=0 n=234 med=6.776
SPAN r3-h900-delay0-c512-m32-mh exit=0 n=233 med=6.793
SPAN r3-h900-vopd0-c512-m32-mh exit=0 n=234 med=6.802
SPAN r3-h900-nopartial-c512-m32-mh exit=0 n=231 med=6.777
SPAN r3-h900-np-c512-m32-deep exit=0 n=234 med=6.788
SPAN r3-h900-npilp-c512-m32-deep exit=0 n=234 med=6.778
SPAN r3-h900-npitilp-c512-m32-deep exit=0 n=235 med=6.818
SPAN r3-h900-delay0-c512-m32-deep exit=0 n=230 med=6.784
SPAN r3-h900-base24 exit=0 n=233 med=6.789
SPAN r3-h900-vopd0-c512-m32-deep exit=0 n=230 med=6.796
SPAN r3-h900-nopartial-c512-m32-deep exit=0 n=233 med=6.841
SPAN r3-h900-np-vit-stream exit=0 n=233 med=6.787
SPAN r3-h900-npilp-vit-stream exit=0 n=233 med=6.79
SPAN r3-h900-npitilp-vit-stream exit=0 n=231 med=6.793
SPAN r3-h900-delay0-vit-stream exit=0 n=233 med=6.786
SPAN r3-h900-vopd0-vit-stream exit=0 n=234 med=6.791
SPAN r3-h900-nopartial-vit-stream exit=0 n=234 med=6.786
SPAN r3-h900-base32 exit=0 n=234 med=6.779
SPAN r3-h900-np-multihead-fast-padded-wave-packed exit=0 n=230 med=6.792
SPAN r3-h900-npilp-multihead-fast-padded-wave-packed exit=0 n=234 med=6.869
SPAN r3-h900-npitilp-multihead-fast-padded-wave-packed exit=0 n=234 med=6.845
SPAN r3-h900-delay0-multihead-fast-padded-wave-packed exit=0 n=234 med=6.815
SPAN r3-h900-vopd0-multihead-fast-padded-wave-packed exit=0 n=233 med=6.789
SPAN r3-h900-nopartial-multihead-fast-padded-wave-packed exit=0 n=234 med=6.785
SPAN r3-h900-np-deep_fast-packed exit=0 n=235 med=6.779
SPAN r3-h900-npilp-deep_fast-packed exit=0 n=234 med=6.799
SPAN r3-h900-base40 exit=0 n=234 med=6.794
SPAN r3-h900-npitilp-deep_fast-packed exit=0 n=233 med=6.796
SPAN r3-h900-delay0-deep_fast-packed exit=0 n=235 med=6.782
SPAN r3-h900-vopd0-deep_fast-packed exit=0 n=233 med=6.801
SPAN r3-h900-nopartial-deep_fast-packed exit=0 n=233 med=6.794
SPAN r3-h900-np-vit-wide-deep exit=0 n=234 med=6.797
SPAN r3-h900-delay0-vit-wide-deep exit=0 n=234 med=6.785
SPAN r3-h900-vopd0-vit-wide-deep exit=0 n=233 med=6.789
SPAN r3-h900-nopartial-vit-wide-deep exit=0 n=231 med=6.798
SPAN r3-h900-base48 exit=0 n=234 med=6.787
SPAN r3-h900-baseZ exit=0 n=231 med=6.785
SPAN r3-h1080-base exit=0 n=232 med=9.528
SPAN r3-h1080-npitilp-c32-wave1 exit=0 n=231 med=9.544
SPAN r3-h1080-delay0-c32-wave1 exit=0 n=232 med=9.648
SPAN r3-h1080-vopd0-c32-wave1 exit=0 n=233 med=9.741
SPAN r3-h1080-nopartial-c32-wave1 exit=0 n=230 med=9.559
SPAN r3-h1080-np-c64-wave2 exit=0 n=228 med=9.511
SPAN r3-h1080-npilp-c64-wave2 exit=0 n=231 med=9.583
SPAN r3-h1080-npitilp-c64-wave2 exit=0 n=231 med=9.521
SPAN r3-h1080-delay0-c64-wave2 exit=0 n=233 med=9.617
SPAN r3-h1080-base8 exit=0 n=230 med=9.517
SPAN r3-h1080-vopd0-c64-wave2 exit=0 n=234 med=9.581
SPAN r3-h1080-nopartial-c64-wave2 exit=0 n=231 med=9.545
SPAN r3-h1080-np-swin-persistent exit=0 n=234 med=9.532
SPAN r3-h1080-npilp-swin-persistent exit=0 n=230 med=9.524
SPAN r3-h1080-npitilp-swin-persistent exit=0 n=230 med=9.519
SPAN r3-h1080-delay0-swin-persistent exit=0 n=232 med=9.537
SPAN r3-h1080-vopd0-swin-persistent exit=0 n=231 med=9.539
SPAN r3-h1080-nopartial-swin-persistent exit=0 n=232 med=9.529
SPAN r3-h1080-base16 exit=0 n=232 med=9.525
SPAN r3-h1080-np-c512-m32-mh exit=0 n=231 med=9.521
SPAN r3-h1080-delay0-c512-m32-mh exit=0 n=235 med=9.539
SPAN r3-h1080-vopd0-c512-m32-mh exit=0 n=233 med=9.538
SPAN r3-h1080-nopartial-c512-m32-mh exit=0 n=234 med=9.527
SPAN r3-h1080-np-c512-m32-deep exit=0 n=233 med=9.547
SPAN r3-h1080-npilp-c512-m32-deep exit=0 n=231 med=9.524
SPAN r3-h1080-npitilp-c512-m32-deep exit=0 n=231 med=9.589
SPAN r3-h1080-delay0-c512-m32-deep exit=0 n=232 med=9.598
SPAN r3-h1080-base24 exit=0 n=232 med=9.53
SPAN r3-h1080-vopd0-c512-m32-deep exit=0 n=232 med=9.528
SPAN r3-h1080-nopartial-c512-m32-deep exit=0 n=232 med=9.519
SPAN r3-h1080-np-vit-stream exit=0 n=234 med=9.516
SPAN r3-h1080-npilp-vit-stream exit=0 n=233 med=9.518
SPAN r3-h1080-npitilp-vit-stream exit=0 n=235 med=9.534
SPAN r3-h1080-delay0-vit-stream exit=0 n=231 med=9.506
SPAN r3-h1080-vopd0-vit-stream exit=0 n=231 med=9.564
SPAN r3-h1080-nopartial-vit-stream exit=0 n=234 med=9.572
SPAN r3-h1080-base32 exit=0 n=231 med=9.525
SPAN r3-h1080-np-multihead-fast-padded-wave-packed exit=0 n=232 med=9.521
SPAN r3-h1080-npilp-multihead-fast-padded-wave-packed exit=0 n=231 med=9.517
SPAN r3-h1080-npitilp-multihead-fast-padded-wave-packed exit=0 n=232 med=9.537
SPAN r3-h1080-delay0-multihead-fast-padded-wave-packed exit=0 n=234 med=9.576
SPAN r3-h1080-vopd0-multihead-fast-padded-wave-packed exit=0 n=232 med=9.535
SPAN r3-h1080-nopartial-multihead-fast-padded-wave-packed exit=0 n=233 med=9.525
SPAN r3-h1080-np-deep_fast-packed exit=0 n=232 med=9.575
SPAN r3-h1080-npilp-deep_fast-packed exit=0 n=233 med=9.51
SPAN r3-h1080-base40 exit=0 n=231 med=9.531
SPAN r3-h1080-npitilp-deep_fast-packed exit=0 n=234 med=9.584
SPAN r3-h1080-delay0-deep_fast-packed exit=0 n=231 med=9.573
SPAN r3-h1080-vopd0-deep_fast-packed exit=0 n=232 med=9.559
SPAN r3-h1080-nopartial-deep_fast-packed exit=0 n=231 med=9.514
SPAN r3-h1080-np-vit-wide-deep exit=0 n=232 med=9.585
SPAN r3-h1080-delay0-vit-wide-deep exit=0 n=235 med=9.54
SPAN r3-h1080-vopd0-vit-wide-deep exit=0 n=231 med=9.535
SPAN r3-h1080-nopartial-vit-wide-deep exit=0 n=232 med=9.516
SPAN r3-h1080-base48 exit=0 n=233 med=9.537
SPAN r3-h1080-baseZ exit=0 n=231 med=9.527
DUP_DONE
LOCK DROPPED
GUARD_DONE
