addon 053C3589
SPAN r1-h900-base exit=0 n=235 med=6.734
SPAN r1-h900-ilp-c64-wave2 exit=0 n=233 med=6.72
SPAN r1-h900-itilp-c64-wave2 exit=0 n=234 med=6.734
SPAN r1-h900-mclause-c64-wave2 exit=0 n=235 med=6.751
SPAN r1-h900-trackers-c64-wave2 exit=0 n=234 med=6.777
SPAN r1-h900-nopostra-c64-wave2 exit=0 n=233 med=6.753
SPAN r1-h900-nocluster-c64-wave2 exit=0 n=233 med=6.763
SPAN r1-h900-ilp-swin-persistent exit=0 n=234 med=6.769
SPAN r1-h900-itilp-swin-persistent exit=0 n=235 med=6.774
SPAN r1-h900-mclause-swin-persistent exit=0 n=234 med=6.782
SPAN r1-h900-ilp-c32-wave1 exit=0 n=236 med=6.785
SPAN r1-h900-itilp-c32-wave1 exit=0 n=237 med=6.793
SPAN r1-h900-nopostra-c32-wave1 exit=0 n=235 med=6.764
SPAN r1-h900-nounrollpart-c32-wave1 exit=0 n=237 med=6.832
SPAN r1-h900-mclause-c32-wave1 exit=0 n=237 med=6.81
SPAN r1-h900-itilp-c512-m32-mh exit=0 n=234 med=6.804
SPAN r1-h900-nopostra-c512-m32-mh exit=0 n=233 med=6.824
SPAN r1-h900-trackers-c512-m32-mh exit=0 n=236 med=6.815
SPAN r1-h900-relaxocc-c512-m32-mh exit=0 n=234 med=6.807
SPAN r1-h900-base2 exit=0 n=235 med=6.815
SPAN r1-h900-ilp-c512-m32-deep exit=0 n=236 med=6.813
SPAN r1-h900-itilp-c512-m32-deep exit=0 n=237 med=6.845
SPAN r1-h900-relaxocc-c512-m32-deep exit=0 n=235 med=6.822
SPAN r1-h900-topdown-c512-m32-deep exit=0 n=235 med=6.839
SPAN r1-h900-ilp-vit-stream exit=0 n=235 med=6.8
SPAN r1-h900-itilp-vit-stream exit=0 n=236 med=6.795
SPAN r1-h900-mclause-vit-stream exit=0 n=237 med=6.807
SPAN r1-h900-itmaxocc-vit-stream exit=0 n=234 med=6.805
SPAN r1-h900-trackers-vit-stream exit=0 n=235 med=6.97
SPAN r1-h900-ilp-multihead-fast-padded-wave-packed exit=0 n=235 med=6.897
SPAN r1-h900-itilp-multihead-fast-padded-wave-packed exit=0 n=232 med=6.886
SPAN r1-h900-itmaxocc-multihead-fast-padded-wave-packed exit=0 n=235 med=6.814
SPAN r1-h900-nopostra-multihead-fast-padded-wave-packed exit=0 n=231 med=6.83
SPAN r1-h900-relaxocc-multihead-fast-padded-wave-packed exit=0 n=234 med=6.895
SPAN r1-h900-nocluster-multihead-fast-padded-wave-packed exit=0 n=234 med=6.833
SPAN r1-h900-ilp-deep_fast-packed exit=0 n=233 med=6.827
SPAN r1-h900-itilp-deep_fast-packed exit=0 n=233 med=6.823
SPAN r1-h1080-base exit=0 n=230 med=9.569
SPAN r1-h1080-ilp-c64-wave2 exit=0 n=232 med=9.606
SPAN r1-h1080-itilp-c64-wave2 exit=0 n=235 med=9.551
SPAN r1-h1080-mclause-c64-wave2 exit=0 n=233 med=9.6
SPAN r1-h1080-trackers-c64-wave2 exit=0 n=231 med=9.558
SPAN r1-h1080-nopostra-c64-wave2 exit=0 n=231 med=9.572
SPAN r1-h1080-nocluster-c64-wave2 exit=0 n=232 med=9.606
SPAN r1-h1080-ilp-swin-persistent exit=0 n=233 med=9.577
SPAN r1-h1080-itilp-swin-persistent exit=0 n=230 med=9.582
SPAN r1-h1080-mclause-swin-persistent exit=0 n=229 med=9.571
SPAN r1-h1080-ilp-c32-wave1 exit=0 n=230 med=9.563
SPAN r1-h1080-itilp-c32-wave1 exit=0 n=231 med=9.557
SPAN r1-h1080-nopostra-c32-wave1 exit=0 n=229 med=9.507
SPAN r1-h1080-nounrollpart-c32-wave1 exit=0 n=234 med=9.63
SPAN r1-h1080-mclause-c32-wave1 exit=0 n=232 med=9.599
SPAN r1-h1080-itilp-c512-m32-mh exit=0 n=231 med=9.583
SPAN r1-h1080-nopostra-c512-m32-mh exit=0 n=231 med=9.592
SPAN r1-h1080-trackers-c512-m32-mh exit=0 n=232 med=9.645
SPAN r1-h1080-relaxocc-c512-m32-mh exit=0 n=231 med=9.587
SPAN r1-h1080-base2 exit=0 n=232 med=9.588
SPAN r1-h1080-ilp-c512-m32-deep exit=0 n=229 med=9.553
SPAN r1-h1080-itilp-c512-m32-deep exit=0 n=231 med=9.634
SPAN r1-h1080-relaxocc-c512-m32-deep exit=0 n=230 med=9.598
SPAN r1-h1080-topdown-c512-m32-deep exit=0 n=230 med=9.629
SPAN r1-h1080-ilp-vit-stream exit=0 n=230 med=9.603
SPAN r1-h1080-itilp-vit-stream exit=0 n=231 med=9.597
SPAN r1-h1080-mclause-vit-stream exit=0 n=229 med=9.607
SPAN r1-h1080-itmaxocc-vit-stream exit=0 n=229 med=9.604
SPAN r1-h1080-trackers-vit-stream exit=0 n=232 med=9.795
SPAN r1-h1080-ilp-multihead-fast-padded-wave-packed exit=0 n=232 med=9.584
SPAN r1-h1080-itilp-multihead-fast-padded-wave-packed exit=0 n=230 med=9.613
SPAN r1-h1080-itmaxocc-multihead-fast-padded-wave-packed exit=0 n=232 med=9.577
SPAN r1-h1080-nopostra-multihead-fast-padded-wave-packed exit=0 n=232 med=9.593
SPAN r1-h1080-relaxocc-multihead-fast-padded-wave-packed exit=0 n=229 med=9.603
SPAN r1-h1080-nocluster-multihead-fast-padded-wave-packed exit=0 n=234 med=9.569
SPAN r1-h1080-ilp-deep_fast-packed exit=0 n=232 med=9.568
SPAN r1-h1080-itilp-deep_fast-packed exit=0 n=233 med=9.678
SPAN r2-h900-base exit=0 n=232 med=6.857
SPAN r2-h900-ilp-c64-wave2 exit=0 n=234 med=6.842
SPAN r2-h900-itilp-c64-wave2 exit=0 n=233 med=6.848
SPAN r2-h900-mclause-c64-wave2 exit=0 n=233 med=6.846
SPAN r2-h900-trackers-c64-wave2 exit=0 n=232 med=6.866
SPAN r2-h900-nopostra-c64-wave2 exit=0 n=233 med=6.836
SPAN r2-h900-nocluster-c64-wave2 exit=0 n=233 med=6.851
SPAN r2-h900-ilp-swin-persistent exit=0 n=232 med=6.842
SPAN r2-h900-itilp-swin-persistent exit=0 n=234 med=6.855
SPAN r2-h900-mclause-swin-persistent exit=0 n=234 med=6.844
SPAN r2-h900-ilp-c32-wave1 exit=0 n=232 med=6.829
SPAN r2-h900-itilp-c32-wave1 exit=0 n=233 med=6.831
SPAN r2-h900-nopostra-c32-wave1 exit=0 n=230 med=6.797
SPAN r2-h900-nounrollpart-c32-wave1 exit=0 n=236 med=6.878
SPAN r2-h900-mclause-c32-wave1 exit=0 n=231 med=6.85
SPAN r2-h900-itilp-c512-m32-mh exit=0 n=234 med=6.858
SPAN r2-h900-nopostra-c512-m32-mh exit=0 n=232 med=6.843
SPAN r2-h900-trackers-c512-m32-mh exit=0 n=234 med=6.85
SPAN r2-h900-relaxocc-c512-m32-mh exit=0 n=231 med=6.854
SPAN r2-h900-base2 exit=0 n=232 med=6.846
SPAN r2-h900-ilp-c512-m32-deep exit=0 n=233 med=6.839
SPAN r2-h900-itilp-c512-m32-deep exit=0 n=235 med=6.863
SPAN r2-h900-relaxocc-c512-m32-deep exit=0 n=234 med=6.857
SPAN r2-h900-topdown-c512-m32-deep exit=0 n=233 med=6.904
SPAN r2-h900-ilp-vit-stream exit=0 n=231 med=6.838
SPAN r2-h900-itilp-vit-stream exit=0 n=233 med=6.828
SPAN r2-h900-mclause-vit-stream exit=0 n=233 med=6.838
SPAN r2-h900-itmaxocc-vit-stream exit=0 n=233 med=6.84
SPAN r2-h900-trackers-vit-stream exit=0 n=233 med=7.002
SPAN r2-h900-ilp-multihead-fast-padded-wave-packed exit=0 n=233 med=6.929
SPAN r2-h900-itilp-multihead-fast-padded-wave-packed exit=0 n=233 med=6.91
SPAN r2-h900-itmaxocc-multihead-fast-padded-wave-packed exit=0 n=233 med=6.857
SPAN r2-h900-nopostra-multihead-fast-padded-wave-packed exit=0 n=231 med=6.848
SPAN r2-h900-relaxocc-multihead-fast-padded-wave-packed exit=0 n=233 med=6.945
SPAN r2-h900-nocluster-multihead-fast-padded-wave-packed exit=0 n=231 med=6.857
SPAN r2-h900-ilp-deep_fast-packed exit=0 n=233 med=6.848
SPAN r2-h900-itilp-deep_fast-packed exit=0 n=233 med=6.851
SPAN r2-h1080-base exit=0 n=230 med=9.584
SPAN r2-h1080-ilp-c64-wave2 exit=0 n=230 med=9.605
SPAN r2-h1080-itilp-c64-wave2 exit=0 n=233 med=9.579
SPAN r2-h1080-mclause-c64-wave2 exit=0 n=232 med=9.613
SPAN r2-h1080-trackers-c64-wave2 exit=0 n=232 med=9.611
SPAN r2-h1080-nopostra-c64-wave2 exit=0 n=229 med=9.59
SPAN r2-h1080-nocluster-c64-wave2 exit=0 n=232 med=9.61
SPAN r2-h1080-ilp-swin-persistent exit=0 n=233 med=9.586
SPAN r2-h1080-itilp-swin-persistent exit=0 n=231 med=9.605
SPAN r2-h1080-mclause-swin-persistent exit=0 n=231 med=9.606
SPAN r2-h1080-ilp-c32-wave1 exit=0 n=229 med=9.58
SPAN r2-h1080-itilp-c32-wave1 exit=0 n=230 med=9.587
SPAN r2-h1080-nopostra-c32-wave1 exit=0 n=232 med=9.519
SPAN r2-h1080-nounrollpart-c32-wave1 exit=0 n=232 med=9.652
SPAN r2-h1080-mclause-c32-wave1 exit=0 n=234 med=9.619
SPAN r2-h1080-itilp-c512-m32-mh exit=0 n=229 med=9.607
SPAN r2-h1080-nopostra-c512-m32-mh exit=0 n=231 med=9.613
SPAN r2-h1080-trackers-c512-m32-mh exit=0 n=230 med=9.585
SPAN r2-h1080-relaxocc-c512-m32-mh exit=0 n=230 med=9.604
SPAN r2-h1080-base2 exit=0 n=232 med=9.611
SPAN r2-h1080-ilp-c512-m32-deep exit=0 n=229 med=9.583
SPAN r2-h1080-itilp-c512-m32-deep exit=0 n=233 med=9.648
SPAN r2-h1080-relaxocc-c512-m32-deep exit=0 n=232 med=9.618
SPAN r2-h1080-topdown-c512-m32-deep exit=0 n=231 med=9.65
SPAN r2-h1080-ilp-vit-stream exit=0 n=233 med=9.625
SPAN r2-h1080-itilp-vit-stream exit=0 n=231 med=9.615
SPAN r2-h1080-mclause-vit-stream exit=0 n=232 med=9.698
SPAN r2-h1080-itmaxocc-vit-stream exit=0 n=234 med=9.639
SPAN r2-h1080-trackers-vit-stream exit=0 n=232 med=9.793
SPAN r2-h1080-ilp-multihead-fast-padded-wave-packed exit=0 n=232 med=9.61
SPAN r2-h1080-itilp-multihead-fast-padded-wave-packed exit=0 n=231 med=9.592
SPAN r2-h1080-itmaxocc-multihead-fast-padded-wave-packed exit=0 n=231 med=9.59
SPAN r2-h1080-nopostra-multihead-fast-padded-wave-packed exit=0 n=230 med=9.609
SPAN r2-h1080-relaxocc-multihead-fast-padded-wave-packed exit=0 n=232 med=9.607
SPAN r2-h1080-nocluster-multihead-fast-padded-wave-packed exit=0 n=233 med=9.586
SPAN r2-h1080-ilp-deep_fast-packed exit=0 n=232 med=9.592
SPAN r2-h1080-itilp-deep_fast-packed exit=0 n=231 med=9.674
SPAN r3-h900-base exit=0 n=235 med=6.867
SPAN r3-h900-ilp-c64-wave2 exit=0 n=235 med=6.866
SPAN r3-h900-itilp-c64-wave2 exit=0 n=234 med=6.856
SPAN r3-h900-mclause-c64-wave2 exit=0 n=234 med=6.878
SPAN r3-h900-trackers-c64-wave2 exit=0 n=233 med=6.872
SPAN r3-h900-nopostra-c64-wave2 exit=0 n=232 med=6.84
SPAN r3-h900-nocluster-c64-wave2 exit=0 n=235 med=6.863
SPAN r3-h900-ilp-swin-persistent exit=0 n=232 med=6.844
SPAN r3-h900-itilp-swin-persistent exit=0 n=233 med=6.854
SPAN r3-h900-mclause-swin-persistent exit=0 n=234 med=6.86
SPAN r3-h900-ilp-c32-wave1 exit=0 n=234 med=6.832
SPAN r3-h900-itilp-c32-wave1 exit=0 n=234 med=6.845
SPAN r3-h900-nopostra-c32-wave1 exit=0 n=232 med=6.798
SPAN r3-h900-nounrollpart-c32-wave1 exit=0 n=234 med=6.877
SPAN r3-h900-mclause-c32-wave1 exit=0 n=235 med=6.85
SPAN r3-h900-itilp-c512-m32-mh exit=0 n=233 med=6.857
SPAN r3-h900-nopostra-c512-m32-mh exit=0 n=235 med=6.844
SPAN r3-h900-trackers-c512-m32-mh exit=0 n=232 med=6.846
SPAN r3-h900-relaxocc-c512-m32-mh exit=0 n=233 med=6.853
SPAN r3-h900-base2 exit=0 n=235 med=6.852
SPAN r3-h900-ilp-c512-m32-deep exit=0 n=232 med=6.847
SPAN r3-h900-itilp-c512-m32-deep exit=0 n=234 med=6.876
SPAN r3-h900-relaxocc-c512-m32-deep exit=0 n=233 med=6.862
SPAN r3-h900-topdown-c512-m32-deep exit=0 n=234 med=6.88
SPAN r3-h900-ilp-vit-stream exit=0 n=231 med=6.84
SPAN r3-h900-itilp-vit-stream exit=0 n=233 med=6.836
SPAN r3-h900-mclause-vit-stream exit=0 n=233 med=6.844
SPAN r3-h900-itmaxocc-vit-stream exit=0 n=232 med=6.841
SPAN r3-h900-trackers-vit-stream exit=0 n=235 med=7.01
SPAN r3-h900-ilp-multihead-fast-padded-wave-packed exit=0 n=232 med=6.937
SPAN r3-h900-itilp-multihead-fast-padded-wave-packed exit=0 n=233 med=6.915
SPAN r3-h900-itmaxocc-multihead-fast-padded-wave-packed exit=0 n=235 med=6.853
SPAN r3-h900-nopostra-multihead-fast-padded-wave-packed exit=0 n=233 med=6.862
SPAN r3-h900-relaxocc-multihead-fast-padded-wave-packed exit=0 n=231 med=6.961
SPAN r3-h900-nocluster-multihead-fast-padded-wave-packed exit=0 n=233 med=6.843
SPAN r3-h900-ilp-deep_fast-packed exit=0 n=232 med=6.853
SPAN r3-h900-itilp-deep_fast-packed exit=0 n=234 med=6.844
SPAN r3-h1080-base exit=0 n=230 med=9.603
SPAN r3-h1080-ilp-c64-wave2 exit=0 n=229 med=9.629
SPAN r3-h1080-itilp-c64-wave2 exit=0 n=233 med=9.592
SPAN r3-h1080-mclause-c64-wave2 exit=0 n=231 med=9.609
SPAN r3-h1080-trackers-c64-wave2 exit=0 n=232 med=9.609
SPAN r3-h1080-nopostra-c64-wave2 exit=0 n=231 med=9.602
SPAN r3-h1080-nocluster-c64-wave2 exit=0 n=231 med=9.61
SPAN r3-h1080-ilp-swin-persistent exit=0 n=232 med=9.605
SPAN r3-h1080-itilp-swin-persistent exit=0 n=233 med=9.63
SPAN r3-h1080-mclause-swin-persistent exit=0 n=232 med=9.616
SPAN r3-h1080-ilp-c32-wave1 exit=0 n=232 med=9.6
SPAN r3-h1080-itilp-c32-wave1 exit=0 n=231 med=9.58
SPAN r3-h1080-nopostra-c32-wave1 exit=0 n=231 med=9.522
SPAN r3-h1080-nounrollpart-c32-wave1 exit=0 n=233 med=9.64
SPAN r3-h1080-mclause-c32-wave1 exit=0 n=232 med=9.594
SPAN r3-h1080-itilp-c512-m32-mh exit=0 n=232 med=9.603
SPAN r3-h1080-nopostra-c512-m32-mh exit=0 n=232 med=9.599
SPAN r3-h1080-trackers-c512-m32-mh exit=0 n=234 med=9.596
SPAN r3-h1080-relaxocc-c512-m32-mh exit=0 n=233 med=9.606
SPAN r3-h1080-base2 exit=0 n=234 med=9.601
SPAN r3-h1080-ilp-c512-m32-deep exit=0 n=230 med=9.589
SPAN r3-h1080-itilp-c512-m32-deep exit=0 n=232 med=9.671
SPAN r3-h1080-relaxocc-c512-m32-deep exit=0 n=232 med=9.609
SPAN r3-h1080-topdown-c512-m32-deep exit=0 n=235 med=9.652
SPAN r3-h1080-ilp-vit-stream exit=0 n=231 med=9.628
SPAN r3-h1080-itilp-vit-stream exit=0 n=233 med=9.61
SPAN r3-h1080-mclause-vit-stream exit=0 n=234 med=9.623
SPAN r3-h1080-itmaxocc-vit-stream exit=0 n=233 med=9.65
SPAN r3-h1080-trackers-vit-stream exit=0 n=232 med=9.794
SPAN r3-h1080-ilp-multihead-fast-padded-wave-packed exit=0 n=236 med=9.594
SPAN r3-h1080-itilp-multihead-fast-padded-wave-packed exit=0 n=234 med=9.59
SPAN r3-h1080-itmaxocc-multihead-fast-padded-wave-packed exit=0 n=233 med=9.598
SPAN r3-h1080-nopostra-multihead-fast-padded-wave-packed exit=0 n=236 med=9.611
SPAN r3-h1080-relaxocc-multihead-fast-padded-wave-packed exit=0 n=232 med=9.617
SPAN r3-h1080-nocluster-multihead-fast-padded-wave-packed exit=0 n=232 med=9.6
SPAN r3-h1080-ilp-deep_fast-packed exit=0 n=231 med=9.608
SPAN r3-h1080-itilp-deep_fast-packed exit=0 n=231 med=9.686
DUP_DONE
LOCK DROPPED
GUARD_DONE
