overlay c32-wave1 <- D:\DLSSNR-Lab\hip-backend\compiler-sweep-20261001\recipe-on\gfx1201 12B60775
overlay c512-m32-deep <- D:\DLSSNR-Lab\hip-backend\compiler-sweep-20261001\recipe-on\gfx1201 FE9A1A0B
addon 053C3589
SPAN r1-h900-base exit=0 n=232 med=6.718
SPAN r1-h900-np-c64 exit=0 n=235 med=6.706
SPAN r1-h900-npilp-c64 exit=0 n=233 med=6.719
SPAN r1-h900-d128-r exit=0 n=235 med=7.349
SPAN r1-h900-d128-np exit=0 n=234 med=7.333
SPAN r1-h900-d128-npilp exit=0 n=235 med=7.334
SPAN r1-h900-d64-r exit=0 n=235 med=7.103
SPAN r1-h900-d64-np exit=0 n=234 med=7.101
SPAN r1-h900-d64-npilp exit=0 n=232 med=7.093
SPAN r1-h900-base2 exit=0 n=231 med=6.769
SPAN r1-h900-npilp-swin exit=0 n=233 med=6.797
SPAN r1-h900-npilp-vit exit=0 n=230 med=6.756
SPAN r1-h900-dvc-r exit=0 n=235 med=6.951
SPAN r1-h900-dvc-npilp exit=0 n=233 med=6.933
SPAN r1-h900-dvq-r exit=0 n=233 med=7.095
SPAN r1-h900-dvq-npilp exit=0 n=232 med=7.088
SPAN r1-h900-base3 exit=0 n=233 med=6.754
SPAN r1-h900-npilp-mh exit=0 n=232 med=6.851
SPAN r1-h900-dmp-r exit=0 n=233 med=6.945
SPAN r1-h900-dmp-npilp exit=0 n=230 med=7.028
SPAN r1-h900-dmf-r exit=0 n=233 med=7.015
SPAN r1-h900-dmf-npilp exit=0 n=231 med=7.15
SPAN r1-h900-dmo-r exit=0 n=234 med=7.271
SPAN r1-h900-dmo-npilp exit=0 n=231 med=7.419
SPAN r1-h900-base4 exit=0 n=232 med=6.777
SPAN r1-h1080-base exit=0 n=230 med=9.505
SPAN r1-h1080-np-c64 exit=0 n=233 med=9.497
SPAN r1-h1080-npilp-c64 exit=0 n=231 med=9.569
SPAN r1-h1080-d128-r exit=0 n=230 med=10.37
SPAN r1-h1080-d128-np exit=0 n=231 med=10.356
SPAN r1-h1080-d128-npilp exit=0 n=231 med=10.422
SPAN r1-h1080-d64-r exit=0 n=231 med=10.03
SPAN r1-h1080-d64-np exit=0 n=232 med=10.029
SPAN r1-h1080-d64-npilp exit=0 n=231 med=10.085
SPAN r1-h1080-base2 exit=0 n=232 med=9.535
SPAN r1-h1080-npilp-swin exit=0 n=229 med=9.53
SPAN r1-h1080-npilp-vit exit=0 n=233 med=9.5
SPAN r1-h1080-dvc-r exit=0 n=231 med=9.804
SPAN r1-h1080-dvc-npilp exit=0 n=237 med=9.756
SPAN r1-h1080-dvq-r exit=0 n=230 med=9.857
SPAN r1-h1080-dvq-npilp exit=0 n=234 med=9.827
SPAN r1-h1080-base3 exit=0 n=231 med=9.514
SPAN r1-h1080-npilp-mh exit=0 n=230 med=9.523
SPAN r1-h1080-dmp-r exit=0 n=231 med=9.841
SPAN r1-h1080-dmp-npilp exit=0 n=231 med=9.807
SPAN r1-h1080-dmf-r exit=0 n=231 med=9.545
SPAN r1-h1080-dmf-npilp exit=0 n=232 med=9.524
SPAN r1-h1080-dmo-r exit=0 n=232 med=9.96
SPAN r1-h1080-dmo-npilp exit=0 n=234 med=9.953
SPAN r1-h1080-base4 exit=0 n=232 med=9.536
SPAN r2-h900-base exit=0 n=235 med=6.851
SPAN r2-h900-np-c64 exit=0 n=234 med=6.78
SPAN r2-h900-npilp-c64 exit=0 n=235 med=6.77
SPAN r2-h900-d128-r exit=0 n=235 med=7.399
SPAN r2-h900-d128-np exit=0 n=233 med=7.392
SPAN r2-h900-d128-npilp exit=0 n=235 med=7.368
SPAN r2-h900-d64-r exit=0 n=232 med=7.167
SPAN r2-h900-d64-np exit=0 n=234 med=7.141
SPAN r2-h900-d64-npilp exit=0 n=234 med=7.134
SPAN r2-h900-base2 exit=0 n=234 med=6.795
SPAN r2-h900-npilp-swin exit=0 n=232 med=6.797
SPAN r2-h900-npilp-vit exit=0 n=235 med=6.777
SPAN r2-h900-dvc-r exit=0 n=231 med=6.988
SPAN r2-h900-dvc-npilp exit=0 n=234 med=6.969
SPAN r2-h900-dvq-r exit=0 n=234 med=7.173
SPAN r2-h900-dvq-npilp exit=0 n=233 med=7.118
SPAN r2-h900-base3 exit=0 n=232 med=6.798
SPAN r2-h900-npilp-mh exit=0 n=232 med=6.872
SPAN r2-h900-dmp-r exit=0 n=233 med=6.984
SPAN r2-h900-dmp-npilp exit=0 n=230 med=7.048
SPAN r2-h900-dmf-r exit=0 n=232 med=7.023
SPAN r2-h900-dmf-npilp exit=0 n=231 med=7.185
SPAN r2-h900-dmo-r exit=0 n=236 med=7.292
SPAN r2-h900-dmo-npilp exit=0 n=233 med=7.444
SPAN r2-h900-base4 exit=0 n=233 med=6.784
SPAN r2-h1080-base exit=0 n=231 med=9.523
SPAN r2-h1080-np-c64 exit=0 n=231 med=9.5
SPAN r2-h1080-npilp-c64 exit=0 n=230 med=9.581
SPAN r2-h1080-d128-r exit=0 n=233 med=10.383
SPAN r2-h1080-d128-np exit=0 n=231 med=10.362
SPAN r2-h1080-d128-npilp exit=0 n=231 med=10.423
SPAN r2-h1080-d64-r exit=0 n=231 med=10.026
SPAN r2-h1080-d64-np exit=0 n=233 med=10.015
SPAN r2-h1080-d64-npilp exit=0 n=231 med=10.085
SPAN r2-h1080-base2 exit=0 n=232 med=9.527
SPAN r2-h1080-npilp-swin exit=0 n=231 med=9.523
SPAN r2-h1080-npilp-vit exit=0 n=232 med=9.505
SPAN r2-h1080-dvc-r exit=0 n=234 med=9.817
SPAN r2-h1080-dvc-npilp exit=0 n=231 med=9.791
SPAN r2-h1080-dvq-r exit=0 n=231 med=9.819
SPAN r2-h1080-dvq-npilp exit=0 n=231 med=9.838
SPAN r2-h1080-base3 exit=0 n=230 med=9.537
SPAN r2-h1080-npilp-mh exit=0 n=230 med=9.523
SPAN r2-h1080-dmp-r exit=0 n=229 med=9.824
SPAN r2-h1080-dmp-npilp exit=0 n=230 med=9.803
SPAN r2-h1080-dmf-r exit=0 n=232 med=9.513
SPAN r2-h1080-dmf-npilp exit=0 n=231 med=9.527
SPAN r2-h1080-dmo-r exit=0 n=232 med=9.953
SPAN r2-h1080-dmo-npilp exit=0 n=231 med=9.924
SPAN r2-h1080-base4 exit=0 n=231 med=9.52
SPAN r3-h900-base exit=0 n=235 med=6.804
SPAN r3-h900-np-c64 exit=0 n=232 med=6.785
SPAN r3-h900-npilp-c64 exit=0 n=234 med=6.783
SPAN r3-h900-d128-r exit=0 n=235 med=7.444
SPAN r3-h900-d128-np exit=0 n=234 med=7.385
SPAN r3-h900-d128-npilp exit=0 n=231 med=7.368
SPAN r3-h900-d64-r exit=0 n=233 med=7.176
SPAN r3-h900-d64-np exit=0 n=235 med=7.155
SPAN r3-h900-d64-npilp exit=0 n=235 med=7.133
SPAN r3-h900-base2 exit=0 n=233 med=6.797
SPAN r3-h900-npilp-swin exit=0 n=236 med=6.789
SPAN r3-h900-npilp-vit exit=0 n=232 med=6.779
SPAN r3-h900-dvc-r exit=0 n=233 med=6.986
SPAN r3-h900-dvc-npilp exit=0 n=238 med=6.966
SPAN r3-h900-dvq-r exit=0 n=236 med=7.135
SPAN r3-h900-dvq-npilp exit=0 n=232 med=7.107
SPAN r3-h900-base3 exit=0 n=234 med=6.837
SPAN r3-h900-npilp-mh exit=0 n=235 med=6.872
SPAN r3-h900-dmp-r exit=0 n=235 med=6.975
SPAN r3-h900-dmp-npilp exit=0 n=234 med=7.063
SPAN r3-h900-dmf-r exit=0 n=231 med=7.029
SPAN r3-h900-dmf-npilp exit=0 n=235 med=7.175
SPAN r3-h900-dmo-r exit=0 n=235 med=7.286
SPAN r3-h900-dmo-npilp exit=0 n=234 med=7.443
SPAN r3-h900-base4 exit=0 n=234 med=6.815
SPAN r3-h1080-base exit=0 n=235 med=9.531
SPAN r3-h1080-np-c64 exit=0 n=230 med=9.53
SPAN r3-h1080-npilp-c64 exit=0 n=231 med=9.595
SPAN r3-h1080-d128-r exit=0 n=233 med=10.384
SPAN r3-h1080-d128-np exit=0 n=234 med=10.374
SPAN r3-h1080-d128-npilp exit=0 n=228 med=10.394
SPAN r3-h1080-d64-r exit=0 n=229 med=10.028
SPAN r3-h1080-d64-np exit=0 n=231 med=10.025
SPAN r3-h1080-d64-npilp exit=0 n=229 med=10.088
SPAN r3-h1080-base2 exit=0 n=233 med=9.521
SPAN r3-h1080-npilp-swin exit=0 n=234 med=9.524
SPAN r3-h1080-npilp-vit exit=0 n=229 med=9.505
SPAN r3-h1080-dvc-r exit=0 n=231 med=9.802
SPAN r3-h1080-dvc-npilp exit=0 n=232 med=9.777
SPAN r3-h1080-dvq-r exit=0 n=232 med=9.867
SPAN r3-h1080-dvq-npilp exit=0 n=230 med=9.852
SPAN r3-h1080-base3 exit=0 n=231 med=9.533
SPAN r3-h1080-npilp-mh exit=0 n=231 med=9.555
SPAN r3-h1080-dmp-r exit=0 n=233 med=9.828
SPAN r3-h1080-dmp-npilp exit=0 n=232 med=9.813
SPAN r3-h1080-dmf-r exit=0 n=233 med=9.53
SPAN r3-h1080-dmf-npilp exit=0 n=228 med=9.534
SPAN r3-h1080-dmo-r exit=0 n=231 med=9.955
SPAN r3-h1080-dmo-npilp exit=0 n=233 med=9.921
SPAN r3-h1080-base4 exit=0 n=232 med=9.528
SPAN r4-h900-base exit=0 n=233 med=6.802
SPAN r4-h900-np-c64 exit=0 n=232 med=6.789
SPAN r4-h900-npilp-c64 exit=0 n=233 med=6.786
SPAN r4-h900-d128-r exit=0 n=233 med=7.405
SPAN r4-h900-d128-np exit=0 n=235 med=7.395
SPAN r4-h900-d128-npilp exit=0 n=231 med=7.406
SPAN r4-h900-d64-r exit=0 n=233 med=7.162
SPAN r4-h900-d64-np exit=0 n=235 med=7.142
SPAN r4-h900-d64-npilp exit=0 n=233 med=7.133
SPAN r4-h900-base2 exit=0 n=233 med=6.793
SPAN r4-h900-npilp-swin exit=0 n=232 med=6.795
SPAN r4-h900-npilp-vit exit=0 n=233 med=6.793
SPAN r4-h900-dvc-r exit=0 n=233 med=6.974
SPAN r4-h900-dvc-npilp exit=0 n=234 med=6.973
SPAN r4-h900-dvq-r exit=0 n=233 med=7.122
SPAN r4-h900-dvq-npilp exit=0 n=235 med=7.113
SPAN r4-h900-base3 exit=0 n=235 med=6.799
SPAN r4-h900-npilp-mh exit=0 n=236 med=6.872
SPAN r4-h900-dmp-r exit=0 n=232 med=6.967
SPAN r4-h900-dmp-npilp exit=0 n=237 med=7.063
SPAN r4-h900-dmf-r exit=0 n=235 med=7.032
SPAN r4-h900-dmf-npilp exit=0 n=233 med=7.205
SPAN r4-h900-dmo-r exit=0 n=236 med=7.306
SPAN r4-h900-dmo-npilp exit=0 n=233 med=7.455
SPAN r4-h900-base4 exit=0 n=234 med=6.798
SPAN r4-h1080-base exit=0 n=232 med=9.532
SPAN r4-h1080-np-c64 exit=0 n=232 med=9.516
SPAN r4-h1080-npilp-c64 exit=0 n=232 med=9.59
SPAN r4-h1080-d128-r exit=0 n=233 med=10.385
SPAN r4-h1080-d128-np exit=0 n=233 med=10.373
SPAN r4-h1080-d128-npilp exit=0 n=233 med=10.429
SPAN r4-h1080-d64-r exit=0 n=234 med=10.025
SPAN r4-h1080-d64-np exit=0 n=234 med=10.007
SPAN r4-h1080-d64-npilp exit=0 n=231 med=10.067
SPAN r4-h1080-base2 exit=0 n=233 med=9.506
SPAN r4-h1080-npilp-swin exit=0 n=234 med=9.539
SPAN r4-h1080-npilp-vit exit=0 n=233 med=9.516
SPAN r4-h1080-dvc-r exit=0 n=231 med=9.812
SPAN r4-h1080-dvc-npilp exit=0 n=234 med=9.789
SPAN r4-h1080-dvq-r exit=0 n=235 med=9.861
SPAN r4-h1080-dvq-npilp exit=0 n=235 med=9.833
SPAN r4-h1080-base3 exit=0 n=231 med=9.534
SPAN r4-h1080-npilp-mh exit=0 n=232 med=9.52
SPAN r4-h1080-dmp-r exit=0 n=232 med=9.824
SPAN r4-h1080-dmp-npilp exit=0 n=235 med=9.814
SPAN r4-h1080-dmf-r exit=0 n=233 med=9.526
SPAN r4-h1080-dmf-npilp exit=0 n=231 med=9.558
SPAN r4-h1080-dmo-r exit=0 n=231 med=9.96
SPAN r4-h1080-dmo-npilp exit=0 n=230 med=9.929
SPAN r4-h1080-base4 exit=0 n=231 med=9.525
SPAN r5-h900-base exit=0 n=236 med=6.815
SPAN r5-h900-np-c64 exit=0 n=232 med=6.797
SPAN r5-h900-npilp-c64 exit=0 n=233 med=6.787
SPAN r5-h900-d128-r exit=0 n=233 med=7.407
SPAN r5-h900-d128-np exit=0 n=233 med=7.391
SPAN r5-h900-d128-npilp exit=0 n=235 med=7.372
SPAN r5-h900-d64-r exit=0 n=234 med=7.165
SPAN r5-h900-d64-np exit=0 n=232 med=7.149
SPAN r5-h900-d64-npilp exit=0 n=231 med=7.14
SPAN r5-h900-base2 exit=0 n=234 med=6.849
SPAN r5-h900-npilp-swin exit=0 n=231 med=6.809
SPAN r5-h900-npilp-vit exit=0 n=233 med=6.791
SPAN r5-h900-dvc-r exit=0 n=233 med=6.989
SPAN r5-h900-dvc-npilp exit=0 n=235 med=6.971
SPAN r5-h900-dvq-r exit=0 n=232 med=7.148
SPAN r5-h900-dvq-npilp exit=0 n=234 med=7.125
SPAN r5-h900-base3 exit=0 n=230 med=6.8
SPAN r5-h900-npilp-mh exit=0 n=233 med=6.878
SPAN r5-h900-dmp-r exit=0 n=233 med=6.983
SPAN r5-h900-dmp-npilp exit=0 n=235 med=7.065
SPAN r5-h900-dmf-r exit=0 n=233 med=7.038
SPAN r5-h900-dmf-npilp exit=0 n=234 med=7.186
SPAN r5-h900-dmo-r exit=0 n=234 med=7.303
SPAN r5-h900-dmo-npilp exit=0 n=232 med=7.422
SPAN r5-h900-base4 exit=0 n=235 med=6.798
SPAN r5-h1080-base exit=0 n=232 med=9.532
SPAN r5-h1080-np-c64 exit=0 n=232 med=9.523
SPAN r5-h1080-npilp-c64 exit=0 n=232 med=9.584
SPAN r5-h1080-d128-r exit=0 n=231 med=10.379
SPAN r5-h1080-d128-np exit=0 n=235 med=10.379
SPAN r5-h1080-d128-npilp exit=0 n=231 med=10.437
SPAN r5-h1080-d64-r exit=0 n=234 med=10.043
SPAN r5-h1080-d64-np exit=0 n=231 med=10.034
SPAN r5-h1080-d64-npilp exit=0 n=235 med=10.078
SPAN r5-h1080-base2 exit=0 n=231 med=9.527
SPAN r5-h1080-npilp-swin exit=0 n=232 med=9.54
SPAN r5-h1080-npilp-vit exit=0 n=231 med=9.526
SPAN r5-h1080-dvc-r exit=0 n=232 med=9.812
SPAN r5-h1080-dvc-npilp exit=0 n=235 med=9.806
SPAN r5-h1080-dvq-r exit=0 n=231 med=9.882
SPAN r5-h1080-dvq-npilp exit=0 n=232 med=9.834
SPAN r5-h1080-base3 exit=0 n=234 med=9.532
SPAN r5-h1080-npilp-mh exit=0 n=234 med=9.522
SPAN r5-h1080-dmp-r exit=0 n=235 med=9.814
SPAN r5-h1080-dmp-npilp exit=0 n=231 med=9.804
SPAN r5-h1080-dmf-r exit=0 n=232 med=9.534
SPAN r5-h1080-dmf-npilp exit=0 n=234 med=9.536
SPAN r5-h1080-dmo-r exit=0 n=231 med=9.932
SPAN r5-h1080-dmo-npilp exit=0 n=232 med=9.936
SPAN r5-h1080-base4 exit=0 n=232 med=9.529
DUP_DONE
LOCK DROPPED
GUARD_DONE
