overlay c32-wave1 <- D:\DLSSNR-Lab\hip-backend\compiler-sweep-20261001\recipe-on\gfx1201 12B60775
overlay c512-m32-deep <- D:\DLSSNR-Lab\hip-backend\compiler-sweep-20261001\recipe-on\gfx1201 FE9A1A0B
addon 053C3589
SPAN r1-h900-base exit=0 n=237 med=6.749
SPAN r1-h900-L22-ro-c32-wave1 exit=0 n=230 med=6.746
SPAN r1-h900-L22-c64-wave2 exit=0 n=230 med=6.75
SPAN r1-h900-L22-swin-persistent exit=0 n=231 med=6.761
SPAN r1-h900-L22-c512-m32-mh exit=0 n=229 med=6.746
SPAN r1-h900-L22-ro-c512-m32-deep exit=0 n=232 med=6.762
SPAN r1-h900-base5 exit=0 n=232 med=6.756
SPAN r1-h900-L22-deep_fast-packed exit=0 n=232 med=6.76
SPAN r1-h900-L22-c32-wave1 exit=0 n=230 med=6.829
SPAN r1-h900-L22-c512-m32-deep exit=0 n=233 med=6.771
SPAN r1-h900-L23-ro-c32-wave1 exit=0 n=233 med=6.724
SPAN r1-h900-L23-c64-wave2 exit=0 n=232 med=6.77
SPAN r1-h900-base10 exit=0 n=232 med=6.765
SPAN r1-h900-L23-swin-persistent exit=0 n=233 med=6.766
SPAN r1-h900-L23-c512-m32-mh exit=0 n=230 med=6.772
SPAN r1-h900-L23-ro-c512-m32-deep exit=0 n=232 med=6.901
SPAN r1-h900-L23-deep_fast-packed exit=0 n=231 med=6.801
SPAN r1-h900-L23-vit-wide-deep exit=0 n=232 med=6.781
SPAN r1-h900-base15 exit=0 n=234 med=6.766
SPAN r1-h900-L23-c32-wave1 exit=0 n=232 med=6.776
SPAN r1-h900-L23-c512-m32-deep exit=0 n=232 med=6.826
SPAN r1-h900-baseZ exit=0 n=230 med=6.768
SPAN r1-h1080-base exit=0 n=231 med=9.517
SPAN r1-h1080-L22-ro-c32-wave1 exit=0 n=231 med=9.506
SPAN r1-h1080-L22-c64-wave2 exit=0 n=230 med=9.491
SPAN r1-h1080-L22-swin-persistent exit=0 n=231 med=9.504
SPAN r1-h1080-L22-c512-m32-mh exit=0 n=232 med=9.567
SPAN r1-h1080-L22-ro-c512-m32-deep exit=0 n=230 med=9.491
SPAN r1-h1080-base5 exit=0 n=230 med=9.502
SPAN r1-h1080-L22-deep_fast-packed exit=0 n=230 med=9.536
SPAN r1-h1080-L22-c32-wave1 exit=0 n=228 med=9.593
SPAN r1-h1080-L22-c512-m32-deep exit=0 n=231 med=9.539
SPAN r1-h1080-L23-ro-c32-wave1 exit=0 n=232 med=9.457
SPAN r1-h1080-L23-c64-wave2 exit=0 n=231 med=9.502
SPAN r1-h1080-base10 exit=0 n=231 med=9.514
SPAN r1-h1080-L23-swin-persistent exit=0 n=230 med=9.533
SPAN r1-h1080-L23-c512-m32-mh exit=0 n=232 med=9.507
SPAN r1-h1080-L23-ro-c512-m32-deep exit=0 n=228 med=9.749
SPAN r1-h1080-L23-deep_fast-packed exit=0 n=232 med=9.659
SPAN r1-h1080-L23-vit-wide-deep exit=0 n=234 med=9.593
SPAN r1-h1080-base15 exit=0 n=231 med=9.513
SPAN r1-h1080-L23-c32-wave1 exit=0 n=230 med=9.515
SPAN r1-h1080-L23-c512-m32-deep exit=0 n=230 med=9.625
SPAN r1-h1080-baseZ exit=0 n=231 med=9.53
SPAN r2-h900-base exit=0 n=233 med=6.781
SPAN r2-h900-L22-ro-c32-wave1 exit=0 n=232 med=6.787
SPAN r2-h900-L22-c64-wave2 exit=0 n=234 med=6.783
SPAN r2-h900-L22-swin-persistent exit=0 n=230 med=6.785
SPAN r2-h900-L22-c512-m32-mh exit=0 n=231 med=6.796
SPAN r2-h900-L22-ro-c512-m32-deep exit=0 n=229 med=6.786
SPAN r2-h900-base5 exit=0 n=231 med=6.789
SPAN r2-h900-L22-deep_fast-packed exit=0 n=231 med=6.787
SPAN r2-h900-L22-c32-wave1 exit=0 n=232 med=6.845
SPAN r2-h900-L22-c512-m32-deep exit=0 n=233 med=6.79
SPAN r2-h900-L23-ro-c32-wave1 exit=0 n=233 med=6.789
SPAN r2-h900-L23-c64-wave2 exit=0 n=232 med=6.761
SPAN r2-h900-base10 exit=0 n=233 med=6.788
SPAN r2-h900-L23-swin-persistent exit=0 n=232 med=6.776
SPAN r2-h900-L23-c512-m32-mh exit=0 n=232 med=6.783
SPAN r2-h900-L23-ro-c512-m32-deep exit=0 n=232 med=6.924
SPAN r2-h900-L23-deep_fast-packed exit=0 n=234 med=6.825
SPAN r2-h900-L23-vit-wide-deep exit=0 n=233 med=6.795
SPAN r2-h900-base15 exit=0 n=231 med=6.799
SPAN r2-h900-L23-c32-wave1 exit=0 n=231 med=6.798
SPAN r2-h900-L23-c512-m32-deep exit=0 n=231 med=6.836
SPAN r2-h900-baseZ exit=0 n=233 med=6.787
SPAN r2-h1080-base exit=0 n=231 med=9.498
SPAN r2-h1080-L22-ro-c32-wave1 exit=0 n=231 med=9.527
SPAN r2-h1080-L22-c64-wave2 exit=0 n=230 med=9.515
SPAN r2-h1080-L22-swin-persistent exit=0 n=232 med=9.546
SPAN r2-h1080-L22-c512-m32-mh exit=0 n=231 med=9.514
SPAN r2-h1080-L22-ro-c512-m32-deep exit=0 n=231 med=9.506
SPAN r2-h1080-base5 exit=0 n=232 med=9.523
SPAN r2-h1080-L22-deep_fast-packed exit=0 n=229 med=9.54
SPAN r2-h1080-L22-c32-wave1 exit=0 n=230 med=9.599
SPAN r2-h1080-L22-c512-m32-deep exit=0 n=233 med=9.562
SPAN r2-h1080-L23-ro-c32-wave1 exit=0 n=231 med=9.487
SPAN r2-h1080-L23-c64-wave2 exit=0 n=230 med=9.507
SPAN r2-h1080-base10 exit=0 n=231 med=9.525
SPAN r2-h1080-L23-swin-persistent exit=0 n=230 med=9.546
SPAN r2-h1080-L23-c512-m32-mh exit=0 n=228 med=9.523
SPAN r2-h1080-L23-ro-c512-m32-deep exit=0 n=231 med=9.778
SPAN r2-h1080-L23-deep_fast-packed exit=0 n=231 med=9.673
SPAN r2-h1080-L23-vit-wide-deep exit=0 n=230 med=9.532
SPAN r2-h1080-base15 exit=0 n=231 med=9.497
SPAN r2-h1080-L23-c32-wave1 exit=0 n=232 med=9.539
SPAN r2-h1080-L23-c512-m32-deep exit=0 n=231 med=9.613
SPAN r2-h1080-baseZ exit=0 n=232 med=9.534
SPAN r3-h900-base exit=0 n=230 med=6.817
SPAN r3-h900-L22-ro-c32-wave1 exit=0 n=232 med=6.793
SPAN r3-h900-L22-c64-wave2 exit=0 n=230 med=6.795
SPAN r3-h900-L22-swin-persistent exit=0 n=231 med=6.797
SPAN r3-h900-L22-c512-m32-mh exit=0 n=234 med=6.797
SPAN r3-h900-L22-ro-c512-m32-deep exit=0 n=231 med=6.807
SPAN r3-h900-base5 exit=0 n=230 med=6.797
SPAN r3-h900-L22-deep_fast-packed exit=0 n=232 med=6.808
SPAN r3-h900-L22-c32-wave1 exit=0 n=232 med=6.858
SPAN r3-h900-L22-c512-m32-deep exit=0 n=230 med=6.808
SPAN r3-h900-L23-ro-c32-wave1 exit=0 n=233 med=6.763
SPAN r3-h900-L23-c64-wave2 exit=0 n=233 med=6.798
SPAN r3-h900-base10 exit=0 n=231 med=6.793
SPAN r3-h900-L23-swin-persistent exit=0 n=230 med=6.8
SPAN r3-h900-L23-c512-m32-mh exit=0 n=234 med=6.803
SPAN r3-h900-L23-ro-c512-m32-deep exit=0 n=231 med=6.926
SPAN r3-h900-L23-deep_fast-packed exit=0 n=233 med=6.851
SPAN r3-h900-L23-vit-wide-deep exit=0 n=232 med=6.798
SPAN r3-h900-base15 exit=0 n=230 med=6.794
SPAN r3-h900-L23-c32-wave1 exit=0 n=231 med=6.799
SPAN r3-h900-L23-c512-m32-deep exit=0 n=232 med=6.852
SPAN r3-h900-baseZ exit=0 n=232 med=6.789
SPAN r3-h1080-base exit=0 n=230 med=9.536
SPAN r3-h1080-L22-ro-c32-wave1 exit=0 n=230 med=9.523
SPAN r3-h1080-L22-c64-wave2 exit=0 n=230 med=9.51
SPAN r3-h1080-L22-swin-persistent exit=0 n=232 med=9.544
SPAN r3-h1080-L22-c512-m32-mh exit=0 n=229 med=9.532
SPAN r3-h1080-L22-ro-c512-m32-deep exit=0 n=229 med=9.514
SPAN r3-h1080-base5 exit=0 n=231 med=9.52
SPAN r3-h1080-L22-deep_fast-packed exit=0 n=233 med=9.56
SPAN r3-h1080-L22-c32-wave1 exit=0 n=233 med=9.609
SPAN r3-h1080-L22-c512-m32-deep exit=0 n=231 med=9.552
SPAN r3-h1080-L23-ro-c32-wave1 exit=0 n=231 med=9.483
SPAN r3-h1080-L23-c64-wave2 exit=0 n=232 med=9.498
SPAN r3-h1080-base10 exit=0 n=233 med=9.54
SPAN r3-h1080-L23-swin-persistent exit=0 n=230 med=9.569
SPAN r3-h1080-L23-c512-m32-mh exit=0 n=231 med=9.544
SPAN r3-h1080-L23-ro-c512-m32-deep exit=0 n=232 med=9.768
SPAN r3-h1080-L23-deep_fast-packed exit=0 n=231 med=9.686
SPAN r3-h1080-L23-vit-wide-deep exit=0 n=234 med=9.585
SPAN r3-h1080-base15 exit=0 n=232 med=9.539
SPAN r3-h1080-L23-c32-wave1 exit=0 n=231 med=9.543
SPAN r3-h1080-L23-c512-m32-deep exit=0 n=229 med=9.626
SPAN r3-h1080-baseZ exit=0 n=231 med=9.552
SPAN r4-h900-base exit=0 n=231 med=6.815
SPAN r4-h900-L22-ro-c32-wave1 exit=0 n=231 med=6.807
SPAN r4-h900-L22-c64-wave2 exit=0 n=233 med=6.789
SPAN r4-h900-L22-swin-persistent exit=0 n=234 med=6.805
SPAN r4-h900-L22-c512-m32-mh exit=0 n=230 med=6.798
SPAN r4-h900-L22-ro-c512-m32-deep exit=0 n=233 med=6.797
SPAN r4-h900-base5 exit=0 n=234 med=6.809
SPAN r4-h900-L22-deep_fast-packed exit=0 n=231 med=6.813
SPAN r4-h900-L22-c32-wave1 exit=0 n=231 med=6.863
SPAN r4-h900-L22-c512-m32-deep exit=0 n=229 med=6.787
SPAN r4-h900-L23-ro-c32-wave1 exit=0 n=232 med=6.814
SPAN r4-h900-L23-c64-wave2 exit=0 n=232 med=6.774
SPAN r4-h900-base10 exit=0 n=231 med=6.786
SPAN r4-h900-L23-swin-persistent exit=0 n=231 med=6.807
SPAN r4-h900-L23-c512-m32-mh exit=0 n=231 med=6.791
SPAN r4-h900-L23-ro-c512-m32-deep exit=0 n=232 med=6.938
SPAN r4-h900-L23-deep_fast-packed exit=0 n=232 med=6.846
SPAN r4-h900-L23-vit-wide-deep exit=0 n=232 med=6.785
SPAN r4-h900-base15 exit=0 n=233 med=6.794
SPAN r4-h900-L23-c32-wave1 exit=0 n=231 med=6.798
SPAN r4-h900-L23-c512-m32-deep exit=0 n=232 med=6.859
SPAN r4-h900-baseZ exit=0 n=231 med=6.794
SPAN r4-h1080-base exit=0 n=231 med=9.519
SPAN r4-h1080-L22-ro-c32-wave1 exit=0 n=233 med=9.525
SPAN r4-h1080-L22-c64-wave2 exit=0 n=230 med=9.53
SPAN r4-h1080-L22-swin-persistent exit=0 n=231 med=9.539
SPAN r4-h1080-L22-c512-m32-mh exit=0 n=231 med=9.559
SPAN r4-h1080-L22-ro-c512-m32-deep exit=0 n=233 med=9.569
SPAN r4-h1080-base5 exit=0 n=230 med=9.536
SPAN r4-h1080-L22-deep_fast-packed exit=0 n=234 med=9.565
SPAN r4-h1080-L22-c32-wave1 exit=0 n=229 med=9.597
SPAN r4-h1080-L22-c512-m32-deep exit=0 n=232 med=9.555
SPAN r4-h1080-L23-ro-c32-wave1 exit=0 n=232 med=9.498
SPAN r4-h1080-L23-c64-wave2 exit=0 n=233 med=9.509
SPAN r4-h1080-base10 exit=0 n=233 med=9.566
SPAN r4-h1080-L23-swin-persistent exit=0 n=229 med=9.545
SPAN r4-h1080-L23-c512-m32-mh exit=0 n=233 med=9.542
SPAN r4-h1080-L23-ro-c512-m32-deep exit=0 n=233 med=9.782
SPAN r4-h1080-L23-deep_fast-packed exit=0 n=233 med=9.676
SPAN r4-h1080-L23-vit-wide-deep exit=0 n=234 med=9.548
SPAN r4-h1080-base15 exit=0 n=231 med=9.563
SPAN r4-h1080-L23-c32-wave1 exit=0 n=231 med=9.555
SPAN r4-h1080-L23-c512-m32-deep exit=0 n=233 med=9.642
SPAN r4-h1080-baseZ exit=0 n=232 med=9.538
SPAN r5-h900-base exit=0 n=232 med=6.813
SPAN r5-h900-L22-ro-c32-wave1 exit=0 n=231 med=6.813
SPAN r5-h900-L22-c64-wave2 exit=0 n=232 med=6.801
SPAN r5-h900-L22-swin-persistent exit=0 n=235 med=6.797
SPAN r5-h900-L22-c512-m32-mh exit=0 n=233 med=6.789
SPAN r5-h900-L22-ro-c512-m32-deep exit=0 n=233 med=6.793
SPAN r5-h900-base5 exit=0 n=233 med=6.802
SPAN r5-h900-L22-deep_fast-packed exit=0 n=233 med=6.81
SPAN r5-h900-L22-c32-wave1 exit=0 n=232 med=6.85
SPAN r5-h900-L22-c512-m32-deep exit=0 n=232 med=6.791
SPAN r5-h900-L23-ro-c32-wave1 exit=0 n=231 med=6.782
SPAN r5-h900-L23-c64-wave2 exit=0 n=232 med=6.783
SPAN r5-h900-base10 exit=0 n=231 med=6.806
SPAN r5-h900-L23-swin-persistent exit=0 n=231 med=6.8
SPAN r5-h900-L23-c512-m32-mh exit=0 n=232 med=6.805
SPAN r5-h900-L23-ro-c512-m32-deep exit=0 n=232 med=6.934
SPAN r5-h900-L23-deep_fast-packed exit=0 n=233 med=6.849
SPAN r5-h900-L23-vit-wide-deep exit=0 n=233 med=6.803
SPAN r5-h900-base15 exit=0 n=232 med=6.8
SPAN r5-h900-L23-c32-wave1 exit=0 n=232 med=6.804
SPAN r5-h900-L23-c512-m32-deep exit=0 n=231 med=6.854
SPAN r5-h900-baseZ exit=0 n=231 med=6.788
SPAN r5-h1080-base exit=0 n=232 med=9.507
SPAN r5-h1080-L22-ro-c32-wave1 exit=0 n=229 med=9.519
SPAN r5-h1080-L22-c64-wave2 exit=0 n=232 med=9.521
SPAN r5-h1080-L22-swin-persistent exit=0 n=233 med=9.513
SPAN r5-h1080-L22-c512-m32-mh exit=0 n=230 med=9.525
SPAN r5-h1080-L22-ro-c512-m32-deep exit=0 n=231 med=9.522
SPAN r5-h1080-base5 exit=0 n=232 med=9.524
SPAN r5-h1080-L22-deep_fast-packed exit=0 n=229 med=9.551
SPAN r5-h1080-L22-c32-wave1 exit=0 n=231 med=9.623
SPAN r5-h1080-L22-c512-m32-deep exit=0 n=230 med=9.562
SPAN r5-h1080-L23-ro-c32-wave1 exit=0 n=230 med=9.497
SPAN r5-h1080-L23-c64-wave2 exit=0 n=232 med=9.503
SPAN r5-h1080-base10 exit=0 n=231 med=9.53
SPAN r5-h1080-L23-swin-persistent exit=0 n=230 med=9.551
SPAN r5-h1080-L23-c512-m32-mh exit=0 n=233 med=9.555
SPAN r5-h1080-L23-ro-c512-m32-deep exit=0 n=231 med=9.775
SPAN r5-h1080-L23-deep_fast-packed exit=0 n=231 med=9.661
SPAN r5-h1080-L23-vit-wide-deep exit=0 n=233 med=9.525
SPAN r5-h1080-base15 exit=0 n=230 med=9.528
SPAN r5-h1080-L23-c32-wave1 exit=0 n=233 med=9.546
SPAN r5-h1080-L23-c512-m32-deep exit=0 n=232 med=9.63
SPAN r5-h1080-baseZ exit=0 n=231 med=9.526
DUP_DONE
LOCK DROPPED
GUARD_DONE
