overlay c32-wave1 <- D:\DLSSNR-Lab\hip-backend\compiler-sweep-20261001\recipe-on3\gfx1201 A1910D6A
overlay c64-wave2 <- D:\DLSSNR-Lab\hip-backend\compiler-sweep-20261001\recipe-on3\gfx1201 2E68F4F4
overlay c512-m32-deep <- D:\DLSSNR-Lab\hip-backend\compiler-sweep-20261001\recipe-on3\gfx1201 FE9A1A0B
addon 053C3589
SPAN r1-h900-base exit=0 n=232 med=6.65
SPAN r1-h900-plain-c32-wave1 exit=0 n=232 med=6.729
SPAN r1-h900-np-c32-wave1 exit=0 n=230 med=6.71
SPAN r1-h900-ilp-c32-wave1 exit=0 n=232 med=6.713
SPAN r1-h900-itilp-c32-wave1 exit=0 n=230 med=6.76
SPAN r1-h900-npitilp-c32-wave1 exit=0 n=234 med=6.738
SPAN r1-h900-base5 exit=0 n=234 med=6.7
SPAN r1-h900-npmaxocc-c32-wave1 exit=0 n=232 med=6.732
SPAN r1-h900-npmclause-c32-wave1 exit=0 n=233 med=6.718
SPAN r1-h900-np-c64-wave2 exit=0 n=233 med=6.695
SPAN r1-h900-ilp-c64-wave2 exit=0 n=231 med=6.689
SPAN r1-h900-npmaxocc-c64-wave2 exit=0 n=231 med=6.677
SPAN r1-h900-base10 exit=0 n=232 med=6.706
SPAN r1-h900-npmclause-c64-wave2 exit=0 n=234 med=6.694
SPAN r1-h900-np-swin-persistent exit=0 n=232 med=6.699
SPAN r1-h900-npmaxocc-swin-persistent exit=0 n=231 med=6.695
SPAN r1-h900-np-c512-m32-mh exit=0 n=233 med=6.712
SPAN r1-h900-npmaxocc-c512-m32-mh exit=0 n=232 med=6.702
SPAN r1-h900-base15 exit=0 n=232 med=6.717
SPAN r1-h900-np-c512-m32-deep exit=0 n=234 med=6.738
SPAN r1-h900-npmaxocc-c512-m32-deep exit=0 n=230 med=6.74
SPAN r1-h900-np-deep_fast-packed exit=0 n=232 med=6.761
SPAN r1-h900-npmaxocc-deep_fast-packed exit=0 n=231 med=6.768
SPAN r1-h900-baseZ exit=0 n=233 med=6.711
SPAN r1-h1080-base exit=0 n=233 med=9.374
SPAN r1-h1080-plain-c32-wave1 exit=0 n=232 med=9.438
SPAN r1-h1080-np-c32-wave1 exit=0 n=231 med=9.463
SPAN r1-h1080-ilp-c32-wave1 exit=0 n=232 med=9.435
SPAN r1-h1080-itilp-c32-wave1 exit=0 n=232 med=9.483
SPAN r1-h1080-npitilp-c32-wave1 exit=0 n=229 med=9.426
SPAN r1-h1080-base5 exit=0 n=235 med=9.41
SPAN r1-h1080-npmaxocc-c32-wave1 exit=0 n=231 med=9.45
SPAN r1-h1080-npmclause-c32-wave1 exit=0 n=231 med=9.44
SPAN r1-h1080-np-c64-wave2 exit=0 n=231 med=9.413
SPAN r1-h1080-ilp-c64-wave2 exit=0 n=231 med=9.491
SPAN r1-h1080-npmaxocc-c64-wave2 exit=0 n=231 med=9.391
SPAN r1-h1080-base10 exit=0 n=230 med=9.402
SPAN r1-h1080-npmclause-c64-wave2 exit=0 n=232 med=9.377
SPAN r1-h1080-np-swin-persistent exit=0 n=230 med=9.405
SPAN r1-h1080-npmaxocc-swin-persistent exit=0 n=232 med=9.399
SPAN r1-h1080-np-c512-m32-mh exit=0 n=232 med=9.411
SPAN r1-h1080-npmaxocc-c512-m32-mh exit=0 n=231 med=9.401
SPAN r1-h1080-base15 exit=0 n=231 med=9.403
SPAN r1-h1080-np-c512-m32-deep exit=0 n=231 med=9.503
SPAN r1-h1080-npmaxocc-c512-m32-deep exit=0 n=231 med=9.482
SPAN r1-h1080-np-deep_fast-packed exit=0 n=230 med=9.656
SPAN r1-h1080-npmaxocc-deep_fast-packed exit=0 n=233 med=9.612
SPAN r1-h1080-baseZ exit=0 n=230 med=9.423
SPAN r2-h900-base exit=0 n=232 med=6.719
SPAN r2-h900-plain-c32-wave1 exit=0 n=233 med=6.776
SPAN r2-h900-np-c32-wave1 exit=0 n=233 med=6.764
SPAN r2-h900-ilp-c32-wave1 exit=0 n=233 med=6.779
SPAN r2-h900-itilp-c32-wave1 exit=0 n=234 med=6.784
SPAN r2-h900-npitilp-c32-wave1 exit=0 n=231 med=6.755
SPAN r2-h900-base5 exit=0 n=232 med=6.731
SPAN r2-h900-npmaxocc-c32-wave1 exit=0 n=234 med=6.754
SPAN r2-h900-npmclause-c32-wave1 exit=0 n=232 med=6.751
SPAN r2-h900-np-c64-wave2 exit=0 n=231 med=6.715
SPAN r2-h900-ilp-c64-wave2 exit=0 n=231 med=6.717
SPAN r2-h900-npmaxocc-c64-wave2 exit=0 n=232 med=6.72
SPAN r2-h900-base10 exit=0 n=231 med=6.731
SPAN r2-h900-npmclause-c64-wave2 exit=0 n=233 med=6.725
SPAN r2-h900-np-swin-persistent exit=0 n=233 med=6.728
SPAN r2-h900-npmaxocc-swin-persistent exit=0 n=232 med=6.736
SPAN r2-h900-np-c512-m32-mh exit=0 n=232 med=6.739
SPAN r2-h900-npmaxocc-c512-m32-mh exit=0 n=232 med=6.762
SPAN r2-h900-base15 exit=0 n=230 med=6.737
SPAN r2-h900-np-c512-m32-deep exit=0 n=232 med=6.747
SPAN r2-h900-npmaxocc-c512-m32-deep exit=0 n=234 med=6.765
SPAN r2-h900-np-deep_fast-packed exit=0 n=235 med=6.772
SPAN r2-h900-npmaxocc-deep_fast-packed exit=0 n=235 med=6.765
SPAN r2-h900-baseZ exit=0 n=231 med=6.723
SPAN r2-h1080-base exit=0 n=230 med=9.42
SPAN r2-h1080-plain-c32-wave1 exit=0 n=234 med=9.471
SPAN r2-h1080-np-c32-wave1 exit=0 n=230 med=9.476
SPAN r2-h1080-ilp-c32-wave1 exit=0 n=231 med=9.443
SPAN r2-h1080-itilp-c32-wave1 exit=0 n=232 med=9.518
SPAN r2-h1080-npitilp-c32-wave1 exit=0 n=230 med=9.462
SPAN r2-h1080-base5 exit=0 n=231 med=9.429
SPAN r2-h1080-npmaxocc-c32-wave1 exit=0 n=231 med=9.46
SPAN r2-h1080-npmclause-c32-wave1 exit=0 n=233 med=9.493
SPAN r2-h1080-np-c64-wave2 exit=0 n=232 med=9.452
SPAN r2-h1080-ilp-c64-wave2 exit=0 n=231 med=9.501
SPAN r2-h1080-npmaxocc-c64-wave2 exit=0 n=230 med=9.404
SPAN r2-h1080-base10 exit=0 n=231 med=9.413
SPAN r2-h1080-npmclause-c64-wave2 exit=0 n=232 med=9.397
SPAN r2-h1080-np-swin-persistent exit=0 n=231 med=9.429
SPAN r2-h1080-npmaxocc-swin-persistent exit=0 n=233 med=9.434
SPAN r2-h1080-np-c512-m32-mh exit=0 n=232 med=9.409
SPAN r2-h1080-npmaxocc-c512-m32-mh exit=0 n=231 med=9.421
SPAN r2-h1080-base15 exit=0 n=230 med=9.417
SPAN r2-h1080-np-c512-m32-deep exit=0 n=233 med=9.509
SPAN r2-h1080-npmaxocc-c512-m32-deep exit=0 n=231 med=9.489
SPAN r2-h1080-np-deep_fast-packed exit=0 n=231 med=9.606
SPAN r2-h1080-npmaxocc-deep_fast-packed exit=0 n=232 med=9.607
SPAN r2-h1080-baseZ exit=0 n=230 med=9.423
SPAN r3-h900-base exit=0 n=231 med=6.742
SPAN r3-h900-plain-c32-wave1 exit=0 n=233 med=6.773
SPAN r3-h900-np-c32-wave1 exit=0 n=231 med=6.774
SPAN r3-h900-ilp-c32-wave1 exit=0 n=232 med=6.752
SPAN r3-h900-itilp-c32-wave1 exit=0 n=230 med=6.784
SPAN r3-h900-npitilp-c32-wave1 exit=0 n=231 med=6.761
SPAN r3-h900-base5 exit=0 n=232 med=6.731
SPAN r3-h900-npmaxocc-c32-wave1 exit=0 n=233 med=6.748
SPAN r3-h900-npmclause-c32-wave1 exit=0 n=232 med=6.749
SPAN r3-h900-np-c64-wave2 exit=0 n=231 med=6.723
SPAN r3-h900-ilp-c64-wave2 exit=0 n=232 med=6.714
SPAN r3-h900-npmaxocc-c64-wave2 exit=0 n=232 med=6.722
SPAN r3-h900-base10 exit=0 n=232 med=6.759
SPAN r3-h900-npmclause-c64-wave2 exit=0 n=231 med=6.718
SPAN r3-h900-np-swin-persistent exit=0 n=231 med=6.716
SPAN r3-h900-npmaxocc-swin-persistent exit=0 n=230 med=6.716
SPAN r3-h900-np-c512-m32-mh exit=0 n=233 med=6.745
SPAN r3-h900-npmaxocc-c512-m32-mh exit=0 n=231 med=6.737
SPAN r3-h900-base15 exit=0 n=230 med=6.722
SPAN r3-h900-np-c512-m32-deep exit=0 n=232 med=6.747
SPAN r3-h900-npmaxocc-c512-m32-deep exit=0 n=233 med=6.755
SPAN r3-h900-np-deep_fast-packed exit=0 n=232 med=6.773
SPAN r3-h900-npmaxocc-deep_fast-packed exit=0 n=231 med=6.773
SPAN r3-h900-baseZ exit=0 n=231 med=6.719
SPAN r3-h1080-base exit=0 n=230 med=9.427
SPAN r3-h1080-plain-c32-wave1 exit=0 n=231 med=9.475
SPAN r3-h1080-np-c32-wave1 exit=0 n=229 med=9.484
SPAN r3-h1080-ilp-c32-wave1 exit=0 n=230 med=9.452
SPAN r3-h1080-itilp-c32-wave1 exit=0 n=229 med=9.512
SPAN r3-h1080-npitilp-c32-wave1 exit=0 n=229 med=9.467
SPAN r3-h1080-base5 exit=0 n=230 med=9.413
SPAN r3-h1080-npmaxocc-c32-wave1 exit=0 n=230 med=9.474
SPAN r3-h1080-npmclause-c32-wave1 exit=0 n=233 med=9.473
SPAN r3-h1080-np-c64-wave2 exit=0 n=230 med=9.43
SPAN r3-h1080-ilp-c64-wave2 exit=0 n=232 med=9.504
SPAN r3-h1080-npmaxocc-c64-wave2 exit=0 n=230 med=9.405
SPAN r3-h1080-base10 exit=0 n=231 med=9.434
SPAN r3-h1080-npmclause-c64-wave2 exit=0 n=231 med=9.427
SPAN r3-h1080-np-swin-persistent exit=0 n=228 med=9.441
SPAN r3-h1080-npmaxocc-swin-persistent exit=0 n=231 med=9.437
SPAN r3-h1080-np-c512-m32-mh exit=0 n=229 med=9.427
SPAN r3-h1080-npmaxocc-c512-m32-mh exit=0 n=231 med=9.41
SPAN r3-h1080-base15 exit=0 n=232 med=9.474
SPAN r3-h1080-np-c512-m32-deep exit=0 n=230 med=9.496
SPAN r3-h1080-npmaxocc-c512-m32-deep exit=0 n=232 med=9.478
SPAN r3-h1080-np-deep_fast-packed exit=0 n=233 med=9.599
SPAN r3-h1080-npmaxocc-deep_fast-packed exit=0 n=230 med=9.587
SPAN r3-h1080-baseZ exit=0 n=230 med=9.433
SPAN r4-h900-base exit=0 n=232 med=6.728
SPAN r4-h900-plain-c32-wave1 exit=0 n=231 med=6.777
SPAN r4-h900-np-c32-wave1 exit=0 n=231 med=6.785
SPAN r4-h900-ilp-c32-wave1 exit=0 n=233 med=6.746
SPAN r4-h900-itilp-c32-wave1 exit=0 n=230 med=6.803
SPAN r4-h900-npitilp-c32-wave1 exit=0 n=231 med=6.766
SPAN r4-h900-base5 exit=0 n=233 med=6.729
SPAN r4-h900-npmaxocc-c32-wave1 exit=0 n=231 med=6.77
SPAN r4-h900-npmclause-c32-wave1 exit=0 n=232 med=6.76
SPAN r4-h900-np-c64-wave2 exit=0 n=232 med=6.769
SPAN r4-h900-ilp-c64-wave2 exit=0 n=231 med=6.719
SPAN r4-h900-npmaxocc-c64-wave2 exit=0 n=232 med=6.72
SPAN r4-h900-base10 exit=0 n=236 med=6.737
SPAN r4-h900-npmclause-c64-wave2 exit=0 n=232 med=6.731
SPAN r4-h900-np-swin-persistent exit=0 n=233 med=6.732
SPAN r4-h900-npmaxocc-swin-persistent exit=0 n=231 med=6.734
SPAN r4-h900-np-c512-m32-mh exit=0 n=233 med=6.725
SPAN r4-h900-npmaxocc-c512-m32-mh exit=0 n=231 med=6.741
SPAN r4-h900-base15 exit=0 n=233 med=6.735
SPAN r4-h900-np-c512-m32-deep exit=0 n=233 med=6.766
SPAN r4-h900-npmaxocc-c512-m32-deep exit=0 n=230 med=6.773
SPAN r4-h900-np-deep_fast-packed exit=0 n=235 med=6.773
SPAN r4-h900-npmaxocc-deep_fast-packed exit=0 n=233 med=6.788
SPAN r4-h900-baseZ exit=0 n=231 med=6.724
SPAN r4-h1080-base exit=0 n=232 med=9.443
SPAN r4-h1080-plain-c32-wave1 exit=0 n=230 med=9.478
SPAN r4-h1080-np-c32-wave1 exit=0 n=233 med=9.471
SPAN r4-h1080-ilp-c32-wave1 exit=0 n=231 med=9.443
SPAN r4-h1080-itilp-c32-wave1 exit=0 n=230 med=9.517
SPAN r4-h1080-npitilp-c32-wave1 exit=0 n=230 med=9.452
SPAN r4-h1080-base5 exit=0 n=232 med=9.436
SPAN r4-h1080-npmaxocc-c32-wave1 exit=0 n=233 med=9.472
SPAN r4-h1080-npmclause-c32-wave1 exit=0 n=231 med=9.49
SPAN r4-h1080-np-c64-wave2 exit=0 n=230 med=9.434
SPAN r4-h1080-ilp-c64-wave2 exit=0 n=229 med=9.504
SPAN r4-h1080-npmaxocc-c64-wave2 exit=0 n=233 med=9.405
SPAN r4-h1080-base10 exit=0 n=231 med=9.428
SPAN r4-h1080-npmclause-c64-wave2 exit=0 n=229 med=9.47
SPAN r4-h1080-np-swin-persistent exit=0 n=233 med=9.432
SPAN r4-h1080-npmaxocc-swin-persistent exit=0 n=230 med=9.443
SPAN r4-h1080-np-c512-m32-mh exit=0 n=233 med=9.429
SPAN r4-h1080-npmaxocc-c512-m32-mh exit=0 n=230 med=9.438
SPAN r4-h1080-base15 exit=0 n=231 med=9.415
SPAN r4-h1080-np-c512-m32-deep exit=0 n=229 med=9.498
SPAN r4-h1080-npmaxocc-c512-m32-deep exit=0 n=231 med=9.499
SPAN r4-h1080-np-deep_fast-packed exit=0 n=230 med=9.596
SPAN r4-h1080-npmaxocc-deep_fast-packed exit=0 n=231 med=9.601
SPAN r4-h1080-baseZ exit=0 n=230 med=9.414
SPAN r5-h900-base exit=0 n=231 med=6.752
SPAN r5-h900-plain-c32-wave1 exit=0 n=230 med=6.775
SPAN r5-h900-np-c32-wave1 exit=0 n=232 med=6.764
SPAN r5-h900-ilp-c32-wave1 exit=0 n=230 med=6.755
SPAN r5-h900-itilp-c32-wave1 exit=0 n=232 med=6.789
SPAN r5-h900-npitilp-c32-wave1 exit=0 n=232 med=6.786
SPAN r5-h900-base5 exit=0 n=233 med=6.757
SPAN r5-h900-npmaxocc-c32-wave1 exit=0 n=232 med=6.754
SPAN r5-h900-npmclause-c32-wave1 exit=0 n=232 med=6.755
SPAN r5-h900-np-c64-wave2 exit=0 n=232 med=6.723
SPAN r5-h900-ilp-c64-wave2 exit=0 n=233 med=6.716
SPAN r5-h900-npmaxocc-c64-wave2 exit=0 n=232 med=6.735
SPAN r5-h900-base10 exit=0 n=233 med=6.725
SPAN r5-h900-npmclause-c64-wave2 exit=0 n=233 med=6.722
SPAN r5-h900-np-swin-persistent exit=0 n=233 med=6.729
SPAN r5-h900-npmaxocc-swin-persistent exit=0 n=234 med=6.728
SPAN r5-h900-np-c512-m32-mh exit=0 n=232 med=6.739
SPAN r5-h900-npmaxocc-c512-m32-mh exit=0 n=231 med=6.749
SPAN r5-h900-base15 exit=0 n=234 med=6.76
SPAN r5-h900-np-c512-m32-deep exit=0 n=234 med=6.746
SPAN r5-h900-npmaxocc-c512-m32-deep exit=0 n=231 med=6.762
SPAN r5-h900-np-deep_fast-packed exit=0 n=233 med=6.789
SPAN r5-h900-npmaxocc-deep_fast-packed exit=0 n=236 med=6.78
SPAN r5-h900-baseZ exit=0 n=232 med=6.725
SPAN r5-h1080-base exit=0 n=232 med=9.422
SPAN r5-h1080-plain-c32-wave1 exit=0 n=230 med=9.457
SPAN r5-h1080-np-c32-wave1 exit=0 n=230 med=9.471
SPAN r5-h1080-ilp-c32-wave1 exit=0 n=231 med=9.449
SPAN r5-h1080-itilp-c32-wave1 exit=0 n=231 med=9.516
SPAN r5-h1080-npitilp-c32-wave1 exit=0 n=231 med=9.468
SPAN r5-h1080-base5 exit=0 n=232 med=9.416
SPAN r5-h1080-npmaxocc-c32-wave1 exit=0 n=231 med=9.471
SPAN r5-h1080-npmclause-c32-wave1 exit=0 n=235 med=9.477
SPAN r5-h1080-np-c64-wave2 exit=0 n=232 med=9.44
SPAN r5-h1080-ilp-c64-wave2 exit=0 n=232 med=9.556
SPAN r5-h1080-npmaxocc-c64-wave2 exit=0 n=230 med=9.408
SPAN r5-h1080-base10 exit=0 n=232 med=9.439
SPAN r5-h1080-npmclause-c64-wave2 exit=0 n=230 med=9.405
SPAN r5-h1080-np-swin-persistent exit=0 n=234 med=9.437
SPAN r5-h1080-npmaxocc-swin-persistent exit=0 n=230 med=9.437
SPAN r5-h1080-np-c512-m32-mh exit=0 n=230 med=9.436
SPAN r5-h1080-npmaxocc-c512-m32-mh exit=0 n=233 med=9.415
SPAN r5-h1080-base15 exit=0 n=229 med=9.406
SPAN r5-h1080-np-c512-m32-deep exit=0 n=232 med=9.503
SPAN r5-h1080-npmaxocc-c512-m32-deep exit=0 n=231 med=9.485
SPAN r5-h1080-np-deep_fast-packed exit=0 n=233 med=9.605
SPAN r5-h1080-npmaxocc-deep_fast-packed exit=0 n=231 med=9.579
SPAN r5-h1080-baseZ exit=0 n=231 med=9.491
DUP_DONE
LOCK DROPPED
GUARD_DONE
