addon 053C3589
SPAN r1-h900-base exit=0 n=234 med=6.769
SPAN r1-h900-nopostra-c32 exit=0 n=234 med=6.738
SPAN r1-h900-npilp-c32 exit=0 n=234 med=6.726
SPAN r1-h900-npitilp-c32 exit=0 n=234 med=6.736
SPAN r1-h900-dupc32-inst exit=0 n=234 med=9.065
SPAN r1-h900-dupc32-nopostra exit=0 n=232 med=8.977
SPAN r1-h900-base2 exit=0 n=231 med=6.813
SPAN r1-h900-itilp-c64 exit=0 n=235 med=6.8
SPAN r1-h900-npitilp-c64 exit=0 n=236 med=6.802
SPAN r1-h900-dupc128-inst exit=0 n=233 med=7.413
SPAN r1-h900-dupc128-itilp exit=0 n=234 med=7.41
SPAN r1-h900-base3 exit=0 n=234 med=6.807
SPAN r1-h900-ilp-c512deep exit=0 n=233 med=6.815
SPAN r1-h900-npilp-c512deep exit=0 n=232 med=6.816
SPAN r1-h900-dupffn-inst exit=0 n=235 med=7.309
SPAN r1-h900-dupffn-ilp exit=0 n=233 med=7.308
SPAN r1-h900-nopostra-deepfast exit=0 n=232 med=6.825
SPAN r1-h900-ilp-deepfast exit=0 n=231 med=6.839
SPAN r1-h900-base4 exit=0 n=232 med=6.823
SPAN r1-h1080-base exit=0 n=232 med=9.559
SPAN r1-h1080-nopostra-c32 exit=0 n=231 med=9.545
SPAN r1-h1080-npilp-c32 exit=0 n=232 med=9.482
SPAN r1-h1080-npitilp-c32 exit=0 n=230 med=9.502
SPAN r1-h1080-dupc32-inst exit=0 n=230 med=12.824
SPAN r1-h1080-dupc32-nopostra exit=0 n=232 med=12.677
SPAN r1-h1080-base2 exit=0 n=232 med=9.581
SPAN r1-h1080-itilp-c64 exit=0 n=229 med=9.571
SPAN r1-h1080-npitilp-c64 exit=0 n=229 med=9.574
SPAN r1-h1080-dupc128-inst exit=0 n=230 med=10.452
SPAN r1-h1080-dupc128-itilp exit=0 n=232 med=10.427
SPAN r1-h1080-base3 exit=0 n=233 med=9.604
SPAN r1-h1080-ilp-c512deep exit=0 n=232 med=9.581
SPAN r1-h1080-npilp-c512deep exit=0 n=232 med=9.562
SPAN r1-h1080-dupffn-inst exit=0 n=230 med=10.002
SPAN r1-h1080-dupffn-ilp exit=0 n=230 med=9.944
SPAN r1-h1080-nopostra-deepfast exit=0 n=232 med=9.648
SPAN r1-h1080-ilp-deepfast exit=0 n=233 med=9.597
SPAN r1-h1080-base4 exit=0 n=230 med=9.584
SPAN r2-h900-base exit=0 n=233 med=6.854
SPAN r2-h900-nopostra-c32 exit=0 n=234 med=6.803
SPAN r2-h900-npilp-c32 exit=0 n=232 med=6.793
SPAN r2-h900-npitilp-c32 exit=0 n=233 med=6.798
SPAN r2-h900-dupc32-inst exit=0 n=235 med=9.124
SPAN r2-h900-dupc32-nopostra exit=0 n=234 med=9
SPAN r2-h900-base2 exit=0 n=234 med=6.848
SPAN r2-h900-itilp-c64 exit=0 n=234 med=6.91
SPAN r2-h900-npitilp-c64 exit=0 n=232 med=6.859
SPAN r2-h900-dupc128-inst exit=0 n=233 med=7.463
SPAN r2-h900-dupc128-itilp exit=0 n=235 med=7.463
SPAN r2-h900-base3 exit=0 n=232 med=6.853
SPAN r2-h900-ilp-c512deep exit=0 n=235 med=6.842
SPAN r2-h900-npilp-c512deep exit=0 n=233 med=6.86
SPAN r2-h900-dupffn-inst exit=0 n=232 med=7.359
SPAN r2-h900-dupffn-ilp exit=0 n=235 med=7.365
SPAN r2-h900-nopostra-deepfast exit=0 n=231 med=6.849
SPAN r2-h900-ilp-deepfast exit=0 n=231 med=6.857
SPAN r2-h900-base4 exit=0 n=234 med=6.859
SPAN r2-h1080-base exit=0 n=231 med=9.603
SPAN r2-h1080-nopostra-c32 exit=0 n=230 med=9.516
SPAN r2-h1080-npilp-c32 exit=0 n=232 med=9.5
SPAN r2-h1080-npitilp-c32 exit=0 n=233 med=9.592
SPAN r2-h1080-dupc32-inst exit=0 n=230 med=12.833
SPAN r2-h1080-dupc32-nopostra exit=0 n=233 med=12.695
SPAN r2-h1080-base2 exit=0 n=234 med=9.61
SPAN r2-h1080-itilp-c64 exit=0 n=231 med=9.594
SPAN r2-h1080-npitilp-c64 exit=0 n=232 med=9.613
SPAN r2-h1080-dupc128-inst exit=0 n=234 med=10.448
SPAN r2-h1080-dupc128-itilp exit=0 n=228 med=10.446
SPAN r2-h1080-base3 exit=0 n=233 med=9.609
SPAN r2-h1080-ilp-c512deep exit=0 n=233 med=9.574
SPAN r2-h1080-npilp-c512deep exit=0 n=230 med=9.573
SPAN r2-h1080-dupffn-inst exit=0 n=232 med=10.005
SPAN r2-h1080-dupffn-ilp exit=0 n=231 med=9.968
SPAN r2-h1080-nopostra-deepfast exit=0 n=232 med=9.651
SPAN r2-h1080-ilp-deepfast exit=0 n=231 med=9.595
SPAN r2-h1080-base4 exit=0 n=230 med=9.602
SPAN r3-h900-base exit=0 n=235 med=6.864
SPAN r3-h900-nopostra-c32 exit=0 n=231 med=6.801
SPAN r3-h900-npilp-c32 exit=0 n=230 med=6.805
SPAN r3-h900-npitilp-c32 exit=0 n=234 med=6.803
SPAN r3-h900-dupc32-inst exit=0 n=232 med=9.118
SPAN r3-h900-dupc32-nopostra exit=0 n=231 med=9.015
SPAN r3-h900-base2 exit=0 n=232 med=6.862
SPAN r3-h900-itilp-c64 exit=0 n=230 med=6.86
SPAN r3-h900-npitilp-c64 exit=0 n=235 med=6.857
SPAN r3-h900-dupc128-inst exit=0 n=233 med=7.468
SPAN r3-h900-dupc128-itilp exit=0 n=233 med=7.468
SPAN r3-h900-base3 exit=0 n=234 med=6.859
SPAN r3-h900-ilp-c512deep exit=0 n=234 med=6.849
SPAN r3-h900-npilp-c512deep exit=0 n=232 med=6.867
SPAN r3-h900-dupffn-inst exit=0 n=236 med=7.362
SPAN r3-h900-dupffn-ilp exit=0 n=234 med=7.361
SPAN r3-h900-nopostra-deepfast exit=0 n=233 med=6.861
SPAN r3-h900-ilp-deepfast exit=0 n=235 med=6.853
SPAN r3-h900-base4 exit=0 n=237 med=6.857
SPAN r3-h1080-base exit=0 n=233 med=9.608
SPAN r3-h1080-nopostra-c32 exit=0 n=232 med=9.523
SPAN r3-h1080-npilp-c32 exit=0 n=233 med=9.517
SPAN r3-h1080-npitilp-c32 exit=0 n=233 med=9.522
SPAN r3-h1080-dupc32-inst exit=0 n=230 med=12.849
SPAN r3-h1080-dupc32-nopostra exit=0 n=233 med=12.7
SPAN r3-h1080-base2 exit=0 n=233 med=9.634
SPAN r3-h1080-itilp-c64 exit=0 n=233 med=9.588
SPAN r3-h1080-npitilp-c64 exit=0 n=234 med=9.6
SPAN r3-h1080-dupc128-inst exit=0 n=234 med=10.46
SPAN r3-h1080-dupc128-itilp exit=0 n=234 med=10.426
SPAN r3-h1080-base3 exit=0 n=232 med=9.597
SPAN r3-h1080-ilp-c512deep exit=0 n=231 med=9.581
SPAN r3-h1080-npilp-c512deep exit=0 n=232 med=9.586
SPAN r3-h1080-dupffn-inst exit=0 n=231 med=10.001
SPAN r3-h1080-dupffn-ilp exit=0 n=232 med=9.967
SPAN r3-h1080-nopostra-deepfast exit=0 n=233 med=9.672
SPAN r3-h1080-ilp-deepfast exit=0 n=229 med=9.587
SPAN r3-h1080-base4 exit=0 n=235 med=9.596
SPAN r4-h900-base exit=0 n=236 med=6.897
SPAN r4-h900-nopostra-c32 exit=0 n=234 med=6.814
SPAN r4-h900-npilp-c32 exit=0 n=234 med=6.797
SPAN r4-h900-npitilp-c32 exit=0 n=234 med=6.815
SPAN r4-h900-dupc32-inst exit=0 n=233 med=9.13
SPAN r4-h900-dupc32-nopostra exit=0 n=234 med=9.025
SPAN r4-h900-base2 exit=0 n=232 med=6.857
SPAN r4-h900-itilp-c64 exit=0 n=234 med=6.869
SPAN r4-h900-npitilp-c64 exit=0 n=233 med=6.852
SPAN r4-h900-dupc128-inst exit=0 n=232 med=7.474
SPAN r4-h900-dupc128-itilp exit=0 n=235 med=7.464
SPAN r4-h900-base3 exit=0 n=233 med=6.863
SPAN r4-h900-ilp-c512deep exit=0 n=235 med=6.854
SPAN r4-h900-npilp-c512deep exit=0 n=232 med=6.863
SPAN r4-h900-dupffn-inst exit=0 n=233 med=7.364
SPAN r4-h900-dupffn-ilp exit=0 n=233 med=7.383
SPAN r4-h900-nopostra-deepfast exit=0 n=236 med=6.867
SPAN r4-h900-ilp-deepfast exit=0 n=233 med=6.862
SPAN r4-h900-base4 exit=0 n=232 med=6.88
SPAN r4-h1080-base exit=0 n=232 med=9.592
SPAN r4-h1080-nopostra-c32 exit=0 n=232 med=9.521
SPAN r4-h1080-npilp-c32 exit=0 n=230 med=9.515
SPAN r4-h1080-npitilp-c32 exit=0 n=234 med=9.526
SPAN r4-h1080-dupc32-inst exit=0 n=232 med=12.846
SPAN r4-h1080-dupc32-nopostra exit=0 n=234 med=12.706
SPAN r4-h1080-base2 exit=0 n=233 med=9.609
SPAN r4-h1080-itilp-c64 exit=0 n=234 med=9.587
SPAN r4-h1080-npitilp-c64 exit=0 n=229 med=9.603
SPAN r4-h1080-dupc128-inst exit=0 n=229 med=10.511
SPAN r4-h1080-dupc128-itilp exit=0 n=229 med=10.434
SPAN r4-h1080-base3 exit=0 n=232 med=9.602
SPAN r4-h1080-ilp-c512deep exit=0 n=231 med=9.592
SPAN r4-h1080-npilp-c512deep exit=0 n=232 med=9.578
SPAN r4-h1080-dupffn-inst exit=0 n=232 med=9.99
SPAN r4-h1080-dupffn-ilp exit=0 n=233 med=9.96
SPAN r4-h1080-nopostra-deepfast exit=0 n=229 med=9.663
SPAN r4-h1080-ilp-deepfast exit=0 n=231 med=9.595
SPAN r4-h1080-base4 exit=0 n=231 med=9.61
SPAN r5-h900-base exit=0 n=234 med=6.872
SPAN r5-h900-nopostra-c32 exit=0 n=231 med=6.819
SPAN r5-h900-npilp-c32 exit=0 n=232 med=6.791
SPAN r5-h900-npitilp-c32 exit=0 n=232 med=6.871
SPAN r5-h900-dupc32-inst exit=0 n=233 med=9.122
SPAN r5-h900-dupc32-nopostra exit=0 n=233 med=9.015
SPAN r5-h900-base2 exit=0 n=233 med=6.865
SPAN r5-h900-itilp-c64 exit=0 n=233 med=6.853
SPAN r5-h900-npitilp-c64 exit=0 n=232 med=6.859
SPAN r5-h900-dupc128-inst exit=0 n=233 med=7.46
SPAN r5-h900-dupc128-itilp exit=0 n=233 med=7.468
SPAN r5-h900-base3 exit=0 n=233 med=6.85
SPAN r5-h900-ilp-c512deep exit=0 n=237 med=6.868
SPAN r5-h900-npilp-c512deep exit=0 n=235 med=6.855
SPAN r5-h900-dupffn-inst exit=0 n=233 med=7.366
SPAN r5-h900-dupffn-ilp exit=0 n=237 med=7.357
SPAN r5-h900-nopostra-deepfast exit=0 n=232 med=6.859
SPAN r5-h900-ilp-deepfast exit=0 n=232 med=6.864
SPAN r5-h900-base4 exit=0 n=234 med=6.854
SPAN r5-h1080-base exit=0 n=232 med=9.581
SPAN r5-h1080-nopostra-c32 exit=0 n=232 med=9.525
SPAN r5-h1080-npilp-c32 exit=0 n=234 med=9.525
SPAN r5-h1080-npitilp-c32 exit=0 n=232 med=9.546
SPAN r5-h1080-dupc32-inst exit=0 n=235 med=12.836
SPAN r5-h1080-dupc32-nopostra exit=0 n=236 med=12.691
SPAN r5-h1080-base2 exit=0 n=234 med=9.614
SPAN r5-h1080-itilp-c64 exit=0 n=233 med=9.6
SPAN r5-h1080-npitilp-c64 exit=0 n=230 med=9.602
SPAN r5-h1080-dupc128-inst exit=0 n=233 med=10.462
SPAN r5-h1080-dupc128-itilp exit=0 n=233 med=10.458
SPAN r5-h1080-base3 exit=0 n=233 med=9.591
SPAN r5-h1080-ilp-c512deep exit=0 n=235 med=9.565
SPAN r5-h1080-npilp-c512deep exit=0 n=232 med=9.594
SPAN r5-h1080-dupffn-inst exit=0 n=231 med=10.012
SPAN r5-h1080-dupffn-ilp exit=0 n=234 med=9.943
SPAN r5-h1080-nopostra-deepfast exit=0 n=233 med=9.666
SPAN r5-h1080-ilp-deepfast exit=0 n=233 med=9.588
SPAN r5-h1080-base4 exit=0 n=232 med=9.614
DUP_DONE
LOCK DROPPED
GUARD_DONE
