seed=0 pattern=0
input format=RGBA16_FLOAT W=1296 H=720 invalid=0 min=0 max=34.53125 luma=0.0157641119 roi_luma=0.0250669576
adapter=AMD Radeon RX 9070 XT
SP_PLAN c=128 first=10 layers=4 tasks=1581 initial=416 state_bytes=18988
SP_DONE c=128 first=10 tasks=1581 base=0 ms=1.002
SP_PLAN c=256 first=16 layers=6 tasks=624 initial=104 state_bytes=7504
SP_DONE c=256 first=16 tasks=624 base=0 ms=0.684
SP_PLAN c=256 first=49 layers=6 tasks=624 initial=104 state_bytes=7504
SP_DONE c=256 first=49 tasks=624 base=0 ms=0.636
frame=0 reset=1 wall_ms=1176.802 invalid=0 luma=0.01004178 roi=0.01568267 dark=842326 roi_dark=274409 changed_first=0 maxabs_first=0
SP_DONE c=128 first=10 tasks=1581 base=1581 ms=2.999
SP_DONE c=256 first=16 tasks=624 base=624 ms=0.696
SP_DONE c=256 first=49 tasks=624 base=624 ms=2.940
frame=1 reset=1 wall_ms=13.522 invalid=0 luma=0.01008482 roi=0.01563533 dark=841836 roi_dark=273789 changed_first=3599046 maxabs_first=15.45532
SP_DONE c=128 first=10 tasks=1581 base=3162 ms=3.048
SP_DONE c=256 first=16 tasks=624 base=1248 ms=0.704
SP_DONE c=256 first=49 tasks=624 base=1248 ms=3.229
frame=2 reset=1 wall_ms=10.641 invalid=0 luma=0.01026024 roi=0.01578044 dark=839884 roi_dark=272970 changed_first=3615926 maxabs_first=15.56181
SP_DONE c=128 first=10 tasks=1581 base=4743 ms=3.389
SP_DONE c=256 first=16 tasks=624 base=1872 ms=0.673
SP_DONE c=256 first=49 tasks=624 base=1872 ms=3.354
frame=3 reset=1 wall_ms=10.890 invalid=0 luma=0.01007692 roi=0.01540578 dark=841417 roi_dark=274372 changed_first=3631876 maxabs_first=15.57711
SP_DONE c=128 first=10 tasks=1581 base=6324 ms=2.997
SP_DONE c=256 first=16 tasks=624 base=2496 ms=0.676
SP_DONE c=256 first=49 tasks=624 base=2496 ms=3.223
frame=4 reset=1 wall_ms=10.484 invalid=0 luma=0.01011572 roi=0.01544591 dark=840582 roi_dark=274136 changed_first=3641087 maxabs_first=15.57686
SP_DONE c=128 first=10 tasks=1581 base=7905 ms=3.406
SP_DONE c=256 first=16 tasks=624 base=3120 ms=0.704
SP_DONE c=256 first=49 tasks=624 base=3120 ms=3.226
frame=5 reset=1 wall_ms=10.907 invalid=0 luma=0.01010562 roi=0.01532429 dark=841571 roi_dark=274757 changed_first=3652286 maxabs_first=15.57282
SP_DONE c=128 first=10 tasks=1581 base=9486 ms=3.381
SP_DONE c=256 first=16 tasks=624 base=3744 ms=0.737
SP_DONE c=256 first=49 tasks=624 base=3744 ms=3.198
frame=6 reset=1 wall_ms=10.907 invalid=0 luma=0.01019754 roi=0.01544047 dark=840851 roi_dark=274811 changed_first=3652552 maxabs_first=15.57127
SP_DONE c=128 first=10 tasks=1581 base=11067 ms=3.080
SP_DONE c=256 first=16 tasks=624 base=4368 ms=0.699
SP_DONE c=256 first=49 tasks=624 base=4368 ms=3.286
frame=7 reset=1 wall_ms=10.660 invalid=0 luma=0.01012337 roi=0.01541211 dark=841272 roi_dark=274620 changed_first=3665196 maxabs_first=15.56163
SP_DONE c=128 first=10 tasks=1581 base=12648 ms=5.620
SP_DONE c=256 first=16 tasks=624 base=4992 ms=0.808
SP_DONE c=256 first=49 tasks=624 base=4992 ms=3.162
frame=8 reset=1 wall_ms=13.505 invalid=0 luma=0.01004213 roi=0.01523903 dark=842220 roi_dark=275510 changed_first=3668669 maxabs_first=15.56401
SP_DONE c=128 first=10 tasks=1581 base=14229 ms=5.648
SP_DONE c=256 first=16 tasks=624 base=5616 ms=0.726
SP_DONE c=256 first=49 tasks=624 base=5616 ms=3.276
frame=9 reset=1 wall_ms=13.155 invalid=0 luma=0.0101096 roi=0.01531144 dark=841752 roi_dark=275596 changed_first=3674349 maxabs_first=15.57291
SP_DONE c=128 first=10 tasks=1581 base=15810 ms=5.464
SP_DONE c=256 first=16 tasks=624 base=6240 ms=0.701
SP_DONE c=256 first=49 tasks=624 base=6240 ms=3.185
frame=10 reset=1 wall_ms=13.105 invalid=0 luma=0.01003192 roi=0.01516971 dark=842700 roi_dark=275912 changed_first=3676052 maxabs_first=15.57238
SP_DONE c=128 first=10 tasks=1581 base=17391 ms=5.663
SP_DONE c=256 first=16 tasks=624 base=6864 ms=0.929
SP_DONE c=256 first=49 tasks=624 base=6864 ms=3.390
frame=11 reset=1 wall_ms=13.675 invalid=0 luma=0.01004094 roi=0.01512375 dark=842185 roi_dark=275851 changed_first=3681934 maxabs_first=15.57399
SP_STATS runs=36 fallback=0 rollover=0 jobs=33948 disabled=0 errors=0
RESULT frames=12 temporal=0 mean_wall_ms=109.021 invalid_total=0 restored_capture_every_frame=1 HDR_preserved=1
