seed=1 pattern=0
input format=RGBA16_FLOAT W=2560 H=1440 invalid=0 min=0 max=1 luma=0.357899353 roi_luma=0.389746571
adapter=AMD Radeon RX 9070 XT
NET frame=0 gpu_ms=1178.095459
GEOMETRY valid=2560x1440 processing=2560x1472 tokens=960
frame=0 reset=1 wall_ms=1186.567 invalid=0 luma=0.3597704 roi=0.4268046 dark=101219 roi_dark=9829 changed_first=0 maxabs_first=0
NET frame=1 gpu_ms=35.004639
NET frame=2 gpu_ms=31.949659
NET frame=3 gpu_ms=32.211960
NET frame=4 gpu_ms=32.909359
NET frame=5 gpu_ms=32.563122
NET frame=6 gpu_ms=32.564880
NET frame=7 gpu_ms=32.684540
NET frame=8 gpu_ms=32.766499
NET frame=9 gpu_ms=32.528721
NET frame=10 gpu_ms=32.603901
NET frame=11 gpu_ms=32.638538
NET frame=12 gpu_ms=32.491421
NET frame=13 gpu_ms=32.856758
NET frame=14 gpu_ms=32.590580
NET frame=15 gpu_ms=32.539761
NET frame=16 gpu_ms=32.742519
NET frame=17 gpu_ms=32.913479
NET frame=18 gpu_ms=32.476341
NET frame=19 gpu_ms=32.613819
NET frame=20 gpu_ms=32.755039
NET frame=21 gpu_ms=32.600498
NET frame=22 gpu_ms=32.764439
NET frame=23 gpu_ms=32.563622
NET frame=24 gpu_ms=32.718819
NET frame=25 gpu_ms=32.652359
NET frame=26 gpu_ms=32.478081
NET frame=27 gpu_ms=32.897141
NET frame=28 gpu_ms=32.456520
NET frame=29 gpu_ms=32.590981
NET frame=30 gpu_ms=32.502880
NET frame=31 gpu_ms=32.747261
NET frame=32 gpu_ms=32.580219
NET frame=33 gpu_ms=32.558960
NET frame=34 gpu_ms=32.893219
NET frame=35 gpu_ms=32.798538
NET frame=36 gpu_ms=32.742519
NET frame=37 gpu_ms=32.831219
NET frame=38 gpu_ms=32.789761
NET frame=39 gpu_ms=32.641239
NET frame=40 gpu_ms=32.595860
NET frame=41 gpu_ms=32.611359
NET frame=42 gpu_ms=32.488739
NET frame=43 gpu_ms=33.049259
NET frame=44 gpu_ms=32.744160
NET frame=45 gpu_ms=32.701561
NET frame=46 gpu_ms=32.687481
NET frame=47 gpu_ms=32.778919
NET frame=48 gpu_ms=32.914799
NET frame=49 gpu_ms=32.599621
NET frame=50 gpu_ms=32.556259
NET frame=51 gpu_ms=32.742901
NET frame=52 gpu_ms=32.833920
NET frame=53 gpu_ms=32.590359
NET frame=54 gpu_ms=32.532639
NET frame=55 gpu_ms=32.783901
NET frame=56 gpu_ms=32.816639
NET frame=57 gpu_ms=32.595219
NET frame=58 gpu_ms=33.038101
NET frame=59 gpu_ms=32.579140
NET frame=60 gpu_ms=32.646160
NET frame=61 gpu_ms=32.627640
NET frame=62 gpu_ms=32.565060
NET frame=63 gpu_ms=32.644058
NET frame=64 gpu_ms=32.763439
NET frame=65 gpu_ms=32.863419
NET frame=66 gpu_ms=32.719620
NET frame=67 gpu_ms=32.661362
NET frame=68 gpu_ms=32.749340
NET frame=69 gpu_ms=32.822220
NET frame=70 gpu_ms=32.737541
NET frame=71 gpu_ms=32.679581
NET frame=72 gpu_ms=32.734741
NET frame=73 gpu_ms=32.630661
NET frame=74 gpu_ms=32.836220
NET frame=75 gpu_ms=32.589939
NET frame=76 gpu_ms=32.742580
NET frame=77 gpu_ms=32.673939
NET frame=78 gpu_ms=32.648579
NET frame=79 gpu_ms=32.638821
NET frame=80 gpu_ms=32.507141
NET frame=81 gpu_ms=32.682240
NET frame=82 gpu_ms=32.994598
NET frame=83 gpu_ms=32.590542
NET frame=84 gpu_ms=32.867802
NET frame=85 gpu_ms=32.726120
NET frame=86 gpu_ms=32.667061
NET frame=87 gpu_ms=32.768398
NET frame=88 gpu_ms=32.514599
NET frame=89 gpu_ms=32.752041
NET frame=90 gpu_ms=32.742859
NET frame=91 gpu_ms=32.703018
NET frame=92 gpu_ms=32.954479
NET frame=93 gpu_ms=32.787121
NET frame=94 gpu_ms=32.533520
NET frame=95 gpu_ms=32.659458
NET frame=96 gpu_ms=32.816299
NET frame=97 gpu_ms=32.703442
NET frame=98 gpu_ms=32.906422
NET frame=99 gpu_ms=32.642441
NET frame=100 gpu_ms=32.807201
NET frame=101 gpu_ms=32.648861
NET frame=102 gpu_ms=32.604038
NET frame=103 gpu_ms=32.914120
NET frame=104 gpu_ms=32.652039
NET frame=105 gpu_ms=32.737820
NET frame=106 gpu_ms=32.817822
NET frame=107 gpu_ms=32.661839
NET frame=108 gpu_ms=32.701180
NET frame=109 gpu_ms=32.757820
NET frame=110 gpu_ms=32.732578
NET frame=111 gpu_ms=32.629681
NET frame=112 gpu_ms=32.713242
NET frame=113 gpu_ms=32.691681
NET frame=114 gpu_ms=32.742359
NET frame=115 gpu_ms=32.816280
NET frame=116 gpu_ms=32.736080
NET frame=117 gpu_ms=32.757179
NET frame=118 gpu_ms=32.756802
NET frame=119 gpu_ms=32.296139
NET frame=120 gpu_ms=33.129780
NET frame=121 gpu_ms=32.679359
NET frame=122 gpu_ms=32.737480
NET frame=123 gpu_ms=32.805840
NET frame=124 gpu_ms=32.523621
NET frame=125 gpu_ms=32.764259
NET frame=126 gpu_ms=32.695900
NET frame=127 gpu_ms=32.923580
NET frame=128 gpu_ms=32.576939
NET frame=129 gpu_ms=32.779060
NET frame=130 gpu_ms=32.689339
NET frame=131 gpu_ms=32.788479
NET frame=132 gpu_ms=32.560478
NET frame=133 gpu_ms=32.728779
NET frame=134 gpu_ms=32.765419
NET frame=135 gpu_ms=32.701981
NET frame=136 gpu_ms=32.929100
NET frame=137 gpu_ms=32.694519
NET frame=138 gpu_ms=32.578419
NET frame=139 gpu_ms=33.053680
NET frame=140 gpu_ms=32.644299
NET frame=141 gpu_ms=32.656101
NET frame=142 gpu_ms=32.762959
NET frame=143 gpu_ms=32.645260
NET frame=144 gpu_ms=32.714161
NET frame=145 gpu_ms=32.608238
NET frame=146 gpu_ms=32.859940
NET frame=147 gpu_ms=32.586460
NET frame=148 gpu_ms=32.859520
NET frame=149 gpu_ms=32.819939
NET frame=150 gpu_ms=32.671379
NET frame=151 gpu_ms=32.879181
NET frame=152 gpu_ms=32.651161
NET frame=153 gpu_ms=32.780441
NET frame=154 gpu_ms=32.670818
NET frame=155 gpu_ms=32.757118
NET frame=156 gpu_ms=32.737759
NET frame=157 gpu_ms=32.875519
NET frame=158 gpu_ms=32.532700
NET frame=159 gpu_ms=32.857140
NET frame=160 gpu_ms=32.651421
NET frame=161 gpu_ms=32.823460
NET frame=162 gpu_ms=32.584179
NET frame=163 gpu_ms=32.886940
NET frame=164 gpu_ms=32.667820
NET frame=165 gpu_ms=32.956860
NET frame=166 gpu_ms=32.548100
NET frame=167 gpu_ms=32.670639
NET frame=168 gpu_ms=32.680962
NET frame=169 gpu_ms=33.044579
NET frame=170 gpu_ms=32.519798
NET frame=171 gpu_ms=32.851940
NET frame=172 gpu_ms=33.122360
NET frame=173 gpu_ms=32.689159
NET frame=174 gpu_ms=32.572338
NET frame=175 gpu_ms=32.930222
NET frame=176 gpu_ms=32.604881
NET frame=177 gpu_ms=32.634178
NET frame=178 gpu_ms=32.829540
NET frame=179 gpu_ms=32.737202
NET frame=180 gpu_ms=32.700760
NET frame=181 gpu_ms=32.709381
NET frame=182 gpu_ms=32.705559
NET frame=183 gpu_ms=32.698479
NET frame=184 gpu_ms=32.619598
NET frame=185 gpu_ms=32.919159
NET frame=186 gpu_ms=32.598419
NET frame=187 gpu_ms=33.069901
NET frame=188 gpu_ms=32.632858
NET frame=189 gpu_ms=32.574780
NET frame=190 gpu_ms=32.731739
NET frame=191 gpu_ms=32.783718
NET frame=192 gpu_ms=32.473980
NET frame=193 gpu_ms=32.847118
NET frame=194 gpu_ms=32.701939
NET frame=195 gpu_ms=32.754139
NET frame=196 gpu_ms=32.677299
NET frame=197 gpu_ms=32.607922
NET frame=198 gpu_ms=32.750099
NET frame=199 gpu_ms=32.528881
frame=199 reset=1 wall_ms=34.183 invalid=0 luma=0.3597704 roi=0.4268046 dark=101219 roi_dark=9829 changed_first=0 maxabs_first=0
SP_STATS runs=0 fallback=0 rollover=0 jobs=0 disabled=0 errors=0
RESULT frames=200 temporal=0 mean_wall_ms=40.139 invalid_total=0 restored_capture_every_frame=1 HDR_preserved=1
