seed=0 pattern=0
input format=RGBA16_FLOAT W=1296 H=720 invalid=0 min=0 max=34.53125 luma=0.0157641119 roi_luma=0.0250669576
adapter=AMD Radeon RX 9070 XT
SP_PLAN c=256 first=16 layers=6 tasks=893 initial=160 state_bytes=10732 w16=1
SP_PLAN c=256 first=49 layers=6 tasks=893 initial=160 state_bytes=10732 w16=1
FRAME_NET_GPU frame=0 gpu_ms=1115.45996
frame=0 reset=1 wall_ms=1124.752 invalid=0 luma=0.01307101 roi=0.01974189 dark=806206 roi_dark=258238 changed_first=0 maxabs_first=0
FRAME_NET_GPU frame=1 gpu_ms=10.7434702
FRAME_NET_GPU frame=2 gpu_ms=9.20355988
FRAME_NET_GPU frame=3 gpu_ms=9.08080006
FRAME_NET_GPU frame=4 gpu_ms=9.05140018
FRAME_NET_GPU frame=5 gpu_ms=9.01780033
FRAME_NET_GPU frame=6 gpu_ms=9.00230026
FRAME_NET_GPU frame=7 gpu_ms=9.08150005
FRAME_NET_GPU frame=8 gpu_ms=9.0291996
FRAME_NET_GPU frame=9 gpu_ms=9.01089954
FRAME_NET_GPU frame=10 gpu_ms=9.03759956
FRAME_NET_GPU frame=11 gpu_ms=8.98550034
FRAME_NET_GPU frame=12 gpu_ms=9.08220005
FRAME_NET_GPU frame=13 gpu_ms=9.08870029
FRAME_NET_GPU frame=14 gpu_ms=8.97799969
FRAME_NET_GPU frame=15 gpu_ms=9.1626997
FRAME_NET_GPU frame=16 gpu_ms=9.2862196
FRAME_NET_GPU frame=17 gpu_ms=9.36400032
FRAME_NET_GPU frame=18 gpu_ms=9.36174011
FRAME_NET_GPU frame=19 gpu_ms=9.32740021
FRAME_NET_GPU frame=20 gpu_ms=9.24357986
FRAME_NET_GPU frame=21 gpu_ms=9.53476048
FRAME_NET_GPU frame=22 gpu_ms=9.39906025
FRAME_NET_GPU frame=23 gpu_ms=9.21850014
FRAME_NET_GPU frame=24 gpu_ms=9.45403957
FRAME_NET_GPU frame=25 gpu_ms=9.24629974
FRAME_NET_GPU frame=26 gpu_ms=9.25543976
FRAME_NET_GPU frame=27 gpu_ms=9.20695972
FRAME_NET_GPU frame=28 gpu_ms=9.31431961
FRAME_NET_GPU frame=29 gpu_ms=9.45059967
FRAME_NET_GPU frame=30 gpu_ms=9.18457985
FRAME_NET_GPU frame=31 gpu_ms=9.32719994
FRAME_NET_GPU frame=32 gpu_ms=9.32872009
FRAME_NET_GPU frame=33 gpu_ms=9.32736015
FRAME_NET_GPU frame=34 gpu_ms=9.28499985
FRAME_NET_GPU frame=35 gpu_ms=9.27577972
FRAME_NET_GPU frame=36 gpu_ms=9.23674011
FRAME_NET_GPU frame=37 gpu_ms=9.24569988
FRAME_NET_GPU frame=38 gpu_ms=9.28466034
FRAME_NET_GPU frame=39 gpu_ms=9.37434006
FRAME_NET_GPU frame=40 gpu_ms=9.3066597
FRAME_NET_GPU frame=41 gpu_ms=9.41170025
FRAME_NET_GPU frame=42 gpu_ms=9.29911995
FRAME_NET_GPU frame=43 gpu_ms=9.17183971
FRAME_NET_GPU frame=44 gpu_ms=9.36625957
FRAME_NET_GPU frame=45 gpu_ms=9.37320042
FRAME_NET_GPU frame=46 gpu_ms=9.26080036
FRAME_NET_GPU frame=47 gpu_ms=9.20512009
FRAME_NET_GPU frame=48 gpu_ms=9.29226017
FRAME_NET_GPU frame=49 gpu_ms=9.30183983
FRAME_NET_GPU frame=50 gpu_ms=9.43118
FRAME_NET_GPU frame=51 gpu_ms=9.18315983
FRAME_NET_GPU frame=52 gpu_ms=9.26764011
FRAME_NET_GPU frame=53 gpu_ms=9.23791981
FRAME_NET_GPU frame=54 gpu_ms=9.31599998
FRAME_NET_GPU frame=55 gpu_ms=9.24860001
FRAME_NET_GPU frame=56 gpu_ms=9.28929996
FRAME_NET_GPU frame=57 gpu_ms=9.32328033
FRAME_NET_GPU frame=58 gpu_ms=9.22474003
FRAME_NET_GPU frame=59 gpu_ms=9.34998035
FRAME_NET_GPU frame=60 gpu_ms=9.36929989
FRAME_NET_GPU frame=61 gpu_ms=9.23641968
FRAME_NET_GPU frame=62 gpu_ms=9.48645973
FRAME_NET_GPU frame=63 gpu_ms=9.12349987
FRAME_NET_GPU frame=64 gpu_ms=9.35352039
FRAME_NET_GPU frame=65 gpu_ms=9.26879978
FRAME_NET_GPU frame=66 gpu_ms=9.43309975
FRAME_NET_GPU frame=67 gpu_ms=9.20462036
FRAME_NET_GPU frame=68 gpu_ms=9.35344028
FRAME_NET_GPU frame=69 gpu_ms=9.23515987
FRAME_NET_GPU frame=70 gpu_ms=9.31046009
FRAME_NET_GPU frame=71 gpu_ms=9.26249981
FRAME_NET_GPU frame=72 gpu_ms=9.30574036
FRAME_NET_GPU frame=73 gpu_ms=9.43585968
FRAME_NET_GPU frame=74 gpu_ms=9.26399994
FRAME_NET_GPU frame=75 gpu_ms=9.27797985
FRAME_NET_GPU frame=76 gpu_ms=9.2385397
FRAME_NET_GPU frame=77 gpu_ms=9.2663002
FRAME_NET_GPU frame=78 gpu_ms=9.32672024
FRAME_NET_GPU frame=79 gpu_ms=9.24326038
FRAME_NET_GPU frame=80 gpu_ms=9.21547985
FRAME_NET_GPU frame=81 gpu_ms=9.39620018
FRAME_NET_GPU frame=82 gpu_ms=9.25456047
FRAME_NET_GPU frame=83 gpu_ms=9.31987953
FRAME_NET_GPU frame=84 gpu_ms=9.32658005
FRAME_NET_GPU frame=85 gpu_ms=9.31682014
FRAME_NET_GPU frame=86 gpu_ms=9.20382023
FRAME_NET_GPU frame=87 gpu_ms=9.32201958
FRAME_NET_GPU frame=88 gpu_ms=9.36561966
FRAME_NET_GPU frame=89 gpu_ms=9.36240005
FRAME_NET_GPU frame=90 gpu_ms=9.2706604
FRAME_NET_GPU frame=91 gpu_ms=9.14008045
FRAME_NET_GPU frame=92 gpu_ms=9.27591991
FRAME_NET_GPU frame=93 gpu_ms=9.25409985
FRAME_NET_GPU frame=94 gpu_ms=9.23622036
FRAME_NET_GPU frame=95 gpu_ms=9.2482996
FRAME_NET_GPU frame=96 gpu_ms=9.31153965
FRAME_NET_GPU frame=97 gpu_ms=9.36520004
FRAME_NET_GPU frame=98 gpu_ms=9.14941978
FRAME_NET_GPU frame=99 gpu_ms=9.25876045
FRAME_NET_GPU frame=100 gpu_ms=9.34899998
FRAME_NET_GPU frame=101 gpu_ms=9.47173977
FRAME_NET_GPU frame=102 gpu_ms=9.45508003
FRAME_NET_GPU frame=103 gpu_ms=9.26665974
FRAME_NET_GPU frame=104 gpu_ms=9.29967976
FRAME_NET_GPU frame=105 gpu_ms=9.36100006
FRAME_NET_GPU frame=106 gpu_ms=9.28431988
FRAME_NET_GPU frame=107 gpu_ms=9.40382004
FRAME_NET_GPU frame=108 gpu_ms=9.24794006
FRAME_NET_GPU frame=109 gpu_ms=9.35953999
FRAME_NET_GPU frame=110 gpu_ms=9.28927994
FRAME_NET_GPU frame=111 gpu_ms=9.23379993
FRAME_NET_GPU frame=112 gpu_ms=9.26097965
FRAME_NET_GPU frame=113 gpu_ms=9.26618004
FRAME_NET_GPU frame=114 gpu_ms=9.26224041
FRAME_NET_GPU frame=115 gpu_ms=9.24894047
FRAME_NET_GPU frame=116 gpu_ms=9.24983978
FRAME_NET_GPU frame=117 gpu_ms=9.29069996
FRAME_NET_GPU frame=118 gpu_ms=9.24938011
FRAME_NET_GPU frame=119 gpu_ms=9.3392601
FRAME_NET_GPU frame=120 gpu_ms=9.31709957
FRAME_NET_GPU frame=121 gpu_ms=9.2927599
FRAME_NET_GPU frame=122 gpu_ms=9.43120003
FRAME_NET_GPU frame=123 gpu_ms=9.1702404
FRAME_NET_GPU frame=124 gpu_ms=9.30970001
FRAME_NET_GPU frame=125 gpu_ms=9.22426033
FRAME_NET_GPU frame=126 gpu_ms=9.31363964
FRAME_NET_GPU frame=127 gpu_ms=9.49182034
FRAME_NET_GPU frame=128 gpu_ms=9.27729988
FRAME_NET_GPU frame=129 gpu_ms=9.33034039
FRAME_NET_GPU frame=130 gpu_ms=9.26012039
FRAME_NET_GPU frame=131 gpu_ms=9.30490017
FRAME_NET_GPU frame=132 gpu_ms=9.46850014
FRAME_NET_GPU frame=133 gpu_ms=9.32923985
FRAME_NET_GPU frame=134 gpu_ms=9.42926025
FRAME_NET_GPU frame=135 gpu_ms=9.41668034
FRAME_NET_GPU frame=136 gpu_ms=9.41104031
FRAME_NET_GPU frame=137 gpu_ms=9.25516033
FRAME_NET_GPU frame=138 gpu_ms=9.27571964
FRAME_NET_GPU frame=139 gpu_ms=9.34323978
FRAME_NET_GPU frame=140 gpu_ms=9.41106033
FRAME_NET_GPU frame=141 gpu_ms=9.10612011
FRAME_NET_GPU frame=142 gpu_ms=9.19147968
FRAME_NET_GPU frame=143 gpu_ms=9.31583977
FRAME_NET_GPU frame=144 gpu_ms=9.16773987
FRAME_NET_GPU frame=145 gpu_ms=9.25255966
FRAME_NET_GPU frame=146 gpu_ms=9.32758045
FRAME_NET_GPU frame=147 gpu_ms=9.37631989
FRAME_NET_GPU frame=148 gpu_ms=9.2794199
FRAME_NET_GPU frame=149 gpu_ms=9.21121979
FRAME_NET_GPU frame=150 gpu_ms=9.15863991
FRAME_NET_GPU frame=151 gpu_ms=9.35021973
FRAME_NET_GPU frame=152 gpu_ms=9.24357986
FRAME_NET_GPU frame=153 gpu_ms=9.28448009
FRAME_NET_GPU frame=154 gpu_ms=9.20417976
FRAME_NET_GPU frame=155 gpu_ms=9.20374012
FRAME_NET_GPU frame=156 gpu_ms=9.36396027
FRAME_NET_GPU frame=157 gpu_ms=9.27476025
FRAME_NET_GPU frame=158 gpu_ms=9.29942036
FRAME_NET_GPU frame=159 gpu_ms=9.17201996
FRAME_NET_GPU frame=160 gpu_ms=9.29776001
FRAME_NET_GPU frame=161 gpu_ms=9.17856026
FRAME_NET_GPU frame=162 gpu_ms=9.23917961
FRAME_NET_GPU frame=163 gpu_ms=9.29008007
FRAME_NET_GPU frame=164 gpu_ms=9.44624043
FRAME_NET_GPU frame=165 gpu_ms=9.21463966
FRAME_NET_GPU frame=166 gpu_ms=9.28184032
FRAME_NET_GPU frame=167 gpu_ms=9.16215992
FRAME_NET_GPU frame=168 gpu_ms=9.38803959
FRAME_NET_GPU frame=169 gpu_ms=9.16940022
FRAME_NET_GPU frame=170 gpu_ms=9.25273991
FRAME_NET_GPU frame=171 gpu_ms=9.23490047
FRAME_NET_GPU frame=172 gpu_ms=9.32217979
FRAME_NET_GPU frame=173 gpu_ms=9.19036007
FRAME_NET_GPU frame=174 gpu_ms=9.27499962
FRAME_NET_GPU frame=175 gpu_ms=9.25524044
FRAME_NET_GPU frame=176 gpu_ms=9.39628029
FRAME_NET_GPU frame=177 gpu_ms=9.17183971
FRAME_NET_GPU frame=178 gpu_ms=9.31919956
FRAME_NET_GPU frame=179 gpu_ms=9.18568039
FRAME_NET_GPU frame=180 gpu_ms=9.39925957
FRAME_NET_GPU frame=181 gpu_ms=9.19069958
FRAME_NET_GPU frame=182 gpu_ms=9.29533958
FRAME_NET_GPU frame=183 gpu_ms=9.23147964
FRAME_NET_GPU frame=184 gpu_ms=9.33150005
FRAME_NET_GPU frame=185 gpu_ms=9.34434032
FRAME_NET_GPU frame=186 gpu_ms=9.19279957
FRAME_NET_GPU frame=187 gpu_ms=9.17646027
FRAME_NET_GPU frame=188 gpu_ms=9.20462036
FRAME_NET_GPU frame=189 gpu_ms=9.25067997
FRAME_NET_GPU frame=190 gpu_ms=9.23219967
FRAME_NET_GPU frame=191 gpu_ms=9.13994026
FRAME_NET_GPU frame=192 gpu_ms=9.37246037
FRAME_NET_GPU frame=193 gpu_ms=9.25516033
FRAME_NET_GPU frame=194 gpu_ms=9.21016026
FRAME_NET_GPU frame=195 gpu_ms=9.52917957
FRAME_NET_GPU frame=196 gpu_ms=9.27645969
FRAME_NET_GPU frame=197 gpu_ms=9.18338013
FRAME_NET_GPU frame=198 gpu_ms=9.33366013
FRAME_NET_GPU frame=199 gpu_ms=9.27490044
FRAME_NET_GPU frame=200 gpu_ms=9.0620203
FRAME_NET_GPU frame=201 gpu_ms=9.65544033
FRAME_NET_GPU frame=202 gpu_ms=9.25214005
FRAME_NET_GPU frame=203 gpu_ms=9.13914013
FRAME_NET_GPU frame=204 gpu_ms=9.3129797
FRAME_NET_GPU frame=205 gpu_ms=9.25784016
FRAME_NET_GPU frame=206 gpu_ms=9.24044037
FRAME_NET_GPU frame=207 gpu_ms=9.32726002
FRAME_NET_GPU frame=208 gpu_ms=9.18910027
FRAME_NET_GPU frame=209 gpu_ms=9.14523983
FRAME_NET_GPU frame=210 gpu_ms=9.36437988
FRAME_NET_GPU frame=211 gpu_ms=9.23215961
FRAME_NET_GPU frame=212 gpu_ms=9.43519974
FRAME_NET_GPU frame=213 gpu_ms=9.24925995
FRAME_NET_GPU frame=214 gpu_ms=9.25028038
FRAME_NET_GPU frame=215 gpu_ms=9.27449989
FRAME_NET_GPU frame=216 gpu_ms=9.01675987
FRAME_NET_GPU frame=217 gpu_ms=9.31558037
FRAME_NET_GPU frame=218 gpu_ms=9.21611977
FRAME_NET_GPU frame=219 gpu_ms=9.24361992
FRAME_NET_GPU frame=220 gpu_ms=9.17226028
FRAME_NET_GPU frame=221 gpu_ms=9.11244011
FRAME_NET_GPU frame=222 gpu_ms=9.27847958
FRAME_NET_GPU frame=223 gpu_ms=9.32548046
FRAME_NET_GPU frame=224 gpu_ms=9.18653965
FRAME_NET_GPU frame=225 gpu_ms=9.34475994
FRAME_NET_GPU frame=226 gpu_ms=9.23917961
FRAME_NET_GPU frame=227 gpu_ms=9.14186001
FRAME_NET_GPU frame=228 gpu_ms=9.32310009
FRAME_NET_GPU frame=229 gpu_ms=9.24464035
FRAME_NET_GPU frame=230 gpu_ms=9.25868034
FRAME_NET_GPU frame=231 gpu_ms=9.24205971
FRAME_NET_GPU frame=232 gpu_ms=9.30317974
FRAME_NET_GPU frame=233 gpu_ms=9.24703979
FRAME_NET_GPU frame=234 gpu_ms=9.3173399
FRAME_NET_GPU frame=235 gpu_ms=9.11954021
FRAME_NET_GPU frame=236 gpu_ms=9.29944038
FRAME_NET_GPU frame=237 gpu_ms=9.28203964
FRAME_NET_GPU frame=238 gpu_ms=9.07242012
FRAME_NET_GPU frame=239 gpu_ms=9.34385967
FRAME_NET_GPU frame=240 gpu_ms=9.1729002
FRAME_NET_GPU frame=241 gpu_ms=9.28911972
FRAME_NET_GPU frame=242 gpu_ms=9.27348042
FRAME_NET_GPU frame=243 gpu_ms=9.18997955
FRAME_NET_GPU frame=244 gpu_ms=9.43970013
FRAME_NET_GPU frame=245 gpu_ms=9.22338009
FRAME_NET_GPU frame=246 gpu_ms=9.18278027
FRAME_NET_GPU frame=247 gpu_ms=9.54868031
FRAME_NET_GPU frame=248 gpu_ms=9.28923988
FRAME_NET_GPU frame=249 gpu_ms=9.25374031
FRAME_NET_GPU frame=250 gpu_ms=9.23326015
FRAME_NET_GPU frame=251 gpu_ms=9.36303997
FRAME_NET_GPU frame=252 gpu_ms=9.23437977
FRAME_NET_GPU frame=253 gpu_ms=9.26385975
FRAME_NET_GPU frame=254 gpu_ms=9.19441986
FRAME_NET_GPU frame=255 gpu_ms=9.28437996
FRAME_NET_GPU frame=256 gpu_ms=9.36594009
FRAME_NET_GPU frame=257 gpu_ms=9.29115963
FRAME_NET_GPU frame=258 gpu_ms=9.02875996
FRAME_NET_GPU frame=259 gpu_ms=9.41740036
FRAME_NET_GPU frame=260 gpu_ms=9.23264027
FRAME_NET_GPU frame=261 gpu_ms=9.20069981
FRAME_NET_GPU frame=262 gpu_ms=9.2471199
FRAME_NET_GPU frame=263 gpu_ms=9.30576038
FRAME_NET_GPU frame=264 gpu_ms=9.16331959
FRAME_NET_GPU frame=265 gpu_ms=9.23293972
FRAME_NET_GPU frame=266 gpu_ms=9.21076012
FRAME_NET_GPU frame=267 gpu_ms=9.28686047
FRAME_NET_GPU frame=268 gpu_ms=9.26646042
FRAME_NET_GPU frame=269 gpu_ms=9.36651993
FRAME_NET_GPU frame=270 gpu_ms=9.17825985
FRAME_NET_GPU frame=271 gpu_ms=9.33493996
FRAME_NET_GPU frame=272 gpu_ms=9.13138008
FRAME_NET_GPU frame=273 gpu_ms=9.18914032
FRAME_NET_GPU frame=274 gpu_ms=9.15781975
FRAME_NET_GPU frame=275 gpu_ms=9.35620022
FRAME_NET_GPU frame=276 gpu_ms=9.28071976
FRAME_NET_GPU frame=277 gpu_ms=9.22721958
FRAME_NET_GPU frame=278 gpu_ms=9.28520012
FRAME_NET_GPU frame=279 gpu_ms=9.49155998
FRAME_NET_GPU frame=280 gpu_ms=9.07822037
FRAME_NET_GPU frame=281 gpu_ms=9.3266201
FRAME_NET_GPU frame=282 gpu_ms=9.09636021
FRAME_NET_GPU frame=283 gpu_ms=9.39916039
FRAME_NET_GPU frame=284 gpu_ms=9.23830032
FRAME_NET_GPU frame=285 gpu_ms=9.17784023
FRAME_NET_GPU frame=286 gpu_ms=9.24843979
FRAME_NET_GPU frame=287 gpu_ms=9.3859396
FRAME_NET_GPU frame=288 gpu_ms=9.39560032
FRAME_NET_GPU frame=289 gpu_ms=9.15649986
FRAME_NET_GPU frame=290 gpu_ms=9.27194023
FRAME_NET_GPU frame=291 gpu_ms=9.14492035
FRAME_NET_GPU frame=292 gpu_ms=9.30395985
FRAME_NET_GPU frame=293 gpu_ms=9.2242403
FRAME_NET_GPU frame=294 gpu_ms=9.25885963
FRAME_NET_GPU frame=295 gpu_ms=9.26912022
FRAME_NET_GPU frame=296 gpu_ms=9.30202007
FRAME_NET_GPU frame=297 gpu_ms=9.30372047
FRAME_NET_GPU frame=298 gpu_ms=9.38702011
FRAME_NET_GPU frame=299 gpu_ms=9.17914009
FRAME_NET_GPU frame=300 gpu_ms=9.20707989
FRAME_NET_GPU frame=301 gpu_ms=9.16724014
FRAME_NET_GPU frame=302 gpu_ms=9.27328014
FRAME_NET_GPU frame=303 gpu_ms=9.26469994
FRAME_NET_GPU frame=304 gpu_ms=9.28713989
FRAME_NET_GPU frame=305 gpu_ms=9.26159954
FRAME_NET_GPU frame=306 gpu_ms=9.4598999
FRAME_NET_GPU frame=307 gpu_ms=9.08010006
FRAME_NET_GPU frame=308 gpu_ms=9.33358002
FRAME_NET_GPU frame=309 gpu_ms=9.16353989
FRAME_NET_GPU frame=310 gpu_ms=9.39402008
FRAME_NET_GPU frame=311 gpu_ms=9.26305962
FRAME_NET_GPU frame=312 gpu_ms=9.26121998
FRAME_NET_GPU frame=313 gpu_ms=9.23552036
FRAME_NET_GPU frame=314 gpu_ms=9.23818016
FRAME_NET_GPU frame=315 gpu_ms=9.14396
FRAME_NET_GPU frame=316 gpu_ms=9.3355999
FRAME_NET_GPU frame=317 gpu_ms=9.20538044
FRAME_NET_GPU frame=318 gpu_ms=9.36425972
FRAME_NET_GPU frame=319 gpu_ms=9.18910027
frame=319 reset=1 wall_ms=9.790 invalid=0 luma=0.01307101 roi=0.01974189 dark=806206 roi_dark=258238 changed_first=0 maxabs_first=0
SP_STATS runs=640 fallback=0 rollover=0 jobs=571520 disabled=0 errors=0
RESULT frames=320 temporal=0 mean_wall_ms=13.362 invalid_total=0 restored_capture_every_frame=1 HDR_preserved=1

