seed=0 pattern=0
input format=RGBA16_FLOAT W=1296 H=720 invalid=0 min=0 max=34.53125 luma=0.0157641119 roi_luma=0.0250669576
adapter=AMD Radeon RX 9070 XT
SP_PLAN c=256 first=16 layers=6 tasks=893 initial=160 state_bytes=10732 w16=1
SP_PLAN c=256 first=49 layers=6 tasks=893 initial=160 state_bytes=10732 w16=1
FRAME_NET_GPU frame=0 gpu_ms=1133.87451
frame=0 reset=1 wall_ms=1144.410 invalid=0 luma=0.01307101 roi=0.01974189 dark=806206 roi_dark=258238 changed_first=0 maxabs_first=0
FRAME_NET_GPU frame=1 gpu_ms=9.16749001
FRAME_NET_GPU frame=2 gpu_ms=9.85015965
FRAME_NET_GPU frame=3 gpu_ms=9.51659966
FRAME_NET_GPU frame=4 gpu_ms=9.38519955
FRAME_NET_GPU frame=5 gpu_ms=9.18080044
FRAME_NET_GPU frame=6 gpu_ms=9.11550045
FRAME_NET_GPU frame=7 gpu_ms=9.17790031
FRAME_NET_GPU frame=8 gpu_ms=8.99680042
FRAME_NET_GPU frame=9 gpu_ms=9.05140018
FRAME_NET_GPU frame=10 gpu_ms=9.06620026
FRAME_NET_GPU frame=11 gpu_ms=9.15139961
FRAME_NET_GPU frame=12 gpu_ms=9.1857996
FRAME_NET_GPU frame=13 gpu_ms=9.0678997
FRAME_NET_GPU frame=14 gpu_ms=9.07820034
FRAME_NET_GPU frame=15 gpu_ms=9.07979965
FRAME_NET_GPU frame=16 gpu_ms=9.22490025
FRAME_NET_GPU frame=17 gpu_ms=9.1907196
FRAME_NET_GPU frame=18 gpu_ms=9.45563984
FRAME_NET_GPU frame=19 gpu_ms=9.36357975
FRAME_NET_GPU frame=20 gpu_ms=9.30803967
FRAME_NET_GPU frame=21 gpu_ms=9.31632042
FRAME_NET_GPU frame=22 gpu_ms=9.2993803
FRAME_NET_GPU frame=23 gpu_ms=9.26206017
FRAME_NET_GPU frame=24 gpu_ms=9.17846012
FRAME_NET_GPU frame=25 gpu_ms=9.26206017
FRAME_NET_GPU frame=26 gpu_ms=9.17257977
FRAME_NET_GPU frame=27 gpu_ms=9.18035984
FRAME_NET_GPU frame=28 gpu_ms=9.2237196
FRAME_NET_GPU frame=29 gpu_ms=9.25932026
FRAME_NET_GPU frame=30 gpu_ms=9.1583004
FRAME_NET_GPU frame=31 gpu_ms=9.24738026
FRAME_NET_GPU frame=32 gpu_ms=9.1323204
FRAME_NET_GPU frame=33 gpu_ms=9.29810047
FRAME_NET_GPU frame=34 gpu_ms=9.13181973
FRAME_NET_GPU frame=35 gpu_ms=9.18988037
FRAME_NET_GPU frame=36 gpu_ms=9.24351978
FRAME_NET_GPU frame=37 gpu_ms=9.26362038
FRAME_NET_GPU frame=38 gpu_ms=9.22476006
FRAME_NET_GPU frame=39 gpu_ms=9.24328041
FRAME_NET_GPU frame=40 gpu_ms=9.24116039
FRAME_NET_GPU frame=41 gpu_ms=9.28882027
FRAME_NET_GPU frame=42 gpu_ms=9.29693985
FRAME_NET_GPU frame=43 gpu_ms=9.17749977
FRAME_NET_GPU frame=44 gpu_ms=9.25856018
FRAME_NET_GPU frame=45 gpu_ms=9.26720047
FRAME_NET_GPU frame=46 gpu_ms=9.17432022
FRAME_NET_GPU frame=47 gpu_ms=9.34519958
FRAME_NET_GPU frame=48 gpu_ms=9.15151978
FRAME_NET_GPU frame=49 gpu_ms=9.22922039
FRAME_NET_GPU frame=50 gpu_ms=9.20166016
FRAME_NET_GPU frame=51 gpu_ms=9.16926003
FRAME_NET_GPU frame=52 gpu_ms=9.26986027
FRAME_NET_GPU frame=53 gpu_ms=9.2393198
FRAME_NET_GPU frame=54 gpu_ms=9.17331982
FRAME_NET_GPU frame=55 gpu_ms=9.25090027
FRAME_NET_GPU frame=56 gpu_ms=9.18122005
FRAME_NET_GPU frame=57 gpu_ms=9.26591969
FRAME_NET_GPU frame=58 gpu_ms=9.12942028
FRAME_NET_GPU frame=59 gpu_ms=9.11839962
FRAME_NET_GPU frame=60 gpu_ms=9.1198597
FRAME_NET_GPU frame=61 gpu_ms=9.32964039
FRAME_NET_GPU frame=62 gpu_ms=9.15396023
FRAME_NET_GPU frame=63 gpu_ms=9.13210011
FRAME_NET_GPU frame=64 gpu_ms=9.39758015
FRAME_NET_GPU frame=65 gpu_ms=9.18626022
FRAME_NET_GPU frame=66 gpu_ms=9.25889969
FRAME_NET_GPU frame=67 gpu_ms=9.30179977
FRAME_NET_GPU frame=68 gpu_ms=9.14529991
FRAME_NET_GPU frame=69 gpu_ms=9.19355965
FRAME_NET_GPU frame=70 gpu_ms=9.17514038
FRAME_NET_GPU frame=71 gpu_ms=9.24909973
FRAME_NET_GPU frame=72 gpu_ms=9.17331982
FRAME_NET_GPU frame=73 gpu_ms=9.19946003
FRAME_NET_GPU frame=74 gpu_ms=9.17430019
FRAME_NET_GPU frame=75 gpu_ms=9.26931953
FRAME_NET_GPU frame=76 gpu_ms=9.25004005
FRAME_NET_GPU frame=77 gpu_ms=9.23365974
FRAME_NET_GPU frame=78 gpu_ms=9.22270012
FRAME_NET_GPU frame=79 gpu_ms=9.16755962
FRAME_NET_GPU frame=80 gpu_ms=9.16790009
FRAME_NET_GPU frame=81 gpu_ms=9.25502014
FRAME_NET_GPU frame=82 gpu_ms=9.14319992
FRAME_NET_GPU frame=83 gpu_ms=9.14937973
FRAME_NET_GPU frame=84 gpu_ms=9.22472
FRAME_NET_GPU frame=85 gpu_ms=9.14371967
FRAME_NET_GPU frame=86 gpu_ms=9.2706604
FRAME_NET_GPU frame=87 gpu_ms=9.13226032
FRAME_NET_GPU frame=88 gpu_ms=9.25339985
FRAME_NET_GPU frame=89 gpu_ms=9.13910007
FRAME_NET_GPU frame=90 gpu_ms=9.20785999
FRAME_NET_GPU frame=91 gpu_ms=9.16835976
FRAME_NET_GPU frame=92 gpu_ms=9.20436001
FRAME_NET_GPU frame=93 gpu_ms=9.10245991
FRAME_NET_GPU frame=94 gpu_ms=9.22006035
FRAME_NET_GPU frame=95 gpu_ms=9.14167976
FRAME_NET_GPU frame=96 gpu_ms=9.26836014
FRAME_NET_GPU frame=97 gpu_ms=9.35161972
FRAME_NET_GPU frame=98 gpu_ms=9.22002029
FRAME_NET_GPU frame=99 gpu_ms=9.19369984
FRAME_NET_GPU frame=100 gpu_ms=9.11693954
FRAME_NET_GPU frame=101 gpu_ms=9.31439972
FRAME_NET_GPU frame=102 gpu_ms=9.01488018
FRAME_NET_GPU frame=103 gpu_ms=9.26097965
FRAME_NET_GPU frame=104 gpu_ms=9.21261978
FRAME_NET_GPU frame=105 gpu_ms=9.02900028
FRAME_NET_GPU frame=106 gpu_ms=9.41905975
FRAME_NET_GPU frame=107 gpu_ms=9.1228199
FRAME_NET_GPU frame=108 gpu_ms=9.13097954
FRAME_NET_GPU frame=109 gpu_ms=9.14671993
FRAME_NET_GPU frame=110 gpu_ms=9.2220602
FRAME_NET_GPU frame=111 gpu_ms=9.33516026
FRAME_NET_GPU frame=112 gpu_ms=9.16131973
FRAME_NET_GPU frame=113 gpu_ms=9.22467995
FRAME_NET_GPU frame=114 gpu_ms=9.35548019
FRAME_NET_GPU frame=115 gpu_ms=9.23752022
FRAME_NET_GPU frame=116 gpu_ms=9.18414021
FRAME_NET_GPU frame=117 gpu_ms=9.22813988
FRAME_NET_GPU frame=118 gpu_ms=9.24676037
FRAME_NET_GPU frame=119 gpu_ms=9.22758007
FRAME_NET_GPU frame=120 gpu_ms=9.01259995
FRAME_NET_GPU frame=121 gpu_ms=9.44950008
FRAME_NET_GPU frame=122 gpu_ms=9.11970043
FRAME_NET_GPU frame=123 gpu_ms=9.03092003
FRAME_NET_GPU frame=124 gpu_ms=9.28693962
FRAME_NET_GPU frame=125 gpu_ms=9.27233982
FRAME_NET_GPU frame=126 gpu_ms=9.15427971
FRAME_NET_GPU frame=127 gpu_ms=9.18544006
FRAME_NET_GPU frame=128 gpu_ms=9.18795967
FRAME_NET_GPU frame=129 gpu_ms=9.25607967
FRAME_NET_GPU frame=130 gpu_ms=9.16936016
FRAME_NET_GPU frame=131 gpu_ms=9.21737957
FRAME_NET_GPU frame=132 gpu_ms=9.1957798
FRAME_NET_GPU frame=133 gpu_ms=9.24520016
FRAME_NET_GPU frame=134 gpu_ms=9.28534031
FRAME_NET_GPU frame=135 gpu_ms=9.29623985
FRAME_NET_GPU frame=136 gpu_ms=9.09714031
FRAME_NET_GPU frame=137 gpu_ms=9.04304028
FRAME_NET_GPU frame=138 gpu_ms=9.17432022
FRAME_NET_GPU frame=139 gpu_ms=9.30043983
FRAME_NET_GPU frame=140 gpu_ms=9.1232996
FRAME_NET_GPU frame=141 gpu_ms=9.18859959
FRAME_NET_GPU frame=142 gpu_ms=9.25255966
FRAME_NET_GPU frame=143 gpu_ms=9.16166019
FRAME_NET_GPU frame=144 gpu_ms=9.35702038
FRAME_NET_GPU frame=145 gpu_ms=8.99660015
FRAME_NET_GPU frame=146 gpu_ms=9.31873989
FRAME_NET_GPU frame=147 gpu_ms=9.13002014
FRAME_NET_GPU frame=148 gpu_ms=9.20808029
FRAME_NET_GPU frame=149 gpu_ms=9.15608025
FRAME_NET_GPU frame=150 gpu_ms=9.59047985
FRAME_NET_GPU frame=151 gpu_ms=9.26109982
FRAME_NET_GPU frame=152 gpu_ms=9.12438011
FRAME_NET_GPU frame=153 gpu_ms=9.3112402
FRAME_NET_GPU frame=154 gpu_ms=9.2062397
FRAME_NET_GPU frame=155 gpu_ms=9.15116024
FRAME_NET_GPU frame=156 gpu_ms=9.12767982
FRAME_NET_GPU frame=157 gpu_ms=9.09939957
FRAME_NET_GPU frame=158 gpu_ms=9.23806
FRAME_NET_GPU frame=159 gpu_ms=9.20779991
FRAME_NET_GPU frame=160 gpu_ms=9.22235966
FRAME_NET_GPU frame=161 gpu_ms=9.20382023
FRAME_NET_GPU frame=162 gpu_ms=9.34218025
FRAME_NET_GPU frame=163 gpu_ms=9.17975998
FRAME_NET_GPU frame=164 gpu_ms=9.21471977
FRAME_NET_GPU frame=165 gpu_ms=9.25527954
FRAME_NET_GPU frame=166 gpu_ms=9.32847977
FRAME_NET_GPU frame=167 gpu_ms=9.08708
FRAME_NET_GPU frame=168 gpu_ms=9.15046024
FRAME_NET_GPU frame=169 gpu_ms=9.32843971
FRAME_NET_GPU frame=170 gpu_ms=9.36660004
FRAME_NET_GPU frame=171 gpu_ms=9.1899004
FRAME_NET_GPU frame=172 gpu_ms=9.3081398
FRAME_NET_GPU frame=173 gpu_ms=9.06838036
FRAME_NET_GPU frame=174 gpu_ms=9.25469971
FRAME_NET_GPU frame=175 gpu_ms=9.23188019
FRAME_NET_GPU frame=176 gpu_ms=9.27443981
FRAME_NET_GPU frame=177 gpu_ms=9.15314007
FRAME_NET_GPU frame=178 gpu_ms=9.17304039
FRAME_NET_GPU frame=179 gpu_ms=9.18997955
FRAME_NET_GPU frame=180 gpu_ms=9.48246002
FRAME_NET_GPU frame=181 gpu_ms=9.17667961
FRAME_NET_GPU frame=182 gpu_ms=9.47673988
FRAME_NET_GPU frame=183 gpu_ms=9.06717968
FRAME_NET_GPU frame=184 gpu_ms=9.14723969
FRAME_NET_GPU frame=185 gpu_ms=9.25228024
FRAME_NET_GPU frame=186 gpu_ms=9.25477982
FRAME_NET_GPU frame=187 gpu_ms=9.25737953
FRAME_NET_GPU frame=188 gpu_ms=9.29535961
FRAME_NET_GPU frame=189 gpu_ms=9.24322033
FRAME_NET_GPU frame=190 gpu_ms=9.22725964
FRAME_NET_GPU frame=191 gpu_ms=9.2796402
FRAME_NET_GPU frame=192 gpu_ms=9.1238203
FRAME_NET_GPU frame=193 gpu_ms=9.29473972
FRAME_NET_GPU frame=194 gpu_ms=9.28682041
FRAME_NET_GPU frame=195 gpu_ms=9.28256035
FRAME_NET_GPU frame=196 gpu_ms=9.16631985
FRAME_NET_GPU frame=197 gpu_ms=9.25656033
FRAME_NET_GPU frame=198 gpu_ms=9.26780033
FRAME_NET_GPU frame=199 gpu_ms=9.21531963
FRAME_NET_GPU frame=200 gpu_ms=9.11098003
FRAME_NET_GPU frame=201 gpu_ms=9.35779953
FRAME_NET_GPU frame=202 gpu_ms=9.17599964
FRAME_NET_GPU frame=203 gpu_ms=9.19651985
FRAME_NET_GPU frame=204 gpu_ms=9.25327969
FRAME_NET_GPU frame=205 gpu_ms=9.33174038
FRAME_NET_GPU frame=206 gpu_ms=11.1852999
FRAME_NET_GPU frame=207 gpu_ms=7.08809996
FRAME_NET_GPU frame=208 gpu_ms=9.29621983
FRAME_NET_GPU frame=209 gpu_ms=9.20217991
FRAME_NET_GPU frame=210 gpu_ms=9.06077957
FRAME_NET_GPU frame=211 gpu_ms=9.2809
FRAME_NET_GPU frame=212 gpu_ms=9.34885979
FRAME_NET_GPU frame=213 gpu_ms=9.29796028
FRAME_NET_GPU frame=214 gpu_ms=9.05512047
FRAME_NET_GPU frame=215 gpu_ms=9.24155998
FRAME_NET_GPU frame=216 gpu_ms=9.10521984
FRAME_NET_GPU frame=217 gpu_ms=9.26508045
FRAME_NET_GPU frame=218 gpu_ms=9.16911983
FRAME_NET_GPU frame=219 gpu_ms=9.19227982
FRAME_NET_GPU frame=220 gpu_ms=9.24934006
FRAME_NET_GPU frame=221 gpu_ms=9.22776031
FRAME_NET_GPU frame=222 gpu_ms=9.05669975
FRAME_NET_GPU frame=223 gpu_ms=9.3207798
FRAME_NET_GPU frame=224 gpu_ms=9.05963993
FRAME_NET_GPU frame=225 gpu_ms=9.26150036
FRAME_NET_GPU frame=226 gpu_ms=9.21640015
FRAME_NET_GPU frame=227 gpu_ms=9.24612045
FRAME_NET_GPU frame=228 gpu_ms=9.19882011
FRAME_NET_GPU frame=229 gpu_ms=9.29796028
FRAME_NET_GPU frame=230 gpu_ms=9.31060028
FRAME_NET_GPU frame=231 gpu_ms=9.02859974
FRAME_NET_GPU frame=232 gpu_ms=9.1422596
FRAME_NET_GPU frame=233 gpu_ms=9.13844013
FRAME_NET_GPU frame=234 gpu_ms=9.4324398
FRAME_NET_GPU frame=235 gpu_ms=9.18089962
FRAME_NET_GPU frame=236 gpu_ms=9.00568008
FRAME_NET_GPU frame=237 gpu_ms=9.19207954
FRAME_NET_GPU frame=238 gpu_ms=9.14116001
FRAME_NET_GPU frame=239 gpu_ms=9.03061962
FRAME_NET_GPU frame=240 gpu_ms=9.30185986
FRAME_NET_GPU frame=241 gpu_ms=9.26070023
FRAME_NET_GPU frame=242 gpu_ms=9.07205963
FRAME_NET_GPU frame=243 gpu_ms=9.16384029
FRAME_NET_GPU frame=244 gpu_ms=9.10081959
FRAME_NET_GPU frame=245 gpu_ms=9.24411964
FRAME_NET_GPU frame=246 gpu_ms=9.2130003
FRAME_NET_GPU frame=247 gpu_ms=9.29983997
FRAME_NET_GPU frame=248 gpu_ms=9.3197403
FRAME_NET_GPU frame=249 gpu_ms=9.32369995
FRAME_NET_GPU frame=250 gpu_ms=9.19587994
FRAME_NET_GPU frame=251 gpu_ms=9.08998013
FRAME_NET_GPU frame=252 gpu_ms=9.38591957
FRAME_NET_GPU frame=253 gpu_ms=9.05762005
FRAME_NET_GPU frame=254 gpu_ms=9.21313953
FRAME_NET_GPU frame=255 gpu_ms=9.26484013
FRAME_NET_GPU frame=256 gpu_ms=9.22157955
FRAME_NET_GPU frame=257 gpu_ms=9.1972599
FRAME_NET_GPU frame=258 gpu_ms=9.11266041
FRAME_NET_GPU frame=259 gpu_ms=9.21576023
FRAME_NET_GPU frame=260 gpu_ms=9.24020004
FRAME_NET_GPU frame=261 gpu_ms=9.26323986
FRAME_NET_GPU frame=262 gpu_ms=9.27616024
FRAME_NET_GPU frame=263 gpu_ms=9.23178005
FRAME_NET_GPU frame=264 gpu_ms=9.15388012
FRAME_NET_GPU frame=265 gpu_ms=9.12386036
FRAME_NET_GPU frame=266 gpu_ms=9.37345982
FRAME_NET_GPU frame=267 gpu_ms=8.99816036
FRAME_NET_GPU frame=268 gpu_ms=9.1537199
FRAME_NET_GPU frame=269 gpu_ms=9.19917965
FRAME_NET_GPU frame=270 gpu_ms=9.24090004
FRAME_NET_GPU frame=271 gpu_ms=9.23200035
FRAME_NET_GPU frame=272 gpu_ms=9.15715981
FRAME_NET_GPU frame=273 gpu_ms=9.30154037
FRAME_NET_GPU frame=274 gpu_ms=9.14620018
FRAME_NET_GPU frame=275 gpu_ms=9.2239399
FRAME_NET_GPU frame=276 gpu_ms=9.06289959
FRAME_NET_GPU frame=277 gpu_ms=9.20219994
FRAME_NET_GPU frame=278 gpu_ms=9.25979996
FRAME_NET_GPU frame=279 gpu_ms=9.28934002
FRAME_NET_GPU frame=280 gpu_ms=9.24213982
FRAME_NET_GPU frame=281 gpu_ms=9.15357971
FRAME_NET_GPU frame=282 gpu_ms=9.33850002
FRAME_NET_GPU frame=283 gpu_ms=9.30257988
FRAME_NET_GPU frame=284 gpu_ms=9.21920013
FRAME_NET_GPU frame=285 gpu_ms=9.28439999
FRAME_NET_GPU frame=286 gpu_ms=9.08312035
FRAME_NET_GPU frame=287 gpu_ms=9.1641798
FRAME_NET_GPU frame=288 gpu_ms=9.2414999
FRAME_NET_GPU frame=289 gpu_ms=9.07073975
FRAME_NET_GPU frame=290 gpu_ms=9.27554035
FRAME_NET_GPU frame=291 gpu_ms=9.27906036
FRAME_NET_GPU frame=292 gpu_ms=9.1289196
FRAME_NET_GPU frame=293 gpu_ms=9.13564014
FRAME_NET_GPU frame=294 gpu_ms=9.13210011
FRAME_NET_GPU frame=295 gpu_ms=9.20234013
FRAME_NET_GPU frame=296 gpu_ms=9.10225964
FRAME_NET_GPU frame=297 gpu_ms=9.41889954
FRAME_NET_GPU frame=298 gpu_ms=9.12143993
FRAME_NET_GPU frame=299 gpu_ms=9.02993965
FRAME_NET_GPU frame=300 gpu_ms=9.25613976
FRAME_NET_GPU frame=301 gpu_ms=9.33129978
FRAME_NET_GPU frame=302 gpu_ms=9.16810036
FRAME_NET_GPU frame=303 gpu_ms=9.1843996
FRAME_NET_GPU frame=304 gpu_ms=9.16250038
FRAME_NET_GPU frame=305 gpu_ms=8.99946022
FRAME_NET_GPU frame=306 gpu_ms=9.26673985
FRAME_NET_GPU frame=307 gpu_ms=9.20137978
FRAME_NET_GPU frame=308 gpu_ms=9.18091965
FRAME_NET_GPU frame=309 gpu_ms=9.22117996
FRAME_NET_GPU frame=310 gpu_ms=9.23433971
FRAME_NET_GPU frame=311 gpu_ms=9.1469202
FRAME_NET_GPU frame=312 gpu_ms=9.30889988
FRAME_NET_GPU frame=313 gpu_ms=9.26422024
FRAME_NET_GPU frame=314 gpu_ms=9.24715996
FRAME_NET_GPU frame=315 gpu_ms=9.1595602
FRAME_NET_GPU frame=316 gpu_ms=9.31443977
FRAME_NET_GPU frame=317 gpu_ms=9.16380024
FRAME_NET_GPU frame=318 gpu_ms=9.23950005
FRAME_NET_GPU frame=319 gpu_ms=9.04372025
frame=319 reset=1 wall_ms=9.707 invalid=0 luma=0.01307101 roi=0.01974189 dark=806206 roi_dark=258238 changed_first=0 maxabs_first=0
SP_STATS runs=640 fallback=0 rollover=0 jobs=571520 disabled=0 errors=0
RESULT frames=320 temporal=0 mean_wall_ms=13.386 invalid_total=0 restored_capture_every_frame=1 HDR_preserved=1

