seed=0 pattern=0
input format=RGBA16_FLOAT W=1296 H=720 invalid=0 min=0 max=34.53125 luma=0.0157641119 roi_luma=0.0250669576
adapter=AMD Radeon RX 9070 XT
SP_PLAN c=256 first=16 layers=6 tasks=893 initial=160 state_bytes=10732 w16=1
SP_PLAN c=256 first=49 layers=6 tasks=893 initial=160 state_bytes=10732 w16=1
FRAME_NET_GPU frame=0 gpu_ms=1122.32922
frame=0 reset=1 wall_ms=1133.452 invalid=0 luma=0.01307101 roi=0.01974189 dark=806206 roi_dark=258238 changed_first=0 maxabs_first=0
FRAME_NET_GPU frame=1 gpu_ms=11.7242498
FRAME_NET_GPU frame=2 gpu_ms=9.2670002
FRAME_NET_GPU frame=3 gpu_ms=9.13819981
FRAME_NET_GPU frame=4 gpu_ms=9.25279999
FRAME_NET_GPU frame=5 gpu_ms=9.10639954
FRAME_NET_GPU frame=6 gpu_ms=9.11429977
FRAME_NET_GPU frame=7 gpu_ms=9.16800022
FRAME_NET_GPU frame=8 gpu_ms=9.15089989
FRAME_NET_GPU frame=9 gpu_ms=9.17129993
FRAME_NET_GPU frame=10 gpu_ms=9.11260033
FRAME_NET_GPU frame=11 gpu_ms=9.10949993
FRAME_NET_GPU frame=12 gpu_ms=9.14820004
FRAME_NET_GPU frame=13 gpu_ms=9.17380047
FRAME_NET_GPU frame=14 gpu_ms=9.19239998
FRAME_NET_GPU frame=15 gpu_ms=9.02715969
FRAME_NET_GPU frame=16 gpu_ms=9.0936203
FRAME_NET_GPU frame=17 gpu_ms=9.06960011
FRAME_NET_GPU frame=18 gpu_ms=9.32240009
FRAME_NET_GPU frame=19 gpu_ms=9.26278019
FRAME_NET_GPU frame=20 gpu_ms=9.32238007
FRAME_NET_GPU frame=21 gpu_ms=9.26931953
FRAME_NET_GPU frame=22 gpu_ms=9.28155994
FRAME_NET_GPU frame=23 gpu_ms=9.0788002
FRAME_NET_GPU frame=24 gpu_ms=9.13377953
FRAME_NET_GPU frame=25 gpu_ms=9.24407959
FRAME_NET_GPU frame=26 gpu_ms=9.16135979
FRAME_NET_GPU frame=27 gpu_ms=9.23558044
FRAME_NET_GPU frame=28 gpu_ms=9.1760397
FRAME_NET_GPU frame=29 gpu_ms=9.17066002
FRAME_NET_GPU frame=30 gpu_ms=9.14509964
FRAME_NET_GPU frame=31 gpu_ms=9.11050034
FRAME_NET_GPU frame=32 gpu_ms=9.19838047
FRAME_NET_GPU frame=33 gpu_ms=9.28631973
FRAME_NET_GPU frame=34 gpu_ms=9.19867992
FRAME_NET_GPU frame=35 gpu_ms=9.1792202
FRAME_NET_GPU frame=36 gpu_ms=9.15254021
FRAME_NET_GPU frame=37 gpu_ms=9.22939968
FRAME_NET_GPU frame=38 gpu_ms=9.0919199
FRAME_NET_GPU frame=39 gpu_ms=9.20446014
FRAME_NET_GPU frame=40 gpu_ms=9.17669964
FRAME_NET_GPU frame=41 gpu_ms=9.23999977
FRAME_NET_GPU frame=42 gpu_ms=9.20487976
FRAME_NET_GPU frame=43 gpu_ms=9.21203995
FRAME_NET_GPU frame=44 gpu_ms=9.15122032
FRAME_NET_GPU frame=45 gpu_ms=9.16222
FRAME_NET_GPU frame=46 gpu_ms=9.27390003
FRAME_NET_GPU frame=47 gpu_ms=9.19565964
FRAME_NET_GPU frame=48 gpu_ms=9.25510025
FRAME_NET_GPU frame=49 gpu_ms=9.21984005
FRAME_NET_GPU frame=50 gpu_ms=9.23707962
FRAME_NET_GPU frame=51 gpu_ms=9.18828011
FRAME_NET_GPU frame=52 gpu_ms=9.19054031
FRAME_NET_GPU frame=53 gpu_ms=9.19709969
FRAME_NET_GPU frame=54 gpu_ms=9.18581963
FRAME_NET_GPU frame=55 gpu_ms=9.20716
FRAME_NET_GPU frame=56 gpu_ms=9.1663599
FRAME_NET_GPU frame=57 gpu_ms=9.29804039
FRAME_NET_GPU frame=58 gpu_ms=9.21623993
FRAME_NET_GPU frame=59 gpu_ms=9.19781971
FRAME_NET_GPU frame=60 gpu_ms=9.22161961
FRAME_NET_GPU frame=61 gpu_ms=9.10560036
FRAME_NET_GPU frame=62 gpu_ms=9.14344025
FRAME_NET_GPU frame=63 gpu_ms=9.27385998
FRAME_NET_GPU frame=64 gpu_ms=9.1923399
FRAME_NET_GPU frame=65 gpu_ms=9.21903992
FRAME_NET_GPU frame=66 gpu_ms=9.21236038
FRAME_NET_GPU frame=67 gpu_ms=9.20351982
FRAME_NET_GPU frame=68 gpu_ms=9.26189995
FRAME_NET_GPU frame=69 gpu_ms=9.18879986
FRAME_NET_GPU frame=70 gpu_ms=9.19048023
FRAME_NET_GPU frame=71 gpu_ms=9.19890022
FRAME_NET_GPU frame=72 gpu_ms=9.2105999
FRAME_NET_GPU frame=73 gpu_ms=9.1704998
FRAME_NET_GPU frame=74 gpu_ms=9.15054035
FRAME_NET_GPU frame=75 gpu_ms=9.20716
FRAME_NET_GPU frame=76 gpu_ms=9.18762016
FRAME_NET_GPU frame=77 gpu_ms=9.16207981
FRAME_NET_GPU frame=78 gpu_ms=9.16884041
FRAME_NET_GPU frame=79 gpu_ms=9.18677998
FRAME_NET_GPU frame=80 gpu_ms=9.1427002
FRAME_NET_GPU frame=81 gpu_ms=9.31968021
FRAME_NET_GPU frame=82 gpu_ms=9.17372036
FRAME_NET_GPU frame=83 gpu_ms=9.18050003
FRAME_NET_GPU frame=84 gpu_ms=9.1935997
FRAME_NET_GPU frame=85 gpu_ms=9.2427597
FRAME_NET_GPU frame=86 gpu_ms=9.12434006
FRAME_NET_GPU frame=87 gpu_ms=9.41701984
FRAME_NET_GPU frame=88 gpu_ms=9.2244997
FRAME_NET_GPU frame=89 gpu_ms=9.12053967
FRAME_NET_GPU frame=90 gpu_ms=9.13356018
FRAME_NET_GPU frame=91 gpu_ms=9.25104046
FRAME_NET_GPU frame=92 gpu_ms=9.17710018
FRAME_NET_GPU frame=93 gpu_ms=9.20197964
FRAME_NET_GPU frame=94 gpu_ms=9.28872013
FRAME_NET_GPU frame=95 gpu_ms=9.11668015
FRAME_NET_GPU frame=96 gpu_ms=9.31579971
FRAME_NET_GPU frame=97 gpu_ms=9.20287991
FRAME_NET_GPU frame=98 gpu_ms=9.17905998
FRAME_NET_GPU frame=99 gpu_ms=9.16277981
FRAME_NET_GPU frame=100 gpu_ms=9.08854008
FRAME_NET_GPU frame=101 gpu_ms=9.23834038
FRAME_NET_GPU frame=102 gpu_ms=9.20343971
FRAME_NET_GPU frame=103 gpu_ms=9.16518021
FRAME_NET_GPU frame=104 gpu_ms=9.18146038
FRAME_NET_GPU frame=105 gpu_ms=9.14212036
FRAME_NET_GPU frame=106 gpu_ms=9.2419796
FRAME_NET_GPU frame=107 gpu_ms=9.11273956
FRAME_NET_GPU frame=108 gpu_ms=9.21662045
FRAME_NET_GPU frame=109 gpu_ms=9.32096004
FRAME_NET_GPU frame=110 gpu_ms=9.16028023
FRAME_NET_GPU frame=111 gpu_ms=9.20802021
FRAME_NET_GPU frame=112 gpu_ms=9.1787796
FRAME_NET_GPU frame=113 gpu_ms=9.16349983
FRAME_NET_GPU frame=114 gpu_ms=9.14690018
FRAME_NET_GPU frame=115 gpu_ms=9.14822006
FRAME_NET_GPU frame=116 gpu_ms=9.19643974
FRAME_NET_GPU frame=117 gpu_ms=9.25671959
FRAME_NET_GPU frame=118 gpu_ms=9.19635963
FRAME_NET_GPU frame=119 gpu_ms=9.12298012
FRAME_NET_GPU frame=120 gpu_ms=9.17683983
FRAME_NET_GPU frame=121 gpu_ms=9.25621986
FRAME_NET_GPU frame=122 gpu_ms=9.10805988
FRAME_NET_GPU frame=123 gpu_ms=9.34255981
FRAME_NET_GPU frame=124 gpu_ms=9.17862034
FRAME_NET_GPU frame=125 gpu_ms=9.05924034
FRAME_NET_GPU frame=126 gpu_ms=9.20293999
FRAME_NET_GPU frame=127 gpu_ms=9.19305992
FRAME_NET_GPU frame=128 gpu_ms=9.21358013
FRAME_NET_GPU frame=129 gpu_ms=9.19779968
FRAME_NET_GPU frame=130 gpu_ms=9.23692036
FRAME_NET_GPU frame=131 gpu_ms=9.09094048
FRAME_NET_GPU frame=132 gpu_ms=9.37543964
FRAME_NET_GPU frame=133 gpu_ms=9.04248047
FRAME_NET_GPU frame=134 gpu_ms=9.26970005
FRAME_NET_GPU frame=135 gpu_ms=9.21984005
FRAME_NET_GPU frame=136 gpu_ms=9.22795963
FRAME_NET_GPU frame=137 gpu_ms=9.33932018
FRAME_NET_GPU frame=138 gpu_ms=9.24921989
FRAME_NET_GPU frame=139 gpu_ms=9.14383984
FRAME_NET_GPU frame=140 gpu_ms=9.22126007
FRAME_NET_GPU frame=141 gpu_ms=9.25426006
FRAME_NET_GPU frame=142 gpu_ms=9.1206398
FRAME_NET_GPU frame=143 gpu_ms=9.22896004
FRAME_NET_GPU frame=144 gpu_ms=9.19655991
FRAME_NET_GPU frame=145 gpu_ms=9.16602039
FRAME_NET_GPU frame=146 gpu_ms=9.20256042
FRAME_NET_GPU frame=147 gpu_ms=9.23318005
FRAME_NET_GPU frame=148 gpu_ms=9.15093994
FRAME_NET_GPU frame=149 gpu_ms=9.34218025
FRAME_NET_GPU frame=150 gpu_ms=9.21033955
FRAME_NET_GPU frame=151 gpu_ms=9.23139954
FRAME_NET_GPU frame=152 gpu_ms=9.27880001
FRAME_NET_GPU frame=153 gpu_ms=9.08166027
FRAME_NET_GPU frame=154 gpu_ms=9.1261797
FRAME_NET_GPU frame=155 gpu_ms=9.33516026
FRAME_NET_GPU frame=156 gpu_ms=9.27612019
FRAME_NET_GPU frame=157 gpu_ms=9.21605968
FRAME_NET_GPU frame=158 gpu_ms=9.16044044
FRAME_NET_GPU frame=159 gpu_ms=9.22208023
FRAME_NET_GPU frame=160 gpu_ms=9.23995972
FRAME_NET_GPU frame=161 gpu_ms=9.11789989
FRAME_NET_GPU frame=162 gpu_ms=9.23330021
FRAME_NET_GPU frame=163 gpu_ms=9.26004028
FRAME_NET_GPU frame=164 gpu_ms=9.27291965
FRAME_NET_GPU frame=165 gpu_ms=9.20897961
FRAME_NET_GPU frame=166 gpu_ms=9.16127968
FRAME_NET_GPU frame=167 gpu_ms=9.20650005
FRAME_NET_GPU frame=168 gpu_ms=9.33170033
FRAME_NET_GPU frame=169 gpu_ms=9.07956028
FRAME_NET_GPU frame=170 gpu_ms=9.25209999
FRAME_NET_GPU frame=171 gpu_ms=9.17601967
FRAME_NET_GPU frame=172 gpu_ms=9.14233971
FRAME_NET_GPU frame=173 gpu_ms=9.11345959
FRAME_NET_GPU frame=174 gpu_ms=9.22144032
FRAME_NET_GPU frame=175 gpu_ms=9.34869957
FRAME_NET_GPU frame=176 gpu_ms=9.24407959
FRAME_NET_GPU frame=177 gpu_ms=9.15950012
FRAME_NET_GPU frame=178 gpu_ms=9.18402004
FRAME_NET_GPU frame=179 gpu_ms=9.12922001
FRAME_NET_GPU frame=180 gpu_ms=9.22362041
FRAME_NET_GPU frame=181 gpu_ms=9.24293995
FRAME_NET_GPU frame=182 gpu_ms=9.14511967
FRAME_NET_GPU frame=183 gpu_ms=9.19554043
FRAME_NET_GPU frame=184 gpu_ms=9.27812004
FRAME_NET_GPU frame=185 gpu_ms=9.07275963
FRAME_NET_GPU frame=186 gpu_ms=9.29903984
FRAME_NET_GPU frame=187 gpu_ms=9.11730003
FRAME_NET_GPU frame=188 gpu_ms=9.22867966
FRAME_NET_GPU frame=189 gpu_ms=9.13012028
FRAME_NET_GPU frame=190 gpu_ms=9.15701962
FRAME_NET_GPU frame=191 gpu_ms=9.23015976
FRAME_NET_GPU frame=192 gpu_ms=9.30195999
FRAME_NET_GPU frame=193 gpu_ms=9.01513958
FRAME_NET_GPU frame=194 gpu_ms=9.25749969
FRAME_NET_GPU frame=195 gpu_ms=8.91740036
FRAME_NET_GPU frame=196 gpu_ms=9.21860027
FRAME_NET_GPU frame=197 gpu_ms=9.1663599
FRAME_NET_GPU frame=198 gpu_ms=9.21765995
FRAME_NET_GPU frame=199 gpu_ms=9.15624046
FRAME_NET_GPU frame=200 gpu_ms=9.21557999
FRAME_NET_GPU frame=201 gpu_ms=9.20847988
FRAME_NET_GPU frame=202 gpu_ms=9.29730034
FRAME_NET_GPU frame=203 gpu_ms=9.17372036
FRAME_NET_GPU frame=204 gpu_ms=9.28923988
FRAME_NET_GPU frame=205 gpu_ms=9.29753971
FRAME_NET_GPU frame=206 gpu_ms=9.35540009
FRAME_NET_GPU frame=207 gpu_ms=8.93494034
FRAME_NET_GPU frame=208 gpu_ms=9.23855972
FRAME_NET_GPU frame=209 gpu_ms=9.21310043
FRAME_NET_GPU frame=210 gpu_ms=9.33355999
FRAME_NET_GPU frame=211 gpu_ms=9.18805981
FRAME_NET_GPU frame=212 gpu_ms=9.21045971
FRAME_NET_GPU frame=213 gpu_ms=9.24349976
FRAME_NET_GPU frame=214 gpu_ms=9.25881958
FRAME_NET_GPU frame=215 gpu_ms=9.17673969
FRAME_NET_GPU frame=216 gpu_ms=9.13988018
FRAME_NET_GPU frame=217 gpu_ms=9.24096012
FRAME_NET_GPU frame=218 gpu_ms=9.20804024
FRAME_NET_GPU frame=219 gpu_ms=9.27865982
FRAME_NET_GPU frame=220 gpu_ms=9.12051964
FRAME_NET_GPU frame=221 gpu_ms=9.27795982
FRAME_NET_GPU frame=222 gpu_ms=9.14844036
FRAME_NET_GPU frame=223 gpu_ms=9.42527962
FRAME_NET_GPU frame=224 gpu_ms=9.21664047
FRAME_NET_GPU frame=225 gpu_ms=9.27035999
FRAME_NET_GPU frame=226 gpu_ms=9.1427803
FRAME_NET_GPU frame=227 gpu_ms=9.20258045
FRAME_NET_GPU frame=228 gpu_ms=9.08850002
FRAME_NET_GPU frame=229 gpu_ms=9.13766003
FRAME_NET_GPU frame=230 gpu_ms=9.37226009
FRAME_NET_GPU frame=231 gpu_ms=9.21047974
FRAME_NET_GPU frame=232 gpu_ms=9.35044003
FRAME_NET_GPU frame=233 gpu_ms=9.15664005
FRAME_NET_GPU frame=234 gpu_ms=9.1935997
FRAME_NET_GPU frame=235 gpu_ms=9.22317982
FRAME_NET_GPU frame=236 gpu_ms=9.25183964
FRAME_NET_GPU frame=237 gpu_ms=9.12755966
FRAME_NET_GPU frame=238 gpu_ms=9.20372009
FRAME_NET_GPU frame=239 gpu_ms=9.17280006
FRAME_NET_GPU frame=240 gpu_ms=9.26062012
FRAME_NET_GPU frame=241 gpu_ms=9.16335964
FRAME_NET_GPU frame=242 gpu_ms=9.33240032
FRAME_NET_GPU frame=243 gpu_ms=9.20664024
FRAME_NET_GPU frame=244 gpu_ms=9.16751957
FRAME_NET_GPU frame=245 gpu_ms=9.24701977
FRAME_NET_GPU frame=246 gpu_ms=9.27818012
FRAME_NET_GPU frame=247 gpu_ms=9.06896019
FRAME_NET_GPU frame=248 gpu_ms=9.19517994
FRAME_NET_GPU frame=249 gpu_ms=9.23573971
FRAME_NET_GPU frame=250 gpu_ms=9.36725998
FRAME_NET_GPU frame=251 gpu_ms=9.08067989
FRAME_NET_GPU frame=252 gpu_ms=9.28936005
FRAME_NET_GPU frame=253 gpu_ms=9.24565983
FRAME_NET_GPU frame=254 gpu_ms=9.16119957
FRAME_NET_GPU frame=255 gpu_ms=9.28598022
FRAME_NET_GPU frame=256 gpu_ms=9.29636002
FRAME_NET_GPU frame=257 gpu_ms=9.15062046
FRAME_NET_GPU frame=258 gpu_ms=9.20993996
FRAME_NET_GPU frame=259 gpu_ms=9.13768005
FRAME_NET_GPU frame=260 gpu_ms=9.20831966
FRAME_NET_GPU frame=261 gpu_ms=9.30403996
FRAME_NET_GPU frame=262 gpu_ms=9.32404041
FRAME_NET_GPU frame=263 gpu_ms=9.06040001
FRAME_NET_GPU frame=264 gpu_ms=9.15083981
FRAME_NET_GPU frame=265 gpu_ms=9.18766022
FRAME_NET_GPU frame=266 gpu_ms=9.23276043
FRAME_NET_GPU frame=267 gpu_ms=9.1918602
FRAME_NET_GPU frame=268 gpu_ms=9.18177986
FRAME_NET_GPU frame=269 gpu_ms=9.01634026
FRAME_NET_GPU frame=270 gpu_ms=9.35694027
FRAME_NET_GPU frame=271 gpu_ms=9.26797962
FRAME_NET_GPU frame=272 gpu_ms=9.10536003
FRAME_NET_GPU frame=273 gpu_ms=9.32083988
FRAME_NET_GPU frame=274 gpu_ms=9.16606045
FRAME_NET_GPU frame=275 gpu_ms=9.36847973
FRAME_NET_GPU frame=276 gpu_ms=9.05488014
FRAME_NET_GPU frame=277 gpu_ms=9.22309971
FRAME_NET_GPU frame=278 gpu_ms=9.32155991
FRAME_NET_GPU frame=279 gpu_ms=9.29020023
FRAME_NET_GPU frame=280 gpu_ms=8.99363995
FRAME_NET_GPU frame=281 gpu_ms=9.21846008
FRAME_NET_GPU frame=282 gpu_ms=9.21650028
FRAME_NET_GPU frame=283 gpu_ms=9.22303963
FRAME_NET_GPU frame=284 gpu_ms=9.1942997
FRAME_NET_GPU frame=285 gpu_ms=9.27260017
FRAME_NET_GPU frame=286 gpu_ms=9.33747959
FRAME_NET_GPU frame=287 gpu_ms=8.95215988
FRAME_NET_GPU frame=288 gpu_ms=9.16765976
FRAME_NET_GPU frame=289 gpu_ms=9.17638016
FRAME_NET_GPU frame=290 gpu_ms=9.15038013
FRAME_NET_GPU frame=291 gpu_ms=9.23867989
FRAME_NET_GPU frame=292 gpu_ms=9.29520035
FRAME_NET_GPU frame=293 gpu_ms=9.15777969
FRAME_NET_GPU frame=294 gpu_ms=9.26229954
FRAME_NET_GPU frame=295 gpu_ms=9.14208031
FRAME_NET_GPU frame=296 gpu_ms=9.29037952
FRAME_NET_GPU frame=297 gpu_ms=9.11159992
FRAME_NET_GPU frame=298 gpu_ms=9.28608036
FRAME_NET_GPU frame=299 gpu_ms=9.14962006
FRAME_NET_GPU frame=300 gpu_ms=9.30027962
FRAME_NET_GPU frame=301 gpu_ms=9.13029957
FRAME_NET_GPU frame=302 gpu_ms=9.27542019
FRAME_NET_GPU frame=303 gpu_ms=9.18951988
FRAME_NET_GPU frame=304 gpu_ms=9.17459965
FRAME_NET_GPU frame=305 gpu_ms=9.17815971
FRAME_NET_GPU frame=306 gpu_ms=9.22609997
FRAME_NET_GPU frame=307 gpu_ms=9.32293987
FRAME_NET_GPU frame=308 gpu_ms=9.03129959
FRAME_NET_GPU frame=309 gpu_ms=9.27670002
FRAME_NET_GPU frame=310 gpu_ms=9.17691994
FRAME_NET_GPU frame=311 gpu_ms=9.30696011
FRAME_NET_GPU frame=312 gpu_ms=9.31484032
FRAME_NET_GPU frame=313 gpu_ms=9.28322029
FRAME_NET_GPU frame=314 gpu_ms=9.07166004
FRAME_NET_GPU frame=315 gpu_ms=9.35958004
FRAME_NET_GPU frame=316 gpu_ms=9.13745975
FRAME_NET_GPU frame=317 gpu_ms=9.21294022
FRAME_NET_GPU frame=318 gpu_ms=9.16203976
FRAME_NET_GPU frame=319 gpu_ms=9.15013981
frame=319 reset=1 wall_ms=9.750 invalid=0 luma=0.01307101 roi=0.01974189 dark=806206 roi_dark=258238 changed_first=0 maxabs_first=0
SP_STATS runs=640 fallback=0 rollover=0 jobs=571520 disabled=0 errors=0
RESULT frames=320 temporal=0 mean_wall_ms=13.314 invalid_total=0 restored_capture_every_frame=1 HDR_preserved=1

