seed=0 pattern=0
input format=RGBA16_FLOAT W=1296 H=720 invalid=0 min=0 max=34.53125 luma=0.0157641119 roi_luma=0.0250669576
adapter=AMD Radeon RX 9070 XT
SP_PLAN c=256 first=16 layers=6 tasks=893 initial=160 state_bytes=10732 w16=1
SP_PLAN c=256 first=49 layers=6 tasks=893 initial=160 state_bytes=10732 w16=1
FRAME_NET_GPU frame=0 gpu_ms=1138.0437
frame=0 reset=1 wall_ms=1148.441 invalid=0 luma=0.01307101 roi=0.01974189 dark=806206 roi_dark=258238 changed_first=0 maxabs_first=0
FRAME_NET_GPU frame=1 gpu_ms=12.1874704
FRAME_NET_GPU frame=2 gpu_ms=9.75469971
FRAME_NET_GPU frame=3 gpu_ms=9.50300026
FRAME_NET_GPU frame=4 gpu_ms=9.02140045
FRAME_NET_GPU frame=5 gpu_ms=8.90019989
FRAME_NET_GPU frame=6 gpu_ms=8.97319984
FRAME_NET_GPU frame=7 gpu_ms=9.08450031
FRAME_NET_GPU frame=8 gpu_ms=8.99740028
FRAME_NET_GPU frame=9 gpu_ms=9.0376997
FRAME_NET_GPU frame=10 gpu_ms=9.01099968
FRAME_NET_GPU frame=11 gpu_ms=9.05249977
FRAME_NET_GPU frame=12 gpu_ms=9.06239986
FRAME_NET_GPU frame=13 gpu_ms=9.0333004
FRAME_NET_GPU frame=14 gpu_ms=9.22229958
FRAME_NET_GPU frame=15 gpu_ms=9.12930012
FRAME_NET_GPU frame=16 gpu_ms=9.36826038
FRAME_NET_GPU frame=17 gpu_ms=9.52416039
FRAME_NET_GPU frame=18 gpu_ms=9.35614014
FRAME_NET_GPU frame=19 gpu_ms=9.30605984
FRAME_NET_GPU frame=20 gpu_ms=9.37784004
FRAME_NET_GPU frame=21 gpu_ms=9.42759991
FRAME_NET_GPU frame=22 gpu_ms=9.42061996
FRAME_NET_GPU frame=23 gpu_ms=9.15104008
FRAME_NET_GPU frame=24 gpu_ms=9.32567978
FRAME_NET_GPU frame=25 gpu_ms=9.27659988
FRAME_NET_GPU frame=26 gpu_ms=9.33253956
FRAME_NET_GPU frame=27 gpu_ms=9.19878006
FRAME_NET_GPU frame=28 gpu_ms=9.26978016
FRAME_NET_GPU frame=29 gpu_ms=9.10912037
FRAME_NET_GPU frame=30 gpu_ms=9.46385956
FRAME_NET_GPU frame=31 gpu_ms=9.2251997
FRAME_NET_GPU frame=32 gpu_ms=9.27725983
FRAME_NET_GPU frame=33 gpu_ms=9.25965977
FRAME_NET_GPU frame=34 gpu_ms=9.24956036
FRAME_NET_GPU frame=35 gpu_ms=9.32929993
FRAME_NET_GPU frame=36 gpu_ms=9.22968006
FRAME_NET_GPU frame=37 gpu_ms=9.27923965
FRAME_NET_GPU frame=38 gpu_ms=9.32427979
FRAME_NET_GPU frame=39 gpu_ms=9.24339962
FRAME_NET_GPU frame=40 gpu_ms=9.22179985
FRAME_NET_GPU frame=41 gpu_ms=9.29129982
FRAME_NET_GPU frame=42 gpu_ms=9.40233994
FRAME_NET_GPU frame=43 gpu_ms=9.29650021
FRAME_NET_GPU frame=44 gpu_ms=9.35087967
FRAME_NET_GPU frame=45 gpu_ms=9.38844013
FRAME_NET_GPU frame=46 gpu_ms=9.21837997
FRAME_NET_GPU frame=47 gpu_ms=9.32229996
FRAME_NET_GPU frame=48 gpu_ms=9.19054031
FRAME_NET_GPU frame=49 gpu_ms=9.36800003
FRAME_NET_GPU frame=50 gpu_ms=9.38661957
FRAME_NET_GPU frame=51 gpu_ms=9.19305992
FRAME_NET_GPU frame=52 gpu_ms=9.21697998
FRAME_NET_GPU frame=53 gpu_ms=9.30889988
FRAME_NET_GPU frame=54 gpu_ms=9.31931973
FRAME_NET_GPU frame=55 gpu_ms=9.24365997
FRAME_NET_GPU frame=56 gpu_ms=9.26428032
FRAME_NET_GPU frame=57 gpu_ms=9.32390022
FRAME_NET_GPU frame=58 gpu_ms=9.07796001
FRAME_NET_GPU frame=59 gpu_ms=9.21028042
FRAME_NET_GPU frame=60 gpu_ms=9.38728046
FRAME_NET_GPU frame=61 gpu_ms=9.31266022
FRAME_NET_GPU frame=62 gpu_ms=9.30202007
FRAME_NET_GPU frame=63 gpu_ms=9.23194027
FRAME_NET_GPU frame=64 gpu_ms=9.34875965
FRAME_NET_GPU frame=65 gpu_ms=9.32069969
FRAME_NET_GPU frame=66 gpu_ms=9.27344036
FRAME_NET_GPU frame=67 gpu_ms=9.28194046
FRAME_NET_GPU frame=68 gpu_ms=9.28695965
FRAME_NET_GPU frame=69 gpu_ms=9.2110796
FRAME_NET_GPU frame=70 gpu_ms=9.36573982
FRAME_NET_GPU frame=71 gpu_ms=9.3125
FRAME_NET_GPU frame=72 gpu_ms=9.32402039
FRAME_NET_GPU frame=73 gpu_ms=9.22434044
FRAME_NET_GPU frame=74 gpu_ms=9.21006012
FRAME_NET_GPU frame=75 gpu_ms=9.25034046
FRAME_NET_GPU frame=76 gpu_ms=9.33623981
FRAME_NET_GPU frame=77 gpu_ms=9.31527996
FRAME_NET_GPU frame=78 gpu_ms=9.29129982
FRAME_NET_GPU frame=79 gpu_ms=9.29627991
FRAME_NET_GPU frame=80 gpu_ms=9.19589996
FRAME_NET_GPU frame=81 gpu_ms=9.2750597
FRAME_NET_GPU frame=82 gpu_ms=9.29356003
FRAME_NET_GPU frame=83 gpu_ms=9.3713398
FRAME_NET_GPU frame=84 gpu_ms=9.31719971
FRAME_NET_GPU frame=85 gpu_ms=9.27371979
FRAME_NET_GPU frame=86 gpu_ms=9.30834007
FRAME_NET_GPU frame=87 gpu_ms=9.18826008
FRAME_NET_GPU frame=88 gpu_ms=9.32145977
FRAME_NET_GPU frame=89 gpu_ms=9.2755003
FRAME_NET_GPU frame=90 gpu_ms=9.16615963
FRAME_NET_GPU frame=91 gpu_ms=9.30916023
FRAME_NET_GPU frame=92 gpu_ms=9.18099976
FRAME_NET_GPU frame=93 gpu_ms=9.25477982
FRAME_NET_GPU frame=94 gpu_ms=9.36310005
FRAME_NET_GPU frame=95 gpu_ms=9.34990025
FRAME_NET_GPU frame=96 gpu_ms=9.37172031
FRAME_NET_GPU frame=97 gpu_ms=9.08530045
FRAME_NET_GPU frame=98 gpu_ms=9.25786018
FRAME_NET_GPU frame=99 gpu_ms=9.3514204
FRAME_NET_GPU frame=100 gpu_ms=9.18169975
FRAME_NET_GPU frame=101 gpu_ms=9.17644024
FRAME_NET_GPU frame=102 gpu_ms=9.34228039
FRAME_NET_GPU frame=103 gpu_ms=9.22247982
FRAME_NET_GPU frame=104 gpu_ms=9.2702198
FRAME_NET_GPU frame=105 gpu_ms=9.31799984
FRAME_NET_GPU frame=106 gpu_ms=9.28958035
FRAME_NET_GPU frame=107 gpu_ms=9.24732018
FRAME_NET_GPU frame=108 gpu_ms=9.20802021
FRAME_NET_GPU frame=109 gpu_ms=9.3329401
FRAME_NET_GPU frame=110 gpu_ms=9.22735977
FRAME_NET_GPU frame=111 gpu_ms=9.29096031
FRAME_NET_GPU frame=112 gpu_ms=9.07635975
FRAME_NET_GPU frame=113 gpu_ms=9.16522026
FRAME_NET_GPU frame=114 gpu_ms=9.26930046
FRAME_NET_GPU frame=115 gpu_ms=9.17098045
FRAME_NET_GPU frame=116 gpu_ms=9.25409985
FRAME_NET_GPU frame=117 gpu_ms=9.33320045
FRAME_NET_GPU frame=118 gpu_ms=9.1731596
FRAME_NET_GPU frame=119 gpu_ms=9.28876019
FRAME_NET_GPU frame=120 gpu_ms=9.19408035
FRAME_NET_GPU frame=121 gpu_ms=9.28810024
FRAME_NET_GPU frame=122 gpu_ms=9.3419199
FRAME_NET_GPU frame=123 gpu_ms=9.3434
FRAME_NET_GPU frame=124 gpu_ms=9.17794037
FRAME_NET_GPU frame=125 gpu_ms=9.29533958
FRAME_NET_GPU frame=126 gpu_ms=9.27462006
FRAME_NET_GPU frame=127 gpu_ms=9.17912006
FRAME_NET_GPU frame=128 gpu_ms=9.2750597
FRAME_NET_GPU frame=129 gpu_ms=9.26074028
FRAME_NET_GPU frame=130 gpu_ms=9.22019958
FRAME_NET_GPU frame=131 gpu_ms=9.26233959
FRAME_NET_GPU frame=132 gpu_ms=9.29255962
FRAME_NET_GPU frame=133 gpu_ms=9.24808025
FRAME_NET_GPU frame=134 gpu_ms=9.38261986
FRAME_NET_GPU frame=135 gpu_ms=9.17216015
FRAME_NET_GPU frame=136 gpu_ms=9.2142601
FRAME_NET_GPU frame=137 gpu_ms=9.22896004
FRAME_NET_GPU frame=138 gpu_ms=9.21940041
FRAME_NET_GPU frame=139 gpu_ms=9.32612038
FRAME_NET_GPU frame=140 gpu_ms=9.13105965
FRAME_NET_GPU frame=141 gpu_ms=9.25415993
FRAME_NET_GPU frame=142 gpu_ms=9.16543961
FRAME_NET_GPU frame=143 gpu_ms=9.21315956
FRAME_NET_GPU frame=144 gpu_ms=9.13199997
FRAME_NET_GPU frame=145 gpu_ms=9.14743996
FRAME_NET_GPU frame=146 gpu_ms=9.27023983
FRAME_NET_GPU frame=147 gpu_ms=9.44997978
FRAME_NET_GPU frame=148 gpu_ms=9.03287983
FRAME_NET_GPU frame=149 gpu_ms=9.20730019
FRAME_NET_GPU frame=150 gpu_ms=9.18000031
FRAME_NET_GPU frame=151 gpu_ms=9.21905994
FRAME_NET_GPU frame=152 gpu_ms=9.28754044
FRAME_NET_GPU frame=153 gpu_ms=9.24398041
FRAME_NET_GPU frame=154 gpu_ms=9.34255981
FRAME_NET_GPU frame=155 gpu_ms=9.31037998
FRAME_NET_GPU frame=156 gpu_ms=9.23519993
FRAME_NET_GPU frame=157 gpu_ms=9.30776024
FRAME_NET_GPU frame=158 gpu_ms=9.29769993
FRAME_NET_GPU frame=159 gpu_ms=9.24612045
FRAME_NET_GPU frame=160 gpu_ms=9.13535976
FRAME_NET_GPU frame=161 gpu_ms=9.36999989
FRAME_NET_GPU frame=162 gpu_ms=9.22646046
FRAME_NET_GPU frame=163 gpu_ms=9.20296001
FRAME_NET_GPU frame=164 gpu_ms=9.16833973
FRAME_NET_GPU frame=165 gpu_ms=9.26710033
FRAME_NET_GPU frame=166 gpu_ms=9.24936008
FRAME_NET_GPU frame=167 gpu_ms=9.21881962
FRAME_NET_GPU frame=168 gpu_ms=9.19882011
FRAME_NET_GPU frame=169 gpu_ms=9.16917992
FRAME_NET_GPU frame=170 gpu_ms=9.40882015
FRAME_NET_GPU frame=171 gpu_ms=9.01000023
FRAME_NET_GPU frame=172 gpu_ms=9.30803967
FRAME_NET_GPU frame=173 gpu_ms=9.30809975
FRAME_NET_GPU frame=174 gpu_ms=9.16596031
FRAME_NET_GPU frame=175 gpu_ms=9.3721199
FRAME_NET_GPU frame=176 gpu_ms=9.20337963
FRAME_NET_GPU frame=177 gpu_ms=9.18459988
FRAME_NET_GPU frame=178 gpu_ms=9.23738003
FRAME_NET_GPU frame=179 gpu_ms=9.28353977
FRAME_NET_GPU frame=180 gpu_ms=9.12502003
FRAME_NET_GPU frame=181 gpu_ms=9.53773975
FRAME_NET_GPU frame=182 gpu_ms=9.22743988
FRAME_NET_GPU frame=183 gpu_ms=9.13492012
FRAME_NET_GPU frame=184 gpu_ms=9.29195976
FRAME_NET_GPU frame=185 gpu_ms=9.35568047
FRAME_NET_GPU frame=186 gpu_ms=9.20055962
FRAME_NET_GPU frame=187 gpu_ms=9.42387962
FRAME_NET_GPU frame=188 gpu_ms=9.24860001
FRAME_NET_GPU frame=189 gpu_ms=9.26119995
FRAME_NET_GPU frame=190 gpu_ms=9.19384003
FRAME_NET_GPU frame=191 gpu_ms=9.25316048
FRAME_NET_GPU frame=192 gpu_ms=9.09858036
FRAME_NET_GPU frame=193 gpu_ms=9.37325954
FRAME_NET_GPU frame=194 gpu_ms=9.32106018
FRAME_NET_GPU frame=195 gpu_ms=9.08143997
FRAME_NET_GPU frame=196 gpu_ms=9.32345963
FRAME_NET_GPU frame=197 gpu_ms=9.22974014
FRAME_NET_GPU frame=198 gpu_ms=9.24090004
FRAME_NET_GPU frame=199 gpu_ms=9.25557995
FRAME_NET_GPU frame=200 gpu_ms=9.57839966
FRAME_NET_GPU frame=201 gpu_ms=9.19927979
FRAME_NET_GPU frame=202 gpu_ms=9.24283981
FRAME_NET_GPU frame=203 gpu_ms=9.20561981
FRAME_NET_GPU frame=204 gpu_ms=9.23838043
FRAME_NET_GPU frame=205 gpu_ms=9.25549984
FRAME_NET_GPU frame=206 gpu_ms=9.20491982
FRAME_NET_GPU frame=207 gpu_ms=9.18927956
FRAME_NET_GPU frame=208 gpu_ms=9.26626015
FRAME_NET_GPU frame=209 gpu_ms=9.1821003
FRAME_NET_GPU frame=210 gpu_ms=9.36244011
FRAME_NET_GPU frame=211 gpu_ms=9.13430023
FRAME_NET_GPU frame=212 gpu_ms=9.17770004
FRAME_NET_GPU frame=213 gpu_ms=9.26500034
FRAME_NET_GPU frame=214 gpu_ms=9.24351978
FRAME_NET_GPU frame=215 gpu_ms=9.25386047
FRAME_NET_GPU frame=216 gpu_ms=9.20470047
FRAME_NET_GPU frame=217 gpu_ms=9.30897999
FRAME_NET_GPU frame=218 gpu_ms=9.36913967
FRAME_NET_GPU frame=219 gpu_ms=9.23663998
FRAME_NET_GPU frame=220 gpu_ms=9.18585968
FRAME_NET_GPU frame=221 gpu_ms=9.25074005
FRAME_NET_GPU frame=222 gpu_ms=9.21261978
FRAME_NET_GPU frame=223 gpu_ms=9.22109985
FRAME_NET_GPU frame=224 gpu_ms=9.23818016
FRAME_NET_GPU frame=225 gpu_ms=9.15408039
FRAME_NET_GPU frame=226 gpu_ms=9.38924026
FRAME_NET_GPU frame=227 gpu_ms=9.05916023
FRAME_NET_GPU frame=228 gpu_ms=9.38132
FRAME_NET_GPU frame=229 gpu_ms=9.25442028
FRAME_NET_GPU frame=230 gpu_ms=9.18848038
FRAME_NET_GPU frame=231 gpu_ms=9.14253998
FRAME_NET_GPU frame=232 gpu_ms=9.31947994
FRAME_NET_GPU frame=233 gpu_ms=9.28689957
FRAME_NET_GPU frame=234 gpu_ms=9.30132008
FRAME_NET_GPU frame=235 gpu_ms=9.10231972
FRAME_NET_GPU frame=236 gpu_ms=9.35925961
FRAME_NET_GPU frame=237 gpu_ms=9.07610035
FRAME_NET_GPU frame=238 gpu_ms=9.21813965
FRAME_NET_GPU frame=239 gpu_ms=9.28291988
FRAME_NET_GPU frame=240 gpu_ms=9.43644047
FRAME_NET_GPU frame=241 gpu_ms=9.02482033
FRAME_NET_GPU frame=242 gpu_ms=9.27171993
FRAME_NET_GPU frame=243 gpu_ms=9.2055397
FRAME_NET_GPU frame=244 gpu_ms=9.38932037
FRAME_NET_GPU frame=245 gpu_ms=9.2188797
FRAME_NET_GPU frame=246 gpu_ms=9.18093967
FRAME_NET_GPU frame=247 gpu_ms=9.39375973
FRAME_NET_GPU frame=248 gpu_ms=9.29858017
FRAME_NET_GPU frame=249 gpu_ms=9.18663979
FRAME_NET_GPU frame=250 gpu_ms=9.29706001
FRAME_NET_GPU frame=251 gpu_ms=9.17502022
FRAME_NET_GPU frame=252 gpu_ms=9.34282017
FRAME_NET_GPU frame=253 gpu_ms=9.04631996
FRAME_NET_GPU frame=254 gpu_ms=9.26766014
FRAME_NET_GPU frame=255 gpu_ms=9.12658024
FRAME_NET_GPU frame=256 gpu_ms=9.23793983
FRAME_NET_GPU frame=257 gpu_ms=9.20324039
FRAME_NET_GPU frame=258 gpu_ms=9.19923973
FRAME_NET_GPU frame=259 gpu_ms=9.36176014
FRAME_NET_GPU frame=260 gpu_ms=9.19661999
FRAME_NET_GPU frame=261 gpu_ms=9.1729002
FRAME_NET_GPU frame=262 gpu_ms=9.17770004
FRAME_NET_GPU frame=263 gpu_ms=9.22266006
FRAME_NET_GPU frame=264 gpu_ms=9.22179985
FRAME_NET_GPU frame=265 gpu_ms=9.21601963
FRAME_NET_GPU frame=266 gpu_ms=9.2514801
FRAME_NET_GPU frame=267 gpu_ms=9.18188
FRAME_NET_GPU frame=268 gpu_ms=9.18801975
FRAME_NET_GPU frame=269 gpu_ms=9.32660007
FRAME_NET_GPU frame=270 gpu_ms=9.22873974
FRAME_NET_GPU frame=271 gpu_ms=9.06692028
FRAME_NET_GPU frame=272 gpu_ms=9.26247978
FRAME_NET_GPU frame=273 gpu_ms=9.36104012
FRAME_NET_GPU frame=274 gpu_ms=9.21074009
FRAME_NET_GPU frame=275 gpu_ms=9.35904026
FRAME_NET_GPU frame=276 gpu_ms=9.37959957
FRAME_NET_GPU frame=277 gpu_ms=9.16127968
FRAME_NET_GPU frame=278 gpu_ms=9.29242039
FRAME_NET_GPU frame=279 gpu_ms=9.1367197
FRAME_NET_GPU frame=280 gpu_ms=9.23124027
FRAME_NET_GPU frame=281 gpu_ms=9.16755962
FRAME_NET_GPU frame=282 gpu_ms=9.20759964
FRAME_NET_GPU frame=283 gpu_ms=9.28507996
FRAME_NET_GPU frame=284 gpu_ms=9.36246014
FRAME_NET_GPU frame=285 gpu_ms=9.07322025
FRAME_NET_GPU frame=286 gpu_ms=9.31717968
FRAME_NET_GPU frame=287 gpu_ms=9.2288599
FRAME_NET_GPU frame=288 gpu_ms=9.33265972
FRAME_NET_GPU frame=289 gpu_ms=9.1347599
FRAME_NET_GPU frame=290 gpu_ms=9.14509964
FRAME_NET_GPU frame=291 gpu_ms=9.39501953
FRAME_NET_GPU frame=292 gpu_ms=9.11837959
FRAME_NET_GPU frame=293 gpu_ms=9.33953953
FRAME_NET_GPU frame=294 gpu_ms=9.2295599
FRAME_NET_GPU frame=295 gpu_ms=9.07750034
FRAME_NET_GPU frame=296 gpu_ms=9.35112
FRAME_NET_GPU frame=297 gpu_ms=9.17636013
FRAME_NET_GPU frame=298 gpu_ms=9.26140022
FRAME_NET_GPU frame=299 gpu_ms=9.18774033
FRAME_NET_GPU frame=300 gpu_ms=9.20849991
FRAME_NET_GPU frame=301 gpu_ms=9.30354023
FRAME_NET_GPU frame=302 gpu_ms=9.23923969
FRAME_NET_GPU frame=303 gpu_ms=9.14653969
FRAME_NET_GPU frame=304 gpu_ms=9.23357964
FRAME_NET_GPU frame=305 gpu_ms=9.2364397
FRAME_NET_GPU frame=306 gpu_ms=9.23141956
FRAME_NET_GPU frame=307 gpu_ms=9.21020031
FRAME_NET_GPU frame=308 gpu_ms=9.28862
FRAME_NET_GPU frame=309 gpu_ms=9.46916008
FRAME_NET_GPU frame=310 gpu_ms=9.17539978
FRAME_NET_GPU frame=311 gpu_ms=9.21074009
FRAME_NET_GPU frame=312 gpu_ms=9.16100025
FRAME_NET_GPU frame=313 gpu_ms=9.37594032
FRAME_NET_GPU frame=314 gpu_ms=9.16829967
FRAME_NET_GPU frame=315 gpu_ms=9.36680031
FRAME_NET_GPU frame=316 gpu_ms=9.33934021
FRAME_NET_GPU frame=317 gpu_ms=9.24693966
FRAME_NET_GPU frame=318 gpu_ms=9.24042034
FRAME_NET_GPU frame=319 gpu_ms=9.25924015
frame=319 reset=1 wall_ms=9.746 invalid=0 luma=0.01307101 roi=0.01974189 dark=806206 roi_dark=258238 changed_first=0 maxabs_first=0
SP_STATS runs=640 fallback=0 rollover=0 jobs=571520 disabled=0 errors=0
RESULT frames=320 temporal=0 mean_wall_ms=13.426 invalid_total=0 restored_capture_every_frame=1 HDR_preserved=1

