flat-H <- head deep_fast-packed
flat-CF <- cf3 c32-wave1
flat-KS <- ks deep_fast-packed
flat-DEC <- f8w deep_fast-packed
flat-FAST <- cf3 c32-wave1
flat-FAST <- ksf8 deep_fast-packed
locked

CMP 900-static-False 900-static-True diff=0/12
CMP 900-motion-False 900-motion-True diff=0/12
CMP 1080-static-False 1080-static-True diff=0/12
CMP 1080-motion-False 1080-motion-True diff=0/12
CMP 720-motion-False 720-motion-True diff=0/12
CMP 900-history-False 900-history-True diff=0/12
CMP 1080-history-False 1080-history-True diff=0/12
900-static psnr_all 999.00 worst_frame 999.00
900-motion psnr_all 999.00 worst_frame 999.00
1080-static psnr_all 999.00 worst_frame 999.00
1080-motion psnr_all 999.00 worst_frame 999.00
720-motion psnr_all 999.00 worst_frame 999.00
900-history psnr_all 999.00 worst_frame 999.00
1080-history psnr_all 999.00 worst_frame 999.00
unlocked
locked
CMP 900-static-False 900-static-True diff=12/12
CMP 900-motion-False 900-motion-True diff=12/12
CMP 1080-static-False 1080-static-True diff=12/12
CMP 1080-motion-False 1080-motion-True diff=12/12
CMP 720-motion-False 720-motion-True diff=12/12
CMP 900-history-False 900-history-True diff=12/12
CMP 1080-history-False 1080-history-True diff=12/12
900-static psnr_all 53.47 worst_frame 53.47
900-motion psnr_all 53.21 worst_frame 52.01
1080-static psnr_all 53.40 worst_frame 53.40
1080-motion psnr_all 53.57 worst_frame 53.28
720-motion psnr_all 53.19 worst_frame 52.08
900-history psnr_all 55.65 worst_frame 53.47
1080-history psnr_all 55.27 worst_frame 53.40
CF 1 900: avg 7.2439 -> 7.1278 (-0.1161 ms, -1.60%)  p99 7.4730 -> 7.3420
CF 1 1080: avg 9.9519 -> 9.8263 (-0.1256 ms, -1.26%)  p99 10.1940 -> 10.1390
CF 2 900: avg 7.2702 -> 7.1916 (-0.0786 ms, -1.08%)  p99 7.4670 -> 7.4120
CF 2 1080: avg 9.9729 -> 9.8252 (-0.1477 ms, -1.48%)  p99 10.2570 -> 10.1050
CF 3 900: avg 7.2732 -> 7.1842 (-0.0890 ms, -1.22%)  p99 7.4910 -> 7.3990
CF 3 1080: avg 9.9817 -> 9.8409 (-0.1408 ms, -1.41%)  p99 10.2890 -> 10.1290
CF 900 merged: avg 7.2624 -> 7.1679  p99 7.4770 -> 7.3960
CF 1080 merged: avg 9.9688 -> 9.8308  p99 10.2390 -> 10.1230
unlocked
locked
CMP 900-static-False 900-static-True diff=0/12
CMP 900-motion-False 900-motion-True diff=0/12
CMP 1080-static-False 1080-static-True diff=0/12
CMP 1080-motion-False 1080-motion-True diff=0/12
CMP 720-motion-False 720-motion-True diff=0/12
CMP 900-history-False 900-history-True diff=0/12
CMP 1080-history-False 1080-history-True diff=0/12
900-static psnr_all 999.00 worst_frame 999.00
900-motion psnr_all 999.00 worst_frame 999.00
1080-static psnr_all 999.00 worst_frame 999.00
1080-motion psnr_all 999.00 worst_frame 999.00
720-motion psnr_all 999.00 worst_frame 999.00
900-history psnr_all 999.00 worst_frame 999.00
1080-history psnr_all 999.00 worst_frame 999.00
KS 1 900: avg 7.1779 -> 7.1954 (+0.0175 ms, +0.24%)  p99 7.3800 -> 7.4400
KS 1 1080: avg 9.9790 -> 9.9578 (-0.0212 ms, -0.21%)  p99 10.3500 -> 10.2410
KS 2 900: avg 7.2852 -> 7.2936 (+0.0083 ms, +0.11%)  p99 7.4960 -> 7.5040
KS 2 1080: avg 9.9989 -> 9.9866 (-0.0123 ms, -0.12%)  p99 10.3240 -> 10.2550
KS 3 900: avg 7.2863 -> 7.2875 (+0.0013 ms, +0.02%)  p99 7.5100 -> 7.5100
KS 3 1080: avg 9.9766 -> 10.0074 (+0.0308 ms, +0.31%)  p99 10.2900 -> 10.3500
KS 900 merged: avg 7.2498 -> 7.2588  p99 7.4890 -> 7.4910
KS 1080 merged: avg 9.9849 -> 9.9840  p99 10.3340 -> 10.3030
unlocked
locked
CMP 900-static-False 900-static-True diff=12/12
CMP 900-motion-False 900-motion-True diff=12/12
CMP 1080-static-False 1080-static-True diff=12/12
CMP 1080-motion-False 1080-motion-True diff=12/12
CMP 720-motion-False 720-motion-True diff=12/12
CMP 900-history-False 900-history-True diff=0/12
CMP 1080-history-False 1080-history-True diff=0/12
900-static psnr_all 35.23 worst_frame 35.23
900-motion psnr_all 35.35 worst_frame 35.23
1080-static psnr_all 35.68 worst_frame 35.68
1080-motion psnr_all 35.76 worst_frame 35.59
720-motion psnr_all 35.66 worst_frame 35.45
900-history psnr_all 999.00 worst_frame 999.00
1080-history psnr_all 999.00 worst_frame 999.00
DEC 1 900: avg 7.1822 -> 7.1864 (+0.0043 ms, +0.06%)  p99 7.4040 -> 7.5340
DEC 1 1080: avg 9.9418 -> 9.9361 (-0.0057 ms, -0.06%)  p99 10.2110 -> 10.2340
DEC 2 900: avg 7.2657 -> 7.2612 (-0.0045 ms, -0.06%)  p99 7.4800 -> 7.4750
DEC 2 1080: avg 9.9811 -> 9.9914 (+0.0102 ms, +0.10%)  p99 10.3010 -> 10.3170
DEC 3 900: avg 7.2915 -> 7.2796 (-0.0120 ms, -0.16%)  p99 7.4950 -> 7.4940
DEC 3 1080: avg 9.9795 -> 10.0101 (+0.0306 ms, +0.31%)  p99 10.2770 -> 10.3680
DEC 900 merged: avg 7.2465 -> 7.2424  p99 7.4800 -> 7.5010
DEC 1080 merged: avg 9.9675 -> 9.9792  p99 10.2720 -> 10.3220
unlocked
locked
CMP 900-static-False 900-static-True diff=0/12
CMP 900-motion-False 900-motion-True diff=0/12
CMP 1080-static-False 1080-static-True diff=12/12
CMP 1080-motion-False 1080-motion-True diff=12/12
CMP 720-motion-False 720-motion-True diff=0/12
CMP 900-history-False 900-history-True diff=0/12
CMP 1080-history-False 1080-history-True diff=12/12
900-static psnr_all 999.00 worst_frame 999.00
900-motion psnr_all 999.00 worst_frame 999.00
1080-static psnr_all 54.14 worst_frame 54.14
1080-motion psnr_all 54.15 worst_frame 53.50
720-motion psnr_all 999.00 worst_frame 999.00
900-history psnr_all 999.00 worst_frame 999.00
1080-history psnr_all 55.10 worst_frame 54.14
R88 1 900: avg 7.1950 -> 7.1900 (-0.0050 ms, -0.07%)  p99 7.4480 -> 7.4190
R88 1 1080: avg 9.9336 -> 9.4783 (-0.4553 ms, -4.58%)  p99 10.2490 -> 9.7470
R88 2 900: avg 7.2666 -> 7.2557 (-0.0109 ms, -0.15%)  p99 7.4760 -> 7.4800
R88 2 1080: avg 9.9670 -> 9.5254 (-0.4416 ms, -4.43%)  p99 10.2730 -> 9.7960
R88 3 900: avg 7.2794 -> 7.3020 (+0.0225 ms, +0.31%)  p99 7.4800 -> 7.5770
R88 3 1080: avg 9.9759 -> 9.5260 (-0.4499 ms, -4.51%)  p99 10.2810 -> 9.8290
R88 900 merged: avg 7.2470 -> 7.2492  p99 7.4710 -> 7.5220
R88 1080 merged: avg 9.9588 -> 9.5099  p99 10.2700 -> 9.7900
unlocked
locked
CMP 900-static-False 900-static-True diff=12/12
CMP 900-motion-False 900-motion-True diff=12/12
CMP 1080-static-False 1080-static-True diff=12/12
CMP 1080-motion-False 1080-motion-True diff=12/12
CMP 720-motion-False 720-motion-True diff=12/12
CMP 900-history-False 900-history-True diff=12/12
CMP 1080-history-False 1080-history-True diff=12/12
900-static psnr_all 35.23 worst_frame 35.23
900-motion psnr_all 35.35 worst_frame 35.23
1080-static psnr_all 35.68 worst_frame 35.68
1080-motion psnr_all 35.76 worst_frame 35.59
720-motion psnr_all 35.66 worst_frame 35.45
900-history psnr_all 55.65 worst_frame 53.47
1080-history psnr_all 54.55 worst_frame 52.58
FAST 1 900: avg 7.1916 -> 7.0978 (-0.0938 ms, -1.30%)  p99 7.3900 -> 7.2970
FAST 1 1080: avg 9.9389 -> 9.3563 (-0.5826 ms, -5.86%)  p99 10.2260 -> 9.6500
FAST 2 900: avg 7.2684 -> 7.1752 (-0.0932 ms, -1.28%)  p99 7.4740 -> 7.4310
FAST 2 1080: avg 9.9832 -> 9.3865 (-0.5967 ms, -5.98%)  p99 10.2670 -> 9.6220
FAST 3 900: avg 7.2960 -> 7.1902 (-0.1058 ms, -1.45%)  p99 7.5640 -> 7.3980
FAST 3 1080: avg 9.9886 -> 9.3971 (-0.5915 ms, -5.92%)  p99 10.2950 -> 9.6570
FAST 900 merged: avg 7.2520 -> 7.1544  p99 7.5090 -> 7.3900
FAST 1080 merged: avg 9.9702 -> 9.3800  p99 10.2800 -> 9.6450
unlocked
ALL1 DONE 2026-10-01T09:48:32


