flat-FAST3 <- cf3 c32-wave1
flat-FAST3 <- f8w deep_fast-packed
flat-FAST3 <- mf c64-wave2
locked

CMP 900-static-False 900-static-True diff=12/12
CMP 900-motion-False 900-motion-True diff=12/12
CMP 1080-static-False 1080-static-True diff=12/12
CMP 1080-motion-False 1080-motion-True diff=12/12
CMP 720-motion-False 720-motion-True diff=12/12
CMP 900-history-False 900-history-True diff=12/12
CMP 1080-history-False 1080-history-True diff=12/12
900-static psnr_all 53.30 worst_frame 53.30
900-motion psnr_all 53.26 worst_frame 52.45
1080-static psnr_all 52.79 worst_frame 52.79
1080-motion psnr_all 52.96 worst_frame 52.20
720-motion psnr_all 53.07 worst_frame 51.83
900-history psnr_all 55.46 worst_frame 53.30
1080-history psnr_all 54.70 worst_frame 52.79
FAST3 1 900: avg 7.1200 -> 7.0074 (-0.1126 ms, -1.58%)  p99 7.3380 -> 7.2460
FAST3 1 1080: avg 9.9033 -> 9.2984 (-0.6049 ms, -6.11%)  p99 10.1700 -> 9.5610
FAST3 2 900: avg 7.2966 -> 7.1892 (-0.1073 ms, -1.47%)  p99 7.4970 -> 7.3980
FAST3 2 1080: avg 10.0056 -> 9.4043 (-0.6013 ms, -6.01%)  p99 10.2370 -> 9.6180
FAST3 3 900: avg 7.3088 -> 7.1964 (-0.1124 ms, -1.54%)  p99 7.5070 -> 7.3910
FAST3 3 1080: avg 9.9576 -> 9.3959 (-0.5617 ms, -5.64%)  p99 10.1730 -> 9.6380
FAST3 900 merged: avg 7.2418 -> 7.1310  p99 7.4870 -> 7.3840
FAST3 1080 merged: avg 9.9555 -> 9.3662  p99 10.1990 -> 9.6180
unlocked
ALL3 DONE 2026-10-01T10:18:16


