flat-PK <- cf7 c32-wave1
flat-CF2 <- cf3 c32-wave1
flat-FAST4 <- cf7 c32-wave1
flat-FAST4 <- f8w deep_fast-packed
flat-FAST4 <- mf c64-wave2
locked

CMP 900-static-False 900-static-True diff=12/12
CMP 900-motion-False 900-motion-True diff=12/12
CMP 1080-static-False 1080-static-True diff=12/12
CMP 1080-motion-False 1080-motion-True diff=12/12
CMP 720-motion-False 720-motion-True diff=12/12
CMP 900-history-False 900-history-True diff=12/12
CMP 1080-history-False 1080-history-True diff=12/12
900-static psnr_all 53.07 worst_frame 53.07
900-motion psnr_all 53.19 worst_frame 52.67
1080-static psnr_all 53.87 worst_frame 53.87
1080-motion psnr_all 53.42 worst_frame 52.81
720-motion psnr_all 53.11 worst_frame 52.15
900-history psnr_all 55.45 worst_frame 53.07
1080-history psnr_all 55.33 worst_frame 53.87
PK 1 900: avg 7.2065 -> 7.3354 (+0.1289 ms, +1.79%)  p99 7.3970 -> 7.5000
PK 1 1080: avg 9.9254 -> 10.1049 (+0.1794 ms, +1.81%)  p99 10.1260 -> 10.3030
PK 2 900: avg 7.2471 -> 7.3831 (+0.1360 ms, +1.88%)  p99 7.4410 -> 7.5620
PK 2 1080: avg 9.9554 -> 10.1316 (+0.1761 ms, +1.77%)  p99 10.1720 -> 10.3350
PK 3 900: avg 7.2621 -> 7.3935 (+0.1314 ms, +1.81%)  p99 7.4710 -> 7.5860
PK 3 1080: avg 9.9663 -> 10.1702 (+0.2039 ms, +2.05%)  p99 10.1790 -> 10.3570
PK 900 merged: avg 7.2386 -> 7.3707  p99 7.4450 -> 7.5600
PK 1080 merged: avg 9.9490 -> 10.1355  p99 10.1670 -> 10.3410
unlocked
locked
CF2 1 900: avg 7.2779 -> 7.1919 (-0.0860 ms, -1.18%)  p99 7.4880 -> 7.3870
CF2 1 1080: avg 9.9710 -> 9.8428 (-0.1282 ms, -1.29%)  p99 10.1850 -> 10.0470
CF2 2 900: avg 7.3061 -> 7.2191 (-0.0871 ms, -1.19%)  p99 7.5100 -> 7.4310
CF2 2 1080: avg 9.9996 -> 9.8676 (-0.1320 ms, -1.32%)  p99 10.1900 -> 10.0670
CF2 3 900: avg 7.2798 -> 7.2029 (-0.0769 ms, -1.06%)  p99 7.4780 -> 7.3980
CF2 3 1080: avg 9.9841 -> 9.8440 (-0.1401 ms, -1.40%)  p99 10.1850 -> 10.0400
CF2 900 merged: avg 7.2879 -> 7.2046  p99 7.4930 -> 7.4070
CF2 1080 merged: avg 9.9849 -> 9.8515  p99 10.1870 -> 10.0510
unlocked
locked
CMP 900-static-False 900-static-True diff=12/12
CMP 900-motion-False 900-motion-True diff=12/12
CMP 1080-static-False 1080-static-True diff=12/12
CMP 1080-motion-False 1080-motion-True diff=12/12
CMP 720-motion-False 720-motion-True diff=12/12
CMP 900-history-False 900-history-True diff=12/12
CMP 1080-history-False 1080-history-True diff=12/12
900-static psnr_all 53.22 worst_frame 53.22
900-motion psnr_all 53.21 worst_frame 52.67
1080-static psnr_all 53.05 worst_frame 53.05
1080-motion psnr_all 52.84 worst_frame 52.27
720-motion psnr_all 52.80 worst_frame 51.16
900-history psnr_all 55.41 worst_frame 53.22
1080-history psnr_all 54.59 worst_frame 53.05
FAST4 1 900: avg 7.1560 -> 7.2659 (+0.1098 ms, +1.53%)  p99 7.3550 -> 7.4380
FAST4 1 1080: avg 9.9148 -> 9.6159 (-0.2989 ms, -3.02%)  p99 10.1130 -> 9.8060
FAST4 2 900: avg 7.2692 -> 7.3620 (+0.0928 ms, +1.28%)  p99 7.4780 -> 7.5720
FAST4 2 1080: avg 9.9908 -> 9.6805 (-0.3102 ms, -3.11%)  p99 10.2180 -> 9.8940
FAST4 3 900: avg 7.3060 -> 7.4046 (+0.0987 ms, +1.35%)  p99 7.5030 -> 7.5980
FAST4 3 1080: avg 9.9925 -> 9.7113 (-0.2812 ms, -2.81%)  p99 10.1940 -> 9.9200
FAST4 900 merged: avg 7.2437 -> 7.3442  p99 7.4880 -> 7.5720
FAST4 1080 merged: avg 9.9660 -> 9.6692  p99 10.1880 -> 9.8930
unlocked
ALL4 DONE 2026-10-01T10:37:48


