seed=0 pattern=0
input format=RGBA16_FLOAT W=1296 H=720 invalid=0 min=0 max=34.53125 luma=0.0157641119 roi_luma=0.0250669576
adapter=AMD Radeon RX 9070 XT
SP_PLAN c=256 first=16 layers=6 tasks=893 initial=160 state_bytes=10732
SP_DONE c=256 first=16 tasks=893 base=0 ms=1.683
SP_PLAN c=256 first=49 layers=6 tasks=893 initial=160 state_bytes=10732
SP_DONE c=256 first=49 tasks=893 base=0 ms=0.706
SP_PLAN c=64 first=63 layers=2 tasks=4453 initial=2257 state_bytes=53452
SP_DONE c=64 first=63 tasks=4453 base=0 ms=0.461
frame=0 reset=1 wall_ms=1197.934 invalid=0 luma=0.01043502 roi=0.01611849 dark=837589 roi_dark=271139 changed_first=0 maxabs_first=0
SP_DONE c=256 first=16 tasks=893 base=893 ms=5.323
SP_DONE c=256 first=49 tasks=893 base=893 ms=4.274
SP_DONE c=64 first=63 tasks=4453 base=4453 ms=1.401
frame=1 reset=1 wall_ms=15.363 invalid=0 luma=0.01058388 roi=0.01638867 dark=835523 roi_dark=269962 changed_first=3613807 maxabs_first=15.45532
SP_DONE c=256 first=16 tasks=893 base=1786 ms=7.325
SP_DONE c=256 first=49 tasks=893 base=1786 ms=4.150
SP_DONE c=64 first=63 tasks=4453 base=8906 ms=1.424
frame=2 reset=1 wall_ms=16.072 invalid=0 luma=0.010684 roi=0.01637147 dark=835604 roi_dark=270559 changed_first=3627304 maxabs_first=15.56181
SP_DONE c=256 first=16 tasks=893 base=2679 ms=4.524
SP_DONE c=256 first=49 tasks=893 base=2679 ms=4.168
SP_DONE c=64 first=63 tasks=4453 base=13359 ms=1.384
frame=3 reset=1 wall_ms=13.297 invalid=0 luma=0.0106517 roi=0.01627674 dark=834699 roi_dark=270471 changed_first=3645038 maxabs_first=15.57711
SP_DONE c=256 first=16 tasks=893 base=3572 ms=4.750
SP_DONE c=256 first=49 tasks=893 base=3572 ms=4.161
SP_DONE c=64 first=63 tasks=4453 base=17812 ms=1.433
frame=4 reset=1 wall_ms=13.577 invalid=0 luma=0.01058589 roi=0.016097 dark=836270 roi_dark=271564 changed_first=3651748 maxabs_first=15.57686
SP_DONE c=256 first=16 tasks=893 base=4465 ms=4.614
SP_DONE c=256 first=49 tasks=893 base=4465 ms=4.209
SP_DONE c=64 first=63 tasks=4453 base=22265 ms=1.421
frame=5 reset=1 wall_ms=13.508 invalid=0 luma=0.01042989 roi=0.01578035 dark=837610 roi_dark=272468 changed_first=3661487 maxabs_first=15.57282
SP_DONE c=256 first=16 tasks=893 base=5358 ms=4.556
SP_DONE c=256 first=49 tasks=893 base=5358 ms=4.159
SP_DONE c=64 first=63 tasks=4453 base=26718 ms=1.427
frame=6 reset=1 wall_ms=13.461 invalid=0 luma=0.01047663 roi=0.01586138 dark=837184 roi_dark=272153 changed_first=3663234 maxabs_first=15.57127
SP_DONE c=256 first=16 tasks=893 base=6251 ms=4.830
SP_DONE c=256 first=49 tasks=893 base=6251 ms=4.230
SP_DONE c=64 first=63 tasks=4453 base=31171 ms=1.516
frame=7 reset=1 wall_ms=13.894 invalid=0 luma=0.01059234 roi=0.01599504 dark=836009 roi_dark=271717 changed_first=3676455 maxabs_first=15.56163
SP_DONE c=256 first=16 tasks=893 base=7144 ms=4.689
SP_DONE c=256 first=49 tasks=893 base=7144 ms=4.280
SP_DONE c=64 first=63 tasks=4453 base=35624 ms=1.446
frame=8 reset=1 wall_ms=13.730 invalid=0 luma=0.010616 roi=0.01600573 dark=836120 roi_dark=271929 changed_first=3679397 maxabs_first=15.56401
SP_DONE c=256 first=16 tasks=893 base=8037 ms=7.514
SP_DONE c=256 first=49 tasks=893 base=8037 ms=4.182
SP_DONE c=64 first=63 tasks=4453 base=40077 ms=1.413
frame=9 reset=1 wall_ms=16.367 invalid=0 luma=0.01059223 roi=0.01587949 dark=835478 roi_dark=271697 changed_first=3684672 maxabs_first=15.57291
SP_DONE c=256 first=16 tasks=893 base=8930 ms=4.627
SP_DONE c=256 first=49 tasks=893 base=8930 ms=4.283
SP_DONE c=64 first=63 tasks=4453 base=44530 ms=1.655
frame=10 reset=1 wall_ms=14.291 invalid=0 luma=0.01058156 roi=0.01584257 dark=835152 roi_dark=271857 changed_first=3688112 maxabs_first=15.57238
SP_DONE c=256 first=16 tasks=893 base=9823 ms=4.676
SP_DONE c=256 first=49 tasks=893 base=9823 ms=4.289
SP_DONE c=64 first=63 tasks=4453 base=48983 ms=1.543
frame=11 reset=1 wall_ms=14.413 invalid=0 luma=0.01056144 roi=0.01571425 dark=836060 roi_dark=272365 changed_first=3690709 maxabs_first=15.57399
SP_STATS runs=36 fallback=0 rollover=0 jobs=74868 disabled=0 errors=0
RESULT frames=12 temporal=0 mean_wall_ms=112.992 invalid_total=0 restored_capture_every_frame=1 HDR_preserved=1
