seed=1 pattern=0
input format=RGBA16_FLOAT W=2560 H=1440 invalid=0 min=0 max=1 luma=0.357899353 roi_luma=0.389746571
adapter=AMD Radeon RX 9070 XT
NET frame=0 gpu_ms=1137.711548
GEOMETRY valid=2560x1440 processing=2560x1472 tokens=960
frame=0 reset=1 wall_ms=1143.494 invalid=0 luma=0.3596833 roi=0.4035345 dark=1325 roi_dark=232 changed_first=0 maxabs_first=0
NET frame=1 gpu_ms=20.394400
NET frame=2 gpu_ms=17.796700
NET frame=3 gpu_ms=17.257999
NET frame=4 gpu_ms=17.469900
NET frame=5 gpu_ms=17.328899
NET frame=6 gpu_ms=17.347401
NET frame=7 gpu_ms=17.308001
NET frame=8 gpu_ms=17.337099
NET frame=9 gpu_ms=17.211500
NET frame=10 gpu_ms=17.399401
NET frame=11 gpu_ms=17.364599
NET frame=12 gpu_ms=17.378599
NET frame=13 gpu_ms=17.573500
NET frame=14 gpu_ms=17.596600
NET frame=15 gpu_ms=17.556200
NET frame=16 gpu_ms=17.550800
NET frame=17 gpu_ms=17.547199
NET frame=18 gpu_ms=17.608801
NET frame=19 gpu_ms=17.586201
NET frame=20 gpu_ms=17.597200
NET frame=21 gpu_ms=17.595400
NET frame=22 gpu_ms=17.498501
NET frame=23 gpu_ms=17.707701
NET frame=24 gpu_ms=17.654400
NET frame=25 gpu_ms=17.612700
NET frame=26 gpu_ms=17.536100
NET frame=27 gpu_ms=17.620001
NET frame=28 gpu_ms=17.552700
NET frame=29 gpu_ms=17.649099
NET frame=30 gpu_ms=17.721121
NET frame=31 gpu_ms=17.602600
NET frame=32 gpu_ms=17.549200
NET frame=33 gpu_ms=17.716900
NET frame=34 gpu_ms=17.663500
NET frame=35 gpu_ms=17.554520
NET frame=36 gpu_ms=17.763800
NET frame=37 gpu_ms=17.676001
NET frame=38 gpu_ms=17.767599
NET frame=39 gpu_ms=17.788200
NET frame=40 gpu_ms=17.658020
NET frame=41 gpu_ms=17.495180
NET frame=42 gpu_ms=17.533640
NET frame=43 gpu_ms=17.623659
NET frame=44 gpu_ms=17.694160
NET frame=45 gpu_ms=17.709000
NET frame=46 gpu_ms=17.647400
NET frame=47 gpu_ms=17.622101
NET frame=48 gpu_ms=17.769600
NET frame=49 gpu_ms=17.761900
NET frame=50 gpu_ms=17.546841
NET frame=51 gpu_ms=17.730700
NET frame=52 gpu_ms=17.741541
NET frame=53 gpu_ms=17.655500
NET frame=54 gpu_ms=17.549000
NET frame=55 gpu_ms=17.572741
NET frame=56 gpu_ms=17.810801
NET frame=57 gpu_ms=17.806499
NET frame=58 gpu_ms=17.778400
NET frame=59 gpu_ms=17.664900
NET frame=60 gpu_ms=17.533840
NET frame=61 gpu_ms=17.587900
NET frame=62 gpu_ms=17.792299
NET frame=63 gpu_ms=17.695601
NET frame=64 gpu_ms=17.380760
NET frame=65 gpu_ms=17.529280
NET frame=66 gpu_ms=17.454380
NET frame=67 gpu_ms=17.810301
NET frame=68 gpu_ms=17.704000
NET frame=69 gpu_ms=17.660500
NET frame=70 gpu_ms=17.728001
NET frame=71 gpu_ms=17.658199
frame=71 reset=1 wall_ms=19.068 invalid=0 luma=0.3596833 roi=0.4035345 dark=1325 roi_dark=232 changed_first=0 maxabs_first=0
SP_STATS runs=0 fallback=0 rollover=0 jobs=0 disabled=0 errors=0
RESULT frames=72 temporal=0 mean_wall_ms=34.807 invalid_total=0 restored_capture_every_frame=1 HDR_preserved=1
