seed=1 pattern=0
input format=RGBA16_FLOAT W=2560 H=1440 invalid=0 min=0 max=1 luma=0.357899353 roi_luma=0.389746571
adapter=AMD Radeon RX 9070 XT
NET frame=0 gpu_ms=1144.064697
GEOMETRY valid=2560x1440 processing=2560x1472 tokens=960
frame=0 reset=1 wall_ms=1152.293 invalid=0 luma=0.3596833 roi=0.4035345 dark=1325 roi_dark=232 changed_first=0 maxabs_first=0
NET frame=1 gpu_ms=17.664000
NET frame=2 gpu_ms=15.683100
NET frame=3 gpu_ms=15.124200
NET frame=4 gpu_ms=15.197700
NET frame=5 gpu_ms=15.137600
NET frame=6 gpu_ms=15.311400
NET frame=7 gpu_ms=15.112300
NET frame=8 gpu_ms=15.223400
NET frame=9 gpu_ms=15.380600
NET frame=10 gpu_ms=15.041700
NET frame=11 gpu_ms=15.312300
NET frame=12 gpu_ms=15.245900
NET frame=13 gpu_ms=15.233700
NET frame=14 gpu_ms=15.174900
NET frame=15 gpu_ms=15.166400
NET frame=16 gpu_ms=15.448800
NET frame=17 gpu_ms=15.511000
NET frame=18 gpu_ms=15.424700
NET frame=19 gpu_ms=15.506300
NET frame=20 gpu_ms=15.545600
NET frame=21 gpu_ms=15.348400
NET frame=22 gpu_ms=15.442400
NET frame=23 gpu_ms=15.452500
NET frame=24 gpu_ms=15.384100
NET frame=25 gpu_ms=15.376100
NET frame=26 gpu_ms=15.390000
NET frame=27 gpu_ms=15.591400
NET frame=28 gpu_ms=15.482500
NET frame=29 gpu_ms=15.457700
NET frame=30 gpu_ms=15.468100
NET frame=31 gpu_ms=15.541700
NET frame=32 gpu_ms=15.541100
NET frame=33 gpu_ms=15.845800
NET frame=34 gpu_ms=15.580800
NET frame=35 gpu_ms=15.394300
NET frame=36 gpu_ms=15.389300
NET frame=37 gpu_ms=15.530000
NET frame=38 gpu_ms=15.482200
NET frame=39 gpu_ms=15.367100
NET frame=40 gpu_ms=15.524900
NET frame=41 gpu_ms=15.460200
NET frame=42 gpu_ms=15.588100
NET frame=43 gpu_ms=15.496100
NET frame=44 gpu_ms=15.439200
NET frame=45 gpu_ms=15.505900
NET frame=46 gpu_ms=15.435920
NET frame=47 gpu_ms=15.531400
NET frame=48 gpu_ms=15.569300
NET frame=49 gpu_ms=15.471000
NET frame=50 gpu_ms=15.478200
NET frame=51 gpu_ms=15.494500
NET frame=52 gpu_ms=15.420480
NET frame=53 gpu_ms=15.588000
NET frame=54 gpu_ms=15.644100
NET frame=55 gpu_ms=15.545000
NET frame=56 gpu_ms=15.609280
NET frame=57 gpu_ms=15.305880
NET frame=58 gpu_ms=15.393900
NET frame=59 gpu_ms=15.520340
NET frame=60 gpu_ms=15.527300
NET frame=61 gpu_ms=15.613900
NET frame=62 gpu_ms=15.712700
NET frame=63 gpu_ms=15.405100
NET frame=64 gpu_ms=15.378200
NET frame=65 gpu_ms=15.471700
NET frame=66 gpu_ms=15.475200
NET frame=67 gpu_ms=15.495500
NET frame=68 gpu_ms=15.726000
NET frame=69 gpu_ms=15.612600
NET frame=70 gpu_ms=15.529200
NET frame=71 gpu_ms=15.523400
frame=71 reset=1 wall_ms=17.011 invalid=0 luma=0.3596833 roi=0.4035345 dark=1325 roi_dark=232 changed_first=0 maxabs_first=0
SP_STATS runs=0 fallback=0 rollover=0 jobs=0 disabled=0 errors=0
RESULT frames=72 temporal=0 mean_wall_ms=32.721 invalid_total=0 restored_capture_every_frame=1 HDR_preserved=1
