AE CSV SAME

D:\DLSSNR-Lab\current-main-20261003\normal-0.log:5:SAME 900-static-False 900-static-True
D:\DLSSNR-Lab\current-main-20261003\normal-0.log:10:SAME 900-motion-False 900-motion-True
D:\DLSSNR-Lab\current-main-20261003\normal-0.log:15:SAME 1080-static-False 1080-static-True
D:\DLSSNR-Lab\current-main-20261003\normal-0.log:20:SAME 1080-motion-False 1080-motion-True
D:\DLSSNR-Lab\current-main-20261003\normal-0.log:25:SAME 720-motion-False 720-motion-True
D:\DLSSNR-Lab\current-main-20261003\normal-0.log:30:SAME 900-history-False 900-history-True
D:\DLSSNR-Lab\current-main-20261003\normal-0.log:35:SAME 1080-history-False 1080-history-True
D:\DLSSNR-Lab\current-main-20261003\normal-1.log:5:SAME 900-static-False 900-static-True
D:\DLSSNR-Lab\current-main-20261003\normal-1.log:10:SAME 900-motion-False 900-motion-True
D:\DLSSNR-Lab\current-main-20261003\normal-1.log:15:SAME 1080-static-False 1080-static-True
D:\DLSSNR-Lab\current-main-20261003\normal-1.log:20:SAME 1080-motion-False 1080-motion-True
D:\DLSSNR-Lab\current-main-20261003\normal-1.log:25:SAME 720-motion-False 720-motion-True
D:\DLSSNR-Lab\current-main-20261003\normal-1.log:30:SAME 900-history-False 900-history-True
D:\DLSSNR-Lab\current-main-20261003\normal-1.log:35:SAME 1080-history-False 1080-history-True
D:\DLSSNR-Lab\current-main-20261003\roll-0.log:5:SAME 900-history-False 900-history-True
D:\DLSSNR-Lab\current-main-20261003\roll-0.log:10:SAME 1080-history-False 1080-history-True
D:\DLSSNR-Lab\current-main-20261003\roll-1.log:5:SAME 900-history-False 900-history-True
D:\DLSSNR-Lab\current-main-20261003\roll-1.log:10:SAME 1080-history-False 1080-history-True
D:\DLSSNR-Lab\current-main-20261003\fast.log:5:SAME 900-static-False 900-static-True
D:\DLSSNR-Lab\current-main-20261003\fast.log:10:SAME 900-motion-False 900-motion-True
D:\DLSSNR-Lab\current-main-20261003\fast.log:15:SAME 1080-static-False 1080-static-True
D:\DLSSNR-Lab\current-main-20261003\fast.log:20:SAME 1080-motion-False 1080-motion-True
D:\DLSSNR-Lab\current-main-20261003\fast.log:25:SAME 720-motion-False 720-motion-True
D:\DLSSNR-Lab\current-main-20261003\fast.log:30:SAME 900-history-False 900-history-True
D:\DLSSNR-Lab\current-main-20261003\fast.log:35:SAME 1080-history-False 1080-history-True
VERIFY_DONE normal19+fast7


