seed=0 pattern=0
input format=RGBA16_FLOAT W=1296 H=720 invalid=0 min=0 max=34.53125 luma=0.0157641119 roi_luma=0.0250669576
adapter=AMD Radeon RX 9070 XT
SP_PLAN c=128 first=10 layers=4 tasks=2257 initial=589 state_bytes=27100
SP_DONE c=128 first=10 tasks=2257 base=0 ms=1.330
SP_PLAN c=256 first=16 layers=6 tasks=893 initial=160 state_bytes=10732
SP_DONE c=256 first=16 tasks=893 base=0 ms=0.692
SP_PLAN c=256 first=49 layers=6 tasks=893 initial=160 state_bytes=10732
SP_DONE c=256 first=49 tasks=893 base=0 ms=0.771
frame=0 reset=1 wall_ms=1280.254 invalid=0 luma=0.01043502 roi=0.01611849 dark=837589 roi_dark=271139 changed_first=0 maxabs_first=0
SP_DONE c=128 first=10 tasks=2257 base=2257 ms=5.869
SP_DONE c=256 first=16 tasks=893 base=893 ms=0.863
SP_DONE c=256 first=49 tasks=893 base=893 ms=1.360
frame=1 reset=1 wall_ms=18.315 invalid=0 luma=0.01043502 roi=0.01611849 dark=837589 roi_dark=271139 changed_first=0 maxabs_first=0
SP_DONE c=128 first=10 tasks=2257 base=4514 ms=4.156
SP_DONE c=256 first=16 tasks=893 base=1786 ms=0.901
SP_DONE c=256 first=49 tasks=893 base=1786 ms=1.383
frame=2 reset=1 wall_ms=13.890 invalid=0 luma=0.01043502 roi=0.01611849 dark=837589 roi_dark=271139 changed_first=0 maxabs_first=0
SP_DONE c=128 first=10 tasks=2257 base=6771 ms=3.862
SP_DONE c=256 first=16 tasks=893 base=2679 ms=0.853
SP_DONE c=256 first=49 tasks=893 base=2679 ms=1.391
frame=3 reset=1 wall_ms=13.389 invalid=0 luma=0.01043502 roi=0.01611849 dark=837589 roi_dark=271139 changed_first=0 maxabs_first=0
SP_DONE c=128 first=10 tasks=2257 base=9028 ms=4.434
SP_DONE c=256 first=16 tasks=893 base=3572 ms=0.827
SP_DONE c=256 first=49 tasks=893 base=3572 ms=1.373
frame=4 reset=1 wall_ms=14.234 invalid=0 luma=0.01043502 roi=0.01611849 dark=837589 roi_dark=271139 changed_first=0 maxabs_first=0
SP_DONE c=128 first=10 tasks=2257 base=11285 ms=3.827
SP_DONE c=256 first=16 tasks=893 base=4465 ms=0.862
SP_DONE c=256 first=49 tasks=893 base=4465 ms=1.361
frame=5 reset=1 wall_ms=13.681 invalid=0 luma=0.01043502 roi=0.01611849 dark=837589 roi_dark=271139 changed_first=0 maxabs_first=0
SP_DONE c=128 first=10 tasks=2257 base=13542 ms=4.271
SP_DONE c=256 first=16 tasks=893 base=5358 ms=0.871
SP_DONE c=256 first=49 tasks=893 base=5358 ms=1.371
frame=6 reset=1 wall_ms=13.789 invalid=0 luma=0.01043502 roi=0.01611849 dark=837589 roi_dark=271139 changed_first=0 maxabs_first=0
SP_DONE c=128 first=10 tasks=2257 base=15799 ms=5.624
SP_DONE c=256 first=16 tasks=893 base=6251 ms=0.856
SP_DONE c=256 first=49 tasks=893 base=6251 ms=1.382
frame=7 reset=1 wall_ms=15.229 invalid=0 luma=0.01043502 roi=0.01611849 dark=837589 roi_dark=271139 changed_first=0 maxabs_first=0
SP_DONE c=128 first=10 tasks=2257 base=18056 ms=11.143
SP_DONE c=256 first=16 tasks=893 base=7144 ms=2.714
SP_DONE c=256 first=49 tasks=893 base=7144 ms=1.374
frame=8 reset=1 wall_ms=24.206 invalid=0 luma=0.01043502 roi=0.01611849 dark=837589 roi_dark=271139 changed_first=0 maxabs_first=0
SP_DONE c=128 first=10 tasks=2257 base=20313 ms=7.395
SP_DONE c=256 first=16 tasks=893 base=8037 ms=0.864
SP_DONE c=256 first=49 tasks=893 base=8037 ms=1.366
frame=9 reset=1 wall_ms=17.081 invalid=0 luma=0.01043502 roi=0.01611849 dark=837589 roi_dark=271139 changed_first=0 maxabs_first=0
SP_DONE c=128 first=10 tasks=2257 base=22570 ms=3.842
SP_DONE c=256 first=16 tasks=893 base=8930 ms=1.094
SP_DONE c=256 first=49 tasks=893 base=8930 ms=1.465
frame=10 reset=1 wall_ms=15.165 invalid=0 luma=0.01043502 roi=0.01611849 dark=837589 roi_dark=271139 changed_first=0 maxabs_first=0
SP_DONE c=128 first=10 tasks=2257 base=24827 ms=6.382
SP_DONE c=256 first=16 tasks=893 base=9823 ms=1.134
SP_DONE c=256 first=49 tasks=893 base=9823 ms=1.529
frame=11 reset=1 wall_ms=17.989 invalid=0 luma=0.01043502 roi=0.01611849 dark=837589 roi_dark=271139 changed_first=0 maxabs_first=0
SP_STATS runs=36 fallback=0 rollover=0 jobs=48516 disabled=0 errors=0
RESULT frames=12 temporal=0 mean_wall_ms=121.435 invalid_total=0 restored_capture_every_frame=1 HDR_preserved=1
