seed=0 pattern=0
input format=RGBA16_FLOAT W=1296 H=720 invalid=0 min=0 max=34.53125 luma=0.0157641119 roi_luma=0.0250669576
adapter=AMD Radeon RX 9070 XT
SP_PLAN c=256 first=16 layers=6 tasks=893 initial=160 state_bytes=10732 w16=1
SP_PLAN c=256 first=49 layers=6 tasks=893 initial=160 state_bytes=10732 w16=1
FRAME_NET_GPU frame=0 gpu_ms=1205.19531 tag=1 ready=1
frame=0 reset=1 wall_ms=1215.754 invalid=0 luma=0.01307101 roi=0.01974189 dark=806206 roi_dark=258238 changed_first=0 maxabs_first=0
FRAME_NET_GPU frame=1 gpu_ms=12.5223303 tag=2 ready=1
FRAME_NET_GPU frame=2 gpu_ms=9.60340023 tag=3 ready=1
FRAME_NET_GPU frame=3 gpu_ms=9.33979988 tag=4 ready=1
FRAME_NET_GPU frame=4 gpu_ms=9.05900002 tag=5 ready=1
FRAME_NET_GPU frame=5 gpu_ms=8.98250008 tag=6 ready=1
FRAME_NET_GPU frame=6 gpu_ms=9.02810001 tag=7 ready=1
FRAME_NET_GPU frame=7 gpu_ms=9.00800037 tag=8 ready=1
FRAME_NET_GPU frame=8 gpu_ms=8.9137001 tag=9 ready=1
FRAME_NET_GPU frame=9 gpu_ms=8.91399956 tag=10 ready=1
FRAME_NET_GPU frame=10 gpu_ms=8.95600033 tag=11 ready=1
FRAME_NET_GPU frame=11 gpu_ms=8.93239975 tag=12 ready=1
FRAME_NET_GPU frame=12 gpu_ms=8.86060047 tag=13 ready=1
FRAME_NET_GPU frame=13 gpu_ms=8.84879971 tag=14 ready=1
FRAME_NET_GPU frame=14 gpu_ms=8.96889973 tag=15 ready=1
FRAME_NET_GPU frame=15 gpu_ms=8.92160034 tag=16 ready=1
FRAME_NET_GPU frame=16 gpu_ms=8.88535976 tag=17 ready=1
FRAME_NET_GPU frame=17 gpu_ms=8.93931961 tag=18 ready=1
FRAME_NET_GPU frame=18 gpu_ms=9.02165985 tag=19 ready=1
FRAME_NET_GPU frame=19 gpu_ms=8.92539978 tag=20 ready=1
FRAME_NET_GPU frame=20 gpu_ms=8.88173962 tag=21 ready=1
FRAME_NET_GPU frame=21 gpu_ms=8.84284019 tag=22 ready=1
FRAME_NET_GPU frame=22 gpu_ms=8.88829994 tag=23 ready=1
FRAME_NET_GPU frame=23 gpu_ms=8.99411964 tag=24 ready=1
FRAME_NET_GPU frame=24 gpu_ms=8.93879986 tag=25 ready=1
FRAME_NET_GPU frame=25 gpu_ms=9.07164001 tag=26 ready=1
FRAME_NET_GPU frame=26 gpu_ms=9.02134037 tag=27 ready=1
FRAME_NET_GPU frame=27 gpu_ms=9.04780006 tag=28 ready=1
FRAME_NET_GPU frame=28 gpu_ms=9.08603954 tag=29 ready=1
FRAME_NET_GPU frame=29 gpu_ms=9.0614996 tag=30 ready=1
FRAME_NET_GPU frame=30 gpu_ms=9.06058025 tag=31 ready=1
FRAME_NET_GPU frame=31 gpu_ms=9.13712025 tag=32 ready=1
FRAME_NET_GPU frame=32 gpu_ms=9.06387997 tag=33 ready=1
FRAME_NET_GPU frame=33 gpu_ms=9.07277966 tag=34 ready=1
FRAME_NET_GPU frame=34 gpu_ms=9.11011982 tag=35 ready=1
FRAME_NET_GPU frame=35 gpu_ms=9.09115982 tag=36 ready=1
FRAME_NET_GPU frame=36 gpu_ms=9.08073997 tag=37 ready=1
FRAME_NET_GPU frame=37 gpu_ms=9.05169964 tag=38 ready=1
FRAME_NET_GPU frame=38 gpu_ms=9.11616039 tag=39 ready=1
FRAME_NET_GPU frame=39 gpu_ms=9.10103989 tag=40 ready=1
FRAME_NET_GPU frame=40 gpu_ms=9.07299995 tag=41 ready=1
FRAME_NET_GPU frame=41 gpu_ms=9.08310032 tag=42 ready=1
FRAME_NET_GPU frame=42 gpu_ms=9.0802002 tag=43 ready=1
FRAME_NET_GPU frame=43 gpu_ms=9.13589954 tag=44 ready=1
FRAME_NET_GPU frame=44 gpu_ms=9.09146023 tag=45 ready=1
FRAME_NET_GPU frame=45 gpu_ms=9.12191963 tag=46 ready=1
FRAME_NET_GPU frame=46 gpu_ms=9.06566048 tag=47 ready=1
FRAME_NET_GPU frame=47 gpu_ms=9.09391975 tag=48 ready=1
FRAME_NET_GPU frame=48 gpu_ms=9.05235958 tag=49 ready=1
FRAME_NET_GPU frame=49 gpu_ms=9.08786011 tag=50 ready=1
FRAME_NET_GPU frame=50 gpu_ms=9.18789959 tag=51 ready=1
FRAME_NET_GPU frame=51 gpu_ms=9.13323975 tag=52 ready=1
FRAME_NET_GPU frame=52 gpu_ms=9.07110023 tag=53 ready=1
FRAME_NET_GPU frame=53 gpu_ms=9.04613972 tag=54 ready=1
FRAME_NET_GPU frame=54 gpu_ms=8.99283981 tag=55 ready=1
FRAME_NET_GPU frame=55 gpu_ms=9.17733955 tag=56 ready=1
FRAME_NET_GPU frame=56 gpu_ms=9.04372025 tag=57 ready=1
FRAME_NET_GPU frame=57 gpu_ms=9.07310009 tag=58 ready=1
FRAME_NET_GPU frame=58 gpu_ms=9.12265968 tag=59 ready=1
FRAME_NET_GPU frame=59 gpu_ms=9.04570007 tag=60 ready=1
FRAME_NET_GPU frame=60 gpu_ms=9.09617996 tag=61 ready=1
FRAME_NET_GPU frame=61 gpu_ms=9.09951973 tag=62 ready=1
FRAME_NET_GPU frame=62 gpu_ms=9.03195953 tag=63 ready=1
FRAME_NET_GPU frame=63 gpu_ms=9.10394001 tag=64 ready=1
FRAME_NET_GPU frame=64 gpu_ms=9.04559994 tag=65 ready=1
FRAME_NET_GPU frame=65 gpu_ms=9.16506004 tag=66 ready=1
FRAME_NET_GPU frame=66 gpu_ms=9.03789997 tag=67 ready=1
FRAME_NET_GPU frame=67 gpu_ms=9.03038025 tag=68 ready=1
FRAME_NET_GPU frame=68 gpu_ms=9.13994026 tag=69 ready=1
FRAME_NET_GPU frame=69 gpu_ms=9.04638004 tag=70 ready=1
FRAME_NET_GPU frame=70 gpu_ms=9.09393978 tag=71 ready=1
FRAME_NET_GPU frame=71 gpu_ms=9.08662033 tag=72 ready=1
FRAME_NET_GPU frame=72 gpu_ms=9.10004044 tag=73 ready=1
FRAME_NET_GPU frame=73 gpu_ms=9.13068008 tag=74 ready=1
FRAME_NET_GPU frame=74 gpu_ms=9.04096031 tag=75 ready=1
FRAME_NET_GPU frame=75 gpu_ms=9.03547955 tag=76 ready=1
FRAME_NET_GPU frame=76 gpu_ms=9.05053997 tag=77 ready=1
FRAME_NET_GPU frame=77 gpu_ms=9.08040047 tag=78 ready=1
FRAME_NET_GPU frame=78 gpu_ms=9.07987976 tag=79 ready=1
FRAME_NET_GPU frame=79 gpu_ms=9.05790043 tag=80 ready=1
FRAME_NET_GPU frame=80 gpu_ms=9.02616024 tag=81 ready=1
FRAME_NET_GPU frame=81 gpu_ms=9.08111954 tag=82 ready=1
FRAME_NET_GPU frame=82 gpu_ms=9.08397961 tag=83 ready=1
FRAME_NET_GPU frame=83 gpu_ms=9.05782032 tag=84 ready=1
FRAME_NET_GPU frame=84 gpu_ms=9.03476048 tag=85 ready=1
FRAME_NET_GPU frame=85 gpu_ms=9.01603985 tag=86 ready=1
FRAME_NET_GPU frame=86 gpu_ms=9.09811974 tag=87 ready=1
FRAME_NET_GPU frame=87 gpu_ms=9.12448025 tag=88 ready=1
FRAME_NET_GPU frame=88 gpu_ms=9.08545971 tag=89 ready=1
FRAME_NET_GPU frame=89 gpu_ms=9.16526031 tag=90 ready=1
FRAME_NET_GPU frame=90 gpu_ms=9.05051994 tag=91 ready=1
FRAME_NET_GPU frame=91 gpu_ms=8.92745972 tag=92 ready=1
FRAME_NET_GPU frame=92 gpu_ms=9.04146004 tag=93 ready=1
FRAME_NET_GPU frame=93 gpu_ms=9.0923996 tag=94 ready=1
FRAME_NET_GPU frame=94 gpu_ms=9.05140018 tag=95 ready=1
FRAME_NET_GPU frame=95 gpu_ms=8.96646023 tag=96 ready=1
FRAME_NET_GPU frame=96 gpu_ms=8.99755955 tag=97 ready=1
FRAME_NET_GPU frame=97 gpu_ms=9.26541996 tag=98 ready=1
FRAME_NET_GPU frame=98 gpu_ms=9.07970047 tag=99 ready=1
FRAME_NET_GPU frame=99 gpu_ms=9.00806046 tag=100 ready=1
FRAME_NET_GPU frame=100 gpu_ms=8.89430046 tag=101 ready=1
FRAME_NET_GPU frame=101 gpu_ms=9.13724041 tag=102 ready=1
FRAME_NET_GPU frame=102 gpu_ms=9.09447956 tag=103 ready=1
FRAME_NET_GPU frame=103 gpu_ms=9.17737961 tag=104 ready=1
FRAME_NET_GPU frame=104 gpu_ms=9.04625988 tag=105 ready=1
FRAME_NET_GPU frame=105 gpu_ms=9.0703001 tag=106 ready=1
FRAME_NET_GPU frame=106 gpu_ms=9.14793968 tag=107 ready=1
FRAME_NET_GPU frame=107 gpu_ms=9.03474045 tag=108 ready=1
FRAME_NET_GPU frame=108 gpu_ms=9.10550022 tag=109 ready=1
FRAME_NET_GPU frame=109 gpu_ms=9.05185986 tag=110 ready=1
FRAME_NET_GPU frame=110 gpu_ms=8.95662022 tag=111 ready=1
FRAME_NET_GPU frame=111 gpu_ms=9.04382038 tag=112 ready=1
FRAME_NET_GPU frame=112 gpu_ms=9.20240021 tag=113 ready=1
FRAME_NET_GPU frame=113 gpu_ms=8.95730019 tag=114 ready=1
FRAME_NET_GPU frame=114 gpu_ms=9.12191963 tag=115 ready=1
FRAME_NET_GPU frame=115 gpu_ms=9.09969997 tag=116 ready=1
FRAME_NET_GPU frame=116 gpu_ms=9.0649004 tag=117 ready=1
FRAME_NET_GPU frame=117 gpu_ms=9.05189991 tag=118 ready=1
FRAME_NET_GPU frame=118 gpu_ms=9.19878006 tag=119 ready=1
FRAME_NET_GPU frame=119 gpu_ms=8.9533596 tag=120 ready=1
FRAME_NET_GPU frame=120 gpu_ms=9.01541996 tag=121 ready=1
FRAME_NET_GPU frame=121 gpu_ms=9.07866001 tag=122 ready=1
FRAME_NET_GPU frame=122 gpu_ms=9.04765987 tag=123 ready=1
FRAME_NET_GPU frame=123 gpu_ms=9.07828045 tag=124 ready=1
FRAME_NET_GPU frame=124 gpu_ms=9.27608013 tag=125 ready=1
FRAME_NET_GPU frame=125 gpu_ms=8.97819996 tag=126 ready=1
FRAME_NET_GPU frame=126 gpu_ms=9.08670044 tag=127 ready=1
FRAME_NET_GPU frame=127 gpu_ms=8.97850037 tag=128 ready=1
FRAME_NET_GPU frame=128 gpu_ms=9.07625961 tag=129 ready=1
FRAME_NET_GPU frame=129 gpu_ms=9.06237984 tag=130 ready=1
FRAME_NET_GPU frame=130 gpu_ms=9.06165981 tag=131 ready=1
FRAME_NET_GPU frame=131 gpu_ms=9.18620014 tag=132 ready=1
FRAME_NET_GPU frame=132 gpu_ms=9.1128397 tag=133 ready=1
FRAME_NET_GPU frame=133 gpu_ms=8.89669991 tag=134 ready=1
FRAME_NET_GPU frame=134 gpu_ms=9.08448029 tag=135 ready=1
FRAME_NET_GPU frame=135 gpu_ms=8.92630005 tag=136 ready=1
FRAME_NET_GPU frame=136 gpu_ms=9.10595989 tag=137 ready=1
FRAME_NET_GPU frame=137 gpu_ms=9.00831985 tag=138 ready=1
FRAME_NET_GPU frame=138 gpu_ms=9.04841995 tag=139 ready=1
FRAME_NET_GPU frame=139 gpu_ms=9.05228043 tag=140 ready=1
FRAME_NET_GPU frame=140 gpu_ms=9.10225964 tag=141 ready=1
FRAME_NET_GPU frame=141 gpu_ms=9.20481968 tag=142 ready=1
FRAME_NET_GPU frame=142 gpu_ms=8.92749977 tag=143 ready=1
FRAME_NET_GPU frame=143 gpu_ms=9.08355999 tag=144 ready=1
FRAME_NET_GPU frame=144 gpu_ms=9.0411396 tag=145 ready=1
FRAME_NET_GPU frame=145 gpu_ms=9.0661602 tag=146 ready=1
FRAME_NET_GPU frame=146 gpu_ms=9.22445965 tag=147 ready=1
FRAME_NET_GPU frame=147 gpu_ms=9.11254025 tag=148 ready=1
FRAME_NET_GPU frame=148 gpu_ms=9.13414001 tag=149 ready=1
FRAME_NET_GPU frame=149 gpu_ms=9.04681969 tag=150 ready=1
FRAME_NET_GPU frame=150 gpu_ms=9.13862038 tag=151 ready=1
FRAME_NET_GPU frame=151 gpu_ms=9.06556034 tag=152 ready=1
FRAME_NET_GPU frame=152 gpu_ms=9.01574039 tag=153 ready=1
FRAME_NET_GPU frame=153 gpu_ms=9.01564026 tag=154 ready=1
FRAME_NET_GPU frame=154 gpu_ms=9.0727396 tag=155 ready=1
FRAME_NET_GPU frame=155 gpu_ms=9.0773201 tag=156 ready=1
FRAME_NET_GPU frame=156 gpu_ms=9.01231956 tag=157 ready=1
FRAME_NET_GPU frame=157 gpu_ms=9.07139969 tag=158 ready=1
FRAME_NET_GPU frame=158 gpu_ms=9.02641964 tag=159 ready=1
FRAME_NET_GPU frame=159 gpu_ms=9.03985977 tag=160 ready=1
frame=159 reset=1 wall_ms=9.555 invalid=0 luma=0.01307101 roi=0.01974189 dark=806206 roi_dark=258238 changed_first=0 maxabs_first=0
SP_STATS runs=320 fallback=0 rollover=0 jobs=285760 disabled=0 errors=0
RESULT frames=160 temporal=0 mean_wall_ms=17.191 invalid_total=0 restored_capture_every_frame=1 HDR_preserved=1

