seed=0 pattern=0
input format=RGBA16_FLOAT W=1296 H=720 invalid=0 min=0 max=34.53125 luma=0.0157641119 roi_luma=0.0250669576
adapter=AMD Radeon RX 9070 XT
SP_PLAN c=256 first=16 layers=6 tasks=624 initial=104 state_bytes=7504
SP_DONE c=256 first=16 tasks=624 base=0 ms=1.463
SP_PLAN c=256 first=49 layers=6 tasks=624 initial=104 state_bytes=7504
SP_DONE c=256 first=49 tasks=624 base=0 ms=0.531
SP_PLAN c=64 first=63 layers=2 tasks=3111 initial=1581 state_bytes=37348
SP_DONE c=64 first=63 tasks=3111 base=0 ms=0.354
frame=0 reset=1 wall_ms=1281.773 invalid=0 luma=0.01004178 roi=0.01568267 dark=842326 roi_dark=274409 changed_first=0 maxabs_first=0
SP_DONE c=256 first=16 tasks=624 base=624 ms=6.483
SP_DONE c=256 first=49 tasks=624 base=624 ms=1.189
SP_DONE c=64 first=63 tasks=3111 base=3111 ms=1.042
frame=1 reset=1 wall_ms=18.555 invalid=0 luma=0.01004178 roi=0.01568267 dark=842326 roi_dark=274409 changed_first=0 maxabs_first=0
SP_DONE c=256 first=16 tasks=624 base=1248 ms=3.479
SP_DONE c=256 first=49 tasks=624 base=1248 ms=1.294
SP_DONE c=64 first=63 tasks=3111 base=6222 ms=1.282
frame=2 reset=1 wall_ms=12.246 invalid=0 luma=0.01004178 roi=0.01568267 dark=842326 roi_dark=274409 changed_first=0 maxabs_first=0
SP_DONE c=256 first=16 tasks=624 base=1872 ms=3.499
SP_DONE c=256 first=49 tasks=624 base=1872 ms=1.270
SP_DONE c=64 first=63 tasks=3111 base=9333 ms=1.136
frame=3 reset=1 wall_ms=11.397 invalid=0 luma=0.01004178 roi=0.01568267 dark=842326 roi_dark=274409 changed_first=0 maxabs_first=0
SP_DONE c=256 first=16 tasks=624 base=2496 ms=3.553
SP_DONE c=256 first=49 tasks=624 base=2496 ms=1.213
SP_DONE c=64 first=63 tasks=3111 base=12444 ms=1.108
frame=4 reset=1 wall_ms=11.309 invalid=0 luma=0.01004178 roi=0.01568267 dark=842326 roi_dark=274409 changed_first=0 maxabs_first=0
SP_DONE c=256 first=16 tasks=624 base=3120 ms=3.596
SP_DONE c=256 first=49 tasks=624 base=3120 ms=1.232
SP_DONE c=64 first=63 tasks=3111 base=15555 ms=1.137
frame=5 reset=1 wall_ms=11.483 invalid=0 luma=0.01004178 roi=0.01568267 dark=842326 roi_dark=274409 changed_first=0 maxabs_first=0
SP_DONE c=256 first=16 tasks=624 base=3744 ms=3.471
SP_DONE c=256 first=49 tasks=624 base=3744 ms=1.273
SP_DONE c=64 first=63 tasks=3111 base=18666 ms=1.159
frame=6 reset=1 wall_ms=11.271 invalid=0 luma=0.01004178 roi=0.01568267 dark=842326 roi_dark=274409 changed_first=0 maxabs_first=0
SP_DONE c=256 first=16 tasks=624 base=4368 ms=3.552
SP_DONE c=256 first=49 tasks=624 base=4368 ms=1.203
SP_DONE c=64 first=63 tasks=3111 base=21777 ms=1.116
frame=7 reset=1 wall_ms=11.301 invalid=0 luma=0.01004178 roi=0.01568267 dark=842326 roi_dark=274409 changed_first=0 maxabs_first=0
SP_DONE c=256 first=16 tasks=624 base=4992 ms=3.342
SP_DONE c=256 first=49 tasks=624 base=4992 ms=1.201
SP_DONE c=64 first=63 tasks=3111 base=24888 ms=1.120
frame=8 reset=1 wall_ms=11.104 invalid=0 luma=0.01004178 roi=0.01568267 dark=842326 roi_dark=274409 changed_first=0 maxabs_first=0
SP_DONE c=256 first=16 tasks=624 base=5616 ms=4.200
SP_DONE c=256 first=49 tasks=624 base=5616 ms=1.257
SP_DONE c=64 first=63 tasks=3111 base=27999 ms=1.176
frame=9 reset=1 wall_ms=11.997 invalid=0 luma=0.01004178 roi=0.01568267 dark=842326 roi_dark=274409 changed_first=0 maxabs_first=0
SP_DONE c=256 first=16 tasks=624 base=6240 ms=3.426
SP_DONE c=256 first=49 tasks=624 base=6240 ms=1.202
SP_DONE c=64 first=63 tasks=3111 base=31110 ms=1.122
frame=10 reset=1 wall_ms=12.228 invalid=0 luma=0.01004178 roi=0.01568267 dark=842326 roi_dark=274409 changed_first=0 maxabs_first=0
SP_DONE c=256 first=16 tasks=624 base=6864 ms=5.201
SP_DONE c=256 first=49 tasks=624 base=6864 ms=1.321
SP_DONE c=64 first=63 tasks=3111 base=34221 ms=1.235
frame=11 reset=1 wall_ms=14.240 invalid=0 luma=0.01004178 roi=0.01568267 dark=842326 roi_dark=274409 changed_first=0 maxabs_first=0
SP_STATS runs=36 fallback=0 rollover=0 jobs=52308 disabled=0 errors=0
RESULT frames=12 temporal=0 mean_wall_ms=118.242 invalid_total=0 restored_capture_every_frame=1 HDR_preserved=1
