seed=0 pattern=0
input format=RGBA16_FLOAT W=1296 H=720 invalid=0 min=0 max=34.53125 luma=0.0157641119 roi_luma=0.0250669576
adapter=AMD Radeon RX 9070 XT
SP_PLAN c=256 first=16 layers=6 tasks=893 initial=160 state_bytes=10732
SP_DONE c=256 first=16 tasks=893 base=0 ms=1.478
SP_PLAN c=256 first=49 layers=6 tasks=893 initial=160 state_bytes=10732
SP_DONE c=256 first=49 tasks=893 base=0 ms=0.709
SP_PLAN c=128 first=57 layers=4 tasks=2257 initial=570 state_bytes=27100
SP_DONE c=128 first=57 tasks=2257 base=0 ms=0.612
frame=0 reset=1 wall_ms=1275.439 invalid=0 luma=0.01043502 roi=0.01611849 dark=837589 roi_dark=271139 changed_first=0 maxabs_first=0
SP_DONE c=256 first=16 tasks=893 base=893 ms=4.507
SP_DONE c=256 first=49 tasks=893 base=893 ms=1.374
SP_DONE c=128 first=57 tasks=2257 base=2257 ms=0.771
frame=1 reset=1 wall_ms=16.079 invalid=0 luma=0.01058388 roi=0.01638867 dark=835523 roi_dark=269962 changed_first=3613807 maxabs_first=15.45532
SP_DONE c=256 first=16 tasks=893 base=1786 ms=6.663
SP_DONE c=256 first=49 tasks=893 base=1786 ms=1.424
SP_DONE c=128 first=57 tasks=2257 base=4514 ms=0.797
frame=2 reset=1 wall_ms=15.648 invalid=0 luma=0.01059036 roi=0.01629655 dark=835709 roi_dark=270355 changed_first=3627108 maxabs_first=15.56181
SP_DONE c=256 first=16 tasks=893 base=2679 ms=11.040
SP_DONE c=256 first=49 tasks=893 base=2679 ms=1.421
SP_DONE c=128 first=57 tasks=2257 base=6771 ms=0.800
frame=3 reset=1 wall_ms=20.588 invalid=0 luma=0.01057726 roi=0.01619845 dark=835764 roi_dark=270744 changed_first=3643703 maxabs_first=15.57711
SP_DONE c=256 first=16 tasks=893 base=3572 ms=4.532
SP_DONE c=256 first=49 tasks=893 base=3572 ms=1.398
SP_DONE c=128 first=57 tasks=2257 base=9028 ms=0.791
frame=4 reset=1 wall_ms=15.088 invalid=0 luma=0.01058589 roi=0.016097 dark=836270 roi_dark=271564 changed_first=3651748 maxabs_first=15.57686
SP_DONE c=256 first=16 tasks=893 base=4465 ms=5.034
SP_DONE c=256 first=49 tasks=893 base=4465 ms=1.418
SP_DONE c=128 first=57 tasks=2257 base=11285 ms=0.749
frame=5 reset=1 wall_ms=14.184 invalid=0 luma=0.01055159 roi=0.01595096 dark=836585 roi_dark=271914 changed_first=3661716 maxabs_first=15.57282
SP_DONE c=256 first=16 tasks=893 base=5358 ms=4.549
SP_DONE c=256 first=49 tasks=893 base=5358 ms=1.359
SP_DONE c=128 first=57 tasks=2257 base=13542 ms=0.746
frame=6 reset=1 wall_ms=13.454 invalid=0 luma=0.01056649 roi=0.01593167 dark=836504 roi_dark=271962 changed_first=3662502 maxabs_first=15.57127
SP_DONE c=256 first=16 tasks=893 base=6251 ms=4.570
SP_DONE c=256 first=49 tasks=893 base=6251 ms=1.456
SP_DONE c=128 first=57 tasks=2257 base=15799 ms=0.889
frame=7 reset=1 wall_ms=15.321 invalid=0 luma=0.01059234 roi=0.01599504 dark=836009 roi_dark=271717 changed_first=3676455 maxabs_first=15.56163
SP_DONE c=256 first=16 tasks=893 base=7144 ms=13.900
SP_DONE c=256 first=49 tasks=893 base=7144 ms=1.427
SP_DONE c=128 first=57 tasks=2257 base=18056 ms=0.811
frame=8 reset=1 wall_ms=24.886 invalid=0 luma=0.0106066 roi=0.01597222 dark=836062 roi_dark=271951 changed_first=3680158 maxabs_first=15.56401
SP_DONE c=256 first=16 tasks=893 base=8037 ms=5.212
SP_DONE c=256 first=49 tasks=893 base=8037 ms=1.630
SP_DONE c=128 first=57 tasks=2257 base=20313 ms=0.939
frame=9 reset=1 wall_ms=16.536 invalid=0 luma=0.01059387 roi=0.01593037 dark=835664 roi_dark=271889 changed_first=3684441 maxabs_first=15.57291
SP_DONE c=256 first=16 tasks=893 base=8930 ms=7.601
SP_DONE c=256 first=49 tasks=893 base=8930 ms=1.561
SP_DONE c=128 first=57 tasks=2257 base=22570 ms=0.879
frame=10 reset=1 wall_ms=20.241 invalid=0 luma=0.01058156 roi=0.01584257 dark=835152 roi_dark=271857 changed_first=3688112 maxabs_first=15.57238
SP_DONE c=256 first=16 tasks=893 base=9823 ms=4.625
SP_DONE c=256 first=49 tasks=893 base=9823 ms=1.589
SP_DONE c=128 first=57 tasks=2257 base=24827 ms=0.915
frame=11 reset=1 wall_ms=14.909 invalid=0 luma=0.01054018 roi=0.0157031 dark=835526 roi_dark=272233 changed_first=3690961 maxabs_first=15.57399
SP_STATS runs=36 fallback=0 rollover=0 jobs=48516 disabled=0 errors=0
RESULT frames=12 temporal=0 mean_wall_ms=121.864 invalid_total=0 restored_capture_every_frame=1 HDR_preserved=1
