gfx1200 c32_prefix_reference                     1A86AA61899E706D2BC693BA68A8AE3747DBF2EC0DE5F4E39B56FF7DAFEE63E5
gfx1200 multihead-reference                      A5D82E1E31E873656635577840D0D3D99459B17CF64F6DE33C79BEF239A25078
gfx1200 deep_reference                           3C2EEC211CC7C928652C78218E7149382FB815018C74EE6941288C48AEDB9B65
gfx1200 boundary_reference                       D943E0A9F14C7CC3A4B5C4C5A5948AD186CD801DB62C4540F3529DC52F84E946
gfx1200 c32_wmma                                 A256CA3D95DAC5B7C17B3B9B57E38F889D38DD453E040C2C77C4B931BBFF0F75
gfx1200 multihead-wmma                           69F21CF135E6ACE1D4BF78D290767715DF83392DC6E448B4F4EA65A48AF91F87
gfx1200 deep_wmma                                762710017481EE0ABF15DD6409A9CCD4ACD4105D5432C89897A219AC9DA3FC58
gfx1200 wave-pointwise                           3F8E43D5C62901AB6882F415EA97569B5A54C690814D176A0FCE688E7A3698A2
gfx1200 c32_tiled                                0099B237CE0906047C34D4D25B98E8053AADD01FDB6D5756B484D6C5BAE6982B
gfx1200 multihead-tiled                          367DFF439EC8C645AAD9BF1B92DCBF22BF080EA77808F2E7E749E3BDA4629886
gfx1200 c32_fast                                 E9B339FE987200D73D22FD009AA9E9033BEF3F963518FB1C1E40526F7C3A1FF1
gfx1200 c32_fast_attention                       DB7886B4E0F96F890830C741AC79DC870E98E1A9E49E597D23B28224A027E4B1
gfx1200 boundary-fast                            DFB332E8C7BB4BD4259C01516DEA213D3493E18D85203B3606836DAB0DEF7381
gfx1200 c32_fused_attention                      565AFA6CBE650F2DF1E6226251B8CED4499FCE7E95C421D255BC9FEB5BAB89BD
gfx1200 c32_fused_ffn_attention                  5F68E7483647D0E4E5967AA3A631F41794B37054A36393ACF3D2C8E70846A3BA
gfx1200 c32_fused_ffn_attention-packed           3E56E11770EBC4D89B7B94E39ED34C07C775F4D6CCFC2A51C4E7C6B48B38D792
gfx1200 prefix_fast                              7E0B251CDDB70C9D1CF74CDC328A361450B767FD6609A369A89270B9AAAD39BD
gfx1200 multihead-fast                           B60CA6928B194127C90D9C8373591973CC0AD011CE911ADDD1A383AA9A5157CA
gfx1200 multihead-fast-padded-wave               CC8B6F49BA996F6539F877CE88097999658E879A3FAD69D0CAE6DF6162A303D7
gfx1200 multihead_fused_attention                673275C4686CC80E4B280DFFE086D2B6C01012E8FBBB7E90365099E2B89D0925
gfx1200 deep_fast                                5BA0FAEE71F77BD661EE80020E9E3295BD36E0EB2135D7FF4BBA72495C230E89
gfx1200 deep_fast-packed                         EBB6C4061F83D51DD3BF0BB2D34AD7B3044C65A47B4530B73B7C1D9350AEB21B
gfx1200 multihead-fast-packed                    9E5750661130CBF1A8BD0905167C7A45EBF39640F1245D8254AC1543A182E2E1
gfx1200 multihead-fast-padded-wave-packed        8008679A701BE959BF0CFE43DAE11463F116EB5A9130A24AC756B58494813CE6
gfx1200 c32-wave1                                E8EC36353197C1DCFBE5ED65E0265BD2B360D5F00C6AC514C19289511239F6FD
gfx1200 c64-wave2                                707711DBE3A08445BDF8C35F9BE81F4FCA6058559459B6FC9ACA1F83C807197E
gfx1200 c512-m32-mh                              63EAAC689BB23182B4F1333609F2FD0DBE1A486BE981316151EC2DC37C4E93D7
gfx1200 c512-m32-deep                            B968AD87B493EA5F083459C8627BFB4F44136F43C5B5AF67E4CA841F825978FC
gfx1200 vit-stream                               B311A18386AF850569D73767A4739D6DABAF6278E03AD649BC57BC29D66F60FA
gfx1200 vit-wide-deep                            24917DBB5B56546366DC231DB4C4301A5B33D83D340FEA886281BDE2EE43E730
gfx1201 c32_prefix_reference                     6981E2449E9CC0A50888E14E69C33C6DBA48B471432F5CCB07CB646EADDBDC3E
gfx1201 multihead-reference                      CC09312EF733E6FCC285E3B523190D0658ED0C01C89B5BB81D95593008FC4784
gfx1201 deep_reference                           F866AD7E9CE5D115A9B4D2E130CED996FF5001E8C9AD83EB6F6EC0BF223602C2
gfx1201 boundary_reference                       1B6BFC9EEC65E64618355F0F5D2A46E3AF5803893077F6A80E4AD229BBD05463
gfx1201 c32_wmma                                 E830624524820844775AD7FCCD70EE841ADEFA8DFB9CBE25AA43081D094ECA65
gfx1201 multihead-wmma                           A56BC99CA4E014F3CBEBC59D9E3B33C668E834C45DB7FBE764316F82C148753B
gfx1201 deep_wmma                                454D8E48DD572FF2A1E263C2E1AF11F0F1C8D1F38594EFB7F40F02C87A49D86B
gfx1201 wave-pointwise                           5CA48F3D317009D83BA6D478EF82537F7D12CA10E94624C1D5A56E8BDE1A303A
gfx1201 c32_tiled                                C5E962E0FEFB5709D554B2B2500156E9AEAE8FDD6D55EA9064064750B1CA9742
gfx1201 multihead-tiled                          27017C1B061477252BC602EF4858C08ECE6723B5CF384AF3980F3DC0532646CA
gfx1201 c32_fast                                 B7FCF9A91D79313F44503918EA8049E38DCB9C008F4479F187B2FDF751D70181
gfx1201 c32_fast_attention                       3D9855618135CA85EA0C62B7450C6D4B0FB4533801D1A9CC9871E4C75771FE9A
gfx1201 boundary-fast                            8B20C70F037E4B8F55C77C6F63A65D191A8BE5F191B4BA2CAB2E0A51E78E7FF7
gfx1201 c32_fused_attention                      C2F6E4C300B1D4228F2CC1B0982F178D77E366E0705736C0506BF729F20EF736
gfx1201 c32_fused_ffn_attention                  66D69D0333EF9D2A66D34F24110470098A66E3EF5408478C4FE9C3B04F8DCA89
gfx1201 c32_fused_ffn_attention-packed           37F2A7178EB95B51FB710AF144C0CAE81A9EC707BA6E82E7352B303637E3ADA6
gfx1201 prefix_fast                              AE5FAB3AE0221F3A044A9D3825E62C5026ED55EC0CC4671F3FE9E3171CC5F173
gfx1201 multihead-fast                           94CD112D4A6084EB0A8D9DDE889CC40CF03DD89AE4496A1497DA6288C5B2E52A
gfx1201 multihead-fast-padded-wave               19027CB317CB5CB939E8D9E4ADAA948342D83A950B8899313DFF66D0DB254953
gfx1201 multihead_fused_attention                DDF5EFA312F22E587618269BB7B0193AFD7B32E341F577059484AEB72F97C8C4
gfx1201 deep_fast                                A19670CF4FB710774749C4B1C7B157D68AA9EC3D1A9528BE85C05B2EE19D8864
gfx1201 deep_fast-packed                         BB55210601E06D52074BF379BAC086A29FAD8A08855AF3AA1DEE408379543513
gfx1201 multihead-fast-packed                    D06E75907466FC92DF40816DAD96BDED00632A196F92EDF94BF12C17F9E6FE83
gfx1201 multihead-fast-padded-wave-packed        D98D18C92B36065DA86EC41F0FED6480ADD8EB74C5E8CE22711A17D544032797
gfx1201 c32-wave1                                DE74F3A86AB3041448D4F68559DC6DAE83F1F73B80C475D8AB2BD0AACB15F67B
gfx1201 c64-wave2                                A3339A984B4DBB287ED5FCDEA980F16FFAA1B51205D44FB12984F434886254FB
gfx1201 c512-m32-mh                              069EB5121293A321AA14F17B4F543DCA39409A089830B7C17298E2D9C44CFAE9
gfx1201 c512-m32-deep                            29C6B9139B0EB4C013F2767EA6A514896078168618149BC45CA76CE3A25DFEF5
gfx1201 vit-stream                               CD51529A892F650CEA61767161DBE6B6B2150C71108CB3C900765D35F368ABE9
gfx1201 vit-wide-deep                            948485C05B915AA807597DBE865535F1B09F2359DA736F06D1B24E2E226DF26D
Resolve-Path : Cannot find path 'D:\DLSSNR-Lab\hip-backend\compiler-versions-20260929\modules-L20\gfx1200\c32_prefix_re
ference multihead-reference deep_reference boundary_reference c32_wmma multihead-wmma deep_wmma wave-pointwise c32_tile
d multihead-tiled c32_fast c32_fast_attention boundary-fast c32_fused_attention c32_fused_ffn_attention c32_fused_ffn_a
ttention-packed prefix_fast multihead-fast multihead-fast-padded-wave multihead_fused_attention deep_fast deep_fast-pac
ked multihead-fast-packed multihead-fast-padded-wave-packed c32-wave1 c64-wave2 c512-m32-mh c512-m32-deep vit-stream vi
t-wide-deep.generated.hip' because it does not exist.
At C:\WINDOWS\system32\WindowsPowerShell\v1.0\Modules\Microsoft.PowerShell.Utility\Microsoft.PowerShell.Utility.psm1:11
0 char:36
+                 $pathsToProcess += Resolve-Path $Path | Foreach-Objec ...
+                                    ~~~~~~~~~~~~~~~~~~
    + CategoryInfo          : ObjectNotFound: (D:\DLSSNR-Lab\h...p.generated.hip:String) [Resolve-Path], ItemNotFoundE
   xception
    + FullyQualifiedErrorId : PathNotFound,Microsoft.PowerShell.Commands.ResolvePathCommand
