gfx1200 c32_prefix_reference                     6C465595B7D997A011C92D7C1BE7EE505BFA7AE6ED40F4AF522A0E0C8153610E
gfx1200 multihead-reference                      4B02890CAAD85A42C185180CFD65B5051CD01D8402F8EC21536D9779BA3144D6
gfx1200 deep_reference                           C2779CDFF408360721E5CD1312D945AE1951CFFC955893821EFD75724C67852E
gfx1200 boundary_reference                       693547DEC3C6E47900ABA1E85F220304F2BFB19313F2B1D7403561F46CF3D6CF
gfx1200 c32_wmma                                 576AFA15B5E76B2FF10EEC95FF585E60AB8B7055F0F3EE3DF41478A3FEEF46A7
gfx1200 multihead-wmma                           8C1A097BFA170EBA0C0CE51E44CC8F6F7521E2B64D6EFF3E07230DEB64D419AD
gfx1200 deep_wmma                                6B708483D0A9FCEE96967862E92AA5895BE969AB2316749EB5860CFE39BE0AF1
gfx1200 wave-pointwise                           1CFF01355F32152834286C303D38EFD05628757C6D4E0FD7F1C0A0F3DB9E701F
gfx1200 c32_tiled                                9A2B98313A62611FEE3AB230DCD44AC794C1CBB1A2CCCC3598939612CA8A995A
gfx1200 multihead-tiled                          10AA32A6735464D21F37E197423942E7D33333C667B035F8300B9819A8FCC88E
gfx1200 c32_fast                                 FFF987B9ADA5AF154B3862CC2D2B8B0474A2AA82C6271E7EA378FC473B2FF617
gfx1200 c32_fast_attention                       169DE549AA946CBBA505260DE2D7A0B228ED93F2E2806D005F874C4009C18B6C
gfx1200 boundary-fast                            71AFC8157C410D849B57A9823FEB7A7107013306AE6F9ADB55C51EB2A5888C6F
gfx1200 c32_fused_attention                      2B66DEB6C8C17BDE5E27734F49D205DA2651222A860A9183D5F1B88B41F893A6
gfx1200 c32_fused_ffn_attention                  3F2C7E312BED2F84E47E2013A5D16540F2E07DEA9F4D9F6D7F69DC0F882BE917
gfx1200 c32_fused_ffn_attention-packed           575837DBE03CAFADEA219A535B66336CD822E74111D00D5D168A681FC8E9CC5A
gfx1200 prefix_fast                              34AF1CA2602F9B0267294D2A4E3E7A4F2C7C218EF879966824A7B3D7D46E62C0
gfx1200 multihead-fast                           04D80A8CF63D5B0D908ECFBC3D25D12A3E4087BE5FBC0ECB962D8E7FE8D6AEBA
gfx1200 multihead-fast-padded-wave               F35AD8C356E22D8B5474E5A6429AEE452113BD347BADE064AE0CCFFF1C881EE3
gfx1200 multihead_fused_attention                5B1CAD8F5B5061FBDF9D26C98C68785F4A57E359BFDAAB6B0A330E51F59DB10B
gfx1200 deep_fast                                0F7EBB46ADC8ADCC2BAC72C47F7FE154DB2583E7F8051A3302F63DF53C9C4B12
gfx1200 deep_fast-packed                         8652C8C97BCE00E4BD8B0432B12012DAFF8AE6F525B9D3867DCEEA5A3FE07FF3
gfx1200 multihead-fast-packed                    8D602696B3D97D6DBAC759350951D744D4AA37578ABCDDE52BEE681EF68718C4
gfx1200 multihead-fast-padded-wave-packed        71FCC5769E280AF1539D30DE5C34EB8D425B68BF9D64D5226BB245BCD5039940
gfx1200 c32-wave1                                DF29C19FFE9A2B2CC0A7C110919E8987FE0D618C870E521A8BF20F28C2CFBFFA
gfx1200 c64-wave2                                B6359C055E1298E2D9BFFF18752329BCBA615F22E91259F9819CC9C5C715A6FB
gfx1200 c512-m32-mh                              EC9E8D92DC4AC6B171F0CC50B3C4B9DAAA4925B95C37D5BB7865DE2AA879D787
gfx1200 c512-m32-deep                            4A3DDC99AFBE1F648954C2A89D96CC5E4AC83EDA0BDED6A014EFC0A2A6041762
gfx1200 vit-stream                               7191E4C4FD2C00810E3EFC995E4252E68A9359F604A20300FEF19C25A0534A25
gfx1200 vit-wide-deep                            74A9C7991FCD48C1F8137E54867709B6147AE56570577CB7EF2FD480AEAF96FA
gfx1201 c32_prefix_reference                     B3835EDEB77C51FE199E5F1F45BDEEF2F5E2F2550DCA42D826FB6B63FF373D6D
gfx1201 multihead-reference                      1CFA639E9F37B7872C69D738C7332B58EAAF0539CAF720CC29A844E770FC8CBE
gfx1201 deep_reference                           0D2E3E9658A8ABC53BE68B6FC108CE57594784D3ED56F237BEDD9766D86DB895
gfx1201 boundary_reference                       1B1A514743924D43542ED9AC30E4CA50EC6E84E62D2BAFAB1960AAF061E0ADC8
gfx1201 c32_wmma                                 4D239CA134400EE2B42C60F99DC24202F9A4FD38C21A471C01A98217DF04B294
gfx1201 multihead-wmma                           BFC99774435FCF89985A795EA6E1C20DE3335053097B40206839ADF687D0E226
gfx1201 deep_wmma                                B562C8986300B0517818AE54A46108E725E1ECC6C6B6C88A3B7FA14C749A5B2F
gfx1201 wave-pointwise                           5E65693DA46044B697218194BB17EC8453952FA4A4A684C6ECC59DF1CECF12AA
gfx1201 c32_tiled                                6E7DB748FBD492CD566F208A1AA3B7E48A42A9C0D8B31022148469BB46D01E8F
gfx1201 multihead-tiled                          3799AE40ECEC89796132BF6464A76FAF1ADFFFE65DF2F5E6406F47A86F67AA81
gfx1201 c32_fast                                 A639601561123594F6D8B335F884F4E229338875F460213AF1396BC2F28C90EC
gfx1201 c32_fast_attention                       B3ABD5620764F5A5BA4D86FB439E0A57688E346AFDD5945F6F1D9067DA6D032C
gfx1201 boundary-fast                            40FA66062ECA6BBE654E480944783C27B9BD93970696E1FFCA9BBC8773CA9700
gfx1201 c32_fused_attention                      5091D35E5AC53E4A8D16DE2F5FB1C8C057159C72D6605FAEB5A5CA7DAA65AACD
gfx1201 c32_fused_ffn_attention                  16726C35E7D094FEED5D1924D4D39A5F2102997D4C25E3986E444A251B0588AF
gfx1201 c32_fused_ffn_attention-packed           F8D140DC702F2BD8B22A37E15A12AC901BE7D493EE5FA03337AF6DCD6EDDAF85
gfx1201 prefix_fast                              A195C115F8930A467D2113D076435BE5EE784106C9F15215832EEE54C5680F34
gfx1201 multihead-fast                           3493FB0EDE45F233A5D09472BD7A76D7532387F1FD6B0C835D46C20C0D196C9A
gfx1201 multihead-fast-padded-wave               FDA0068D36FCA2F08A512166CFAF4D95D59DD3ED573C5E06169B9CE1F9EC7BC3
gfx1201 multihead_fused_attention                F7F23560D490868EACB161D7E49C958548FAAA1D61384014EA0859B5E8CEF1B9
gfx1201 deep_fast                                67267BECF0900BB0BE5F848648B811675E8A51C477E6B3DF972DE6B8BC41E8E2
gfx1201 deep_fast-packed                         4F84494E87C5BC93DD2D15FCA2C2A01F27A683B5EDF6AB849D1E4AA4B5962BDB
gfx1201 multihead-fast-packed                    31E258756683B9A60E455C1C315C7B22B9605D90AE784891073FB6C74BA8EAD7
gfx1201 multihead-fast-padded-wave-packed        8C38656226C4D9CCFA8778E7BE987CF2A1A1C313EC3313E290DC550371D21673
gfx1201 c32-wave1                                D5CCA49957B8B3DB4BACC4A821FD4F754EDBA0FCADADA79DB3BB4CDBD9904CB7
gfx1201 c64-wave2                                C8A88D27BE37A1A1C69282B07C55D22E5B5025DBF9978C8AC76F65AD118A5FD5
gfx1201 c512-m32-mh                              4BB9B847649773A521CBEAAA3AB0B569AA485D94868560E2E25E923C6E8B943C
gfx1201 c512-m32-deep                            ED89290CC4845B44CD730F2B3EF50312A0608B0C6AD8A4DD2000F3C0FCD44F22
gfx1201 vit-stream                               EE8AF98658EF2F75298EB5219F86BA95E0F59388710F1A55BDBF7441F7ECCB39
gfx1201 vit-wide-deep                            5BF1D9657C1D49A5CCA8AD6CFD2B05A13399552DB19130DF61932273DD099E07
