seed=0 pattern=0
input format=RGBA16_FLOAT W=1296 H=720 invalid=0 min=0 max=34.53125 luma=0.0157641119 roi_luma=0.0250669576
adapter=AMD Radeon RX 9070 XT
SP_PLAN c=256 first=16 layers=6 tasks=624 initial=104 state_bytes=7504 w16=1
SP_PLAN c=256 first=49 layers=6 tasks=624 initial=104 state_bytes=7504 w16=1
FRAME_NET_GPU frame=0 gpu_ms=1181.94678 tag=1 ready=1
frame=0 reset=1 wall_ms=1191.220 invalid=0 luma=0.01311046 roi=0.01994696 dark=808529 roi_dark=258288 changed_first=0 maxabs_first=0
FRAME_NET_GPU frame=1 gpu_ms=7.95021009 tag=2 ready=1
FRAME_NET_GPU frame=2 gpu_ms=4.76832008 tag=3 ready=1
FRAME_NET_GPU frame=3 gpu_ms=6.70020008 tag=4 ready=1
FRAME_NET_GPU frame=4 gpu_ms=6.70679998 tag=5 ready=1
FRAME_NET_GPU frame=5 gpu_ms=6.55562019 tag=6 ready=1
FRAME_NET_GPU frame=6 gpu_ms=6.25640011 tag=7 ready=1
FRAME_NET_GPU frame=7 gpu_ms=6.3204999 tag=8 ready=1
FRAME_NET_GPU frame=8 gpu_ms=6.33519983 tag=9 ready=1
FRAME_NET_GPU frame=9 gpu_ms=6.37799978 tag=10 ready=1
FRAME_NET_GPU frame=10 gpu_ms=6.38059998 tag=11 ready=1
FRAME_NET_GPU frame=11 gpu_ms=6.30639982 tag=12 ready=1
FRAME_NET_GPU frame=12 gpu_ms=6.28639984 tag=13 ready=1
FRAME_NET_GPU frame=13 gpu_ms=6.31589985 tag=14 ready=1
FRAME_NET_GPU frame=14 gpu_ms=6.34110022 tag=15 ready=1
FRAME_NET_GPU frame=15 gpu_ms=6.32219982 tag=16 ready=1
FRAME_NET_GPU frame=16 gpu_ms=6.20716 tag=17 ready=1
FRAME_NET_GPU frame=17 gpu_ms=6.19857979 tag=18 ready=1
FRAME_NET_GPU frame=18 gpu_ms=6.16601992 tag=19 ready=1
FRAME_NET_GPU frame=19 gpu_ms=6.27424002 tag=20 ready=1
FRAME_NET_GPU frame=20 gpu_ms=6.34395981 tag=21 ready=1
FRAME_NET_GPU frame=21 gpu_ms=6.33190012 tag=22 ready=1
FRAME_NET_GPU frame=22 gpu_ms=6.23012018 tag=23 ready=1
FRAME_NET_GPU frame=23 gpu_ms=6.4457798 tag=24 ready=1
FRAME_NET_GPU frame=24 gpu_ms=6.35773993 tag=25 ready=1
FRAME_NET_GPU frame=25 gpu_ms=6.21481991 tag=26 ready=1
FRAME_NET_GPU frame=26 gpu_ms=6.24478006 tag=27 ready=1
FRAME_NET_GPU frame=27 gpu_ms=6.2687602 tag=28 ready=1
FRAME_NET_GPU frame=28 gpu_ms=6.18510008 tag=29 ready=1
FRAME_NET_GPU frame=29 gpu_ms=6.30494022 tag=30 ready=1
FRAME_NET_GPU frame=30 gpu_ms=6.2802 tag=31 ready=1
FRAME_NET_GPU frame=31 gpu_ms=6.31175995 tag=32 ready=1
FRAME_NET_GPU frame=32 gpu_ms=6.28685999 tag=33 ready=1
FRAME_NET_GPU frame=33 gpu_ms=6.19197989 tag=34 ready=1
FRAME_NET_GPU frame=34 gpu_ms=6.27557993 tag=35 ready=1
FRAME_NET_GPU frame=35 gpu_ms=6.25914001 tag=36 ready=1
FRAME_NET_GPU frame=36 gpu_ms=6.26968002 tag=37 ready=1
FRAME_NET_GPU frame=37 gpu_ms=6.20622015 tag=38 ready=1
FRAME_NET_GPU frame=38 gpu_ms=6.26862001 tag=39 ready=1
FRAME_NET_GPU frame=39 gpu_ms=6.35230017 tag=40 ready=1
FRAME_NET_GPU frame=40 gpu_ms=6.29184008 tag=41 ready=1
FRAME_NET_GPU frame=41 gpu_ms=6.30577993 tag=42 ready=1
FRAME_NET_GPU frame=42 gpu_ms=6.33570004 tag=43 ready=1
FRAME_NET_GPU frame=43 gpu_ms=6.42560005 tag=44 ready=1
FRAME_NET_GPU frame=44 gpu_ms=6.43476009 tag=45 ready=1
FRAME_NET_GPU frame=45 gpu_ms=6.40352011 tag=46 ready=1
FRAME_NET_GPU frame=46 gpu_ms=6.41016006 tag=47 ready=1
FRAME_NET_GPU frame=47 gpu_ms=6.49463987 tag=48 ready=1
FRAME_NET_GPU frame=48 gpu_ms=6.38025999 tag=49 ready=1
FRAME_NET_GPU frame=49 gpu_ms=6.40558004 tag=50 ready=1
FRAME_NET_GPU frame=50 gpu_ms=6.42541981 tag=51 ready=1
FRAME_NET_GPU frame=51 gpu_ms=6.37642002 tag=52 ready=1
FRAME_NET_GPU frame=52 gpu_ms=6.41697979 tag=53 ready=1
FRAME_NET_GPU frame=53 gpu_ms=6.44774008 tag=54 ready=1
FRAME_NET_GPU frame=54 gpu_ms=6.44348001 tag=55 ready=1
FRAME_NET_GPU frame=55 gpu_ms=6.41340017 tag=56 ready=1
FRAME_NET_GPU frame=56 gpu_ms=6.43062019 tag=57 ready=1
FRAME_NET_GPU frame=57 gpu_ms=6.36541986 tag=58 ready=1
FRAME_NET_GPU frame=58 gpu_ms=6.41610003 tag=59 ready=1
FRAME_NET_GPU frame=59 gpu_ms=6.41084003 tag=60 ready=1
FRAME_NET_GPU frame=60 gpu_ms=6.37574005 tag=61 ready=1
FRAME_NET_GPU frame=61 gpu_ms=6.42903996 tag=62 ready=1
FRAME_NET_GPU frame=62 gpu_ms=6.39835978 tag=63 ready=1
FRAME_NET_GPU frame=63 gpu_ms=6.41192007 tag=64 ready=1
FRAME_NET_GPU frame=64 gpu_ms=6.54027987 tag=65 ready=1
FRAME_NET_GPU frame=65 gpu_ms=6.33476019 tag=66 ready=1
FRAME_NET_GPU frame=66 gpu_ms=6.35722017 tag=67 ready=1
FRAME_NET_GPU frame=67 gpu_ms=6.35572004 tag=68 ready=1
FRAME_NET_GPU frame=68 gpu_ms=6.36929989 tag=69 ready=1
FRAME_NET_GPU frame=69 gpu_ms=6.32556009 tag=70 ready=1
FRAME_NET_GPU frame=70 gpu_ms=6.40248013 tag=71 ready=1
FRAME_NET_GPU frame=71 gpu_ms=6.33886003 tag=72 ready=1
FRAME_NET_GPU frame=72 gpu_ms=6.42127991 tag=73 ready=1
FRAME_NET_GPU frame=73 gpu_ms=6.38541985 tag=74 ready=1
FRAME_NET_GPU frame=74 gpu_ms=6.41423988 tag=75 ready=1
FRAME_NET_GPU frame=75 gpu_ms=6.43682003 tag=76 ready=1
FRAME_NET_GPU frame=76 gpu_ms=6.40572023 tag=77 ready=1
FRAME_NET_GPU frame=77 gpu_ms=6.3769598 tag=78 ready=1
FRAME_NET_GPU frame=78 gpu_ms=6.60128021 tag=79 ready=1
FRAME_NET_GPU frame=79 gpu_ms=6.14635992 tag=80 ready=1
FRAME_NET_GPU frame=80 gpu_ms=6.35355997 tag=81 ready=1
FRAME_NET_GPU frame=81 gpu_ms=6.57316017 tag=82 ready=1
FRAME_NET_GPU frame=82 gpu_ms=6.20334005 tag=83 ready=1
FRAME_NET_GPU frame=83 gpu_ms=6.44418001 tag=84 ready=1
FRAME_NET_GPU frame=84 gpu_ms=6.38986015 tag=85 ready=1
FRAME_NET_GPU frame=85 gpu_ms=6.40825987 tag=86 ready=1
FRAME_NET_GPU frame=86 gpu_ms=6.44155979 tag=87 ready=1
FRAME_NET_GPU frame=87 gpu_ms=6.40916014 tag=88 ready=1
FRAME_NET_GPU frame=88 gpu_ms=6.45158005 tag=89 ready=1
FRAME_NET_GPU frame=89 gpu_ms=6.42265987 tag=90 ready=1
FRAME_NET_GPU frame=90 gpu_ms=6.39413977 tag=91 ready=1
FRAME_NET_GPU frame=91 gpu_ms=6.36009979 tag=92 ready=1
FRAME_NET_GPU frame=92 gpu_ms=6.42146015 tag=93 ready=1
FRAME_NET_GPU frame=93 gpu_ms=6.46655989 tag=94 ready=1
FRAME_NET_GPU frame=94 gpu_ms=6.40341997 tag=95 ready=1
FRAME_NET_GPU frame=95 gpu_ms=6.5422802 tag=96 ready=1
FRAME_NET_GPU frame=96 gpu_ms=6.37794018 tag=97 ready=1
FRAME_NET_GPU frame=97 gpu_ms=6.43866014 tag=98 ready=1
FRAME_NET_GPU frame=98 gpu_ms=6.39968014 tag=99 ready=1
FRAME_NET_GPU frame=99 gpu_ms=6.35741997 tag=100 ready=1
FRAME_NET_GPU frame=100 gpu_ms=6.49643993 tag=101 ready=1
FRAME_NET_GPU frame=101 gpu_ms=6.38503981 tag=102 ready=1
FRAME_NET_GPU frame=102 gpu_ms=6.34749985 tag=103 ready=1
FRAME_NET_GPU frame=103 gpu_ms=6.39260006 tag=104 ready=1
FRAME_NET_GPU frame=104 gpu_ms=6.39359999 tag=105 ready=1
FRAME_NET_GPU frame=105 gpu_ms=6.43120003 tag=106 ready=1
FRAME_NET_GPU frame=106 gpu_ms=6.4163599 tag=107 ready=1
FRAME_NET_GPU frame=107 gpu_ms=6.34556007 tag=108 ready=1
FRAME_NET_GPU frame=108 gpu_ms=6.37652016 tag=109 ready=1
FRAME_NET_GPU frame=109 gpu_ms=6.40549994 tag=110 ready=1
FRAME_NET_GPU frame=110 gpu_ms=6.40466022 tag=111 ready=1
FRAME_NET_GPU frame=111 gpu_ms=6.38435984 tag=112 ready=1
FRAME_NET_GPU frame=112 gpu_ms=6.39497995 tag=113 ready=1
FRAME_NET_GPU frame=113 gpu_ms=6.4066 tag=114 ready=1
FRAME_NET_GPU frame=114 gpu_ms=6.43760014 tag=115 ready=1
FRAME_NET_GPU frame=115 gpu_ms=6.38233995 tag=116 ready=1
FRAME_NET_GPU frame=116 gpu_ms=6.46295977 tag=117 ready=1
FRAME_NET_GPU frame=117 gpu_ms=6.41372013 tag=118 ready=1
FRAME_NET_GPU frame=118 gpu_ms=6.37207985 tag=119 ready=1
FRAME_NET_GPU frame=119 gpu_ms=6.37504005 tag=120 ready=1
FRAME_NET_GPU frame=120 gpu_ms=6.42447996 tag=121 ready=1
FRAME_NET_GPU frame=121 gpu_ms=6.55713987 tag=122 ready=1
FRAME_NET_GPU frame=122 gpu_ms=6.36267996 tag=123 ready=1
FRAME_NET_GPU frame=123 gpu_ms=6.48089981 tag=124 ready=1
FRAME_NET_GPU frame=124 gpu_ms=6.32278013 tag=125 ready=1
FRAME_NET_GPU frame=125 gpu_ms=6.36062002 tag=126 ready=1
FRAME_NET_GPU frame=126 gpu_ms=6.46787977 tag=127 ready=1
FRAME_NET_GPU frame=127 gpu_ms=6.44034004 tag=128 ready=1
FRAME_NET_GPU frame=128 gpu_ms=6.39811993 tag=129 ready=1
FRAME_NET_GPU frame=129 gpu_ms=6.47013998 tag=130 ready=1
FRAME_NET_GPU frame=130 gpu_ms=6.29722023 tag=131 ready=1
FRAME_NET_GPU frame=131 gpu_ms=6.28565979 tag=132 ready=1
FRAME_NET_GPU frame=132 gpu_ms=6.39213991 tag=133 ready=1
FRAME_NET_GPU frame=133 gpu_ms=6.42242002 tag=134 ready=1
FRAME_NET_GPU frame=134 gpu_ms=6.4313798 tag=135 ready=1
FRAME_NET_GPU frame=135 gpu_ms=6.40691996 tag=136 ready=1
FRAME_NET_GPU frame=136 gpu_ms=6.40261984 tag=137 ready=1
FRAME_NET_GPU frame=137 gpu_ms=6.42725992 tag=138 ready=1
FRAME_NET_GPU frame=138 gpu_ms=6.47094011 tag=139 ready=1
FRAME_NET_GPU frame=139 gpu_ms=6.30908012 tag=140 ready=1
FRAME_NET_GPU frame=140 gpu_ms=6.50322008 tag=141 ready=1
FRAME_NET_GPU frame=141 gpu_ms=6.37307978 tag=142 ready=1
FRAME_NET_GPU frame=142 gpu_ms=6.3922801 tag=143 ready=1
FRAME_NET_GPU frame=143 gpu_ms=6.66784 tag=144 ready=1
FRAME_NET_GPU frame=144 gpu_ms=6.41966009 tag=145 ready=1
FRAME_NET_GPU frame=145 gpu_ms=6.28104019 tag=146 ready=1
FRAME_NET_GPU frame=146 gpu_ms=6.38604021 tag=147 ready=1
FRAME_NET_GPU frame=147 gpu_ms=6.47425985 tag=148 ready=1
FRAME_NET_GPU frame=148 gpu_ms=6.43561983 tag=149 ready=1
FRAME_NET_GPU frame=149 gpu_ms=6.41448021 tag=150 ready=1
FRAME_NET_GPU frame=150 gpu_ms=6.45809984 tag=151 ready=1
FRAME_NET_GPU frame=151 gpu_ms=6.45593977 tag=152 ready=1
FRAME_NET_GPU frame=152 gpu_ms=6.46483994 tag=153 ready=1
FRAME_NET_GPU frame=153 gpu_ms=6.4075799 tag=154 ready=1
FRAME_NET_GPU frame=154 gpu_ms=6.40500021 tag=155 ready=1
FRAME_NET_GPU frame=155 gpu_ms=6.44910002 tag=156 ready=1
FRAME_NET_GPU frame=156 gpu_ms=6.47348022 tag=157 ready=1
FRAME_NET_GPU frame=157 gpu_ms=6.48222017 tag=158 ready=1
FRAME_NET_GPU frame=158 gpu_ms=6.43493986 tag=159 ready=1
FRAME_NET_GPU frame=159 gpu_ms=6.4362402 tag=160 ready=1
frame=159 reset=1 wall_ms=7.087 invalid=0 luma=0.01311046 roi=0.01994696 dark=808529 roi_dark=258288 changed_first=0 maxabs_first=0
SP_STATS runs=320 fallback=0 rollover=0 jobs=199680 disabled=0 errors=0
RESULT frames=160 temporal=0 mean_wall_ms=14.288 invalid_total=0 restored_capture_every_frame=1 HDR_preserved=1

