seed=0 pattern=0
input format=RGBA16_FLOAT W=1296 H=720 invalid=0 min=0 max=34.53125 luma=0.0157641119 roi_luma=0.0250669576
adapter=AMD Radeon RX 9070 XT
SP_PLAN c=128 first=10 layers=4 tasks=2257 initial=589 state_bytes=27100
SP_DONE c=128 first=10 tasks=2257 base=0 ms=1.171
SP_PLAN c=256 first=16 layers=6 tasks=893 initial=160 state_bytes=10732
SP_DONE c=256 first=16 tasks=893 base=0 ms=0.841
SP_PLAN c=256 first=49 layers=6 tasks=893 initial=160 state_bytes=10732
SP_DONE c=256 first=49 tasks=893 base=0 ms=0.729
frame=0 reset=1 wall_ms=1172.571 invalid=0 luma=0.01043502 roi=0.01611849 dark=837589 roi_dark=271139 changed_first=0 maxabs_first=0
SP_DONE c=128 first=10 tasks=2257 base=2257 ms=11.319
SP_DONE c=256 first=16 tasks=893 base=893 ms=0.850
SP_DONE c=256 first=49 tasks=893 base=893 ms=4.162
frame=1 reset=1 wall_ms=21.292 invalid=0 luma=0.01058388 roi=0.01638867 dark=835523 roi_dark=269962 changed_first=3613807 maxabs_first=15.45532
SP_DONE c=128 first=10 tasks=2257 base=4514 ms=7.233
SP_DONE c=256 first=16 tasks=893 base=1786 ms=0.881
SP_DONE c=256 first=49 tasks=893 base=1786 ms=4.133
frame=2 reset=1 wall_ms=16.737 invalid=0 luma=0.010684 roi=0.01637147 dark=835604 roi_dark=270559 changed_first=3627304 maxabs_first=15.56181
SP_DONE c=128 first=10 tasks=2257 base=6771 ms=3.801
SP_DONE c=256 first=16 tasks=893 base=2679 ms=0.877
SP_DONE c=256 first=49 tasks=893 base=2679 ms=4.117
frame=3 reset=1 wall_ms=13.132 invalid=0 luma=0.0106517 roi=0.01627674 dark=834699 roi_dark=270471 changed_first=3645038 maxabs_first=15.57711
SP_DONE c=128 first=10 tasks=2257 base=9028 ms=4.236
SP_DONE c=256 first=16 tasks=893 base=3572 ms=0.836
SP_DONE c=256 first=49 tasks=893 base=3572 ms=4.081
frame=4 reset=1 wall_ms=13.570 invalid=0 luma=0.01058589 roi=0.016097 dark=836270 roi_dark=271564 changed_first=3651748 maxabs_first=15.57686
SP_DONE c=128 first=10 tasks=2257 base=11285 ms=5.272
SP_DONE c=256 first=16 tasks=893 base=4465 ms=0.842
SP_DONE c=256 first=49 tasks=893 base=4465 ms=4.025
frame=5 reset=1 wall_ms=14.522 invalid=0 luma=0.01042989 roi=0.01578035 dark=837610 roi_dark=272468 changed_first=3661487 maxabs_first=15.57282
SP_DONE c=128 first=10 tasks=2257 base=13542 ms=3.781
SP_DONE c=256 first=16 tasks=893 base=5358 ms=0.857
SP_DONE c=256 first=49 tasks=893 base=5358 ms=4.111
frame=6 reset=1 wall_ms=13.110 invalid=0 luma=0.01047663 roi=0.01586138 dark=837184 roi_dark=272153 changed_first=3663234 maxabs_first=15.57127
SP_DONE c=128 first=10 tasks=2257 base=15799 ms=3.762
SP_DONE c=256 first=16 tasks=893 base=6251 ms=0.859
SP_DONE c=256 first=49 tasks=893 base=6251 ms=4.111
frame=7 reset=1 wall_ms=13.076 invalid=0 luma=0.01059234 roi=0.01599504 dark=836009 roi_dark=271717 changed_first=3676455 maxabs_first=15.56163
SP_DONE c=128 first=10 tasks=2257 base=18056 ms=4.083
SP_DONE c=256 first=16 tasks=893 base=7144 ms=1.087
SP_DONE c=256 first=49 tasks=893 base=7144 ms=4.080
frame=8 reset=1 wall_ms=13.843 invalid=0 luma=0.010616 roi=0.01600573 dark=836120 roi_dark=271929 changed_first=3679397 maxabs_first=15.56401
SP_DONE c=128 first=10 tasks=2257 base=20313 ms=4.373
SP_DONE c=256 first=16 tasks=893 base=8037 ms=0.865
SP_DONE c=256 first=49 tasks=893 base=8037 ms=4.066
frame=9 reset=1 wall_ms=13.654 invalid=0 luma=0.01059223 roi=0.01587949 dark=835478 roi_dark=271697 changed_first=3684672 maxabs_first=15.57291
SP_DONE c=128 first=10 tasks=2257 base=22570 ms=3.814
SP_DONE c=256 first=16 tasks=893 base=8930 ms=0.865
SP_DONE c=256 first=49 tasks=893 base=8930 ms=4.098
frame=10 reset=1 wall_ms=13.208 invalid=0 luma=0.01058156 roi=0.01584257 dark=835152 roi_dark=271857 changed_first=3688112 maxabs_first=15.57238
SP_DONE c=128 first=10 tasks=2257 base=24827 ms=4.376
SP_DONE c=256 first=16 tasks=893 base=9823 ms=1.043
SP_DONE c=256 first=49 tasks=893 base=9823 ms=4.230
frame=11 reset=1 wall_ms=14.151 invalid=0 luma=0.01056144 roi=0.01571425 dark=836060 roi_dark=272365 changed_first=3690709 maxabs_first=15.57399
SP_STATS runs=36 fallback=0 rollover=0 jobs=48516 disabled=0 errors=0
RESULT frames=12 temporal=0 mean_wall_ms=111.072 invalid_total=0 restored_capture_every_frame=1 HDR_preserved=1
