seed=1 pattern=0
input format=RGBA16_FLOAT W=2560 H=1440 invalid=0 min=0 max=1 luma=0.357899353 roi_luma=0.389746571
adapter=AMD Radeon RX 9070 XT
NET frame=0 gpu_ms=1102.085449
GEOMETRY valid=2560x1440 processing=2560x1472 tokens=960
frame=0 reset=1 wall_ms=1107.801 invalid=0 luma=0.3597704 roi=0.4268046 dark=101219 roi_dark=9829 changed_first=0 maxabs_first=0
NET frame=1 gpu_ms=33.076401
NET frame=2 gpu_ms=31.264500
NET frame=3 gpu_ms=31.593420
NET frame=4 gpu_ms=31.777220
NET frame=5 gpu_ms=32.148220
NET frame=6 gpu_ms=31.898199
NET frame=7 gpu_ms=31.857901
NET frame=8 gpu_ms=31.971901
NET frame=9 gpu_ms=31.760799
NET frame=10 gpu_ms=31.853399
NET frame=11 gpu_ms=31.646660
NET frame=12 gpu_ms=31.722260
NET frame=13 gpu_ms=31.890200
NET frame=14 gpu_ms=31.772221
NET frame=15 gpu_ms=31.855780
NET frame=16 gpu_ms=31.606720
NET frame=17 gpu_ms=32.050301
NET frame=18 gpu_ms=32.139359
NET frame=19 gpu_ms=32.231480
NET frame=20 gpu_ms=32.091881
NET frame=21 gpu_ms=32.103020
NET frame=22 gpu_ms=31.999340
NET frame=23 gpu_ms=31.854361
NET frame=24 gpu_ms=31.854879
NET frame=25 gpu_ms=31.784719
NET frame=26 gpu_ms=31.774860
NET frame=27 gpu_ms=31.952080
NET frame=28 gpu_ms=31.691799
NET frame=29 gpu_ms=31.813499
NET frame=30 gpu_ms=31.609819
NET frame=31 gpu_ms=31.775999
NET frame=32 gpu_ms=31.816320
NET frame=33 gpu_ms=31.709440
NET frame=34 gpu_ms=31.933941
NET frame=35 gpu_ms=31.610620
NET frame=36 gpu_ms=31.829500
NET frame=37 gpu_ms=31.739300
NET frame=38 gpu_ms=31.952681
NET frame=39 gpu_ms=31.734400
NET frame=40 gpu_ms=31.923880
NET frame=41 gpu_ms=32.005459
NET frame=42 gpu_ms=31.900120
NET frame=43 gpu_ms=31.733379
NET frame=44 gpu_ms=31.694000
NET frame=45 gpu_ms=32.028542
NET frame=46 gpu_ms=31.697161
NET frame=47 gpu_ms=31.844061
NET frame=48 gpu_ms=31.841780
NET frame=49 gpu_ms=31.871820
NET frame=50 gpu_ms=32.035759
NET frame=51 gpu_ms=31.933701
NET frame=52 gpu_ms=32.290562
NET frame=53 gpu_ms=31.895840
NET frame=54 gpu_ms=31.980360
NET frame=55 gpu_ms=32.008041
NET frame=56 gpu_ms=32.157661
NET frame=57 gpu_ms=32.225262
NET frame=58 gpu_ms=32.005001
NET frame=59 gpu_ms=31.857500
NET frame=60 gpu_ms=32.010120
NET frame=61 gpu_ms=32.035740
NET frame=62 gpu_ms=31.900379
NET frame=63 gpu_ms=31.883841
NET frame=64 gpu_ms=32.103619
NET frame=65 gpu_ms=32.075920
NET frame=66 gpu_ms=32.169880
NET frame=67 gpu_ms=31.920860
NET frame=68 gpu_ms=32.257919
NET frame=69 gpu_ms=31.928221
NET frame=70 gpu_ms=32.161419
NET frame=71 gpu_ms=31.786940
NET frame=72 gpu_ms=32.021542
NET frame=73 gpu_ms=31.922279
NET frame=74 gpu_ms=32.308819
NET frame=75 gpu_ms=32.123562
NET frame=76 gpu_ms=31.919941
NET frame=77 gpu_ms=32.062840
NET frame=78 gpu_ms=31.893860
NET frame=79 gpu_ms=31.845961
NET frame=80 gpu_ms=32.029320
NET frame=81 gpu_ms=31.729240
NET frame=82 gpu_ms=31.920679
NET frame=83 gpu_ms=31.660999
NET frame=84 gpu_ms=31.819340
NET frame=85 gpu_ms=32.119362
NET frame=86 gpu_ms=32.101421
NET frame=87 gpu_ms=31.820940
NET frame=88 gpu_ms=31.933420
NET frame=89 gpu_ms=31.839439
NET frame=90 gpu_ms=32.090561
NET frame=91 gpu_ms=32.103619
NET frame=92 gpu_ms=31.822180
NET frame=93 gpu_ms=32.012360
NET frame=94 gpu_ms=31.810961
NET frame=95 gpu_ms=32.020161
NET frame=96 gpu_ms=31.765160
NET frame=97 gpu_ms=31.763100
NET frame=98 gpu_ms=31.993959
NET frame=99 gpu_ms=31.734240
NET frame=100 gpu_ms=31.809820
NET frame=101 gpu_ms=31.925240
NET frame=102 gpu_ms=31.913139
NET frame=103 gpu_ms=31.918819
NET frame=104 gpu_ms=31.834240
NET frame=105 gpu_ms=32.043861
NET frame=106 gpu_ms=31.856440
NET frame=107 gpu_ms=31.852020
NET frame=108 gpu_ms=32.000160
NET frame=109 gpu_ms=31.806219
NET frame=110 gpu_ms=32.055099
NET frame=111 gpu_ms=31.852079
NET frame=112 gpu_ms=31.982401
NET frame=113 gpu_ms=31.903021
NET frame=114 gpu_ms=31.994761
NET frame=115 gpu_ms=31.722660
NET frame=116 gpu_ms=31.790720
NET frame=117 gpu_ms=31.911720
NET frame=118 gpu_ms=32.049820
NET frame=119 gpu_ms=32.083961
NET frame=120 gpu_ms=31.693399
NET frame=121 gpu_ms=31.956461
NET frame=122 gpu_ms=32.058159
NET frame=123 gpu_ms=31.701040
NET frame=124 gpu_ms=31.937740
NET frame=125 gpu_ms=31.589121
NET frame=126 gpu_ms=31.852520
NET frame=127 gpu_ms=31.925400
NET frame=128 gpu_ms=31.875019
NET frame=129 gpu_ms=32.021042
NET frame=130 gpu_ms=31.685600
NET frame=131 gpu_ms=32.024181
NET frame=132 gpu_ms=32.013199
NET frame=133 gpu_ms=32.009998
NET frame=134 gpu_ms=31.974859
NET frame=135 gpu_ms=31.843840
NET frame=136 gpu_ms=32.139278
NET frame=137 gpu_ms=31.764160
NET frame=138 gpu_ms=32.140400
NET frame=139 gpu_ms=31.605560
NET frame=140 gpu_ms=31.731119
NET frame=141 gpu_ms=32.001480
NET frame=142 gpu_ms=31.729580
NET frame=143 gpu_ms=31.749241
NET frame=144 gpu_ms=31.924681
NET frame=145 gpu_ms=31.915159
NET frame=146 gpu_ms=31.958000
NET frame=147 gpu_ms=32.054562
NET frame=148 gpu_ms=31.733500
NET frame=149 gpu_ms=32.044460
NET frame=150 gpu_ms=31.761761
NET frame=151 gpu_ms=31.842520
NET frame=152 gpu_ms=31.897360
NET frame=153 gpu_ms=31.951799
NET frame=154 gpu_ms=31.876200
NET frame=155 gpu_ms=31.897301
NET frame=156 gpu_ms=31.847481
NET frame=157 gpu_ms=32.091179
NET frame=158 gpu_ms=32.045422
NET frame=159 gpu_ms=31.543880
NET frame=160 gpu_ms=31.901840
NET frame=161 gpu_ms=31.890440
NET frame=162 gpu_ms=31.818960
NET frame=163 gpu_ms=31.743320
NET frame=164 gpu_ms=31.985279
NET frame=165 gpu_ms=31.920759
NET frame=166 gpu_ms=31.755899
NET frame=167 gpu_ms=31.817419
NET frame=168 gpu_ms=31.804760
NET frame=169 gpu_ms=31.909660
NET frame=170 gpu_ms=32.156399
NET frame=171 gpu_ms=31.953100
NET frame=172 gpu_ms=31.761021
NET frame=173 gpu_ms=32.199120
NET frame=174 gpu_ms=31.817181
NET frame=175 gpu_ms=31.900181
NET frame=176 gpu_ms=31.734680
NET frame=177 gpu_ms=31.791941
NET frame=178 gpu_ms=31.884899
NET frame=179 gpu_ms=32.029640
NET frame=180 gpu_ms=31.662840
NET frame=181 gpu_ms=31.768419
NET frame=182 gpu_ms=31.895121
NET frame=183 gpu_ms=31.927521
NET frame=184 gpu_ms=31.831039
NET frame=185 gpu_ms=31.804800
NET frame=186 gpu_ms=31.826441
NET frame=187 gpu_ms=31.916439
NET frame=188 gpu_ms=31.797340
NET frame=189 gpu_ms=31.770380
NET frame=190 gpu_ms=31.951059
NET frame=191 gpu_ms=31.585880
NET frame=192 gpu_ms=32.116280
NET frame=193 gpu_ms=32.138981
NET frame=194 gpu_ms=31.817381
NET frame=195 gpu_ms=31.912960
NET frame=196 gpu_ms=32.113998
NET frame=197 gpu_ms=32.002499
NET frame=198 gpu_ms=31.699459
NET frame=199 gpu_ms=31.726040
frame=199 reset=1 wall_ms=33.228 invalid=0 luma=0.3597704 roi=0.4268046 dark=101219 roi_dark=9829 changed_first=0 maxabs_first=0
SP_STATS runs=0 fallback=0 rollover=0 jobs=0 disabled=0 errors=0
RESULT frames=200 temporal=0 mean_wall_ms=38.848 invalid_total=0 restored_capture_every_frame=1 HDR_preserved=1
