seed=0 pattern=0
input format=RGBA16_FLOAT W=1296 H=720 invalid=0 min=0 max=34.53125 luma=0.0157641119 roi_luma=0.0250669576
adapter=AMD Radeon RX 9070 XT
SP_PLAN c=256 first=16 layers=6 tasks=624 initial=104 state_bytes=7504 w16=1
SP_PLAN c=256 first=49 layers=6 tasks=624 initial=104 state_bytes=7504 w16=1
FRAME_NET_GPU frame=0 gpu_ms=1191.94714 tag=1 ready=1
frame=0 reset=1 wall_ms=1203.316 invalid=0 luma=0.01311046 roi=0.01994696 dark=808529 roi_dark=258288 changed_first=0 maxabs_first=0
FRAME_NET_GPU frame=1 gpu_ms=5.18430996 tag=2 ready=1
FRAME_NET_GPU frame=2 gpu_ms=4.76024008 tag=3 ready=1
FRAME_NET_GPU frame=3 gpu_ms=6.76900005 tag=4 ready=1
FRAME_NET_GPU frame=4 gpu_ms=6.64605999 tag=5 ready=1
FRAME_NET_GPU frame=5 gpu_ms=6.35510015 tag=6 ready=1
FRAME_NET_GPU frame=6 gpu_ms=6.28849983 tag=7 ready=1
FRAME_NET_GPU frame=7 gpu_ms=6.30749989 tag=8 ready=1
FRAME_NET_GPU frame=8 gpu_ms=6.26758003 tag=9 ready=1
FRAME_NET_GPU frame=9 gpu_ms=6.33599997 tag=10 ready=1
FRAME_NET_GPU frame=10 gpu_ms=6.38609982 tag=11 ready=1
FRAME_NET_GPU frame=11 gpu_ms=6.40350008 tag=12 ready=1
FRAME_NET_GPU frame=12 gpu_ms=6.42180014 tag=13 ready=1
FRAME_NET_GPU frame=13 gpu_ms=6.31640005 tag=14 ready=1
FRAME_NET_GPU frame=14 gpu_ms=6.32450008 tag=15 ready=1
FRAME_NET_GPU frame=15 gpu_ms=6.32649994 tag=16 ready=1
FRAME_NET_GPU frame=16 gpu_ms=6.53893995 tag=17 ready=1
FRAME_NET_GPU frame=17 gpu_ms=6.56918001 tag=18 ready=1
FRAME_NET_GPU frame=18 gpu_ms=6.69021988 tag=19 ready=1
FRAME_NET_GPU frame=19 gpu_ms=6.44371986 tag=20 ready=1
FRAME_NET_GPU frame=20 gpu_ms=6.45949984 tag=21 ready=1
FRAME_NET_GPU frame=21 gpu_ms=6.4938798 tag=22 ready=1
FRAME_NET_GPU frame=22 gpu_ms=6.56069994 tag=23 ready=1
FRAME_NET_GPU frame=23 gpu_ms=6.60317993 tag=24 ready=1
FRAME_NET_GPU frame=24 gpu_ms=6.32299995 tag=25 ready=1
FRAME_NET_GPU frame=25 gpu_ms=6.71585989 tag=26 ready=1
FRAME_NET_GPU frame=26 gpu_ms=6.4087801 tag=27 ready=1
FRAME_NET_GPU frame=27 gpu_ms=6.57244015 tag=28 ready=1
FRAME_NET_GPU frame=28 gpu_ms=6.5287199 tag=29 ready=1
FRAME_NET_GPU frame=29 gpu_ms=6.44505978 tag=30 ready=1
FRAME_NET_GPU frame=30 gpu_ms=6.5028801 tag=31 ready=1
FRAME_NET_GPU frame=31 gpu_ms=6.43709993 tag=32 ready=1
FRAME_NET_GPU frame=32 gpu_ms=6.62362003 tag=33 ready=1
FRAME_NET_GPU frame=33 gpu_ms=6.46413994 tag=34 ready=1
FRAME_NET_GPU frame=34 gpu_ms=6.44812012 tag=35 ready=1
FRAME_NET_GPU frame=35 gpu_ms=6.37572002 tag=36 ready=1
FRAME_NET_GPU frame=36 gpu_ms=6.38590002 tag=37 ready=1
FRAME_NET_GPU frame=37 gpu_ms=6.42539978 tag=38 ready=1
FRAME_NET_GPU frame=38 gpu_ms=6.47607994 tag=39 ready=1
FRAME_NET_GPU frame=39 gpu_ms=6.52330017 tag=40 ready=1
FRAME_NET_GPU frame=40 gpu_ms=6.52101994 tag=41 ready=1
FRAME_NET_GPU frame=41 gpu_ms=6.33824015 tag=42 ready=1
FRAME_NET_GPU frame=42 gpu_ms=6.51391983 tag=43 ready=1
FRAME_NET_GPU frame=43 gpu_ms=6.51773977 tag=44 ready=1
FRAME_NET_GPU frame=44 gpu_ms=6.56583977 tag=45 ready=1
FRAME_NET_GPU frame=45 gpu_ms=6.6743598 tag=46 ready=1
FRAME_NET_GPU frame=46 gpu_ms=6.6371398 tag=47 ready=1
FRAME_NET_GPU frame=47 gpu_ms=6.59569979 tag=48 ready=1
FRAME_NET_GPU frame=48 gpu_ms=6.56141996 tag=49 ready=1
FRAME_NET_GPU frame=49 gpu_ms=6.55550003 tag=50 ready=1
FRAME_NET_GPU frame=50 gpu_ms=6.60972023 tag=51 ready=1
FRAME_NET_GPU frame=51 gpu_ms=6.6619401 tag=52 ready=1
FRAME_NET_GPU frame=52 gpu_ms=6.57936001 tag=53 ready=1
FRAME_NET_GPU frame=53 gpu_ms=6.69468021 tag=54 ready=1
FRAME_NET_GPU frame=54 gpu_ms=6.4851799 tag=55 ready=1
FRAME_NET_GPU frame=55 gpu_ms=6.57087994 tag=56 ready=1
FRAME_NET_GPU frame=56 gpu_ms=6.6244998 tag=57 ready=1
FRAME_NET_GPU frame=57 gpu_ms=6.52646017 tag=58 ready=1
FRAME_NET_GPU frame=58 gpu_ms=6.59787989 tag=59 ready=1
FRAME_NET_GPU frame=59 gpu_ms=6.55800009 tag=60 ready=1
FRAME_NET_GPU frame=60 gpu_ms=6.56716013 tag=61 ready=1
FRAME_NET_GPU frame=61 gpu_ms=6.60160017 tag=62 ready=1
FRAME_NET_GPU frame=62 gpu_ms=6.52301979 tag=63 ready=1
FRAME_NET_GPU frame=63 gpu_ms=6.5985198 tag=64 ready=1
FRAME_NET_GPU frame=64 gpu_ms=6.49783993 tag=65 ready=1
FRAME_NET_GPU frame=65 gpu_ms=6.62576008 tag=66 ready=1
FRAME_NET_GPU frame=66 gpu_ms=6.60718012 tag=67 ready=1
FRAME_NET_GPU frame=67 gpu_ms=6.57418013 tag=68 ready=1
FRAME_NET_GPU frame=68 gpu_ms=6.6170001 tag=69 ready=1
FRAME_NET_GPU frame=69 gpu_ms=6.55435991 tag=70 ready=1
FRAME_NET_GPU frame=70 gpu_ms=6.62798023 tag=71 ready=1
FRAME_NET_GPU frame=71 gpu_ms=6.57435989 tag=72 ready=1
FRAME_NET_GPU frame=72 gpu_ms=6.68260002 tag=73 ready=1
FRAME_NET_GPU frame=73 gpu_ms=6.57770014 tag=74 ready=1
FRAME_NET_GPU frame=74 gpu_ms=6.59323978 tag=75 ready=1
FRAME_NET_GPU frame=75 gpu_ms=6.55817986 tag=76 ready=1
FRAME_NET_GPU frame=76 gpu_ms=6.54307985 tag=77 ready=1
FRAME_NET_GPU frame=77 gpu_ms=6.58387995 tag=78 ready=1
FRAME_NET_GPU frame=78 gpu_ms=6.60283995 tag=79 ready=1
FRAME_NET_GPU frame=79 gpu_ms=6.59310007 tag=80 ready=1
FRAME_NET_GPU frame=80 gpu_ms=6.58601999 tag=81 ready=1
FRAME_NET_GPU frame=81 gpu_ms=6.58241987 tag=82 ready=1
FRAME_NET_GPU frame=82 gpu_ms=6.58773994 tag=83 ready=1
FRAME_NET_GPU frame=83 gpu_ms=6.52385998 tag=84 ready=1
FRAME_NET_GPU frame=84 gpu_ms=6.53857994 tag=85 ready=1
FRAME_NET_GPU frame=85 gpu_ms=6.55397987 tag=86 ready=1
FRAME_NET_GPU frame=86 gpu_ms=6.56735992 tag=87 ready=1
FRAME_NET_GPU frame=87 gpu_ms=6.57836008 tag=88 ready=1
FRAME_NET_GPU frame=88 gpu_ms=6.53177977 tag=89 ready=1
FRAME_NET_GPU frame=89 gpu_ms=6.59011984 tag=90 ready=1
FRAME_NET_GPU frame=90 gpu_ms=6.60256004 tag=91 ready=1
FRAME_NET_GPU frame=91 gpu_ms=6.59469986 tag=92 ready=1
FRAME_NET_GPU frame=92 gpu_ms=6.60896015 tag=93 ready=1
FRAME_NET_GPU frame=93 gpu_ms=6.49760008 tag=94 ready=1
FRAME_NET_GPU frame=94 gpu_ms=6.61221981 tag=95 ready=1
FRAME_NET_GPU frame=95 gpu_ms=6.61187983 tag=96 ready=1
FRAME_NET_GPU frame=96 gpu_ms=6.63624001 tag=97 ready=1
FRAME_NET_GPU frame=97 gpu_ms=6.63344002 tag=98 ready=1
FRAME_NET_GPU frame=98 gpu_ms=6.59060001 tag=99 ready=1
FRAME_NET_GPU frame=99 gpu_ms=6.52981997 tag=100 ready=1
FRAME_NET_GPU frame=100 gpu_ms=6.74085999 tag=101 ready=1
FRAME_NET_GPU frame=101 gpu_ms=6.57098007 tag=102 ready=1
FRAME_NET_GPU frame=102 gpu_ms=6.54398012 tag=103 ready=1
FRAME_NET_GPU frame=103 gpu_ms=6.67541981 tag=104 ready=1
FRAME_NET_GPU frame=104 gpu_ms=6.55613995 tag=105 ready=1
FRAME_NET_GPU frame=105 gpu_ms=6.55382013 tag=106 ready=1
FRAME_NET_GPU frame=106 gpu_ms=6.58663988 tag=107 ready=1
FRAME_NET_GPU frame=107 gpu_ms=6.52547979 tag=108 ready=1
FRAME_NET_GPU frame=108 gpu_ms=6.43943977 tag=109 ready=1
FRAME_NET_GPU frame=109 gpu_ms=6.60992002 tag=110 ready=1
FRAME_NET_GPU frame=110 gpu_ms=6.66707993 tag=111 ready=1
FRAME_NET_GPU frame=111 gpu_ms=6.63874006 tag=112 ready=1
FRAME_NET_GPU frame=112 gpu_ms=6.52515984 tag=113 ready=1
FRAME_NET_GPU frame=113 gpu_ms=6.50536013 tag=114 ready=1
FRAME_NET_GPU frame=114 gpu_ms=6.55779982 tag=115 ready=1
FRAME_NET_GPU frame=115 gpu_ms=6.59068012 tag=116 ready=1
FRAME_NET_GPU frame=116 gpu_ms=6.59666014 tag=117 ready=1
FRAME_NET_GPU frame=117 gpu_ms=6.57893991 tag=118 ready=1
FRAME_NET_GPU frame=118 gpu_ms=6.56167984 tag=119 ready=1
FRAME_NET_GPU frame=119 gpu_ms=6.57480001 tag=120 ready=1
FRAME_NET_GPU frame=120 gpu_ms=6.6198802 tag=121 ready=1
FRAME_NET_GPU frame=121 gpu_ms=6.68758011 tag=122 ready=1
FRAME_NET_GPU frame=122 gpu_ms=6.46284008 tag=123 ready=1
FRAME_NET_GPU frame=123 gpu_ms=6.55378008 tag=124 ready=1
FRAME_NET_GPU frame=124 gpu_ms=6.64033985 tag=125 ready=1
FRAME_NET_GPU frame=125 gpu_ms=6.56381989 tag=126 ready=1
FRAME_NET_GPU frame=126 gpu_ms=6.53970003 tag=127 ready=1
FRAME_NET_GPU frame=127 gpu_ms=6.39173985 tag=128 ready=1
FRAME_NET_GPU frame=128 gpu_ms=6.57499981 tag=129 ready=1
FRAME_NET_GPU frame=129 gpu_ms=6.4637599 tag=130 ready=1
FRAME_NET_GPU frame=130 gpu_ms=6.5934 tag=131 ready=1
FRAME_NET_GPU frame=131 gpu_ms=6.50089979 tag=132 ready=1
FRAME_NET_GPU frame=132 gpu_ms=6.55208015 tag=133 ready=1
FRAME_NET_GPU frame=133 gpu_ms=6.52502012 tag=134 ready=1
FRAME_NET_GPU frame=134 gpu_ms=6.58784008 tag=135 ready=1
FRAME_NET_GPU frame=135 gpu_ms=6.52116013 tag=136 ready=1
FRAME_NET_GPU frame=136 gpu_ms=6.49491978 tag=137 ready=1
FRAME_NET_GPU frame=137 gpu_ms=6.53531981 tag=138 ready=1
FRAME_NET_GPU frame=138 gpu_ms=6.56158018 tag=139 ready=1
FRAME_NET_GPU frame=139 gpu_ms=6.77663994 tag=140 ready=1
FRAME_NET_GPU frame=140 gpu_ms=6.6099 tag=141 ready=1
FRAME_NET_GPU frame=141 gpu_ms=6.45733976 tag=142 ready=1
FRAME_NET_GPU frame=142 gpu_ms=6.51066017 tag=143 ready=1
FRAME_NET_GPU frame=143 gpu_ms=6.54542017 tag=144 ready=1
FRAME_NET_GPU frame=144 gpu_ms=6.59085989 tag=145 ready=1
FRAME_NET_GPU frame=145 gpu_ms=6.53446007 tag=146 ready=1
FRAME_NET_GPU frame=146 gpu_ms=6.67621994 tag=147 ready=1
FRAME_NET_GPU frame=147 gpu_ms=6.80980015 tag=148 ready=1
FRAME_NET_GPU frame=148 gpu_ms=6.37779999 tag=149 ready=1
FRAME_NET_GPU frame=149 gpu_ms=6.49703979 tag=150 ready=1
FRAME_NET_GPU frame=150 gpu_ms=6.51147985 tag=151 ready=1
FRAME_NET_GPU frame=151 gpu_ms=6.50352001 tag=152 ready=1
FRAME_NET_GPU frame=152 gpu_ms=6.50640011 tag=153 ready=1
FRAME_NET_GPU frame=153 gpu_ms=6.46589994 tag=154 ready=1
FRAME_NET_GPU frame=154 gpu_ms=6.50048018 tag=155 ready=1
FRAME_NET_GPU frame=155 gpu_ms=6.61554003 tag=156 ready=1
FRAME_NET_GPU frame=156 gpu_ms=6.55670023 tag=157 ready=1
FRAME_NET_GPU frame=157 gpu_ms=6.53745985 tag=158 ready=1
FRAME_NET_GPU frame=158 gpu_ms=6.71697998 tag=159 ready=1
FRAME_NET_GPU frame=159 gpu_ms=6.42678022 tag=160 ready=1
frame=159 reset=1 wall_ms=7.189 invalid=0 luma=0.01311046 roi=0.01994696 dark=808529 roi_dark=258288 changed_first=0 maxabs_first=0
SP_STATS runs=320 fallback=0 rollover=0 jobs=199680 disabled=0 errors=0
RESULT frames=160 temporal=0 mean_wall_ms=14.527 invalid_total=0 restored_capture_every_frame=1 HDR_preserved=1

