seed=1 pattern=0
input format=RGBA16_FLOAT W=2560 H=1440 invalid=0 min=0 max=1 luma=0.357899353 roi_luma=0.389746571
adapter=AMD Radeon RX 9070 XT
GEOMETRY valid=2560x1440 processing=2560x1472 tokens=960
frame=0 reset=1 wall_ms=1124.608 invalid=0 luma=0.3596833 roi=0.4035345 dark=1325 roi_dark=232 changed_first=0 maxabs_first=0
frame=1 reset=1 wall_ms=19.057 invalid=0 luma=0.3596833 roi=0.4035345 dark=1325 roi_dark=232 changed_first=0 maxabs_first=0
frame=2 reset=1 wall_ms=29.141 invalid=0 luma=0.3596833 roi=0.4035345 dark=1325 roi_dark=232 changed_first=0 maxabs_first=0
frame=3 reset=1 wall_ms=18.435 invalid=0 luma=0.3596833 roi=0.4035345 dark=1325 roi_dark=232 changed_first=0 maxabs_first=0
frame=4 reset=1 wall_ms=18.459 invalid=0 luma=0.3596833 roi=0.4035345 dark=1325 roi_dark=232 changed_first=0 maxabs_first=0
frame=5 reset=1 wall_ms=18.769 invalid=0 luma=0.3596833 roi=0.4035345 dark=1325 roi_dark=232 changed_first=0 maxabs_first=0
frame=6 reset=1 wall_ms=19.177 invalid=0 luma=0.3596833 roi=0.4035345 dark=1325 roi_dark=232 changed_first=0 maxabs_first=0
frame=7 reset=1 wall_ms=18.631 invalid=0 luma=0.3596833 roi=0.4035345 dark=1325 roi_dark=232 changed_first=0 maxabs_first=0
frame=8 reset=1 wall_ms=18.572 invalid=0 luma=0.3596833 roi=0.4035345 dark=1325 roi_dark=232 changed_first=0 maxabs_first=0
frame=9 reset=1 wall_ms=18.420 invalid=0 luma=0.3596833 roi=0.4035345 dark=1325 roi_dark=232 changed_first=0 maxabs_first=0
frame=10 reset=1 wall_ms=18.610 invalid=0 luma=0.3596833 roi=0.4035345 dark=1325 roi_dark=232 changed_first=0 maxabs_first=0
frame=11 reset=1 wall_ms=39.420 invalid=0 luma=0.3596833 roi=0.4035345 dark=1325 roi_dark=232 changed_first=0 maxabs_first=0
frame=12 reset=1 wall_ms=18.390 invalid=0 luma=0.3596833 roi=0.4035345 dark=1325 roi_dark=232 changed_first=0 maxabs_first=0
frame=13 reset=1 wall_ms=18.480 invalid=0 luma=0.3596833 roi=0.4035345 dark=1325 roi_dark=232 changed_first=0 maxabs_first=0
frame=14 reset=1 wall_ms=18.973 invalid=0 luma=0.3596833 roi=0.4035345 dark=1325 roi_dark=232 changed_first=0 maxabs_first=0
frame=15 reset=1 wall_ms=23.264 invalid=0 luma=0.3596833 roi=0.4035345 dark=1325 roi_dark=232 changed_first=0 maxabs_first=0
frame=16 reset=1 wall_ms=21.750 invalid=0 luma=0.3596833 roi=0.4035345 dark=1325 roi_dark=232 changed_first=0 maxabs_first=0
frame=17 reset=1 wall_ms=18.913 invalid=0 luma=0.3596833 roi=0.4035345 dark=1325 roi_dark=232 changed_first=0 maxabs_first=0
frame=18 reset=1 wall_ms=18.439 invalid=0 luma=0.3596833 roi=0.4035345 dark=1325 roi_dark=232 changed_first=0 maxabs_first=0
frame=19 reset=1 wall_ms=18.186 invalid=0 luma=0.3596833 roi=0.4035345 dark=1325 roi_dark=232 changed_first=0 maxabs_first=0
frame=20 reset=1 wall_ms=18.650 invalid=0 luma=0.3596833 roi=0.4035345 dark=1325 roi_dark=232 changed_first=0 maxabs_first=0
frame=21 reset=1 wall_ms=18.118 invalid=0 luma=0.3596833 roi=0.4035345 dark=1325 roi_dark=232 changed_first=0 maxabs_first=0
frame=22 reset=1 wall_ms=18.088 invalid=0 luma=0.3596833 roi=0.4035345 dark=1325 roi_dark=232 changed_first=0 maxabs_first=0
frame=23 reset=1 wall_ms=21.392 invalid=0 luma=0.3596833 roi=0.4035345 dark=1325 roi_dark=232 changed_first=0 maxabs_first=0
frame=24 reset=1 wall_ms=18.285 invalid=0 luma=0.3596833 roi=0.4035345 dark=1325 roi_dark=232 changed_first=0 maxabs_first=0
frame=25 reset=1 wall_ms=18.144 invalid=0 luma=0.3596833 roi=0.4035345 dark=1325 roi_dark=232 changed_first=0 maxabs_first=0
frame=26 reset=1 wall_ms=18.420 invalid=0 luma=0.3596833 roi=0.4035345 dark=1325 roi_dark=232 changed_first=0 maxabs_first=0
frame=27 reset=1 wall_ms=26.232 invalid=0 luma=0.3596833 roi=0.4035345 dark=1325 roi_dark=232 changed_first=0 maxabs_first=0
frame=28 reset=1 wall_ms=23.036 invalid=0 luma=0.3596833 roi=0.4035345 dark=1325 roi_dark=232 changed_first=0 maxabs_first=0
frame=29 reset=1 wall_ms=18.429 invalid=0 luma=0.3596833 roi=0.4035345 dark=1325 roi_dark=232 changed_first=0 maxabs_first=0
frame=30 reset=1 wall_ms=18.577 invalid=0 luma=0.3596833 roi=0.4035345 dark=1325 roi_dark=232 changed_first=0 maxabs_first=0
frame=31 reset=1 wall_ms=19.436 invalid=0 luma=0.3596833 roi=0.4035345 dark=1325 roi_dark=232 changed_first=0 maxabs_first=0
frame=32 reset=1 wall_ms=19.158 invalid=0 luma=0.3596833 roi=0.4035345 dark=1325 roi_dark=232 changed_first=0 maxabs_first=0
frame=33 reset=1 wall_ms=18.252 invalid=0 luma=0.3596833 roi=0.4035345 dark=1325 roi_dark=232 changed_first=0 maxabs_first=0
frame=34 reset=1 wall_ms=22.036 invalid=0 luma=0.3596833 roi=0.4035345 dark=1325 roi_dark=232 changed_first=0 maxabs_first=0
frame=35 reset=1 wall_ms=18.957 invalid=0 luma=0.3596833 roi=0.4035345 dark=1325 roi_dark=232 changed_first=0 maxabs_first=0
frame=36 reset=1 wall_ms=18.968 invalid=0 luma=0.3596833 roi=0.4035345 dark=1325 roi_dark=232 changed_first=0 maxabs_first=0
frame=37 reset=1 wall_ms=18.297 invalid=0 luma=0.3596833 roi=0.4035345 dark=1325 roi_dark=232 changed_first=0 maxabs_first=0
frame=38 reset=1 wall_ms=18.202 invalid=0 luma=0.3596833 roi=0.4035345 dark=1325 roi_dark=232 changed_first=0 maxabs_first=0
frame=39 reset=1 wall_ms=19.149 invalid=0 luma=0.3596833 roi=0.4035345 dark=1325 roi_dark=232 changed_first=0 maxabs_first=0
frame=40 reset=1 wall_ms=19.512 invalid=0 luma=0.3596833 roi=0.4035345 dark=1325 roi_dark=232 changed_first=0 maxabs_first=0
frame=41 reset=1 wall_ms=18.095 invalid=0 luma=0.3596833 roi=0.4035345 dark=1325 roi_dark=232 changed_first=0 maxabs_first=0
frame=42 reset=1 wall_ms=26.365 invalid=0 luma=0.3596833 roi=0.4035345 dark=1325 roi_dark=232 changed_first=0 maxabs_first=0
frame=43 reset=1 wall_ms=17.855 invalid=0 luma=0.3596833 roi=0.4035345 dark=1325 roi_dark=232 changed_first=0 maxabs_first=0
frame=44 reset=1 wall_ms=18.152 invalid=0 luma=0.3596833 roi=0.4035345 dark=1325 roi_dark=232 changed_first=0 maxabs_first=0
frame=45 reset=1 wall_ms=39.410 invalid=0 luma=0.3596833 roi=0.4035345 dark=1325 roi_dark=232 changed_first=0 maxabs_first=0
frame=46 reset=1 wall_ms=18.142 invalid=0 luma=0.3596833 roi=0.4035345 dark=1325 roi_dark=232 changed_first=0 maxabs_first=0
frame=47 reset=1 wall_ms=18.160 invalid=0 luma=0.3596833 roi=0.4035345 dark=1325 roi_dark=232 changed_first=0 maxabs_first=0
frame=48 reset=1 wall_ms=18.325 invalid=0 luma=0.3596833 roi=0.4035345 dark=1325 roi_dark=232 changed_first=0 maxabs_first=0
frame=49 reset=1 wall_ms=18.381 invalid=0 luma=0.3596833 roi=0.4035345 dark=1325 roi_dark=232 changed_first=0 maxabs_first=0
frame=50 reset=1 wall_ms=18.376 invalid=0 luma=0.3596833 roi=0.4035345 dark=1325 roi_dark=232 changed_first=0 maxabs_first=0
frame=51 reset=1 wall_ms=21.348 invalid=0 luma=0.3596833 roi=0.4035345 dark=1325 roi_dark=232 changed_first=0 maxabs_first=0
frame=52 reset=1 wall_ms=19.485 invalid=0 luma=0.3596833 roi=0.4035345 dark=1325 roi_dark=232 changed_first=0 maxabs_first=0
frame=53 reset=1 wall_ms=18.039 invalid=0 luma=0.3596833 roi=0.4035345 dark=1325 roi_dark=232 changed_first=0 maxabs_first=0
frame=54 reset=1 wall_ms=19.696 invalid=0 luma=0.3596833 roi=0.4035345 dark=1325 roi_dark=232 changed_first=0 maxabs_first=0
frame=55 reset=1 wall_ms=18.047 invalid=0 luma=0.3596833 roi=0.4035345 dark=1325 roi_dark=232 changed_first=0 maxabs_first=0
frame=56 reset=1 wall_ms=18.135 invalid=0 luma=0.3596833 roi=0.4035345 dark=1325 roi_dark=232 changed_first=0 maxabs_first=0
frame=57 reset=1 wall_ms=22.199 invalid=0 luma=0.3596833 roi=0.4035345 dark=1325 roi_dark=232 changed_first=0 maxabs_first=0
frame=58 reset=1 wall_ms=18.378 invalid=0 luma=0.3596833 roi=0.4035345 dark=1325 roi_dark=232 changed_first=0 maxabs_first=0
frame=59 reset=1 wall_ms=18.483 invalid=0 luma=0.3596833 roi=0.4035345 dark=1325 roi_dark=232 changed_first=0 maxabs_first=0
frame=60 reset=1 wall_ms=22.000 invalid=0 luma=0.3596833 roi=0.4035345 dark=1325 roi_dark=232 changed_first=0 maxabs_first=0
frame=61 reset=1 wall_ms=18.255 invalid=0 luma=0.3596833 roi=0.4035345 dark=1325 roi_dark=232 changed_first=0 maxabs_first=0
frame=62 reset=1 wall_ms=19.256 invalid=0 luma=0.3596833 roi=0.4035345 dark=1325 roi_dark=232 changed_first=0 maxabs_first=0
frame=63 reset=1 wall_ms=18.300 invalid=0 luma=0.3596833 roi=0.4035345 dark=1325 roi_dark=232 changed_first=0 maxabs_first=0
frame=64 reset=1 wall_ms=19.615 invalid=0 luma=0.3596833 roi=0.4035345 dark=1325 roi_dark=232 changed_first=0 maxabs_first=0
frame=65 reset=1 wall_ms=18.347 invalid=0 luma=0.3596833 roi=0.4035345 dark=1325 roi_dark=232 changed_first=0 maxabs_first=0
frame=66 reset=1 wall_ms=18.027 invalid=0 luma=0.3596833 roi=0.4035345 dark=1325 roi_dark=232 changed_first=0 maxabs_first=0
frame=67 reset=1 wall_ms=24.290 invalid=0 luma=0.3596833 roi=0.4035345 dark=1325 roi_dark=232 changed_first=0 maxabs_first=0
frame=68 reset=1 wall_ms=27.053 invalid=0 luma=0.3596833 roi=0.4035345 dark=1325 roi_dark=232 changed_first=0 maxabs_first=0
frame=69 reset=1 wall_ms=18.235 invalid=0 luma=0.3596833 roi=0.4035345 dark=1325 roi_dark=232 changed_first=0 maxabs_first=0
frame=70 reset=1 wall_ms=18.116 invalid=0 luma=0.3596833 roi=0.4035345 dark=1325 roi_dark=232 changed_first=0 maxabs_first=0
frame=71 reset=1 wall_ms=18.196 invalid=0 luma=0.3596833 roi=0.4035345 dark=1325 roi_dark=232 changed_first=0 maxabs_first=0
frame=72 reset=1 wall_ms=25.033 invalid=0 luma=0.3596833 roi=0.4035345 dark=1325 roi_dark=232 changed_first=0 maxabs_first=0
frame=73 reset=1 wall_ms=18.276 invalid=0 luma=0.3596833 roi=0.4035345 dark=1325 roi_dark=232 changed_first=0 maxabs_first=0
frame=74 reset=1 wall_ms=18.323 invalid=0 luma=0.3596833 roi=0.4035345 dark=1325 roi_dark=232 changed_first=0 maxabs_first=0
frame=75 reset=1 wall_ms=21.345 invalid=0 luma=0.3596833 roi=0.4035345 dark=1325 roi_dark=232 changed_first=0 maxabs_first=0
frame=76 reset=1 wall_ms=18.046 invalid=0 luma=0.3596833 roi=0.4035345 dark=1325 roi_dark=232 changed_first=0 maxabs_first=0
frame=77 reset=1 wall_ms=21.174 invalid=0 luma=0.3596833 roi=0.4035345 dark=1325 roi_dark=232 changed_first=0 maxabs_first=0
frame=78 reset=1 wall_ms=18.334 invalid=0 luma=0.3596833 roi=0.4035345 dark=1325 roi_dark=232 changed_first=0 maxabs_first=0
frame=79 reset=1 wall_ms=21.374 invalid=0 luma=0.3596833 roi=0.4035345 dark=1325 roi_dark=232 changed_first=0 maxabs_first=0
frame=80 reset=1 wall_ms=17.999 invalid=0 luma=0.3596833 roi=0.4035345 dark=1325 roi_dark=232 changed_first=0 maxabs_first=0
frame=81 reset=1 wall_ms=20.721 invalid=0 luma=0.3596833 roi=0.4035345 dark=1325 roi_dark=232 changed_first=0 maxabs_first=0
frame=82 reset=1 wall_ms=19.275 invalid=0 luma=0.3596833 roi=0.4035345 dark=1325 roi_dark=232 changed_first=0 maxabs_first=0
frame=83 reset=1 wall_ms=18.365 invalid=0 luma=0.3596833 roi=0.4035345 dark=1325 roi_dark=232 changed_first=0 maxabs_first=0
frame=84 reset=1 wall_ms=19.748 invalid=0 luma=0.3596833 roi=0.4035345 dark=1325 roi_dark=232 changed_first=0 maxabs_first=0
frame=85 reset=1 wall_ms=18.514 invalid=0 luma=0.3596833 roi=0.4035345 dark=1325 roi_dark=232 changed_first=0 maxabs_first=0
frame=86 reset=1 wall_ms=18.216 invalid=0 luma=0.3596833 roi=0.4035345 dark=1325 roi_dark=232 changed_first=0 maxabs_first=0
frame=87 reset=1 wall_ms=18.528 invalid=0 luma=0.3596833 roi=0.4035345 dark=1325 roi_dark=232 changed_first=0 maxabs_first=0
frame=88 reset=1 wall_ms=18.340 invalid=0 luma=0.3596833 roi=0.4035345 dark=1325 roi_dark=232 changed_first=0 maxabs_first=0
frame=89 reset=1 wall_ms=18.209 invalid=0 luma=0.3596833 roi=0.4035345 dark=1325 roi_dark=232 changed_first=0 maxabs_first=0
frame=90 reset=1 wall_ms=18.110 invalid=0 luma=0.3596833 roi=0.4035345 dark=1325 roi_dark=232 changed_first=0 maxabs_first=0
frame=91 reset=1 wall_ms=21.879 invalid=0 luma=0.3596833 roi=0.4035345 dark=1325 roi_dark=232 changed_first=0 maxabs_first=0
frame=92 reset=1 wall_ms=18.732 invalid=0 luma=0.3596833 roi=0.4035345 dark=1325 roi_dark=232 changed_first=0 maxabs_first=0
frame=93 reset=1 wall_ms=18.165 invalid=0 luma=0.3596833 roi=0.4035345 dark=1325 roi_dark=232 changed_first=0 maxabs_first=0
frame=94 reset=1 wall_ms=19.706 invalid=0 luma=0.3596833 roi=0.4035345 dark=1325 roi_dark=232 changed_first=0 maxabs_first=0
frame=95 reset=1 wall_ms=18.231 invalid=0 luma=0.3596833 roi=0.4035345 dark=1325 roi_dark=232 changed_first=0 maxabs_first=0
frame=96 reset=1 wall_ms=21.772 invalid=0 luma=0.3596833 roi=0.4035345 dark=1325 roi_dark=232 changed_first=0 maxabs_first=0
frame=97 reset=1 wall_ms=18.292 invalid=0 luma=0.3596833 roi=0.4035345 dark=1325 roi_dark=232 changed_first=0 maxabs_first=0
frame=98 reset=1 wall_ms=18.109 invalid=0 luma=0.3596833 roi=0.4035345 dark=1325 roi_dark=232 changed_first=0 maxabs_first=0
frame=99 reset=1 wall_ms=18.298 invalid=0 luma=0.3596833 roi=0.4035345 dark=1325 roi_dark=232 changed_first=0 maxabs_first=0
frame=100 reset=1 wall_ms=22.806 invalid=0 luma=0.3596833 roi=0.4035345 dark=1325 roi_dark=232 changed_first=0 maxabs_first=0
frame=101 reset=1 wall_ms=18.321 invalid=0 luma=0.3596833 roi=0.4035345 dark=1325 roi_dark=232 changed_first=0 maxabs_first=0
frame=102 reset=1 wall_ms=18.210 invalid=0 luma=0.3596833 roi=0.4035345 dark=1325 roi_dark=232 changed_first=0 maxabs_first=0
frame=103 reset=1 wall_ms=18.315 invalid=0 luma=0.3596833 roi=0.4035345 dark=1325 roi_dark=232 changed_first=0 maxabs_first=0
frame=104 reset=1 wall_ms=18.043 invalid=0 luma=0.3596833 roi=0.4035345 dark=1325 roi_dark=232 changed_first=0 maxabs_first=0
frame=105 reset=1 wall_ms=21.798 invalid=0 luma=0.3596833 roi=0.4035345 dark=1325 roi_dark=232 changed_first=0 maxabs_first=0
frame=106 reset=1 wall_ms=18.143 invalid=0 luma=0.3596833 roi=0.4035345 dark=1325 roi_dark=232 changed_first=0 maxabs_first=0
frame=107 reset=1 wall_ms=18.054 invalid=0 luma=0.3596833 roi=0.4035345 dark=1325 roi_dark=232 changed_first=0 maxabs_first=0
frame=108 reset=1 wall_ms=22.771 invalid=0 luma=0.3596833 roi=0.4035345 dark=1325 roi_dark=232 changed_first=0 maxabs_first=0
frame=109 reset=1 wall_ms=22.390 invalid=0 luma=0.3596833 roi=0.4035345 dark=1325 roi_dark=232 changed_first=0 maxabs_first=0
frame=110 reset=1 wall_ms=18.308 invalid=0 luma=0.3596833 roi=0.4035345 dark=1325 roi_dark=232 changed_first=0 maxabs_first=0
frame=111 reset=1 wall_ms=18.129 invalid=0 luma=0.3596833 roi=0.4035345 dark=1325 roi_dark=232 changed_first=0 maxabs_first=0
frame=112 reset=1 wall_ms=18.256 invalid=0 luma=0.3596833 roi=0.4035345 dark=1325 roi_dark=232 changed_first=0 maxabs_first=0
frame=113 reset=1 wall_ms=18.480 invalid=0 luma=0.3596833 roi=0.4035345 dark=1325 roi_dark=232 changed_first=0 maxabs_first=0
frame=114 reset=1 wall_ms=18.081 invalid=0 luma=0.3596833 roi=0.4035345 dark=1325 roi_dark=232 changed_first=0 maxabs_first=0
frame=115 reset=1 wall_ms=18.115 invalid=0 luma=0.3596833 roi=0.4035345 dark=1325 roi_dark=232 changed_first=0 maxabs_first=0
frame=116 reset=1 wall_ms=18.232 invalid=0 luma=0.3596833 roi=0.4035345 dark=1325 roi_dark=232 changed_first=0 maxabs_first=0
frame=117 reset=1 wall_ms=18.861 invalid=0 luma=0.3596833 roi=0.4035345 dark=1325 roi_dark=232 changed_first=0 maxabs_first=0
frame=118 reset=1 wall_ms=18.205 invalid=0 luma=0.3596833 roi=0.4035345 dark=1325 roi_dark=232 changed_first=0 maxabs_first=0
frame=119 reset=1 wall_ms=18.362 invalid=0 luma=0.3596833 roi=0.4035345 dark=1325 roi_dark=232 changed_first=0 maxabs_first=0
frame=120 reset=1 wall_ms=27.152 invalid=0 luma=0.3596833 roi=0.4035345 dark=1325 roi_dark=232 changed_first=0 maxabs_first=0
frame=121 reset=1 wall_ms=19.396 invalid=0 luma=0.3596833 roi=0.4035345 dark=1325 roi_dark=232 changed_first=0 maxabs_first=0
frame=122 reset=1 wall_ms=18.299 invalid=0 luma=0.3596833 roi=0.4035345 dark=1325 roi_dark=232 changed_first=0 maxabs_first=0
frame=123 reset=1 wall_ms=19.550 invalid=0 luma=0.3596833 roi=0.4035345 dark=1325 roi_dark=232 changed_first=0 maxabs_first=0
frame=124 reset=1 wall_ms=18.209 invalid=0 luma=0.3596833 roi=0.4035345 dark=1325 roi_dark=232 changed_first=0 maxabs_first=0
frame=125 reset=1 wall_ms=25.869 invalid=0 luma=0.3596833 roi=0.4035345 dark=1325 roi_dark=232 changed_first=0 maxabs_first=0
frame=126 reset=1 wall_ms=18.123 invalid=0 luma=0.3596833 roi=0.4035345 dark=1325 roi_dark=232 changed_first=0 maxabs_first=0
frame=127 reset=1 wall_ms=18.180 invalid=0 luma=0.3596833 roi=0.4035345 dark=1325 roi_dark=232 changed_first=0 maxabs_first=0
frame=128 reset=1 wall_ms=19.725 invalid=0 luma=0.3596833 roi=0.4035345 dark=1325 roi_dark=232 changed_first=0 maxabs_first=0
frame=129 reset=1 wall_ms=18.111 invalid=0 luma=0.3596833 roi=0.4035345 dark=1325 roi_dark=232 changed_first=0 maxabs_first=0
frame=130 reset=1 wall_ms=18.805 invalid=0 luma=0.3596833 roi=0.4035345 dark=1325 roi_dark=232 changed_first=0 maxabs_first=0
frame=131 reset=1 wall_ms=18.276 invalid=0 luma=0.3596833 roi=0.4035345 dark=1325 roi_dark=232 changed_first=0 maxabs_first=0
frame=132 reset=1 wall_ms=18.197 invalid=0 luma=0.3596833 roi=0.4035345 dark=1325 roi_dark=232 changed_first=0 maxabs_first=0
frame=133 reset=1 wall_ms=22.152 invalid=0 luma=0.3596833 roi=0.4035345 dark=1325 roi_dark=232 changed_first=0 maxabs_first=0
frame=134 reset=1 wall_ms=18.202 invalid=0 luma=0.3596833 roi=0.4035345 dark=1325 roi_dark=232 changed_first=0 maxabs_first=0
frame=135 reset=1 wall_ms=18.080 invalid=0 luma=0.3596833 roi=0.4035345 dark=1325 roi_dark=232 changed_first=0 maxabs_first=0
frame=136 reset=1 wall_ms=18.279 invalid=0 luma=0.3596833 roi=0.4035345 dark=1325 roi_dark=232 changed_first=0 maxabs_first=0
frame=137 reset=1 wall_ms=17.956 invalid=0 luma=0.3596833 roi=0.4035345 dark=1325 roi_dark=232 changed_first=0 maxabs_first=0
frame=138 reset=1 wall_ms=18.072 invalid=0 luma=0.3596833 roi=0.4035345 dark=1325 roi_dark=232 changed_first=0 maxabs_first=0
frame=139 reset=1 wall_ms=18.184 invalid=0 luma=0.3596833 roi=0.4035345 dark=1325 roi_dark=232 changed_first=0 maxabs_first=0
frame=140 reset=1 wall_ms=18.174 invalid=0 luma=0.3596833 roi=0.4035345 dark=1325 roi_dark=232 changed_first=0 maxabs_first=0
frame=141 reset=1 wall_ms=18.168 invalid=0 luma=0.3596833 roi=0.4035345 dark=1325 roi_dark=232 changed_first=0 maxabs_first=0
frame=142 reset=1 wall_ms=20.226 invalid=0 luma=0.3596833 roi=0.4035345 dark=1325 roi_dark=232 changed_first=0 maxabs_first=0
frame=143 reset=1 wall_ms=18.978 invalid=0 luma=0.3596833 roi=0.4035345 dark=1325 roi_dark=232 changed_first=0 maxabs_first=0
frame=144 reset=1 wall_ms=21.773 invalid=0 luma=0.3596833 roi=0.4035345 dark=1325 roi_dark=232 changed_first=0 maxabs_first=0
frame=145 reset=1 wall_ms=18.425 invalid=0 luma=0.3596833 roi=0.4035345 dark=1325 roi_dark=232 changed_first=0 maxabs_first=0
frame=146 reset=1 wall_ms=18.298 invalid=0 luma=0.3596833 roi=0.4035345 dark=1325 roi_dark=232 changed_first=0 maxabs_first=0
frame=147 reset=1 wall_ms=18.218 invalid=0 luma=0.3596833 roi=0.4035345 dark=1325 roi_dark=232 changed_first=0 maxabs_first=0
frame=148 reset=1 wall_ms=19.656 invalid=0 luma=0.3596833 roi=0.4035345 dark=1325 roi_dark=232 changed_first=0 maxabs_first=0
frame=149 reset=1 wall_ms=19.445 invalid=0 luma=0.3596833 roi=0.4035345 dark=1325 roi_dark=232 changed_first=0 maxabs_first=0
frame=150 reset=1 wall_ms=18.456 invalid=0 luma=0.3596833 roi=0.4035345 dark=1325 roi_dark=232 changed_first=0 maxabs_first=0
frame=151 reset=1 wall_ms=18.253 invalid=0 luma=0.3596833 roi=0.4035345 dark=1325 roi_dark=232 changed_first=0 maxabs_first=0
frame=152 reset=1 wall_ms=17.916 invalid=0 luma=0.3596833 roi=0.4035345 dark=1325 roi_dark=232 changed_first=0 maxabs_first=0
frame=153 reset=1 wall_ms=18.110 invalid=0 luma=0.3596833 roi=0.4035345 dark=1325 roi_dark=232 changed_first=0 maxabs_first=0
frame=154 reset=1 wall_ms=18.220 invalid=0 luma=0.3596833 roi=0.4035345 dark=1325 roi_dark=232 changed_first=0 maxabs_first=0
frame=155 reset=1 wall_ms=28.394 invalid=0 luma=0.3596833 roi=0.4035345 dark=1325 roi_dark=232 changed_first=0 maxabs_first=0
frame=156 reset=1 wall_ms=18.997 invalid=0 luma=0.3596833 roi=0.4035345 dark=1325 roi_dark=232 changed_first=0 maxabs_first=0
frame=157 reset=1 wall_ms=18.509 invalid=0 luma=0.3596833 roi=0.4035345 dark=1325 roi_dark=232 changed_first=0 maxabs_first=0
frame=158 reset=1 wall_ms=18.375 invalid=0 luma=0.3596833 roi=0.4035345 dark=1325 roi_dark=232 changed_first=0 maxabs_first=0
frame=159 reset=1 wall_ms=18.328 invalid=0 luma=0.3596833 roi=0.4035345 dark=1325 roi_dark=232 changed_first=0 maxabs_first=0
frame=160 reset=1 wall_ms=18.226 invalid=0 luma=0.3596833 roi=0.4035345 dark=1325 roi_dark=232 changed_first=0 maxabs_first=0
frame=161 reset=1 wall_ms=22.305 invalid=0 luma=0.3596833 roi=0.4035345 dark=1325 roi_dark=232 changed_first=0 maxabs_first=0
frame=162 reset=1 wall_ms=18.095 invalid=0 luma=0.3596833 roi=0.4035345 dark=1325 roi_dark=232 changed_first=0 maxabs_first=0
frame=163 reset=1 wall_ms=18.744 invalid=0 luma=0.3596833 roi=0.4035345 dark=1325 roi_dark=232 changed_first=0 maxabs_first=0
frame=164 reset=1 wall_ms=27.192 invalid=0 luma=0.3596833 roi=0.4035345 dark=1325 roi_dark=232 changed_first=0 maxabs_first=0
frame=165 reset=1 wall_ms=18.001 invalid=0 luma=0.3596833 roi=0.4035345 dark=1325 roi_dark=232 changed_first=0 maxabs_first=0
frame=166 reset=1 wall_ms=18.132 invalid=0 luma=0.3596833 roi=0.4035345 dark=1325 roi_dark=232 changed_first=0 maxabs_first=0
frame=167 reset=1 wall_ms=18.932 invalid=0 luma=0.3596833 roi=0.4035345 dark=1325 roi_dark=232 changed_first=0 maxabs_first=0
frame=168 reset=1 wall_ms=28.079 invalid=0 luma=0.3596833 roi=0.4035345 dark=1325 roi_dark=232 changed_first=0 maxabs_first=0
frame=169 reset=1 wall_ms=18.227 invalid=0 luma=0.3596833 roi=0.4035345 dark=1325 roi_dark=232 changed_first=0 maxabs_first=0
frame=170 reset=1 wall_ms=18.336 invalid=0 luma=0.3596833 roi=0.4035345 dark=1325 roi_dark=232 changed_first=0 maxabs_first=0
frame=171 reset=1 wall_ms=18.356 invalid=0 luma=0.3596833 roi=0.4035345 dark=1325 roi_dark=232 changed_first=0 maxabs_first=0
frame=172 reset=1 wall_ms=22.231 invalid=0 luma=0.3596833 roi=0.4035345 dark=1325 roi_dark=232 changed_first=0 maxabs_first=0
frame=173 reset=1 wall_ms=18.120 invalid=0 luma=0.3596833 roi=0.4035345 dark=1325 roi_dark=232 changed_first=0 maxabs_first=0
frame=174 reset=1 wall_ms=18.101 invalid=0 luma=0.3596833 roi=0.4035345 dark=1325 roi_dark=232 changed_first=0 maxabs_first=0
frame=175 reset=1 wall_ms=22.018 invalid=0 luma=0.3596833 roi=0.4035345 dark=1325 roi_dark=232 changed_first=0 maxabs_first=0
frame=176 reset=1 wall_ms=18.185 invalid=0 luma=0.3596833 roi=0.4035345 dark=1325 roi_dark=232 changed_first=0 maxabs_first=0
frame=177 reset=1 wall_ms=21.151 invalid=0 luma=0.3596833 roi=0.4035345 dark=1325 roi_dark=232 changed_first=0 maxabs_first=0
frame=178 reset=1 wall_ms=18.234 invalid=0 luma=0.3596833 roi=0.4035345 dark=1325 roi_dark=232 changed_first=0 maxabs_first=0
frame=179 reset=1 wall_ms=18.050 invalid=0 luma=0.3596833 roi=0.4035345 dark=1325 roi_dark=232 changed_first=0 maxabs_first=0
frame=180 reset=1 wall_ms=21.681 invalid=0 luma=0.3596833 roi=0.4035345 dark=1325 roi_dark=232 changed_first=0 maxabs_first=0
frame=181 reset=1 wall_ms=21.773 invalid=0 luma=0.3596833 roi=0.4035345 dark=1325 roi_dark=232 changed_first=0 maxabs_first=0
frame=182 reset=1 wall_ms=18.346 invalid=0 luma=0.3596833 roi=0.4035345 dark=1325 roi_dark=232 changed_first=0 maxabs_first=0
frame=183 reset=1 wall_ms=18.462 invalid=0 luma=0.3596833 roi=0.4035345 dark=1325 roi_dark=232 changed_first=0 maxabs_first=0
frame=184 reset=1 wall_ms=19.991 invalid=0 luma=0.3596833 roi=0.4035345 dark=1325 roi_dark=232 changed_first=0 maxabs_first=0
frame=185 reset=1 wall_ms=18.479 invalid=0 luma=0.3596833 roi=0.4035345 dark=1325 roi_dark=232 changed_first=0 maxabs_first=0
frame=186 reset=1 wall_ms=18.395 invalid=0 luma=0.3596833 roi=0.4035345 dark=1325 roi_dark=232 changed_first=0 maxabs_first=0
frame=187 reset=1 wall_ms=18.201 invalid=0 luma=0.3596833 roi=0.4035345 dark=1325 roi_dark=232 changed_first=0 maxabs_first=0
frame=188 reset=1 wall_ms=19.293 invalid=0 luma=0.3596833 roi=0.4035345 dark=1325 roi_dark=232 changed_first=0 maxabs_first=0
frame=189 reset=1 wall_ms=19.085 invalid=0 luma=0.3596833 roi=0.4035345 dark=1325 roi_dark=232 changed_first=0 maxabs_first=0
frame=190 reset=1 wall_ms=18.115 invalid=0 luma=0.3596833 roi=0.4035345 dark=1325 roi_dark=232 changed_first=0 maxabs_first=0
frame=191 reset=1 wall_ms=18.222 invalid=0 luma=0.3596833 roi=0.4035345 dark=1325 roi_dark=232 changed_first=0 maxabs_first=0
frame=192 reset=1 wall_ms=18.263 invalid=0 luma=0.3596833 roi=0.4035345 dark=1325 roi_dark=232 changed_first=0 maxabs_first=0
frame=193 reset=1 wall_ms=17.982 invalid=0 luma=0.3596833 roi=0.4035345 dark=1325 roi_dark=232 changed_first=0 maxabs_first=0
frame=194 reset=1 wall_ms=18.729 invalid=0 luma=0.3596833 roi=0.4035345 dark=1325 roi_dark=232 changed_first=0 maxabs_first=0
frame=195 reset=1 wall_ms=18.080 invalid=0 luma=0.3596833 roi=0.4035345 dark=1325 roi_dark=232 changed_first=0 maxabs_first=0
frame=196 reset=1 wall_ms=18.338 invalid=0 luma=0.3596833 roi=0.4035345 dark=1325 roi_dark=232 changed_first=0 maxabs_first=0
frame=197 reset=1 wall_ms=22.835 invalid=0 luma=0.3596833 roi=0.4035345 dark=1325 roi_dark=232 changed_first=0 maxabs_first=0
frame=198 reset=1 wall_ms=18.231 invalid=0 luma=0.3596833 roi=0.4035345 dark=1325 roi_dark=232 changed_first=0 maxabs_first=0
frame=199 reset=1 wall_ms=19.332 invalid=0 luma=0.3596833 roi=0.4035345 dark=1325 roi_dark=232 changed_first=0 maxabs_first=0
SP_STATS runs=0 fallback=0 rollover=0 jobs=0 disabled=0 errors=0
RESULT frames=200 temporal=0 mean_wall_ms=25.145 invalid_total=0 restored_capture_every_frame=1 HDR_preserved=1
