seed=0 pattern=0
input format=RGBA16_FLOAT W=1296 H=720 invalid=0 min=0 max=34.53125 luma=0.0157641119 roi_luma=0.0250669576
adapter=AMD Radeon RX 9070 XT
SP_PLAN c=256 first=16 layers=6 tasks=624 initial=104 state_bytes=7504 w16=1
SP_PLAN c=256 first=49 layers=6 tasks=624 initial=104 state_bytes=7504 w16=1
FRAME_NET_GPU frame=0 gpu_ms=1142.84595
frame=0 reset=1 wall_ms=1152.109 invalid=0 luma=0.01311046 roi=0.01994696 dark=808529 roi_dark=258288 changed_first=0 maxabs_first=0
FRAME_NET_GPU frame=1 gpu_ms=5.28476
FRAME_NET_GPU frame=2 gpu_ms=4.86042023
FRAME_NET_GPU frame=3 gpu_ms=6.69040012
FRAME_NET_GPU frame=4 gpu_ms=6.76970005
FRAME_NET_GPU frame=5 gpu_ms=6.34649992
FRAME_NET_GPU frame=6 gpu_ms=6.28879976
FRAME_NET_GPU frame=7 gpu_ms=6.32520008
FRAME_NET_GPU frame=8 gpu_ms=6.31619978
FRAME_NET_GPU frame=9 gpu_ms=6.45242023
FRAME_NET_GPU frame=10 gpu_ms=6.34899998
FRAME_NET_GPU frame=11 gpu_ms=6.32382011
FRAME_NET_GPU frame=12 gpu_ms=6.31449986
FRAME_NET_GPU frame=13 gpu_ms=6.39099979
FRAME_NET_GPU frame=14 gpu_ms=6.41219997
FRAME_NET_GPU frame=15 gpu_ms=6.36920023
FRAME_NET_GPU frame=16 gpu_ms=6.4924798
FRAME_NET_GPU frame=17 gpu_ms=6.4938798
FRAME_NET_GPU frame=18 gpu_ms=6.43707991
FRAME_NET_GPU frame=19 gpu_ms=6.40305996
FRAME_NET_GPU frame=20 gpu_ms=6.37612009
FRAME_NET_GPU frame=21 gpu_ms=6.52349997
FRAME_NET_GPU frame=22 gpu_ms=6.45822001
FRAME_NET_GPU frame=23 gpu_ms=6.51789999
FRAME_NET_GPU frame=24 gpu_ms=6.49497986
FRAME_NET_GPU frame=25 gpu_ms=6.43701982
FRAME_NET_GPU frame=26 gpu_ms=6.48634005
FRAME_NET_GPU frame=27 gpu_ms=6.48542023
FRAME_NET_GPU frame=28 gpu_ms=6.48167992
FRAME_NET_GPU frame=29 gpu_ms=6.52301979
FRAME_NET_GPU frame=30 gpu_ms=6.29701996
FRAME_NET_GPU frame=31 gpu_ms=6.47472
FRAME_NET_GPU frame=32 gpu_ms=6.44110012
FRAME_NET_GPU frame=33 gpu_ms=6.50598001
FRAME_NET_GPU frame=34 gpu_ms=6.39904022
FRAME_NET_GPU frame=35 gpu_ms=6.38785982
FRAME_NET_GPU frame=36 gpu_ms=6.41771984
FRAME_NET_GPU frame=37 gpu_ms=6.4316802
FRAME_NET_GPU frame=38 gpu_ms=6.41724014
FRAME_NET_GPU frame=39 gpu_ms=6.56207991
FRAME_NET_GPU frame=40 gpu_ms=6.48772001
FRAME_NET_GPU frame=41 gpu_ms=6.5041399
FRAME_NET_GPU frame=42 gpu_ms=6.51681995
FRAME_NET_GPU frame=43 gpu_ms=6.56708002
FRAME_NET_GPU frame=44 gpu_ms=6.48381996
FRAME_NET_GPU frame=45 gpu_ms=6.59492016
FRAME_NET_GPU frame=46 gpu_ms=6.53724003
FRAME_NET_GPU frame=47 gpu_ms=6.63823986
FRAME_NET_GPU frame=48 gpu_ms=6.64958
FRAME_NET_GPU frame=49 gpu_ms=6.62279987
FRAME_NET_GPU frame=50 gpu_ms=6.48986006
FRAME_NET_GPU frame=51 gpu_ms=6.61899996
FRAME_NET_GPU frame=52 gpu_ms=6.54082012
FRAME_NET_GPU frame=53 gpu_ms=6.57882023
FRAME_NET_GPU frame=54 gpu_ms=6.59138012
FRAME_NET_GPU frame=55 gpu_ms=6.51565981
FRAME_NET_GPU frame=56 gpu_ms=6.57664013
FRAME_NET_GPU frame=57 gpu_ms=6.57223988
FRAME_NET_GPU frame=58 gpu_ms=6.65174007
FRAME_NET_GPU frame=59 gpu_ms=6.47624016
FRAME_NET_GPU frame=60 gpu_ms=6.55734015
FRAME_NET_GPU frame=61 gpu_ms=6.57507992
FRAME_NET_GPU frame=62 gpu_ms=6.66828012
FRAME_NET_GPU frame=63 gpu_ms=6.48301983
FRAME_NET_GPU frame=64 gpu_ms=6.58504009
FRAME_NET_GPU frame=65 gpu_ms=6.58956003
FRAME_NET_GPU frame=66 gpu_ms=6.60731983
FRAME_NET_GPU frame=67 gpu_ms=6.54710007
FRAME_NET_GPU frame=68 gpu_ms=6.62232018
FRAME_NET_GPU frame=69 gpu_ms=6.55832005
FRAME_NET_GPU frame=70 gpu_ms=6.54792023
FRAME_NET_GPU frame=71 gpu_ms=6.64209986
FRAME_NET_GPU frame=72 gpu_ms=6.54582024
FRAME_NET_GPU frame=73 gpu_ms=6.60018015
FRAME_NET_GPU frame=74 gpu_ms=6.53993988
FRAME_NET_GPU frame=75 gpu_ms=6.5861001
FRAME_NET_GPU frame=76 gpu_ms=6.61193991
FRAME_NET_GPU frame=77 gpu_ms=6.69848013
FRAME_NET_GPU frame=78 gpu_ms=6.48188019
FRAME_NET_GPU frame=79 gpu_ms=6.6099
FRAME_NET_GPU frame=80 gpu_ms=6.61882019
FRAME_NET_GPU frame=81 gpu_ms=6.49830008
FRAME_NET_GPU frame=82 gpu_ms=6.61477995
FRAME_NET_GPU frame=83 gpu_ms=6.58722019
FRAME_NET_GPU frame=84 gpu_ms=6.63556004
FRAME_NET_GPU frame=85 gpu_ms=6.56512022
FRAME_NET_GPU frame=86 gpu_ms=6.60226011
FRAME_NET_GPU frame=87 gpu_ms=6.52441978
FRAME_NET_GPU frame=88 gpu_ms=6.56014013
FRAME_NET_GPU frame=89 gpu_ms=6.61513996
FRAME_NET_GPU frame=90 gpu_ms=6.55800009
FRAME_NET_GPU frame=91 gpu_ms=6.56233978
FRAME_NET_GPU frame=92 gpu_ms=6.48646021
FRAME_NET_GPU frame=93 gpu_ms=6.59954023
FRAME_NET_GPU frame=94 gpu_ms=6.6688199
FRAME_NET_GPU frame=95 gpu_ms=6.58907986
FRAME_NET_GPU frame=96 gpu_ms=6.53380013
FRAME_NET_GPU frame=97 gpu_ms=6.59815979
FRAME_NET_GPU frame=98 gpu_ms=6.5639801
FRAME_NET_GPU frame=99 gpu_ms=6.56177998
FRAME_NET_GPU frame=100 gpu_ms=6.58748007
FRAME_NET_GPU frame=101 gpu_ms=6.43607998
FRAME_NET_GPU frame=102 gpu_ms=6.58930016
FRAME_NET_GPU frame=103 gpu_ms=6.5123601
FRAME_NET_GPU frame=104 gpu_ms=6.51247978
FRAME_NET_GPU frame=105 gpu_ms=6.54653978
FRAME_NET_GPU frame=106 gpu_ms=6.64287996
FRAME_NET_GPU frame=107 gpu_ms=6.51966
FRAME_NET_GPU frame=108 gpu_ms=6.66160011
FRAME_NET_GPU frame=109 gpu_ms=6.56597996
FRAME_NET_GPU frame=110 gpu_ms=6.60056019
FRAME_NET_GPU frame=111 gpu_ms=6.52411985
FRAME_NET_GPU frame=112 gpu_ms=6.54031992
FRAME_NET_GPU frame=113 gpu_ms=6.58290005
FRAME_NET_GPU frame=114 gpu_ms=6.56133986
FRAME_NET_GPU frame=115 gpu_ms=6.52224016
FRAME_NET_GPU frame=116 gpu_ms=6.53049994
FRAME_NET_GPU frame=117 gpu_ms=6.61709976
FRAME_NET_GPU frame=118 gpu_ms=6.77918005
FRAME_NET_GPU frame=119 gpu_ms=6.5332799
FRAME_NET_GPU frame=120 gpu_ms=6.58954
FRAME_NET_GPU frame=121 gpu_ms=6.59904003
FRAME_NET_GPU frame=122 gpu_ms=6.58854008
FRAME_NET_GPU frame=123 gpu_ms=6.57819986
FRAME_NET_GPU frame=124 gpu_ms=6.68523979
FRAME_NET_GPU frame=125 gpu_ms=6.60374022
FRAME_NET_GPU frame=126 gpu_ms=6.62582016
FRAME_NET_GPU frame=127 gpu_ms=6.70537996
FRAME_NET_GPU frame=128 gpu_ms=6.51334
FRAME_NET_GPU frame=129 gpu_ms=6.67083979
FRAME_NET_GPU frame=130 gpu_ms=6.35154009
FRAME_NET_GPU frame=131 gpu_ms=6.46973991
FRAME_NET_GPU frame=132 gpu_ms=6.41722012
FRAME_NET_GPU frame=133 gpu_ms=6.47692013
FRAME_NET_GPU frame=134 gpu_ms=6.56493998
FRAME_NET_GPU frame=135 gpu_ms=6.53598022
FRAME_NET_GPU frame=136 gpu_ms=6.53876019
FRAME_NET_GPU frame=137 gpu_ms=6.58150005
FRAME_NET_GPU frame=138 gpu_ms=6.59793997
FRAME_NET_GPU frame=139 gpu_ms=6.55925989
FRAME_NET_GPU frame=140 gpu_ms=6.44997978
FRAME_NET_GPU frame=141 gpu_ms=6.52962017
FRAME_NET_GPU frame=142 gpu_ms=6.48880005
FRAME_NET_GPU frame=143 gpu_ms=6.60298014
FRAME_NET_GPU frame=144 gpu_ms=6.54640007
FRAME_NET_GPU frame=145 gpu_ms=6.44129992
FRAME_NET_GPU frame=146 gpu_ms=6.56661987
FRAME_NET_GPU frame=147 gpu_ms=6.53202009
FRAME_NET_GPU frame=148 gpu_ms=6.30195999
FRAME_NET_GPU frame=149 gpu_ms=6.61944008
FRAME_NET_GPU frame=150 gpu_ms=6.5229001
FRAME_NET_GPU frame=151 gpu_ms=6.5240202
FRAME_NET_GPU frame=152 gpu_ms=6.51522017
FRAME_NET_GPU frame=153 gpu_ms=6.63844013
FRAME_NET_GPU frame=154 gpu_ms=6.47054005
FRAME_NET_GPU frame=155 gpu_ms=6.47775984
FRAME_NET_GPU frame=156 gpu_ms=6.47185993
FRAME_NET_GPU frame=157 gpu_ms=6.4612999
FRAME_NET_GPU frame=158 gpu_ms=6.48233986
FRAME_NET_GPU frame=159 gpu_ms=6.47582006
frame=159 reset=1 wall_ms=7.233 invalid=0 luma=0.01311046 roi=0.01994696 dark=808529 roi_dark=258288 changed_first=0 maxabs_first=0
SP_STATS runs=320 fallback=0 rollover=0 jobs=199680 disabled=0 errors=0
RESULT frames=160 temporal=0 mean_wall_ms=14.231 invalid_total=0 restored_capture_every_frame=1 HDR_preserved=1

