seed=1 pattern=0
input format=RGBA16_FLOAT W=2560 H=1440 invalid=0 min=0 max=1 luma=0.357899353 roi_luma=0.389746571
adapter=AMD Radeon RX 9070 XT
NET frame=0 gpu_ms=1077.825928
GEOMETRY valid=2560x1440 processing=2560x1472 tokens=960
frame=0 reset=1 wall_ms=1083.782 invalid=0 luma=0.3597704 roi=0.4268046 dark=101219 roi_dark=9829 changed_first=0 maxabs_first=0
NET frame=1 gpu_ms=36.847900
NET frame=2 gpu_ms=31.459900
NET frame=3 gpu_ms=32.000702
NET frame=4 gpu_ms=31.805201
NET frame=5 gpu_ms=32.234859
NET frame=6 gpu_ms=31.820900
NET frame=7 gpu_ms=31.712099
NET frame=8 gpu_ms=31.891741
NET frame=9 gpu_ms=31.836380
NET frame=10 gpu_ms=31.850901
NET frame=11 gpu_ms=31.845980
NET frame=12 gpu_ms=32.013802
NET frame=13 gpu_ms=31.805799
NET frame=14 gpu_ms=31.654640
NET frame=15 gpu_ms=31.841999
NET frame=16 gpu_ms=31.833679
NET frame=17 gpu_ms=31.719200
NET frame=18 gpu_ms=31.876080
NET frame=19 gpu_ms=31.751619
NET frame=20 gpu_ms=31.819679
NET frame=21 gpu_ms=31.867340
NET frame=22 gpu_ms=31.785681
NET frame=23 gpu_ms=31.823021
NET frame=24 gpu_ms=31.929420
NET frame=25 gpu_ms=32.296860
NET frame=26 gpu_ms=31.814939
NET frame=27 gpu_ms=31.755461
NET frame=28 gpu_ms=31.710260
NET frame=29 gpu_ms=32.046921
NET frame=30 gpu_ms=31.868700
NET frame=31 gpu_ms=31.967079
NET frame=32 gpu_ms=31.564280
NET frame=33 gpu_ms=32.265518
NET frame=34 gpu_ms=31.740540
NET frame=35 gpu_ms=32.087421
NET frame=36 gpu_ms=31.958599
NET frame=37 gpu_ms=31.851259
NET frame=38 gpu_ms=31.956079
NET frame=39 gpu_ms=31.758141
NET frame=40 gpu_ms=32.071701
NET frame=41 gpu_ms=31.782681
NET frame=42 gpu_ms=31.856220
NET frame=43 gpu_ms=31.601641
NET frame=44 gpu_ms=31.816320
NET frame=45 gpu_ms=32.082802
NET frame=46 gpu_ms=31.885380
NET frame=47 gpu_ms=32.163261
NET frame=48 gpu_ms=32.059921
NET frame=49 gpu_ms=32.121639
NET frame=50 gpu_ms=31.865320
NET frame=51 gpu_ms=32.056820
NET frame=52 gpu_ms=31.761259
NET frame=53 gpu_ms=31.986059
NET frame=54 gpu_ms=31.769899
NET frame=55 gpu_ms=31.939960
NET frame=56 gpu_ms=31.795839
NET frame=57 gpu_ms=31.971861
NET frame=58 gpu_ms=31.852859
NET frame=59 gpu_ms=31.709360
NET frame=60 gpu_ms=31.795219
NET frame=61 gpu_ms=32.080318
NET frame=62 gpu_ms=31.947399
NET frame=63 gpu_ms=31.912540
NET frame=64 gpu_ms=31.962179
NET frame=65 gpu_ms=31.757259
NET frame=66 gpu_ms=31.669580
NET frame=67 gpu_ms=31.953421
NET frame=68 gpu_ms=32.089779
NET frame=69 gpu_ms=32.093040
NET frame=70 gpu_ms=31.945681
NET frame=71 gpu_ms=31.814240
NET frame=72 gpu_ms=31.978840
NET frame=73 gpu_ms=31.891939
NET frame=74 gpu_ms=31.864281
NET frame=75 gpu_ms=31.628679
NET frame=76 gpu_ms=31.855141
NET frame=77 gpu_ms=32.360699
NET frame=78 gpu_ms=31.616680
NET frame=79 gpu_ms=31.809280
NET frame=80 gpu_ms=31.960239
NET frame=81 gpu_ms=31.926439
NET frame=82 gpu_ms=31.900539
NET frame=83 gpu_ms=31.904520
NET frame=84 gpu_ms=31.994900
NET frame=85 gpu_ms=31.983860
NET frame=86 gpu_ms=32.019958
NET frame=87 gpu_ms=32.000820
NET frame=88 gpu_ms=31.653721
NET frame=89 gpu_ms=32.028980
NET frame=90 gpu_ms=31.548479
NET frame=91 gpu_ms=31.808661
NET frame=92 gpu_ms=31.961281
NET frame=93 gpu_ms=31.982180
NET frame=94 gpu_ms=32.106941
NET frame=95 gpu_ms=31.770781
NET frame=96 gpu_ms=31.900021
NET frame=97 gpu_ms=31.717020
NET frame=98 gpu_ms=31.885180
NET frame=99 gpu_ms=32.104321
NET frame=100 gpu_ms=31.902460
NET frame=101 gpu_ms=31.785940
NET frame=102 gpu_ms=31.772940
NET frame=103 gpu_ms=31.946301
NET frame=104 gpu_ms=31.664360
NET frame=105 gpu_ms=31.927860
NET frame=106 gpu_ms=32.061760
NET frame=107 gpu_ms=32.041180
NET frame=108 gpu_ms=31.705540
NET frame=109 gpu_ms=31.863380
NET frame=110 gpu_ms=32.130299
NET frame=111 gpu_ms=31.613239
NET frame=112 gpu_ms=32.062439
NET frame=113 gpu_ms=32.131920
NET frame=114 gpu_ms=32.124260
NET frame=115 gpu_ms=31.842560
NET frame=116 gpu_ms=31.992941
NET frame=117 gpu_ms=31.683340
NET frame=118 gpu_ms=32.172241
NET frame=119 gpu_ms=31.929680
NET frame=120 gpu_ms=31.909000
NET frame=121 gpu_ms=32.020039
NET frame=122 gpu_ms=31.819620
NET frame=123 gpu_ms=32.093319
NET frame=124 gpu_ms=31.903879
NET frame=125 gpu_ms=32.115959
NET frame=126 gpu_ms=31.740040
NET frame=127 gpu_ms=32.132500
NET frame=128 gpu_ms=32.144661
NET frame=129 gpu_ms=31.655880
NET frame=130 gpu_ms=31.751900
NET frame=131 gpu_ms=31.967581
NET frame=132 gpu_ms=31.969360
NET frame=133 gpu_ms=31.784100
NET frame=134 gpu_ms=31.800819
NET frame=135 gpu_ms=31.686541
NET frame=136 gpu_ms=31.880501
NET frame=137 gpu_ms=32.035500
NET frame=138 gpu_ms=31.779659
NET frame=139 gpu_ms=31.700859
NET frame=140 gpu_ms=31.837420
NET frame=141 gpu_ms=31.819201
NET frame=142 gpu_ms=31.839220
NET frame=143 gpu_ms=31.786079
NET frame=144 gpu_ms=31.864759
NET frame=145 gpu_ms=31.908319
NET frame=146 gpu_ms=31.759880
NET frame=147 gpu_ms=31.861280
NET frame=148 gpu_ms=31.960020
NET frame=149 gpu_ms=31.889320
NET frame=150 gpu_ms=31.936140
NET frame=151 gpu_ms=31.900080
NET frame=152 gpu_ms=31.745001
NET frame=153 gpu_ms=32.106258
NET frame=154 gpu_ms=31.877899
NET frame=155 gpu_ms=31.899599
NET frame=156 gpu_ms=31.902559
NET frame=157 gpu_ms=31.801001
NET frame=158 gpu_ms=31.765699
NET frame=159 gpu_ms=31.652679
NET frame=160 gpu_ms=31.959459
NET frame=161 gpu_ms=32.175999
NET frame=162 gpu_ms=32.008018
NET frame=163 gpu_ms=31.954540
NET frame=164 gpu_ms=31.807320
NET frame=165 gpu_ms=32.116638
NET frame=166 gpu_ms=31.979179
NET frame=167 gpu_ms=31.933861
NET frame=168 gpu_ms=32.057461
NET frame=169 gpu_ms=31.768440
NET frame=170 gpu_ms=31.679640
NET frame=171 gpu_ms=32.030918
NET frame=172 gpu_ms=32.112480
NET frame=173 gpu_ms=32.065140
NET frame=174 gpu_ms=31.771700
NET frame=175 gpu_ms=31.789440
NET frame=176 gpu_ms=31.831921
NET frame=177 gpu_ms=31.908621
NET frame=178 gpu_ms=31.795719
NET frame=179 gpu_ms=32.002060
NET frame=180 gpu_ms=31.868959
NET frame=181 gpu_ms=31.884439
NET frame=182 gpu_ms=31.925739
NET frame=183 gpu_ms=31.627960
NET frame=184 gpu_ms=32.001480
NET frame=185 gpu_ms=32.116520
NET frame=186 gpu_ms=31.776340
NET frame=187 gpu_ms=31.876301
NET frame=188 gpu_ms=31.827660
NET frame=189 gpu_ms=31.861500
NET frame=190 gpu_ms=31.853621
NET frame=191 gpu_ms=31.961840
NET frame=192 gpu_ms=32.045280
NET frame=193 gpu_ms=31.808399
NET frame=194 gpu_ms=31.914900
NET frame=195 gpu_ms=31.871180
NET frame=196 gpu_ms=31.908541
NET frame=197 gpu_ms=31.762779
NET frame=198 gpu_ms=31.936380
NET frame=199 gpu_ms=31.902201
frame=199 reset=1 wall_ms=33.689 invalid=0 luma=0.3597704 roi=0.4268046 dark=101219 roi_dark=9829 changed_first=0 maxabs_first=0
SP_STATS runs=0 fallback=0 rollover=0 jobs=0 disabled=0 errors=0
RESULT frames=200 temporal=0 mean_wall_ms=38.788 invalid_total=0 restored_capture_every_frame=1 HDR_preserved=1
