seed=0 pattern=0
input format=RGBA16_FLOAT W=1296 H=720 invalid=0 min=0 max=34.53125 luma=0.0157641119 roi_luma=0.0250669576
adapter=AMD Radeon RX 9070 XT
SP_PLAN c=256 first=16 layers=6 tasks=893 initial=160 state_bytes=10732
SP_DONE c=256 first=16 tasks=893 base=0 ms=1.680
SP_PLAN c=256 first=49 layers=6 tasks=893 initial=160 state_bytes=10732
SP_DONE c=256 first=49 tasks=893 base=0 ms=0.702
SP_PLAN c=128 first=57 layers=4 tasks=2257 initial=570 state_bytes=27100
SP_DONE c=128 first=57 tasks=2257 base=0 ms=0.597
frame=0 reset=1 wall_ms=1173.349 invalid=0 luma=0.01043502 roi=0.01611849 dark=837589 roi_dark=271139 changed_first=0 maxabs_first=0
SP_DONE c=256 first=16 tasks=893 base=893 ms=5.299
SP_DONE c=256 first=49 tasks=893 base=893 ms=4.290
SP_DONE c=128 first=57 tasks=2257 base=2257 ms=1.031
frame=1 reset=0 wall_ms=15.777 invalid=0 luma=0.01103854 roi=0.01706857 dark=833391 roi_dark=268977 changed_first=3674549 maxabs_first=15.56113
SP_DONE c=256 first=16 tasks=893 base=1786 ms=5.354
SP_DONE c=256 first=49 tasks=893 base=1786 ms=4.283
SP_DONE c=128 first=57 tasks=2257 base=4514 ms=1.057
frame=2 reset=0 wall_ms=15.010 invalid=0 luma=0.01150613 roi=0.01783123 dark=829052 roi_dark=266739 changed_first=3712159 maxabs_first=15.57192
SP_DONE c=256 first=16 tasks=893 base=2679 ms=5.890
SP_DONE c=256 first=49 tasks=893 base=2679 ms=4.368
SP_DONE c=128 first=57 tasks=2257 base=6771 ms=1.061
frame=3 reset=0 wall_ms=15.348 invalid=0 luma=0.01178046 roi=0.01831547 dark=826913 roi_dark=265560 changed_first=3724795 maxabs_first=15.57576
SP_DONE c=256 first=16 tasks=893 base=3572 ms=8.927
SP_DONE c=256 first=49 tasks=893 base=3572 ms=4.276
SP_DONE c=128 first=57 tasks=2257 base=9028 ms=0.880
frame=4 reset=0 wall_ms=18.165 invalid=0 luma=0.01179889 roi=0.01840152 dark=826864 roi_dark=265452 changed_first=3727565 maxabs_first=15.57611
SP_DONE c=256 first=16 tasks=893 base=4465 ms=5.292
SP_DONE c=256 first=49 tasks=893 base=4465 ms=4.255
SP_DONE c=128 first=57 tasks=2257 base=11285 ms=0.859
frame=5 reset=0 wall_ms=14.455 invalid=0 luma=0.01195839 roi=0.01873205 dark=825887 roi_dark=264740 changed_first=3729306 maxabs_first=15.57658
SP_DONE c=256 first=16 tasks=893 base=5358 ms=7.917
SP_DONE c=256 first=49 tasks=893 base=5358 ms=4.396
SP_DONE c=128 first=57 tasks=2257 base=13542 ms=0.919
frame=6 reset=0 wall_ms=17.357 invalid=0 luma=0.01198082 roi=0.01888853 dark=826118 roi_dark=264662 changed_first=3730016 maxabs_first=15.577
SP_DONE c=256 first=16 tasks=893 base=6251 ms=5.640
SP_DONE c=256 first=49 tasks=893 base=6251 ms=4.236
SP_DONE c=128 first=57 tasks=2257 base=15799 ms=1.034
frame=7 reset=0 wall_ms=15.175 invalid=0 luma=0.01196727 roi=0.01889667 dark=826085 roi_dark=264655 changed_first=3730204 maxabs_first=15.57514
SP_DONE c=256 first=16 tasks=893 base=7144 ms=5.251
SP_DONE c=256 first=49 tasks=893 base=7144 ms=4.227
SP_DONE c=128 first=57 tasks=2257 base=18056 ms=0.881
frame=8 reset=0 wall_ms=14.358 invalid=0 luma=0.01197053 roi=0.0189611 dark=825562 roi_dark=264296 changed_first=3730509 maxabs_first=15.57446
SP_DONE c=256 first=16 tasks=893 base=8037 ms=8.485
SP_DONE c=256 first=49 tasks=893 base=8037 ms=4.323
SP_DONE c=128 first=57 tasks=2257 base=20313 ms=0.871
frame=9 reset=0 wall_ms=17.755 invalid=0 luma=0.01188217 roi=0.01889453 dark=826273 roi_dark=264638 changed_first=3730751 maxabs_first=15.57565
SP_DONE c=256 first=16 tasks=893 base=8930 ms=5.524
SP_DONE c=256 first=49 tasks=893 base=8930 ms=4.244
SP_DONE c=128 first=57 tasks=2257 base=22570 ms=1.003
frame=10 reset=0 wall_ms=14.896 invalid=0 luma=0.01184289 roi=0.01892411 dark=826011 roi_dark=264466 changed_first=3730847 maxabs_first=15.57721
SP_DONE c=256 first=16 tasks=893 base=9823 ms=6.233
SP_DONE c=256 first=49 tasks=893 base=9823 ms=4.232
SP_DONE c=128 first=57 tasks=2257 base=24827 ms=0.870
frame=11 reset=0 wall_ms=15.428 invalid=0 luma=0.01164047 roi=0.01865964 dark=828377 roi_dark=265691 changed_first=3730970 maxabs_first=15.57678
SP_STATS runs=36 fallback=0 rollover=0 jobs=48516 disabled=0 errors=0
RESULT frames=12 temporal=1 mean_wall_ms=112.256 invalid_total=0 restored_capture_every_frame=1 HDR_preserved=1
