seed=0 pattern=0
input format=RGBA16_FLOAT W=1296 H=720 invalid=0 min=0 max=34.53125 luma=0.0157641119 roi_luma=0.0250669576
adapter=AMD Radeon RX 9070 XT
SP_PLAN c=256 first=16 layers=6 tasks=624 initial=104 state_bytes=7504 w16=1
SP_PLAN c=256 first=49 layers=6 tasks=624 initial=104 state_bytes=7504 w16=1
FRAME_NET_GPU frame=0 gpu_ms=1232.26855
frame=0 reset=1 wall_ms=1240.642 invalid=0 luma=0.01311046 roi=0.01994696 dark=808529 roi_dark=258288 changed_first=0 maxabs_first=0
FRAME_NET_GPU frame=1 gpu_ms=5.18127012
FRAME_NET_GPU frame=2 gpu_ms=4.97270012
FRAME_NET_GPU frame=3 gpu_ms=6.81820011
FRAME_NET_GPU frame=4 gpu_ms=6.67263985
FRAME_NET_GPU frame=5 gpu_ms=6.48880005
FRAME_NET_GPU frame=6 gpu_ms=6.29120016
FRAME_NET_GPU frame=7 gpu_ms=6.37160015
FRAME_NET_GPU frame=8 gpu_ms=6.29460001
FRAME_NET_GPU frame=9 gpu_ms=6.40100002
FRAME_NET_GPU frame=10 gpu_ms=6.36390018
FRAME_NET_GPU frame=11 gpu_ms=6.35589981
FRAME_NET_GPU frame=12 gpu_ms=6.31879997
FRAME_NET_GPU frame=13 gpu_ms=6.38950014
FRAME_NET_GPU frame=14 gpu_ms=6.33014011
FRAME_NET_GPU frame=15 gpu_ms=6.32420015
FRAME_NET_GPU frame=16 gpu_ms=6.54055977
FRAME_NET_GPU frame=17 gpu_ms=6.53605986
FRAME_NET_GPU frame=18 gpu_ms=6.55289984
FRAME_NET_GPU frame=19 gpu_ms=6.43361998
FRAME_NET_GPU frame=20 gpu_ms=6.49728012
FRAME_NET_GPU frame=21 gpu_ms=6.42292023
FRAME_NET_GPU frame=22 gpu_ms=6.38390017
FRAME_NET_GPU frame=23 gpu_ms=6.49688005
FRAME_NET_GPU frame=24 gpu_ms=6.39381981
FRAME_NET_GPU frame=25 gpu_ms=6.54144001
FRAME_NET_GPU frame=26 gpu_ms=6.50226021
FRAME_NET_GPU frame=27 gpu_ms=6.50014019
FRAME_NET_GPU frame=28 gpu_ms=6.43790007
FRAME_NET_GPU frame=29 gpu_ms=6.50489998
FRAME_NET_GPU frame=30 gpu_ms=6.50767994
FRAME_NET_GPU frame=31 gpu_ms=6.51058006
FRAME_NET_GPU frame=32 gpu_ms=6.52540016
FRAME_NET_GPU frame=33 gpu_ms=6.50926018
FRAME_NET_GPU frame=34 gpu_ms=6.49631977
FRAME_NET_GPU frame=35 gpu_ms=6.47766018
FRAME_NET_GPU frame=36 gpu_ms=6.50239992
FRAME_NET_GPU frame=37 gpu_ms=6.40396023
FRAME_NET_GPU frame=38 gpu_ms=6.48485994
FRAME_NET_GPU frame=39 gpu_ms=6.44337988
FRAME_NET_GPU frame=40 gpu_ms=6.53509998
FRAME_NET_GPU frame=41 gpu_ms=6.54884005
FRAME_NET_GPU frame=42 gpu_ms=6.46466017
FRAME_NET_GPU frame=43 gpu_ms=6.54377985
FRAME_NET_GPU frame=44 gpu_ms=6.69931984
FRAME_NET_GPU frame=45 gpu_ms=6.53512001
FRAME_NET_GPU frame=46 gpu_ms=6.56406021
FRAME_NET_GPU frame=47 gpu_ms=6.5836401
FRAME_NET_GPU frame=48 gpu_ms=6.61397982
FRAME_NET_GPU frame=49 gpu_ms=6.59475994
FRAME_NET_GPU frame=50 gpu_ms=6.53590012
FRAME_NET_GPU frame=51 gpu_ms=6.59026003
FRAME_NET_GPU frame=52 gpu_ms=6.6293602
FRAME_NET_GPU frame=53 gpu_ms=6.61780024
FRAME_NET_GPU frame=54 gpu_ms=6.62917995
FRAME_NET_GPU frame=55 gpu_ms=6.55121994
FRAME_NET_GPU frame=56 gpu_ms=6.58413982
FRAME_NET_GPU frame=57 gpu_ms=6.57083988
FRAME_NET_GPU frame=58 gpu_ms=6.5848999
FRAME_NET_GPU frame=59 gpu_ms=6.69034004
FRAME_NET_GPU frame=60 gpu_ms=6.64707994
FRAME_NET_GPU frame=61 gpu_ms=6.62724018
FRAME_NET_GPU frame=62 gpu_ms=6.66177988
FRAME_NET_GPU frame=63 gpu_ms=6.47173977
FRAME_NET_GPU frame=64 gpu_ms=6.58355999
FRAME_NET_GPU frame=65 gpu_ms=6.55764008
FRAME_NET_GPU frame=66 gpu_ms=6.59356022
FRAME_NET_GPU frame=67 gpu_ms=6.59859991
FRAME_NET_GPU frame=68 gpu_ms=6.6181798
FRAME_NET_GPU frame=69 gpu_ms=6.55880022
FRAME_NET_GPU frame=70 gpu_ms=6.52451992
FRAME_NET_GPU frame=71 gpu_ms=6.55740023
FRAME_NET_GPU frame=72 gpu_ms=6.44102001
FRAME_NET_GPU frame=73 gpu_ms=6.54415989
FRAME_NET_GPU frame=74 gpu_ms=6.58097982
FRAME_NET_GPU frame=75 gpu_ms=6.6009798
FRAME_NET_GPU frame=76 gpu_ms=6.59246016
FRAME_NET_GPU frame=77 gpu_ms=6.63789988
FRAME_NET_GPU frame=78 gpu_ms=6.63032007
FRAME_NET_GPU frame=79 gpu_ms=6.73504019
FRAME_NET_GPU frame=80 gpu_ms=6.60937977
FRAME_NET_GPU frame=81 gpu_ms=6.61464024
FRAME_NET_GPU frame=82 gpu_ms=6.6303401
FRAME_NET_GPU frame=83 gpu_ms=6.54052019
FRAME_NET_GPU frame=84 gpu_ms=6.79398012
FRAME_NET_GPU frame=85 gpu_ms=6.48996019
FRAME_NET_GPU frame=86 gpu_ms=6.55378008
FRAME_NET_GPU frame=87 gpu_ms=6.61098003
FRAME_NET_GPU frame=88 gpu_ms=6.55308008
FRAME_NET_GPU frame=89 gpu_ms=6.61252022
FRAME_NET_GPU frame=90 gpu_ms=6.56652021
FRAME_NET_GPU frame=91 gpu_ms=6.49811983
FRAME_NET_GPU frame=92 gpu_ms=6.55649996
FRAME_NET_GPU frame=93 gpu_ms=6.54078007
FRAME_NET_GPU frame=94 gpu_ms=6.55210018
FRAME_NET_GPU frame=95 gpu_ms=6.59427977
FRAME_NET_GPU frame=96 gpu_ms=6.52950001
FRAME_NET_GPU frame=97 gpu_ms=6.56724024
FRAME_NET_GPU frame=98 gpu_ms=6.68556023
FRAME_NET_GPU frame=99 gpu_ms=6.59452009
FRAME_NET_GPU frame=100 gpu_ms=6.56135988
FRAME_NET_GPU frame=101 gpu_ms=6.61062002
FRAME_NET_GPU frame=102 gpu_ms=6.57647991
FRAME_NET_GPU frame=103 gpu_ms=6.52532005
FRAME_NET_GPU frame=104 gpu_ms=6.59810019
FRAME_NET_GPU frame=105 gpu_ms=6.55403996
FRAME_NET_GPU frame=106 gpu_ms=6.5862999
FRAME_NET_GPU frame=107 gpu_ms=6.53473997
FRAME_NET_GPU frame=108 gpu_ms=6.60268021
FRAME_NET_GPU frame=109 gpu_ms=6.61662006
FRAME_NET_GPU frame=110 gpu_ms=6.49408007
FRAME_NET_GPU frame=111 gpu_ms=6.52973986
FRAME_NET_GPU frame=112 gpu_ms=6.60642004
FRAME_NET_GPU frame=113 gpu_ms=6.58890009
FRAME_NET_GPU frame=114 gpu_ms=6.54222012
FRAME_NET_GPU frame=115 gpu_ms=6.5634799
FRAME_NET_GPU frame=116 gpu_ms=6.5802002
FRAME_NET_GPU frame=117 gpu_ms=6.58345985
FRAME_NET_GPU frame=118 gpu_ms=6.51889992
FRAME_NET_GPU frame=119 gpu_ms=6.62894011
FRAME_NET_GPU frame=120 gpu_ms=6.64960003
FRAME_NET_GPU frame=121 gpu_ms=6.69176006
FRAME_NET_GPU frame=122 gpu_ms=6.7343998
FRAME_NET_GPU frame=123 gpu_ms=6.47503996
FRAME_NET_GPU frame=124 gpu_ms=6.39955997
FRAME_NET_GPU frame=125 gpu_ms=6.6125598
FRAME_NET_GPU frame=126 gpu_ms=6.62285995
FRAME_NET_GPU frame=127 gpu_ms=6.61848021
FRAME_NET_GPU frame=128 gpu_ms=6.6582799
FRAME_NET_GPU frame=129 gpu_ms=6.29629993
FRAME_NET_GPU frame=130 gpu_ms=6.44189978
FRAME_NET_GPU frame=131 gpu_ms=6.58472013
FRAME_NET_GPU frame=132 gpu_ms=6.48941994
FRAME_NET_GPU frame=133 gpu_ms=6.48971987
FRAME_NET_GPU frame=134 gpu_ms=6.64798021
FRAME_NET_GPU frame=135 gpu_ms=6.46555996
FRAME_NET_GPU frame=136 gpu_ms=6.45081997
FRAME_NET_GPU frame=137 gpu_ms=6.77417994
FRAME_NET_GPU frame=138 gpu_ms=6.58247995
FRAME_NET_GPU frame=139 gpu_ms=6.68480015
FRAME_NET_GPU frame=140 gpu_ms=6.51669979
FRAME_NET_GPU frame=141 gpu_ms=6.54992008
FRAME_NET_GPU frame=142 gpu_ms=6.59344006
FRAME_NET_GPU frame=143 gpu_ms=6.54175997
FRAME_NET_GPU frame=144 gpu_ms=6.4949398
FRAME_NET_GPU frame=145 gpu_ms=6.65123987
FRAME_NET_GPU frame=146 gpu_ms=6.34757996
FRAME_NET_GPU frame=147 gpu_ms=6.58470011
FRAME_NET_GPU frame=148 gpu_ms=6.48625994
FRAME_NET_GPU frame=149 gpu_ms=6.73801994
FRAME_NET_GPU frame=150 gpu_ms=6.33546019
FRAME_NET_GPU frame=151 gpu_ms=6.48468018
FRAME_NET_GPU frame=152 gpu_ms=6.57933998
FRAME_NET_GPU frame=153 gpu_ms=6.58213997
FRAME_NET_GPU frame=154 gpu_ms=6.5710001
FRAME_NET_GPU frame=155 gpu_ms=6.46513987
FRAME_NET_GPU frame=156 gpu_ms=6.54252005
FRAME_NET_GPU frame=157 gpu_ms=6.63430023
FRAME_NET_GPU frame=158 gpu_ms=6.44958019
FRAME_NET_GPU frame=159 gpu_ms=6.59715986
frame=159 reset=1 wall_ms=7.305 invalid=0 luma=0.01311046 roi=0.01994696 dark=808529 roi_dark=258288 changed_first=0 maxabs_first=0
SP_STATS runs=320 fallback=0 rollover=0 jobs=199680 disabled=0 errors=0
RESULT frames=160 temporal=0 mean_wall_ms=14.809 invalid_total=0 restored_capture_every_frame=1 HDR_preserved=1

