overlay c32-wave1 <- D:\DLSSNR-Lab\hip-backend\compiler-sweep-20261001\recipe-on3\gfx1201 A1910D6A
overlay c64-wave2 <- D:\DLSSNR-Lab\hip-backend\compiler-sweep-20261001\recipe-on3\gfx1201 2E68F4F4
overlay c512-m32-deep <- D:\DLSSNR-Lab\hip-backend\compiler-sweep-20261001\recipe-on3\gfx1201 FE9A1A0B
addon 053C3589
SPAN r1-h900-base exit=0 n=232 med=6.648
SPAN r1-h900-bf-vit exit=0 n=231 med=6.77
SPAN r1-h900-p-vit exit=0 n=231 med=6.76
SPAN r1-h900-f21-vit exit=0 n=232 med=6.667
SPAN r1-h900-ut-vit exit=0 n=231 med=6.76
SPAN r1-h900-base2 exit=0 n=231 med=6.676
SPAN r1-h900-bf-mh exit=0 n=233 med=7.036
SPAN r1-h900-p-mh exit=0 n=232 med=7.004
SPAN r1-h900-f21-mh exit=0 n=229 med=6.696
SPAN r1-h900-ut-mh exit=0 n=231 med=6.979
SPAN r1-h900-base3 exit=0 n=232 med=6.693
SPAN r1-h900-dmf-r exit=0 n=233 med=6.928
SPAN r1-h900-dmf-p exit=0 n=232 med=7.525
SPAN r1-h900-dmf-f21 exit=0 n=233 med=6.933
SPAN r1-h900-base4 exit=0 n=230 med=6.699
SPAN r1-h1080-base exit=0 n=229 med=9.376
SPAN r1-h1080-bf-vit exit=0 n=233 med=9.54
SPAN r1-h1080-p-vit exit=0 n=231 med=9.566
SPAN r1-h1080-f21-vit exit=0 n=230 med=9.443
SPAN r1-h1080-ut-vit exit=0 n=230 med=9.477
SPAN r1-h1080-base2 exit=0 n=231 med=9.385
SPAN r1-h1080-bf-mh exit=0 n=234 med=9.504
SPAN r1-h1080-p-mh exit=0 n=232 med=9.498
SPAN r1-h1080-f21-mh exit=0 n=229 med=9.392
SPAN r1-h1080-ut-mh exit=0 n=233 med=9.377
SPAN r1-h1080-base3 exit=0 n=232 med=9.398
SPAN r1-h1080-dmf-r exit=0 n=231 med=9.414
SPAN r1-h1080-dmf-p exit=0 n=229 med=9.529
SPAN r1-h1080-dmf-f21 exit=0 n=230 med=9.432
SPAN r1-h1080-base4 exit=0 n=234 med=9.422
SPAN r2-h900-base exit=0 n=231 med=6.729
SPAN r2-h900-bf-vit exit=0 n=231 med=6.867
SPAN r2-h900-p-vit exit=0 n=231 med=6.862
SPAN r2-h900-f21-vit exit=0 n=233 med=6.725
SPAN r2-h900-ut-vit exit=0 n=232 med=6.817
SPAN r2-h900-base2 exit=0 n=231 med=6.722
SPAN r2-h900-bf-mh exit=0 n=233 med=7.093
SPAN r2-h900-p-mh exit=0 n=230 med=7.045
SPAN r2-h900-f21-mh exit=0 n=233 med=6.728
SPAN r2-h900-ut-mh exit=0 n=232 med=7.012
SPAN r2-h900-base3 exit=0 n=233 med=6.71
SPAN r2-h900-dmf-r exit=0 n=231 med=6.957
SPAN r2-h900-dmf-p exit=0 n=230 med=7.571
SPAN r2-h900-dmf-f21 exit=0 n=233 med=6.956
SPAN r2-h900-base4 exit=0 n=232 med=6.724
SPAN r2-h1080-base exit=0 n=232 med=9.409
SPAN r2-h1080-bf-vit exit=0 n=231 med=9.577
SPAN r2-h1080-p-vit exit=0 n=231 med=9.566
SPAN r2-h1080-f21-vit exit=0 n=231 med=9.463
SPAN r2-h1080-ut-vit exit=0 n=231 med=9.497
SPAN r2-h1080-base2 exit=0 n=231 med=9.415
SPAN r2-h1080-bf-mh exit=0 n=230 med=9.516
SPAN r2-h1080-p-mh exit=0 n=231 med=9.518
SPAN r2-h1080-f21-mh exit=0 n=232 med=9.434
SPAN r2-h1080-ut-mh exit=0 n=232 med=9.389
SPAN r2-h1080-base3 exit=0 n=230 med=9.421
SPAN r2-h1080-dmf-r exit=0 n=232 med=9.434
SPAN r2-h1080-dmf-p exit=0 n=231 med=9.518
SPAN r2-h1080-dmf-f21 exit=0 n=230 med=9.417
SPAN r2-h1080-base4 exit=0 n=232 med=9.413
SPAN r3-h900-base exit=0 n=232 med=6.726
SPAN r3-h900-bf-vit exit=0 n=233 med=6.875
SPAN r3-h900-p-vit exit=0 n=231 med=6.838
SPAN r3-h900-f21-vit exit=0 n=233 med=6.72
SPAN r3-h900-ut-vit exit=0 n=232 med=6.82
SPAN r3-h900-base2 exit=0 n=233 med=6.734
SPAN r3-h900-bf-mh exit=0 n=230 med=7.081
SPAN r3-h900-p-mh exit=0 n=232 med=7.05
SPAN r3-h900-f21-mh exit=0 n=231 med=6.72
SPAN r3-h900-ut-mh exit=0 n=229 med=7.015
SPAN r3-h900-base3 exit=0 n=231 med=6.731
SPAN r3-h900-dmf-r exit=0 n=234 med=6.963
SPAN r3-h900-dmf-p exit=0 n=231 med=7.576
SPAN r3-h900-dmf-f21 exit=0 n=232 med=6.956
SPAN r3-h900-base4 exit=0 n=232 med=6.724
SPAN r3-h1080-base exit=0 n=233 med=9.438
SPAN r3-h1080-bf-vit exit=0 n=231 med=9.554
SPAN r3-h1080-p-vit exit=0 n=232 med=9.594
SPAN r3-h1080-f21-vit exit=0 n=231 med=9.483
SPAN r3-h1080-ut-vit exit=0 n=230 med=9.517
SPAN r3-h1080-base2 exit=0 n=230 med=9.463
SPAN r3-h1080-bf-mh exit=0 n=232 med=9.538
SPAN r3-h1080-p-mh exit=0 n=232 med=9.545
SPAN r3-h1080-f21-mh exit=0 n=230 med=9.462
SPAN r3-h1080-ut-mh exit=0 n=231 med=9.427
SPAN r3-h1080-base3 exit=0 n=230 med=9.447
SPAN r3-h1080-dmf-r exit=0 n=231 med=9.445
SPAN r3-h1080-dmf-p exit=0 n=231 med=9.556
SPAN r3-h1080-dmf-f21 exit=0 n=231 med=9.444
SPAN r3-h1080-base4 exit=0 n=234 med=9.48
DUP_DONE
LOCK DROPPED
GUARD_DONE
