overlay c32-wave1 <- D:\DLSSNR-Lab\hip-backend\compiler-sweep-20261001\recipe-on3\gfx1201 A1910D6A
overlay c64-wave2 <- D:\DLSSNR-Lab\hip-backend\compiler-sweep-20261001\recipe-on3\gfx1201 2E68F4F4
overlay c512-m32-deep <- D:\DLSSNR-Lab\hip-backend\compiler-sweep-20261001\recipe-on3\gfx1201 FE9A1A0B
addon 053C3589
SPAN r1-h900-base exit=0 n=233 med=6.649
SPAN r1-h900-bf22-vit exit=0 n=232 med=6.668
SPAN r1-h900-bf23-vit exit=0 n=231 med=6.784
SPAN r1-h900-base2 exit=0 n=231 med=6.685
SPAN r1-h900-bf22-mh exit=0 n=231 med=6.709
SPAN r1-h900-bf23-mh exit=0 n=230 med=7.081
SPAN r1-h900-base3 exit=0 n=232 med=6.694
SPAN r1-h900-dmf-r exit=0 n=230 med=6.922
SPAN r1-h900-dmf-22 exit=0 n=231 med=6.923
SPAN r1-h900-dvq-r exit=0 n=232 med=7.021
SPAN r1-h900-dvq-22 exit=0 n=231 med=7.043
SPAN r1-h900-base4 exit=0 n=232 med=6.682
SPAN r1-h1080-base exit=0 n=231 med=9.402
SPAN r1-h1080-bf22-vit exit=0 n=233 med=9.447
SPAN r1-h1080-bf23-vit exit=0 n=232 med=9.542
SPAN r1-h1080-base2 exit=0 n=232 med=9.422
SPAN r1-h1080-bf22-mh exit=0 n=231 med=9.406
SPAN r1-h1080-bf23-mh exit=0 n=232 med=9.535
SPAN r1-h1080-base3 exit=0 n=232 med=9.433
SPAN r1-h1080-dmf-r exit=0 n=232 med=9.422
SPAN r1-h1080-dmf-22 exit=0 n=231 med=9.418
SPAN r1-h1080-dvq-r exit=0 n=233 med=9.778
SPAN r1-h1080-dvq-22 exit=0 n=229 med=9.78
SPAN r1-h1080-base4 exit=0 n=230 med=9.432
SPAN r2-h900-base exit=0 n=232 med=6.728
SPAN r2-h900-bf22-vit exit=0 n=232 med=6.719
SPAN r2-h900-bf23-vit exit=0 n=232 med=6.833
SPAN r2-h900-base2 exit=0 n=234 med=6.706
SPAN r2-h900-bf22-mh exit=0 n=233 med=6.711
SPAN r2-h900-bf23-mh exit=0 n=231 med=7.078
SPAN r2-h900-base3 exit=0 n=232 med=6.711
SPAN r2-h900-dmf-r exit=0 n=234 med=6.947
SPAN r2-h900-dmf-22 exit=0 n=232 med=6.951
SPAN r2-h900-dvq-r exit=0 n=231 med=7.054
SPAN r2-h900-dvq-22 exit=0 n=233 med=7.058
SPAN r2-h900-base4 exit=0 n=235 med=6.701
SPAN r2-h1080-base exit=0 n=230 med=9.428
SPAN r2-h1080-bf22-vit exit=0 n=229 med=9.466
SPAN r2-h1080-bf23-vit exit=0 n=231 med=9.571
SPAN r2-h1080-base2 exit=0 n=231 med=9.455
SPAN r2-h1080-bf22-mh exit=0 n=232 med=9.416
SPAN r2-h1080-bf23-mh exit=0 n=232 med=9.538
SPAN r2-h1080-base3 exit=0 n=231 med=9.439
SPAN r2-h1080-dmf-r exit=0 n=230 med=9.444
SPAN r2-h1080-dmf-22 exit=0 n=230 med=9.445
SPAN r2-h1080-dvq-r exit=0 n=232 med=9.776
SPAN r2-h1080-dvq-22 exit=0 n=234 med=9.805
SPAN r2-h1080-base4 exit=0 n=232 med=9.44
SPAN r3-h900-base exit=0 n=231 med=6.716
SPAN r3-h900-bf22-vit exit=0 n=231 med=6.751
SPAN r3-h900-bf23-vit exit=0 n=231 med=6.856
SPAN r3-h900-base2 exit=0 n=231 med=6.723
SPAN r3-h900-bf22-mh exit=0 n=229 med=6.717
SPAN r3-h900-bf23-mh exit=0 n=232 med=7.104
SPAN r3-h900-base3 exit=0 n=232 med=6.719
SPAN r3-h900-dmf-r exit=0 n=231 med=6.976
SPAN r3-h900-dmf-22 exit=0 n=236 med=6.962
SPAN r3-h900-dvq-r exit=0 n=234 med=7.079
SPAN r3-h900-dvq-22 exit=0 n=231 med=7.063
SPAN r3-h900-base4 exit=0 n=232 med=6.73
SPAN r3-h1080-base exit=0 n=231 med=9.457
SPAN r3-h1080-bf22-vit exit=0 n=232 med=9.491
SPAN r3-h1080-bf23-vit exit=0 n=232 med=9.576
SPAN r3-h1080-base2 exit=0 n=229 med=9.472
SPAN r3-h1080-bf22-mh exit=0 n=233 med=9.479
SPAN r3-h1080-bf23-mh exit=0 n=232 med=9.613
SPAN r3-h1080-base3 exit=0 n=231 med=9.467
SPAN r3-h1080-dmf-r exit=0 n=232 med=9.438
SPAN r3-h1080-dmf-22 exit=0 n=229 med=9.445
SPAN r3-h1080-dvq-r exit=0 n=231 med=9.761
SPAN r3-h1080-dvq-22 exit=0 n=231 med=9.793
SPAN r3-h1080-base4 exit=0 n=232 med=9.453
DUP_DONE
LOCK DROPPED
GUARD_DONE
