overlay c32-wave1 <- D:\DLSSNR-Lab\hip-backend\compiler-sweep-20261001\recipe-on3\gfx1201 A1910D6A
overlay c64-wave2 <- D:\DLSSNR-Lab\hip-backend\compiler-sweep-20261001\recipe-on3\gfx1201 2E68F4F4
overlay c512-m32-deep <- D:\DLSSNR-Lab\hip-backend\compiler-sweep-20261001\recipe-on3\gfx1201 FE9A1A0B
addon 053C3589
SPAN r1-h900-base exit=0 n=231 med=6.704
SPAN r1-h900-L23bf-vit exit=0 n=234 med=6.816
SPAN r1-h900-L23bf-mh exit=0 n=232 med=7.064
SPAN r1-h900-dvq-r exit=0 n=231 med=7.042
SPAN r1-h900-dvq-23 exit=0 n=233 med=7.13
SPAN r1-h900-dvc-r exit=0 n=235 med=6.886
SPAN r1-h900-dvc-23 exit=0 n=233 med=7.056
SPAN r1-h900-base2 exit=0 n=232 med=6.705
SPAN r1-h900-dvp-r exit=0 n=231 med=6.768
SPAN r1-h900-dvp-23 exit=0 n=231 med=6.9
SPAN r1-h900-dmf-r exit=0 n=235 med=6.938
SPAN r1-h900-dmf-23 exit=0 n=234 med=7.565
SPAN r1-h900-dmo-r exit=0 n=232 med=7.199
SPAN r1-h900-dmo-23 exit=0 n=234 med=7.892
SPAN r1-h900-base3 exit=0 n=230 med=6.704
SPAN r1-h1080-base exit=0 n=231 med=9.401
SPAN r1-h1080-L23bf-vit exit=0 n=233 med=9.542
SPAN r1-h1080-L23bf-mh exit=0 n=231 med=9.489
SPAN r1-h1080-dvq-r exit=0 n=230 med=9.736
SPAN r1-h1080-dvq-23 exit=0 n=230 med=9.877
SPAN r1-h1080-dvc-r exit=0 n=230 med=9.674
SPAN r1-h1080-dvc-23 exit=0 n=229 med=9.847
SPAN r1-h1080-base2 exit=0 n=231 med=9.407
SPAN r1-h1080-dvp-r exit=0 n=232 med=9.499
SPAN r1-h1080-dvp-23 exit=0 n=232 med=9.663
SPAN r1-h1080-dmf-r exit=0 n=233 med=9.417
SPAN r1-h1080-dmf-23 exit=0 n=232 med=9.512
SPAN r1-h1080-dmo-r exit=0 n=230 med=9.827
SPAN r1-h1080-dmo-23 exit=0 n=229 med=10.03
SPAN r1-h1080-base3 exit=0 n=232 med=9.415
SPAN r2-h900-base exit=0 n=233 med=6.727
SPAN r2-h900-L23bf-vit exit=0 n=232 med=6.835
SPAN r2-h900-L23bf-mh exit=0 n=231 med=7.092
SPAN r2-h900-dvq-r exit=0 n=230 med=7.064
SPAN r2-h900-dvq-23 exit=0 n=230 med=7.14
SPAN r2-h900-dvc-r exit=0 n=232 med=6.917
SPAN r2-h900-dvc-23 exit=0 n=232 med=7.07
SPAN r2-h900-base2 exit=0 n=232 med=6.714
SPAN r2-h900-dvp-r exit=0 n=233 med=6.787
SPAN r2-h900-dvp-23 exit=0 n=228 med=6.918
SPAN r2-h900-dmf-r exit=0 n=231 med=6.95
SPAN r2-h900-dmf-23 exit=0 n=230 med=7.603
SPAN r2-h900-dmo-r exit=0 n=232 med=7.227
SPAN r2-h900-dmo-23 exit=0 n=232 med=7.893
SPAN r2-h900-base3 exit=0 n=231 med=6.726
SPAN r2-h1080-base exit=0 n=232 med=9.403
SPAN r2-h1080-L23bf-vit exit=0 n=231 med=9.546
SPAN r2-h1080-L23bf-mh exit=0 n=232 med=9.502
SPAN r2-h1080-dvq-r exit=0 n=229 med=9.742
SPAN r2-h1080-dvq-23 exit=0 n=233 med=9.876
SPAN r2-h1080-dvc-r exit=0 n=231 med=9.685
SPAN r2-h1080-dvc-23 exit=0 n=232 med=9.857
SPAN r2-h1080-base2 exit=0 n=232 med=9.415
SPAN r2-h1080-dvp-r exit=0 n=231 med=9.501
SPAN r2-h1080-dvp-23 exit=0 n=230 med=9.659
SPAN r2-h1080-dmf-r exit=0 n=230 med=9.45
SPAN r2-h1080-dmf-23 exit=0 n=231 med=9.51
SPAN r2-h1080-dmo-r exit=0 n=232 med=9.835
SPAN r2-h1080-dmo-23 exit=0 n=233 med=10.007
SPAN r2-h1080-base3 exit=0 n=231 med=9.413
SPAN r3-h900-base exit=0 n=233 med=6.732
SPAN r3-h900-L23bf-vit exit=0 n=231 med=6.841
SPAN r3-h900-L23bf-mh exit=0 n=229 med=7.091
SPAN r3-h900-dvq-r exit=0 n=231 med=7.068
SPAN r3-h900-dvq-23 exit=0 n=232 med=7.155
SPAN r3-h900-dvc-r exit=0 n=233 med=6.912
SPAN r3-h900-dvc-23 exit=0 n=230 med=7.074
SPAN r3-h900-base2 exit=0 n=232 med=6.716
SPAN r3-h900-dvp-r exit=0 n=231 med=6.789
SPAN r3-h900-dvp-23 exit=0 n=234 med=6.939
SPAN r3-h900-dmf-r exit=0 n=230 med=6.951
SPAN r3-h900-dmf-23 exit=0 n=231 med=7.598
SPAN r3-h900-dmo-r exit=0 n=232 med=7.22
SPAN r3-h900-dmo-23 exit=0 n=232 med=7.899
SPAN r3-h900-base3 exit=0 n=232 med=6.725
SPAN r3-h1080-base exit=0 n=230 med=9.419
SPAN r3-h1080-L23bf-vit exit=0 n=230 med=9.568
SPAN r3-h1080-L23bf-mh exit=0 n=231 med=9.494
SPAN r3-h1080-dvq-r exit=0 n=229 med=9.743
SPAN r3-h1080-dvq-23 exit=0 n=233 med=9.874
SPAN r3-h1080-dvc-r exit=0 n=231 med=9.686
SPAN r3-h1080-dvc-23 exit=0 n=231 med=9.851
SPAN r3-h1080-base2 exit=0 n=230 med=9.401
SPAN r3-h1080-dvp-r exit=0 n=231 med=9.495
SPAN r3-h1080-dvp-23 exit=0 n=232 med=9.679
SPAN r3-h1080-dmf-r exit=0 n=231 med=9.393
SPAN r3-h1080-dmf-23 exit=0 n=233 med=9.503
SPAN r3-h1080-dmo-r exit=0 n=229 med=9.816
SPAN r3-h1080-dmo-23 exit=0 n=231 med=10.025
SPAN r3-h1080-base3 exit=0 n=230 med=9.448
SPAN r4-h900-base exit=0 n=231 med=6.727
SPAN r4-h900-L23bf-vit exit=0 n=233 med=6.83
SPAN r4-h900-L23bf-mh exit=0 n=232 med=7.099
SPAN r4-h900-dvq-r exit=0 n=233 med=7.061
SPAN r4-h900-dvq-23 exit=0 n=230 med=7.147
SPAN r4-h900-dvc-r exit=0 n=230 med=6.909
SPAN r4-h900-dvc-23 exit=0 n=232 med=7.078
SPAN r4-h900-base2 exit=0 n=232 med=6.729
SPAN r4-h900-dvp-r exit=0 n=232 med=6.814
SPAN r4-h900-dvp-23 exit=0 n=233 med=6.967
SPAN r4-h900-dmf-r exit=0 n=235 med=6.958
SPAN r4-h900-dmf-23 exit=0 n=234 med=7.6
SPAN r4-h900-dmo-r exit=0 n=232 med=7.218
SPAN r4-h900-dmo-23 exit=0 n=232 med=7.91
SPAN r4-h900-base3 exit=0 n=231 med=6.724
SPAN r4-h1080-base exit=0 n=230 med=9.42
SPAN r4-h1080-L23bf-vit exit=0 n=230 med=9.579
SPAN r4-h1080-L23bf-mh exit=0 n=230 med=9.531
SPAN r4-h1080-dvq-r exit=0 n=233 med=9.755
SPAN r4-h1080-dvq-23 exit=0 n=233 med=9.901
SPAN r4-h1080-dvc-r exit=0 n=230 med=9.681
SPAN r4-h1080-dvc-23 exit=0 n=231 med=9.861
SPAN r4-h1080-base2 exit=0 n=228 med=9.418
SPAN r4-h1080-dvp-r exit=0 n=229 med=9.569
SPAN r4-h1080-dvp-23 exit=0 n=230 med=9.677
SPAN r4-h1080-dmf-r exit=0 n=231 med=9.437
SPAN r4-h1080-dmf-23 exit=0 n=230 med=9.519
SPAN r4-h1080-dmo-r exit=0 n=230 med=9.828
SPAN r4-h1080-dmo-23 exit=0 n=230 med=10.015
SPAN r4-h1080-base3 exit=0 n=229 med=9.412
SPAN r5-h900-base exit=0 n=232 med=6.73
SPAN r5-h900-L23bf-vit exit=0 n=230 med=6.851
SPAN r5-h900-L23bf-mh exit=0 n=232 med=7.102
SPAN r5-h900-dvq-r exit=0 n=233 med=7.076
SPAN r5-h900-dvq-23 exit=0 n=231 med=7.171
SPAN r5-h900-dvc-r exit=0 n=231 med=6.929
LOCK DROPPED
ABORT game
At D:\DLSSNR-Lab\llvm23-vit\dupc.ps1:8 char:40
+ function Test-Game { if(Test-Path $AB){throw 'ABORT game'}; if(Get-Pr ...
+                                        ~~~~~~~~~~~~~~~~~~
    + CategoryInfo          : OperationStopped: (ABORT game:String) [], RuntimeException
    + FullyQualifiedErrorId : ABORT game
 
GUARD_DONE
