seed=1 pattern=0
input format=RGBA16_FLOAT W=2560 H=1440 invalid=0 min=0 max=1 luma=0.357899353 roi_luma=0.389746571
adapter=AMD Radeon RX 9070 XT
NET frame=0 gpu_ms=1166.713135
GEOMETRY valid=2560x1440 processing=2560x1472 tokens=960
frame=0 reset=1 wall_ms=1174.852 invalid=0 luma=0.3597704 roi=0.4268046 dark=101219 roi_dark=9829 changed_first=0 maxabs_first=0
NET frame=1 gpu_ms=34.548401
NET frame=2 gpu_ms=32.639599
NET frame=3 gpu_ms=32.757198
NET frame=4 gpu_ms=32.910080
NET frame=5 gpu_ms=32.805500
NET frame=6 gpu_ms=32.641102
NET frame=7 gpu_ms=32.729660
NET frame=8 gpu_ms=32.885101
NET frame=9 gpu_ms=32.825680
NET frame=10 gpu_ms=32.939480
NET frame=11 gpu_ms=32.667198
NET frame=12 gpu_ms=32.858921
NET frame=13 gpu_ms=32.591679
NET frame=14 gpu_ms=32.894600
NET frame=15 gpu_ms=32.784901
NET frame=16 gpu_ms=32.733021
NET frame=17 gpu_ms=32.690720
NET frame=18 gpu_ms=32.862400
NET frame=19 gpu_ms=33.055740
NET frame=20 gpu_ms=32.810959
NET frame=21 gpu_ms=32.845020
NET frame=22 gpu_ms=32.877602
NET frame=23 gpu_ms=32.559441
NET frame=24 gpu_ms=32.696178
NET frame=25 gpu_ms=32.482159
NET frame=26 gpu_ms=32.880138
NET frame=27 gpu_ms=32.618179
NET frame=28 gpu_ms=33.044182
NET frame=29 gpu_ms=32.676239
NET frame=30 gpu_ms=32.667320
NET frame=31 gpu_ms=32.812420
NET frame=32 gpu_ms=32.894718
NET frame=33 gpu_ms=32.834259
NET frame=34 gpu_ms=32.974602
NET frame=35 gpu_ms=33.097740
NET frame=36 gpu_ms=32.966122
NET frame=37 gpu_ms=32.730381
NET frame=38 gpu_ms=32.576080
NET frame=39 gpu_ms=32.703098
NET frame=40 gpu_ms=32.817379
NET frame=41 gpu_ms=32.921520
NET frame=42 gpu_ms=32.968899
NET frame=43 gpu_ms=33.048519
NET frame=44 gpu_ms=32.544022
NET frame=45 gpu_ms=32.684040
NET frame=46 gpu_ms=32.906818
NET frame=47 gpu_ms=32.974258
NET frame=48 gpu_ms=33.033741
NET frame=49 gpu_ms=32.796322
NET frame=50 gpu_ms=32.918678
NET frame=51 gpu_ms=32.711559
NET frame=52 gpu_ms=32.919380
NET frame=53 gpu_ms=32.667641
NET frame=54 gpu_ms=32.981022
NET frame=55 gpu_ms=32.923260
NET frame=56 gpu_ms=32.874779
NET frame=57 gpu_ms=32.704578
NET frame=58 gpu_ms=33.099941
NET frame=59 gpu_ms=32.891842
NET frame=60 gpu_ms=32.817219
NET frame=61 gpu_ms=32.818481
NET frame=62 gpu_ms=32.859901
NET frame=63 gpu_ms=33.112221
NET frame=64 gpu_ms=32.695480
NET frame=65 gpu_ms=32.930641
NET frame=66 gpu_ms=32.736401
NET frame=67 gpu_ms=32.980259
NET frame=68 gpu_ms=32.853539
NET frame=69 gpu_ms=32.952599
NET frame=70 gpu_ms=32.692242
NET frame=71 gpu_ms=32.911701
NET frame=72 gpu_ms=33.091820
NET frame=73 gpu_ms=32.753799
NET frame=74 gpu_ms=32.869942
NET frame=75 gpu_ms=33.030479
NET frame=76 gpu_ms=32.816540
NET frame=77 gpu_ms=32.863800
NET frame=78 gpu_ms=33.142639
NET frame=79 gpu_ms=32.773418
NET frame=80 gpu_ms=32.723740
NET frame=81 gpu_ms=32.974258
NET frame=82 gpu_ms=33.023479
NET frame=83 gpu_ms=32.888119
NET frame=84 gpu_ms=32.709759
NET frame=85 gpu_ms=32.954700
NET frame=86 gpu_ms=33.039261
NET frame=87 gpu_ms=32.667702
NET frame=88 gpu_ms=32.950279
NET frame=89 gpu_ms=32.674740
NET frame=90 gpu_ms=32.830318
NET frame=91 gpu_ms=32.959202
NET frame=92 gpu_ms=33.142601
NET frame=93 gpu_ms=32.992260
NET frame=94 gpu_ms=32.502522
NET frame=95 gpu_ms=33.020741
NET frame=96 gpu_ms=32.867062
NET frame=97 gpu_ms=32.934158
NET frame=98 gpu_ms=33.034061
NET frame=99 gpu_ms=32.806999
NET frame=100 gpu_ms=32.828239
NET frame=101 gpu_ms=32.867222
NET frame=102 gpu_ms=32.865162
NET frame=103 gpu_ms=32.790020
NET frame=104 gpu_ms=32.774479
NET frame=105 gpu_ms=33.003460
NET frame=106 gpu_ms=32.917320
NET frame=107 gpu_ms=32.721722
NET frame=108 gpu_ms=33.160141
NET frame=109 gpu_ms=32.903801
NET frame=110 gpu_ms=32.683182
NET frame=111 gpu_ms=33.001900
NET frame=112 gpu_ms=32.911640
NET frame=113 gpu_ms=32.844559
NET frame=114 gpu_ms=33.108158
NET frame=115 gpu_ms=32.664581
NET frame=116 gpu_ms=32.514980
NET frame=117 gpu_ms=33.080818
NET frame=118 gpu_ms=32.838718
NET frame=119 gpu_ms=32.956039
NET frame=120 gpu_ms=32.914719
NET frame=121 gpu_ms=32.865139
NET frame=122 gpu_ms=32.903519
NET frame=123 gpu_ms=32.795300
NET frame=124 gpu_ms=32.797199
NET frame=125 gpu_ms=32.982540
NET frame=126 gpu_ms=32.910160
NET frame=127 gpu_ms=32.774441
NET frame=128 gpu_ms=32.964981
NET frame=129 gpu_ms=32.548641
NET frame=130 gpu_ms=33.024521
NET frame=131 gpu_ms=32.810581
NET frame=132 gpu_ms=32.767921
NET frame=133 gpu_ms=32.962421
NET frame=134 gpu_ms=32.837139
NET frame=135 gpu_ms=32.764500
NET frame=136 gpu_ms=33.196522
NET frame=137 gpu_ms=32.667381
NET frame=138 gpu_ms=33.097698
NET frame=139 gpu_ms=32.937939
NET frame=140 gpu_ms=32.792900
NET frame=141 gpu_ms=32.794239
NET frame=142 gpu_ms=33.155079
NET frame=143 gpu_ms=32.690399
NET frame=144 gpu_ms=32.868240
NET frame=145 gpu_ms=32.652420
NET frame=146 gpu_ms=32.974819
NET frame=147 gpu_ms=32.940338
NET frame=148 gpu_ms=33.167099
NET frame=149 gpu_ms=32.640900
NET frame=150 gpu_ms=33.033920
NET frame=151 gpu_ms=32.756020
NET frame=152 gpu_ms=32.731319
NET frame=153 gpu_ms=32.755501
NET frame=154 gpu_ms=32.743839
NET frame=155 gpu_ms=33.042938
NET frame=156 gpu_ms=32.889500
NET frame=157 gpu_ms=33.267181
NET frame=158 gpu_ms=32.855942
NET frame=159 gpu_ms=32.561420
NET frame=160 gpu_ms=33.013020
NET frame=161 gpu_ms=32.665642
NET frame=162 gpu_ms=32.841282
NET frame=163 gpu_ms=33.248100
NET frame=164 gpu_ms=32.654240
NET frame=165 gpu_ms=32.837742
NET frame=166 gpu_ms=32.808941
NET frame=167 gpu_ms=32.497978
NET frame=168 gpu_ms=32.719479
NET frame=169 gpu_ms=33.292320
NET frame=170 gpu_ms=32.907341
NET frame=171 gpu_ms=32.954021
NET frame=172 gpu_ms=32.889439
NET frame=173 gpu_ms=32.589981
NET frame=174 gpu_ms=33.088581
NET frame=175 gpu_ms=32.524120
NET frame=176 gpu_ms=33.069641
NET frame=177 gpu_ms=32.617580
NET frame=178 gpu_ms=33.147282
NET frame=179 gpu_ms=32.402500
NET frame=180 gpu_ms=33.083340
NET frame=181 gpu_ms=32.728222
NET frame=182 gpu_ms=32.713860
NET frame=183 gpu_ms=32.973999
NET frame=184 gpu_ms=32.752060
NET frame=185 gpu_ms=32.993038
NET frame=186 gpu_ms=32.982159
NET frame=187 gpu_ms=32.983822
NET frame=188 gpu_ms=32.518421
NET frame=189 gpu_ms=32.735901
NET frame=190 gpu_ms=32.931679
NET frame=191 gpu_ms=32.736721
NET frame=192 gpu_ms=32.866180
NET frame=193 gpu_ms=32.764061
NET frame=194 gpu_ms=33.107479
NET frame=195 gpu_ms=32.875519
NET frame=196 gpu_ms=32.748039
NET frame=197 gpu_ms=32.709099
NET frame=198 gpu_ms=32.843658
NET frame=199 gpu_ms=32.818501
frame=199 reset=1 wall_ms=34.350 invalid=0 luma=0.3597704 roi=0.4268046 dark=101219 roi_dark=9829 changed_first=0 maxabs_first=0
SP_STATS runs=0 fallback=0 rollover=0 jobs=0 disabled=0 errors=0
RESULT frames=200 temporal=0 mean_wall_ms=40.171 invalid_total=0 restored_capture_every_frame=1 HDR_preserved=1
