seed=1 pattern=0
input format=RGBA16_FLOAT W=2560 H=1440 invalid=0 min=0 max=1 luma=0.357899353 roi_luma=0.389746571
adapter=AMD Radeon RX 9070 XT
NET frame=0 gpu_ms=1133.211182
GEOMETRY valid=2560x1440 processing=2560x1472 tokens=960
frame=0 reset=1 wall_ms=1139.142 invalid=0 luma=0.3596833 roi=0.4035345 dark=1325 roi_dark=232 changed_first=0 maxabs_first=0
NET frame=1 gpu_ms=20.486401
NET frame=2 gpu_ms=15.497400
NET frame=3 gpu_ms=15.245100
NET frame=4 gpu_ms=15.137600
NET frame=5 gpu_ms=15.064700
NET frame=6 gpu_ms=15.078500
NET frame=7 gpu_ms=14.973000
NET frame=8 gpu_ms=15.001400
NET frame=9 gpu_ms=15.102800
NET frame=10 gpu_ms=15.074700
NET frame=11 gpu_ms=15.110900
NET frame=12 gpu_ms=15.073700
NET frame=13 gpu_ms=15.191800
NET frame=14 gpu_ms=15.184800
NET frame=15 gpu_ms=15.316900
NET frame=16 gpu_ms=15.531200
NET frame=17 gpu_ms=15.361200
NET frame=18 gpu_ms=15.348600
NET frame=19 gpu_ms=15.572100
NET frame=20 gpu_ms=15.290300
NET frame=21 gpu_ms=15.295500
NET frame=22 gpu_ms=15.360300
NET frame=23 gpu_ms=15.411700
NET frame=24 gpu_ms=15.447700
NET frame=25 gpu_ms=15.146760
NET frame=26 gpu_ms=15.350800
NET frame=27 gpu_ms=15.308300
NET frame=28 gpu_ms=15.275200
NET frame=29 gpu_ms=15.341500
NET frame=30 gpu_ms=15.417700
NET frame=31 gpu_ms=15.488500
NET frame=32 gpu_ms=15.370600
NET frame=33 gpu_ms=15.380400
NET frame=34 gpu_ms=15.373100
NET frame=35 gpu_ms=15.321200
NET frame=36 gpu_ms=15.453600
NET frame=37 gpu_ms=15.341700
NET frame=38 gpu_ms=15.418000
NET frame=39 gpu_ms=15.443600
NET frame=40 gpu_ms=15.536100
NET frame=41 gpu_ms=15.436800
NET frame=42 gpu_ms=15.557800
NET frame=43 gpu_ms=15.450800
NET frame=44 gpu_ms=15.367500
NET frame=45 gpu_ms=15.450000
NET frame=46 gpu_ms=15.399400
NET frame=47 gpu_ms=15.425000
NET frame=48 gpu_ms=15.428200
NET frame=49 gpu_ms=15.490600
NET frame=50 gpu_ms=15.428900
NET frame=51 gpu_ms=15.337900
NET frame=52 gpu_ms=15.350700
NET frame=53 gpu_ms=15.593500
NET frame=54 gpu_ms=15.314320
NET frame=55 gpu_ms=15.487500
NET frame=56 gpu_ms=15.580200
NET frame=57 gpu_ms=15.603900
NET frame=58 gpu_ms=15.503800
NET frame=59 gpu_ms=15.595200
NET frame=60 gpu_ms=15.408720
NET frame=61 gpu_ms=15.323800
NET frame=62 gpu_ms=15.421000
NET frame=63 gpu_ms=15.566800
NET frame=64 gpu_ms=15.547200
NET frame=65 gpu_ms=15.254580
NET frame=66 gpu_ms=15.418100
NET frame=67 gpu_ms=15.455200
NET frame=68 gpu_ms=15.420200
NET frame=69 gpu_ms=15.590000
NET frame=70 gpu_ms=15.490500
NET frame=71 gpu_ms=15.543400
frame=71 reset=1 wall_ms=17.000 invalid=0 luma=0.3596833 roi=0.4035345 dark=1325 roi_dark=232 changed_first=0 maxabs_first=0
SP_STATS runs=0 fallback=0 rollover=0 jobs=0 disabled=0 errors=0
RESULT frames=72 temporal=0 mean_wall_ms=32.481 invalid_total=0 restored_capture_every_frame=1 HDR_preserved=1
