== D 上午 03:30:32
FULL D FAIL Output changed 720-motion-True (1/12)
SAME-count D: 11
D 900 merged: avg  ->   p99  -> 
D 1080 merged: avg  ->   p99  -> 
== N 上午 03:31:52
D:\DLSSNR-Lab\hip-backend\fast-numeric-20261003\cmp-N.log:5:CMP 900-static-False 900-static-True diff=12/12
D:\DLSSNR-Lab\hip-backend\fast-numeric-20261003\cmp-N.log:10:CMP 900-motion-False 900-motion-True diff=12/12
D:\DLSSNR-Lab\hip-backend\fast-numeric-20261003\cmp-N.log:15:CMP 1080-static-False 1080-static-True diff=12/12
D:\DLSSNR-Lab\hip-backend\fast-numeric-20261003\cmp-N.log:20:CMP 1080-motion-False 1080-motion-True diff=12/12
D:\DLSSNR-Lab\hip-backend\fast-numeric-20261003\cmp-N.log:25:CMP 720-motion-False 720-motion-True diff=12/12
D:\DLSSNR-Lab\hip-backend\fast-numeric-20261003\cmp-N.log:30:CMP 900-history-False 900-history-True diff=12/12
D:\DLSSNR-Lab\hip-backend\fast-numeric-20261003\cmp-N.log:35:CMP 1080-history-False 1080-history-True diff=12/12
900-static psnr_all 53.30 worst_frame 53.30
900-motion psnr_all 53.26 worst_frame 52.45
1080-static psnr_all 53.22 worst_frame 53.22
1080-motion psnr_all 53.62 worst_frame 53.22
720-motion psnr_all 53.07 worst_frame 51.83
900-history psnr_all 55.46 worst_frame 53.30
1080-history psnr_all 55.36 worst_frame 53.22
N 1 900: avg 7.0235 -> 6.8982 (-0.1253 ms, -1.78%)  p99 7.2280 -> 7.1100
N 1 1080: avg 9.7312 -> 9.6378 (-0.0933 ms, -0.96%)  p99 10.0450 -> 9.9230
N 2 900: avg 7.0491 -> 6.9789 (-0.0701 ms, -0.99%)  p99 7.3680 -> 7.2410
N 2 1080: avg 9.7518 -> 9.6475 (-0.1043 ms, -1.07%)  p99 10.0510 -> 9.9350
N 3 900: avg 7.0588 -> 6.9923 (-0.0665 ms, -0.94%)  p99 7.2730 -> 7.1960
N 3 1080: avg 9.7651 -> 9.6634 (-0.1018 ms, -1.04%)  p99 10.0230 -> 9.9250
N 900 merged: avg 7.0438 -> 6.9565  p99 7.2850 -> 7.1960
N 1080 merged: avg 9.7494 -> 9.6495  p99 10.0410 -> 9.9280
== ALL 上午 03:37:04
ALL 1 900: avg 7.0362 -> 6.5878 (-0.4485 ms, -6.37%)  p99 7.2410 -> 7.2830
ALL 1 1080: avg 9.7685 -> 8.5364 (-1.2321 ms, -12.61%)  p99 10.1080 -> 9.6290
ALL 2 900: avg 7.0850 -> 6.5675 (-0.5175 ms, -7.30%)  p99 7.2950 -> 7.2770
ALL 2 1080: avg 9.7572 -> 8.5318 (-1.2254 ms, -12.56%)  p99 10.0570 -> 9.6370
ALL 3 900: avg 7.0677 -> 6.5587 (-0.5089 ms, -7.20%)  p99 7.2870 -> 7.2720
ALL 3 1080: avg 9.7709 -> 8.5431 (-1.2278 ms, -12.57%)  p99 10.0810 -> 9.6130
ALL 900 merged: avg 7.0630 -> 6.5713  p99 7.2870 -> 7.2770
ALL 1080 merged: avg 9.7655 -> 8.5371  p99 10.0800 -> 9.6280
LOCK DROPPED
GO_DONE
GUARD_DONE
