seed=1 pattern=0
input format=RGBA16_FLOAT W=2560 H=1440 invalid=0 min=0 max=1 luma=0.357899353 roi_luma=0.389746571
adapter=AMD Radeon RX 9070 XT
GEOMETRY valid=2560x1440 processing=2560x1472 tokens=960
frame=0 reset=1 wall_ms=1099.608 invalid=0 luma=0.3597704 roi=0.4268046 dark=101219 roi_dark=9829 changed_first=0 maxabs_first=0
frame=1 reset=1 wall_ms=34.647 invalid=0 luma=0.3597704 roi=0.4268046 dark=101219 roi_dark=9829 changed_first=0 maxabs_first=0
frame=2 reset=1 wall_ms=34.498 invalid=0 luma=0.3597704 roi=0.4268046 dark=101219 roi_dark=9829 changed_first=0 maxabs_first=0
frame=3 reset=1 wall_ms=34.478 invalid=0 luma=0.3597704 roi=0.4268046 dark=101219 roi_dark=9829 changed_first=0 maxabs_first=0
frame=4 reset=1 wall_ms=35.006 invalid=0 luma=0.3597704 roi=0.4268046 dark=101219 roi_dark=9829 changed_first=0 maxabs_first=0
frame=5 reset=1 wall_ms=34.932 invalid=0 luma=0.3597704 roi=0.4268046 dark=101219 roi_dark=9829 changed_first=0 maxabs_first=0
frame=6 reset=1 wall_ms=34.675 invalid=0 luma=0.3597704 roi=0.4268046 dark=101219 roi_dark=9829 changed_first=0 maxabs_first=0
frame=7 reset=1 wall_ms=38.469 invalid=0 luma=0.3597704 roi=0.4268046 dark=101219 roi_dark=9829 changed_first=0 maxabs_first=0
frame=8 reset=1 wall_ms=34.687 invalid=0 luma=0.3597704 roi=0.4268046 dark=101219 roi_dark=9829 changed_first=0 maxabs_first=0
frame=9 reset=1 wall_ms=34.368 invalid=0 luma=0.3597704 roi=0.4268046 dark=101219 roi_dark=9829 changed_first=0 maxabs_first=0
frame=10 reset=1 wall_ms=34.464 invalid=0 luma=0.3597704 roi=0.4268046 dark=101219 roi_dark=9829 changed_first=0 maxabs_first=0
frame=11 reset=1 wall_ms=34.635 invalid=0 luma=0.3597704 roi=0.4268046 dark=101219 roi_dark=9829 changed_first=0 maxabs_first=0
frame=12 reset=1 wall_ms=35.161 invalid=0 luma=0.3597704 roi=0.4268046 dark=101219 roi_dark=9829 changed_first=0 maxabs_first=0
frame=13 reset=1 wall_ms=35.502 invalid=0 luma=0.3597704 roi=0.4268046 dark=101219 roi_dark=9829 changed_first=0 maxabs_first=0
frame=14 reset=1 wall_ms=34.515 invalid=0 luma=0.3597704 roi=0.4268046 dark=101219 roi_dark=9829 changed_first=0 maxabs_first=0
frame=15 reset=1 wall_ms=34.817 invalid=0 luma=0.3597704 roi=0.4268046 dark=101219 roi_dark=9829 changed_first=0 maxabs_first=0
frame=16 reset=1 wall_ms=34.990 invalid=0 luma=0.3597704 roi=0.4268046 dark=101219 roi_dark=9829 changed_first=0 maxabs_first=0
frame=17 reset=1 wall_ms=34.213 invalid=0 luma=0.3597704 roi=0.4268046 dark=101219 roi_dark=9829 changed_first=0 maxabs_first=0
frame=18 reset=1 wall_ms=35.235 invalid=0 luma=0.3597704 roi=0.4268046 dark=101219 roi_dark=9829 changed_first=0 maxabs_first=0
frame=19 reset=1 wall_ms=34.114 invalid=0 luma=0.3597704 roi=0.4268046 dark=101219 roi_dark=9829 changed_first=0 maxabs_first=0
frame=20 reset=1 wall_ms=34.257 invalid=0 luma=0.3597704 roi=0.4268046 dark=101219 roi_dark=9829 changed_first=0 maxabs_first=0
frame=21 reset=1 wall_ms=39.630 invalid=0 luma=0.3597704 roi=0.4268046 dark=101219 roi_dark=9829 changed_first=0 maxabs_first=0
frame=22 reset=1 wall_ms=34.097 invalid=0 luma=0.3597704 roi=0.4268046 dark=101219 roi_dark=9829 changed_first=0 maxabs_first=0
frame=23 reset=1 wall_ms=34.217 invalid=0 luma=0.3597704 roi=0.4268046 dark=101219 roi_dark=9829 changed_first=0 maxabs_first=0
frame=24 reset=1 wall_ms=34.323 invalid=0 luma=0.3597704 roi=0.4268046 dark=101219 roi_dark=9829 changed_first=0 maxabs_first=0
frame=25 reset=1 wall_ms=34.995 invalid=0 luma=0.3597704 roi=0.4268046 dark=101219 roi_dark=9829 changed_first=0 maxabs_first=0
frame=26 reset=1 wall_ms=34.509 invalid=0 luma=0.3597704 roi=0.4268046 dark=101219 roi_dark=9829 changed_first=0 maxabs_first=0
frame=27 reset=1 wall_ms=35.098 invalid=0 luma=0.3597704 roi=0.4268046 dark=101219 roi_dark=9829 changed_first=0 maxabs_first=0
frame=28 reset=1 wall_ms=35.214 invalid=0 luma=0.3597704 roi=0.4268046 dark=101219 roi_dark=9829 changed_first=0 maxabs_first=0
frame=29 reset=1 wall_ms=35.155 invalid=0 luma=0.3597704 roi=0.4268046 dark=101219 roi_dark=9829 changed_first=0 maxabs_first=0
frame=30 reset=1 wall_ms=34.155 invalid=0 luma=0.3597704 roi=0.4268046 dark=101219 roi_dark=9829 changed_first=0 maxabs_first=0
frame=31 reset=1 wall_ms=35.276 invalid=0 luma=0.3597704 roi=0.4268046 dark=101219 roi_dark=9829 changed_first=0 maxabs_first=0
frame=32 reset=1 wall_ms=46.762 invalid=0 luma=0.3597704 roi=0.4268046 dark=101219 roi_dark=9829 changed_first=0 maxabs_first=0
frame=33 reset=1 wall_ms=34.015 invalid=0 luma=0.3597704 roi=0.4268046 dark=101219 roi_dark=9829 changed_first=0 maxabs_first=0
frame=34 reset=1 wall_ms=34.222 invalid=0 luma=0.3597704 roi=0.4268046 dark=101219 roi_dark=9829 changed_first=0 maxabs_first=0
frame=35 reset=1 wall_ms=34.427 invalid=0 luma=0.3597704 roi=0.4268046 dark=101219 roi_dark=9829 changed_first=0 maxabs_first=0
frame=36 reset=1 wall_ms=34.961 invalid=0 luma=0.3597704 roi=0.4268046 dark=101219 roi_dark=9829 changed_first=0 maxabs_first=0
frame=37 reset=1 wall_ms=34.292 invalid=0 luma=0.3597704 roi=0.4268046 dark=101219 roi_dark=9829 changed_first=0 maxabs_first=0
frame=38 reset=1 wall_ms=35.386 invalid=0 luma=0.3597704 roi=0.4268046 dark=101219 roi_dark=9829 changed_first=0 maxabs_first=0
frame=39 reset=1 wall_ms=33.893 invalid=0 luma=0.3597704 roi=0.4268046 dark=101219 roi_dark=9829 changed_first=0 maxabs_first=0
frame=40 reset=1 wall_ms=33.983 invalid=0 luma=0.3597704 roi=0.4268046 dark=101219 roi_dark=9829 changed_first=0 maxabs_first=0
frame=41 reset=1 wall_ms=35.365 invalid=0 luma=0.3597704 roi=0.4268046 dark=101219 roi_dark=9829 changed_first=0 maxabs_first=0
frame=42 reset=1 wall_ms=35.249 invalid=0 luma=0.3597704 roi=0.4268046 dark=101219 roi_dark=9829 changed_first=0 maxabs_first=0
frame=43 reset=1 wall_ms=38.494 invalid=0 luma=0.3597704 roi=0.4268046 dark=101219 roi_dark=9829 changed_first=0 maxabs_first=0
frame=44 reset=1 wall_ms=34.185 invalid=0 luma=0.3597704 roi=0.4268046 dark=101219 roi_dark=9829 changed_first=0 maxabs_first=0
frame=45 reset=1 wall_ms=41.585 invalid=0 luma=0.3597704 roi=0.4268046 dark=101219 roi_dark=9829 changed_first=0 maxabs_first=0
frame=46 reset=1 wall_ms=35.170 invalid=0 luma=0.3597704 roi=0.4268046 dark=101219 roi_dark=9829 changed_first=0 maxabs_first=0
frame=47 reset=1 wall_ms=34.132 invalid=0 luma=0.3597704 roi=0.4268046 dark=101219 roi_dark=9829 changed_first=0 maxabs_first=0
frame=48 reset=1 wall_ms=35.546 invalid=0 luma=0.3597704 roi=0.4268046 dark=101219 roi_dark=9829 changed_first=0 maxabs_first=0
frame=49 reset=1 wall_ms=34.851 invalid=0 luma=0.3597704 roi=0.4268046 dark=101219 roi_dark=9829 changed_first=0 maxabs_first=0
frame=50 reset=1 wall_ms=34.252 invalid=0 luma=0.3597704 roi=0.4268046 dark=101219 roi_dark=9829 changed_first=0 maxabs_first=0
frame=51 reset=1 wall_ms=34.444 invalid=0 luma=0.3597704 roi=0.4268046 dark=101219 roi_dark=9829 changed_first=0 maxabs_first=0
frame=52 reset=1 wall_ms=35.095 invalid=0 luma=0.3597704 roi=0.4268046 dark=101219 roi_dark=9829 changed_first=0 maxabs_first=0
frame=53 reset=1 wall_ms=34.462 invalid=0 luma=0.3597704 roi=0.4268046 dark=101219 roi_dark=9829 changed_first=0 maxabs_first=0
frame=54 reset=1 wall_ms=35.274 invalid=0 luma=0.3597704 roi=0.4268046 dark=101219 roi_dark=9829 changed_first=0 maxabs_first=0
frame=55 reset=1 wall_ms=34.129 invalid=0 luma=0.3597704 roi=0.4268046 dark=101219 roi_dark=9829 changed_first=0 maxabs_first=0
frame=56 reset=1 wall_ms=39.341 invalid=0 luma=0.3597704 roi=0.4268046 dark=101219 roi_dark=9829 changed_first=0 maxabs_first=0
frame=57 reset=1 wall_ms=34.143 invalid=0 luma=0.3597704 roi=0.4268046 dark=101219 roi_dark=9829 changed_first=0 maxabs_first=0
frame=58 reset=1 wall_ms=34.239 invalid=0 luma=0.3597704 roi=0.4268046 dark=101219 roi_dark=9829 changed_first=0 maxabs_first=0
frame=59 reset=1 wall_ms=34.310 invalid=0 luma=0.3597704 roi=0.4268046 dark=101219 roi_dark=9829 changed_first=0 maxabs_first=0
frame=60 reset=1 wall_ms=34.391 invalid=0 luma=0.3597704 roi=0.4268046 dark=101219 roi_dark=9829 changed_first=0 maxabs_first=0
frame=61 reset=1 wall_ms=34.374 invalid=0 luma=0.3597704 roi=0.4268046 dark=101219 roi_dark=9829 changed_first=0 maxabs_first=0
frame=62 reset=1 wall_ms=35.527 invalid=0 luma=0.3597704 roi=0.4268046 dark=101219 roi_dark=9829 changed_first=0 maxabs_first=0
frame=63 reset=1 wall_ms=34.456 invalid=0 luma=0.3597704 roi=0.4268046 dark=101219 roi_dark=9829 changed_first=0 maxabs_first=0
frame=64 reset=1 wall_ms=34.716 invalid=0 luma=0.3597704 roi=0.4268046 dark=101219 roi_dark=9829 changed_first=0 maxabs_first=0
frame=65 reset=1 wall_ms=34.274 invalid=0 luma=0.3597704 roi=0.4268046 dark=101219 roi_dark=9829 changed_first=0 maxabs_first=0
frame=66 reset=1 wall_ms=34.366 invalid=0 luma=0.3597704 roi=0.4268046 dark=101219 roi_dark=9829 changed_first=0 maxabs_first=0
frame=67 reset=1 wall_ms=34.447 invalid=0 luma=0.3597704 roi=0.4268046 dark=101219 roi_dark=9829 changed_first=0 maxabs_first=0
frame=68 reset=1 wall_ms=35.195 invalid=0 luma=0.3597704 roi=0.4268046 dark=101219 roi_dark=9829 changed_first=0 maxabs_first=0
frame=69 reset=1 wall_ms=34.224 invalid=0 luma=0.3597704 roi=0.4268046 dark=101219 roi_dark=9829 changed_first=0 maxabs_first=0
frame=70 reset=1 wall_ms=43.116 invalid=0 luma=0.3597704 roi=0.4268046 dark=101219 roi_dark=9829 changed_first=0 maxabs_first=0
frame=71 reset=1 wall_ms=34.482 invalid=0 luma=0.3597704 roi=0.4268046 dark=101219 roi_dark=9829 changed_first=0 maxabs_first=0
frame=72 reset=1 wall_ms=34.617 invalid=0 luma=0.3597704 roi=0.4268046 dark=101219 roi_dark=9829 changed_first=0 maxabs_first=0
frame=73 reset=1 wall_ms=35.535 invalid=0 luma=0.3597704 roi=0.4268046 dark=101219 roi_dark=9829 changed_first=0 maxabs_first=0
frame=74 reset=1 wall_ms=35.311 invalid=0 luma=0.3597704 roi=0.4268046 dark=101219 roi_dark=9829 changed_first=0 maxabs_first=0
frame=75 reset=1 wall_ms=34.451 invalid=0 luma=0.3597704 roi=0.4268046 dark=101219 roi_dark=9829 changed_first=0 maxabs_first=0
frame=76 reset=1 wall_ms=34.248 invalid=0 luma=0.3597704 roi=0.4268046 dark=101219 roi_dark=9829 changed_first=0 maxabs_first=0
frame=77 reset=1 wall_ms=34.368 invalid=0 luma=0.3597704 roi=0.4268046 dark=101219 roi_dark=9829 changed_first=0 maxabs_first=0
frame=78 reset=1 wall_ms=35.881 invalid=0 luma=0.3597704 roi=0.4268046 dark=101219 roi_dark=9829 changed_first=0 maxabs_first=0
frame=79 reset=1 wall_ms=34.132 invalid=0 luma=0.3597704 roi=0.4268046 dark=101219 roi_dark=9829 changed_first=0 maxabs_first=0
frame=80 reset=1 wall_ms=34.410 invalid=0 luma=0.3597704 roi=0.4268046 dark=101219 roi_dark=9829 changed_first=0 maxabs_first=0
frame=81 reset=1 wall_ms=34.447 invalid=0 luma=0.3597704 roi=0.4268046 dark=101219 roi_dark=9829 changed_first=0 maxabs_first=0
frame=82 reset=1 wall_ms=34.925 invalid=0 luma=0.3597704 roi=0.4268046 dark=101219 roi_dark=9829 changed_first=0 maxabs_first=0
frame=83 reset=1 wall_ms=34.142 invalid=0 luma=0.3597704 roi=0.4268046 dark=101219 roi_dark=9829 changed_first=0 maxabs_first=0
frame=84 reset=1 wall_ms=34.502 invalid=0 luma=0.3597704 roi=0.4268046 dark=101219 roi_dark=9829 changed_first=0 maxabs_first=0
frame=85 reset=1 wall_ms=34.225 invalid=0 luma=0.3597704 roi=0.4268046 dark=101219 roi_dark=9829 changed_first=0 maxabs_first=0
frame=86 reset=1 wall_ms=35.471 invalid=0 luma=0.3597704 roi=0.4268046 dark=101219 roi_dark=9829 changed_first=0 maxabs_first=0
frame=87 reset=1 wall_ms=34.042 invalid=0 luma=0.3597704 roi=0.4268046 dark=101219 roi_dark=9829 changed_first=0 maxabs_first=0
frame=88 reset=1 wall_ms=34.139 invalid=0 luma=0.3597704 roi=0.4268046 dark=101219 roi_dark=9829 changed_first=0 maxabs_first=0
frame=89 reset=1 wall_ms=34.957 invalid=0 luma=0.3597704 roi=0.4268046 dark=101219 roi_dark=9829 changed_first=0 maxabs_first=0
frame=90 reset=1 wall_ms=34.531 invalid=0 luma=0.3597704 roi=0.4268046 dark=101219 roi_dark=9829 changed_first=0 maxabs_first=0
frame=91 reset=1 wall_ms=35.103 invalid=0 luma=0.3597704 roi=0.4268046 dark=101219 roi_dark=9829 changed_first=0 maxabs_first=0
frame=92 reset=1 wall_ms=34.324 invalid=0 luma=0.3597704 roi=0.4268046 dark=101219 roi_dark=9829 changed_first=0 maxabs_first=0
frame=93 reset=1 wall_ms=35.298 invalid=0 luma=0.3597704 roi=0.4268046 dark=101219 roi_dark=9829 changed_first=0 maxabs_first=0
frame=94 reset=1 wall_ms=34.281 invalid=0 luma=0.3597704 roi=0.4268046 dark=101219 roi_dark=9829 changed_first=0 maxabs_first=0
frame=95 reset=1 wall_ms=34.588 invalid=0 luma=0.3597704 roi=0.4268046 dark=101219 roi_dark=9829 changed_first=0 maxabs_first=0
frame=96 reset=1 wall_ms=43.685 invalid=0 luma=0.3597704 roi=0.4268046 dark=101219 roi_dark=9829 changed_first=0 maxabs_first=0
frame=97 reset=1 wall_ms=34.366 invalid=0 luma=0.3597704 roi=0.4268046 dark=101219 roi_dark=9829 changed_first=0 maxabs_first=0
frame=98 reset=1 wall_ms=34.225 invalid=0 luma=0.3597704 roi=0.4268046 dark=101219 roi_dark=9829 changed_first=0 maxabs_first=0
frame=99 reset=1 wall_ms=34.983 invalid=0 luma=0.3597704 roi=0.4268046 dark=101219 roi_dark=9829 changed_first=0 maxabs_first=0
frame=100 reset=1 wall_ms=34.281 invalid=0 luma=0.3597704 roi=0.4268046 dark=101219 roi_dark=9829 changed_first=0 maxabs_first=0
frame=101 reset=1 wall_ms=35.255 invalid=0 luma=0.3597704 roi=0.4268046 dark=101219 roi_dark=9829 changed_first=0 maxabs_first=0
frame=102 reset=1 wall_ms=35.183 invalid=0 luma=0.3597704 roi=0.4268046 dark=101219 roi_dark=9829 changed_first=0 maxabs_first=0
frame=103 reset=1 wall_ms=34.970 invalid=0 luma=0.3597704 roi=0.4268046 dark=101219 roi_dark=9829 changed_first=0 maxabs_first=0
frame=104 reset=1 wall_ms=34.304 invalid=0 luma=0.3597704 roi=0.4268046 dark=101219 roi_dark=9829 changed_first=0 maxabs_first=0
frame=105 reset=1 wall_ms=37.907 invalid=0 luma=0.3597704 roi=0.4268046 dark=101219 roi_dark=9829 changed_first=0 maxabs_first=0
frame=106 reset=1 wall_ms=43.195 invalid=0 luma=0.3597704 roi=0.4268046 dark=101219 roi_dark=9829 changed_first=0 maxabs_first=0
frame=107 reset=1 wall_ms=34.329 invalid=0 luma=0.3597704 roi=0.4268046 dark=101219 roi_dark=9829 changed_first=0 maxabs_first=0
frame=108 reset=1 wall_ms=34.352 invalid=0 luma=0.3597704 roi=0.4268046 dark=101219 roi_dark=9829 changed_first=0 maxabs_first=0
frame=109 reset=1 wall_ms=34.462 invalid=0 luma=0.3597704 roi=0.4268046 dark=101219 roi_dark=9829 changed_first=0 maxabs_first=0
frame=110 reset=1 wall_ms=34.277 invalid=0 luma=0.3597704 roi=0.4268046 dark=101219 roi_dark=9829 changed_first=0 maxabs_first=0
frame=111 reset=1 wall_ms=34.296 invalid=0 luma=0.3597704 roi=0.4268046 dark=101219 roi_dark=9829 changed_first=0 maxabs_first=0
frame=112 reset=1 wall_ms=35.174 invalid=0 luma=0.3597704 roi=0.4268046 dark=101219 roi_dark=9829 changed_first=0 maxabs_first=0
frame=113 reset=1 wall_ms=34.576 invalid=0 luma=0.3597704 roi=0.4268046 dark=101219 roi_dark=9829 changed_first=0 maxabs_first=0
frame=114 reset=1 wall_ms=35.495 invalid=0 luma=0.3597704 roi=0.4268046 dark=101219 roi_dark=9829 changed_first=0 maxabs_first=0
frame=115 reset=1 wall_ms=34.483 invalid=0 luma=0.3597704 roi=0.4268046 dark=101219 roi_dark=9829 changed_first=0 maxabs_first=0
frame=116 reset=1 wall_ms=34.282 invalid=0 luma=0.3597704 roi=0.4268046 dark=101219 roi_dark=9829 changed_first=0 maxabs_first=0
frame=117 reset=1 wall_ms=34.436 invalid=0 luma=0.3597704 roi=0.4268046 dark=101219 roi_dark=9829 changed_first=0 maxabs_first=0
frame=118 reset=1 wall_ms=34.210 invalid=0 luma=0.3597704 roi=0.4268046 dark=101219 roi_dark=9829 changed_first=0 maxabs_first=0
frame=119 reset=1 wall_ms=34.903 invalid=0 luma=0.3597704 roi=0.4268046 dark=101219 roi_dark=9829 changed_first=0 maxabs_first=0
frame=120 reset=1 wall_ms=35.742 invalid=0 luma=0.3597704 roi=0.4268046 dark=101219 roi_dark=9829 changed_first=0 maxabs_first=0
frame=121 reset=1 wall_ms=34.679 invalid=0 luma=0.3597704 roi=0.4268046 dark=101219 roi_dark=9829 changed_first=0 maxabs_first=0
frame=122 reset=1 wall_ms=34.613 invalid=0 luma=0.3597704 roi=0.4268046 dark=101219 roi_dark=9829 changed_first=0 maxabs_first=0
frame=123 reset=1 wall_ms=34.403 invalid=0 luma=0.3597704 roi=0.4268046 dark=101219 roi_dark=9829 changed_first=0 maxabs_first=0
frame=124 reset=1 wall_ms=34.414 invalid=0 luma=0.3597704 roi=0.4268046 dark=101219 roi_dark=9829 changed_first=0 maxabs_first=0
frame=125 reset=1 wall_ms=34.420 invalid=0 luma=0.3597704 roi=0.4268046 dark=101219 roi_dark=9829 changed_first=0 maxabs_first=0
frame=126 reset=1 wall_ms=34.188 invalid=0 luma=0.3597704 roi=0.4268046 dark=101219 roi_dark=9829 changed_first=0 maxabs_first=0
frame=127 reset=1 wall_ms=34.471 invalid=0 luma=0.3597704 roi=0.4268046 dark=101219 roi_dark=9829 changed_first=0 maxabs_first=0
frame=128 reset=1 wall_ms=34.208 invalid=0 luma=0.3597704 roi=0.4268046 dark=101219 roi_dark=9829 changed_first=0 maxabs_first=0
frame=129 reset=1 wall_ms=34.209 invalid=0 luma=0.3597704 roi=0.4268046 dark=101219 roi_dark=9829 changed_first=0 maxabs_first=0
frame=130 reset=1 wall_ms=34.163 invalid=0 luma=0.3597704 roi=0.4268046 dark=101219 roi_dark=9829 changed_first=0 maxabs_first=0
frame=131 reset=1 wall_ms=34.064 invalid=0 luma=0.3597704 roi=0.4268046 dark=101219 roi_dark=9829 changed_first=0 maxabs_first=0
frame=132 reset=1 wall_ms=34.603 invalid=0 luma=0.3597704 roi=0.4268046 dark=101219 roi_dark=9829 changed_first=0 maxabs_first=0
frame=133 reset=1 wall_ms=35.451 invalid=0 luma=0.3597704 roi=0.4268046 dark=101219 roi_dark=9829 changed_first=0 maxabs_first=0
frame=134 reset=1 wall_ms=34.374 invalid=0 luma=0.3597704 roi=0.4268046 dark=101219 roi_dark=9829 changed_first=0 maxabs_first=0
frame=135 reset=1 wall_ms=43.155 invalid=0 luma=0.3597704 roi=0.4268046 dark=101219 roi_dark=9829 changed_first=0 maxabs_first=0
frame=136 reset=1 wall_ms=35.034 invalid=0 luma=0.3597704 roi=0.4268046 dark=101219 roi_dark=9829 changed_first=0 maxabs_first=0
frame=137 reset=1 wall_ms=34.339 invalid=0 luma=0.3597704 roi=0.4268046 dark=101219 roi_dark=9829 changed_first=0 maxabs_first=0
frame=138 reset=1 wall_ms=34.179 invalid=0 luma=0.3597704 roi=0.4268046 dark=101219 roi_dark=9829 changed_first=0 maxabs_first=0
frame=139 reset=1 wall_ms=34.205 invalid=0 luma=0.3597704 roi=0.4268046 dark=101219 roi_dark=9829 changed_first=0 maxabs_first=0
frame=140 reset=1 wall_ms=34.429 invalid=0 luma=0.3597704 roi=0.4268046 dark=101219 roi_dark=9829 changed_first=0 maxabs_first=0
frame=141 reset=1 wall_ms=35.884 invalid=0 luma=0.3597704 roi=0.4268046 dark=101219 roi_dark=9829 changed_first=0 maxabs_first=0
frame=142 reset=1 wall_ms=34.199 invalid=0 luma=0.3597704 roi=0.4268046 dark=101219 roi_dark=9829 changed_first=0 maxabs_first=0
frame=143 reset=1 wall_ms=35.402 invalid=0 luma=0.3597704 roi=0.4268046 dark=101219 roi_dark=9829 changed_first=0 maxabs_first=0
frame=144 reset=1 wall_ms=34.299 invalid=0 luma=0.3597704 roi=0.4268046 dark=101219 roi_dark=9829 changed_first=0 maxabs_first=0
frame=145 reset=1 wall_ms=35.191 invalid=0 luma=0.3597704 roi=0.4268046 dark=101219 roi_dark=9829 changed_first=0 maxabs_first=0
frame=146 reset=1 wall_ms=34.201 invalid=0 luma=0.3597704 roi=0.4268046 dark=101219 roi_dark=9829 changed_first=0 maxabs_first=0
frame=147 reset=1 wall_ms=34.095 invalid=0 luma=0.3597704 roi=0.4268046 dark=101219 roi_dark=9829 changed_first=0 maxabs_first=0
frame=148 reset=1 wall_ms=34.528 invalid=0 luma=0.3597704 roi=0.4268046 dark=101219 roi_dark=9829 changed_first=0 maxabs_first=0
frame=149 reset=1 wall_ms=35.338 invalid=0 luma=0.3597704 roi=0.4268046 dark=101219 roi_dark=9829 changed_first=0 maxabs_first=0
frame=150 reset=1 wall_ms=34.392 invalid=0 luma=0.3597704 roi=0.4268046 dark=101219 roi_dark=9829 changed_first=0 maxabs_first=0
frame=151 reset=1 wall_ms=34.149 invalid=0 luma=0.3597704 roi=0.4268046 dark=101219 roi_dark=9829 changed_first=0 maxabs_first=0
frame=152 reset=1 wall_ms=34.275 invalid=0 luma=0.3597704 roi=0.4268046 dark=101219 roi_dark=9829 changed_first=0 maxabs_first=0
frame=153 reset=1 wall_ms=35.273 invalid=0 luma=0.3597704 roi=0.4268046 dark=101219 roi_dark=9829 changed_first=0 maxabs_first=0
frame=154 reset=1 wall_ms=42.741 invalid=0 luma=0.3597704 roi=0.4268046 dark=101219 roi_dark=9829 changed_first=0 maxabs_first=0
frame=155 reset=1 wall_ms=35.813 invalid=0 luma=0.3597704 roi=0.4268046 dark=101219 roi_dark=9829 changed_first=0 maxabs_first=0
frame=156 reset=1 wall_ms=34.237 invalid=0 luma=0.3597704 roi=0.4268046 dark=101219 roi_dark=9829 changed_first=0 maxabs_first=0
frame=157 reset=1 wall_ms=34.235 invalid=0 luma=0.3597704 roi=0.4268046 dark=101219 roi_dark=9829 changed_first=0 maxabs_first=0
frame=158 reset=1 wall_ms=34.233 invalid=0 luma=0.3597704 roi=0.4268046 dark=101219 roi_dark=9829 changed_first=0 maxabs_first=0
frame=159 reset=1 wall_ms=34.209 invalid=0 luma=0.3597704 roi=0.4268046 dark=101219 roi_dark=9829 changed_first=0 maxabs_first=0
frame=160 reset=1 wall_ms=34.226 invalid=0 luma=0.3597704 roi=0.4268046 dark=101219 roi_dark=9829 changed_first=0 maxabs_first=0
frame=161 reset=1 wall_ms=34.771 invalid=0 luma=0.3597704 roi=0.4268046 dark=101219 roi_dark=9829 changed_first=0 maxabs_first=0
frame=162 reset=1 wall_ms=34.430 invalid=0 luma=0.3597704 roi=0.4268046 dark=101219 roi_dark=9829 changed_first=0 maxabs_first=0
frame=163 reset=1 wall_ms=34.344 invalid=0 luma=0.3597704 roi=0.4268046 dark=101219 roi_dark=9829 changed_first=0 maxabs_first=0
frame=164 reset=1 wall_ms=35.343 invalid=0 luma=0.3597704 roi=0.4268046 dark=101219 roi_dark=9829 changed_first=0 maxabs_first=0
frame=165 reset=1 wall_ms=34.329 invalid=0 luma=0.3597704 roi=0.4268046 dark=101219 roi_dark=9829 changed_first=0 maxabs_first=0
frame=166 reset=1 wall_ms=34.486 invalid=0 luma=0.3597704 roi=0.4268046 dark=101219 roi_dark=9829 changed_first=0 maxabs_first=0
frame=167 reset=1 wall_ms=35.230 invalid=0 luma=0.3597704 roi=0.4268046 dark=101219 roi_dark=9829 changed_first=0 maxabs_first=0
frame=168 reset=1 wall_ms=35.345 invalid=0 luma=0.3597704 roi=0.4268046 dark=101219 roi_dark=9829 changed_first=0 maxabs_first=0
frame=169 reset=1 wall_ms=34.319 invalid=0 luma=0.3597704 roi=0.4268046 dark=101219 roi_dark=9829 changed_first=0 maxabs_first=0
frame=170 reset=1 wall_ms=34.306 invalid=0 luma=0.3597704 roi=0.4268046 dark=101219 roi_dark=9829 changed_first=0 maxabs_first=0
frame=171 reset=1 wall_ms=41.242 invalid=0 luma=0.3597704 roi=0.4268046 dark=101219 roi_dark=9829 changed_first=0 maxabs_first=0
frame=172 reset=1 wall_ms=34.413 invalid=0 luma=0.3597704 roi=0.4268046 dark=101219 roi_dark=9829 changed_first=0 maxabs_first=0
frame=173 reset=1 wall_ms=34.278 invalid=0 luma=0.3597704 roi=0.4268046 dark=101219 roi_dark=9829 changed_first=0 maxabs_first=0
frame=174 reset=1 wall_ms=37.753 invalid=0 luma=0.3597704 roi=0.4268046 dark=101219 roi_dark=9829 changed_first=0 maxabs_first=0
frame=175 reset=1 wall_ms=34.166 invalid=0 luma=0.3597704 roi=0.4268046 dark=101219 roi_dark=9829 changed_first=0 maxabs_first=0
frame=176 reset=1 wall_ms=34.456 invalid=0 luma=0.3597704 roi=0.4268046 dark=101219 roi_dark=9829 changed_first=0 maxabs_first=0
frame=177 reset=1 wall_ms=34.453 invalid=0 luma=0.3597704 roi=0.4268046 dark=101219 roi_dark=9829 changed_first=0 maxabs_first=0
frame=178 reset=1 wall_ms=34.392 invalid=0 luma=0.3597704 roi=0.4268046 dark=101219 roi_dark=9829 changed_first=0 maxabs_first=0
frame=179 reset=1 wall_ms=35.530 invalid=0 luma=0.3597704 roi=0.4268046 dark=101219 roi_dark=9829 changed_first=0 maxabs_first=0
frame=180 reset=1 wall_ms=43.271 invalid=0 luma=0.3597704 roi=0.4268046 dark=101219 roi_dark=9829 changed_first=0 maxabs_first=0
frame=181 reset=1 wall_ms=41.484 invalid=0 luma=0.3597704 roi=0.4268046 dark=101219 roi_dark=9829 changed_first=0 maxabs_first=0
frame=182 reset=1 wall_ms=34.277 invalid=0 luma=0.3597704 roi=0.4268046 dark=101219 roi_dark=9829 changed_first=0 maxabs_first=0
frame=183 reset=1 wall_ms=37.243 invalid=0 luma=0.3597704 roi=0.4268046 dark=101219 roi_dark=9829 changed_first=0 maxabs_first=0
frame=184 reset=1 wall_ms=34.257 invalid=0 luma=0.3597704 roi=0.4268046 dark=101219 roi_dark=9829 changed_first=0 maxabs_first=0
frame=185 reset=1 wall_ms=34.175 invalid=0 luma=0.3597704 roi=0.4268046 dark=101219 roi_dark=9829 changed_first=0 maxabs_first=0
frame=186 reset=1 wall_ms=34.273 invalid=0 luma=0.3597704 roi=0.4268046 dark=101219 roi_dark=9829 changed_first=0 maxabs_first=0
frame=187 reset=1 wall_ms=35.053 invalid=0 luma=0.3597704 roi=0.4268046 dark=101219 roi_dark=9829 changed_first=0 maxabs_first=0
frame=188 reset=1 wall_ms=34.123 invalid=0 luma=0.3597704 roi=0.4268046 dark=101219 roi_dark=9829 changed_first=0 maxabs_first=0
frame=189 reset=1 wall_ms=35.951 invalid=0 luma=0.3597704 roi=0.4268046 dark=101219 roi_dark=9829 changed_first=0 maxabs_first=0
frame=190 reset=1 wall_ms=34.464 invalid=0 luma=0.3597704 roi=0.4268046 dark=101219 roi_dark=9829 changed_first=0 maxabs_first=0
frame=191 reset=1 wall_ms=35.377 invalid=0 luma=0.3597704 roi=0.4268046 dark=101219 roi_dark=9829 changed_first=0 maxabs_first=0
frame=192 reset=1 wall_ms=34.376 invalid=0 luma=0.3597704 roi=0.4268046 dark=101219 roi_dark=9829 changed_first=0 maxabs_first=0
frame=193 reset=1 wall_ms=34.444 invalid=0 luma=0.3597704 roi=0.4268046 dark=101219 roi_dark=9829 changed_first=0 maxabs_first=0
frame=194 reset=1 wall_ms=37.689 invalid=0 luma=0.3597704 roi=0.4268046 dark=101219 roi_dark=9829 changed_first=0 maxabs_first=0
frame=195 reset=1 wall_ms=34.664 invalid=0 luma=0.3597704 roi=0.4268046 dark=101219 roi_dark=9829 changed_first=0 maxabs_first=0
frame=196 reset=1 wall_ms=34.412 invalid=0 luma=0.3597704 roi=0.4268046 dark=101219 roi_dark=9829 changed_first=0 maxabs_first=0
frame=197 reset=1 wall_ms=41.075 invalid=0 luma=0.3597704 roi=0.4268046 dark=101219 roi_dark=9829 changed_first=0 maxabs_first=0
frame=198 reset=1 wall_ms=34.049 invalid=0 luma=0.3597704 roi=0.4268046 dark=101219 roi_dark=9829 changed_first=0 maxabs_first=0
frame=199 reset=1 wall_ms=34.817 invalid=0 luma=0.3597704 roi=0.4268046 dark=101219 roi_dark=9829 changed_first=0 maxabs_first=0
SP_STATS runs=0 fallback=0 rollover=0 jobs=0 disabled=0 errors=0
RESULT frames=200 temporal=0 mean_wall_ms=40.543 invalid_total=0 restored_capture_every_frame=1 HDR_preserved=1
