seed=0 pattern=0
input format=RGBA16_FLOAT W=1296 H=720 invalid=0 min=0 max=34.53125 luma=0.0157641119 roi_luma=0.0250669576
adapter=AMD Radeon RX 9070 XT
SP_PLAN c=256 first=16 layers=6 tasks=624 initial=104 state_bytes=7504 w16=1
SP_PLAN c=256 first=49 layers=6 tasks=624 initial=104 state_bytes=7504 w16=1
FRAME_NET_GPU frame=0 gpu_ms=1177.88745
frame=0 reset=1 wall_ms=1187.085 invalid=0 luma=0.01311046 roi=0.01994696 dark=808529 roi_dark=258288 changed_first=0 maxabs_first=0
FRAME_NET_GPU frame=1 gpu_ms=14.0003405
FRAME_NET_GPU frame=2 gpu_ms=4.47217989
FRAME_NET_GPU frame=3 gpu_ms=6.81990004
FRAME_NET_GPU frame=4 gpu_ms=6.57024002
FRAME_NET_GPU frame=5 gpu_ms=6.30855989
FRAME_NET_GPU frame=6 gpu_ms=6.32450008
FRAME_NET_GPU frame=7 gpu_ms=6.45149994
FRAME_NET_GPU frame=8 gpu_ms=6.33741999
FRAME_NET_GPU frame=9 gpu_ms=6.41720009
FRAME_NET_GPU frame=10 gpu_ms=6.31790018
FRAME_NET_GPU frame=11 gpu_ms=6.40450001
FRAME_NET_GPU frame=12 gpu_ms=6.42679977
FRAME_NET_GPU frame=13 gpu_ms=6.3572402
FRAME_NET_GPU frame=14 gpu_ms=6.39449978
FRAME_NET_GPU frame=15 gpu_ms=6.44759989
FRAME_NET_GPU frame=16 gpu_ms=6.36015987
FRAME_NET_GPU frame=17 gpu_ms=6.33640003
FRAME_NET_GPU frame=18 gpu_ms=6.34168005
FRAME_NET_GPU frame=19 gpu_ms=6.27720022
FRAME_NET_GPU frame=20 gpu_ms=6.29998016
FRAME_NET_GPU frame=21 gpu_ms=6.27693987
FRAME_NET_GPU frame=22 gpu_ms=6.29659986
FRAME_NET_GPU frame=23 gpu_ms=6.30545998
FRAME_NET_GPU frame=24 gpu_ms=6.3088398
FRAME_NET_GPU frame=25 gpu_ms=6.33464003
FRAME_NET_GPU frame=26 gpu_ms=6.42140007
FRAME_NET_GPU frame=27 gpu_ms=6.29001999
FRAME_NET_GPU frame=28 gpu_ms=6.35620022
FRAME_NET_GPU frame=29 gpu_ms=6.30526018
FRAME_NET_GPU frame=30 gpu_ms=6.31826019
FRAME_NET_GPU frame=31 gpu_ms=6.40719986
FRAME_NET_GPU frame=32 gpu_ms=6.3618598
FRAME_NET_GPU frame=33 gpu_ms=6.2667799
FRAME_NET_GPU frame=34 gpu_ms=6.3791399
FRAME_NET_GPU frame=35 gpu_ms=6.33305979
FRAME_NET_GPU frame=36 gpu_ms=6.32622004
FRAME_NET_GPU frame=37 gpu_ms=6.28762007
FRAME_NET_GPU frame=38 gpu_ms=6.37726021
FRAME_NET_GPU frame=39 gpu_ms=6.35769987
FRAME_NET_GPU frame=40 gpu_ms=6.41983986
FRAME_NET_GPU frame=41 gpu_ms=6.4093399
FRAME_NET_GPU frame=42 gpu_ms=6.44244003
FRAME_NET_GPU frame=43 gpu_ms=6.51819992
FRAME_NET_GPU frame=44 gpu_ms=6.46746016
FRAME_NET_GPU frame=45 gpu_ms=6.51499987
FRAME_NET_GPU frame=46 gpu_ms=6.5170002
FRAME_NET_GPU frame=47 gpu_ms=6.52580023
FRAME_NET_GPU frame=48 gpu_ms=6.50786018
FRAME_NET_GPU frame=49 gpu_ms=6.48352003
FRAME_NET_GPU frame=50 gpu_ms=6.46926022
FRAME_NET_GPU frame=51 gpu_ms=6.47845984
FRAME_NET_GPU frame=52 gpu_ms=6.49681997
FRAME_NET_GPU frame=53 gpu_ms=6.53999996
FRAME_NET_GPU frame=54 gpu_ms=6.51281977
FRAME_NET_GPU frame=55 gpu_ms=6.62714005
FRAME_NET_GPU frame=56 gpu_ms=6.47904015
FRAME_NET_GPU frame=57 gpu_ms=6.40842009
FRAME_NET_GPU frame=58 gpu_ms=6.42748022
FRAME_NET_GPU frame=59 gpu_ms=6.61933994
FRAME_NET_GPU frame=60 gpu_ms=6.4749999
FRAME_NET_GPU frame=61 gpu_ms=6.51898003
FRAME_NET_GPU frame=62 gpu_ms=6.51806021
FRAME_NET_GPU frame=63 gpu_ms=6.51302004
FRAME_NET_GPU frame=64 gpu_ms=6.45749998
FRAME_NET_GPU frame=65 gpu_ms=6.47141981
FRAME_NET_GPU frame=66 gpu_ms=6.49300003
FRAME_NET_GPU frame=67 gpu_ms=6.52413988
FRAME_NET_GPU frame=68 gpu_ms=6.48823977
FRAME_NET_GPU frame=69 gpu_ms=6.46835995
FRAME_NET_GPU frame=70 gpu_ms=6.52277994
FRAME_NET_GPU frame=71 gpu_ms=6.47100019
FRAME_NET_GPU frame=72 gpu_ms=6.55410004
FRAME_NET_GPU frame=73 gpu_ms=6.42015982
FRAME_NET_GPU frame=74 gpu_ms=6.45433998
FRAME_NET_GPU frame=75 gpu_ms=6.56273985
FRAME_NET_GPU frame=76 gpu_ms=6.53183985
FRAME_NET_GPU frame=77 gpu_ms=6.47906017
FRAME_NET_GPU frame=78 gpu_ms=6.41868019
FRAME_NET_GPU frame=79 gpu_ms=6.57153988
FRAME_NET_GPU frame=80 gpu_ms=6.50248003
FRAME_NET_GPU frame=81 gpu_ms=6.42878008
FRAME_NET_GPU frame=82 gpu_ms=6.49476004
FRAME_NET_GPU frame=83 gpu_ms=6.54926014
FRAME_NET_GPU frame=84 gpu_ms=6.54703999
FRAME_NET_GPU frame=85 gpu_ms=6.54063988
FRAME_NET_GPU frame=86 gpu_ms=6.4574399
FRAME_NET_GPU frame=87 gpu_ms=6.4608798
FRAME_NET_GPU frame=88 gpu_ms=6.54345989
FRAME_NET_GPU frame=89 gpu_ms=6.50303984
FRAME_NET_GPU frame=90 gpu_ms=6.39890003
FRAME_NET_GPU frame=91 gpu_ms=6.48212004
FRAME_NET_GPU frame=92 gpu_ms=6.47028017
FRAME_NET_GPU frame=93 gpu_ms=6.43031979
FRAME_NET_GPU frame=94 gpu_ms=6.56829977
FRAME_NET_GPU frame=95 gpu_ms=6.46924019
FRAME_NET_GPU frame=96 gpu_ms=6.44396019
FRAME_NET_GPU frame=97 gpu_ms=6.47788
FRAME_NET_GPU frame=98 gpu_ms=6.44365978
FRAME_NET_GPU frame=99 gpu_ms=6.57308006
FRAME_NET_GPU frame=100 gpu_ms=6.46299982
FRAME_NET_GPU frame=101 gpu_ms=6.56235981
FRAME_NET_GPU frame=102 gpu_ms=6.41741991
FRAME_NET_GPU frame=103 gpu_ms=6.51896
FRAME_NET_GPU frame=104 gpu_ms=6.46576023
FRAME_NET_GPU frame=105 gpu_ms=6.56748009
FRAME_NET_GPU frame=106 gpu_ms=6.46557999
FRAME_NET_GPU frame=107 gpu_ms=6.54981995
FRAME_NET_GPU frame=108 gpu_ms=6.52052021
FRAME_NET_GPU frame=109 gpu_ms=6.49049997
FRAME_NET_GPU frame=110 gpu_ms=6.53796005
FRAME_NET_GPU frame=111 gpu_ms=6.43599987
FRAME_NET_GPU frame=112 gpu_ms=6.49211979
FRAME_NET_GPU frame=113 gpu_ms=6.49806023
FRAME_NET_GPU frame=114 gpu_ms=6.40452003
FRAME_NET_GPU frame=115 gpu_ms=6.50742006
FRAME_NET_GPU frame=116 gpu_ms=6.48704004
FRAME_NET_GPU frame=117 gpu_ms=6.47079992
FRAME_NET_GPU frame=118 gpu_ms=6.48528004
FRAME_NET_GPU frame=119 gpu_ms=6.43926001
FRAME_NET_GPU frame=120 gpu_ms=6.48394012
FRAME_NET_GPU frame=121 gpu_ms=6.48823977
FRAME_NET_GPU frame=122 gpu_ms=6.48914003
FRAME_NET_GPU frame=123 gpu_ms=6.49927998
FRAME_NET_GPU frame=124 gpu_ms=6.70722008
FRAME_NET_GPU frame=125 gpu_ms=6.44464016
FRAME_NET_GPU frame=126 gpu_ms=6.60406017
FRAME_NET_GPU frame=127 gpu_ms=6.46861982
FRAME_NET_GPU frame=128 gpu_ms=6.52265978
FRAME_NET_GPU frame=129 gpu_ms=6.49512005
FRAME_NET_GPU frame=130 gpu_ms=6.46676016
FRAME_NET_GPU frame=131 gpu_ms=6.51709986
FRAME_NET_GPU frame=132 gpu_ms=6.54971981
FRAME_NET_GPU frame=133 gpu_ms=6.42742014
FRAME_NET_GPU frame=134 gpu_ms=6.44693995
FRAME_NET_GPU frame=135 gpu_ms=6.56981993
FRAME_NET_GPU frame=136 gpu_ms=6.52570009
FRAME_NET_GPU frame=137 gpu_ms=6.54464006
FRAME_NET_GPU frame=138 gpu_ms=6.58850002
FRAME_NET_GPU frame=139 gpu_ms=6.51959991
FRAME_NET_GPU frame=140 gpu_ms=6.55393982
FRAME_NET_GPU frame=141 gpu_ms=6.47945976
FRAME_NET_GPU frame=142 gpu_ms=6.50023985
FRAME_NET_GPU frame=143 gpu_ms=6.57437992
FRAME_NET_GPU frame=144 gpu_ms=6.57329988
FRAME_NET_GPU frame=145 gpu_ms=6.5167799
FRAME_NET_GPU frame=146 gpu_ms=6.51968002
FRAME_NET_GPU frame=147 gpu_ms=6.52986002
FRAME_NET_GPU frame=148 gpu_ms=6.63844013
FRAME_NET_GPU frame=149 gpu_ms=6.34600019
FRAME_NET_GPU frame=150 gpu_ms=6.50053978
FRAME_NET_GPU frame=151 gpu_ms=6.70109987
FRAME_NET_GPU frame=152 gpu_ms=6.45688009
FRAME_NET_GPU frame=153 gpu_ms=6.52351999
FRAME_NET_GPU frame=154 gpu_ms=6.39071989
FRAME_NET_GPU frame=155 gpu_ms=6.52415991
FRAME_NET_GPU frame=156 gpu_ms=6.59492016
FRAME_NET_GPU frame=157 gpu_ms=6.51505995
FRAME_NET_GPU frame=158 gpu_ms=6.5610199
FRAME_NET_GPU frame=159 gpu_ms=6.49314022
frame=159 reset=1 wall_ms=7.021 invalid=0 luma=0.01311046 roi=0.01994696 dark=808529 roi_dark=258288 changed_first=0 maxabs_first=0
SP_STATS runs=320 fallback=0 rollover=0 jobs=199680 disabled=0 errors=0
RESULT frames=160 temporal=0 mean_wall_ms=14.360 invalid_total=0 restored_capture_every_frame=1 HDR_preserved=1

