FAMILY c32_wave1_prefix_b8d$ 1 avg=16.9385714285714
FAMILY c32_wave1_prefix_b8d$ 2 avg=18.2675714285714
FAMILY c32_wave1_prefix_b8d$ 2 avg=18.3052857142857
FAMILY c32_wave1_prefix_b8d$ 1 avg=16.9415714285714
FAMILY c32_wave1_post_b8$ 1 avg=16.915
FAMILY c32_wave1_post_b8$ 2 avg=18.2857142857143
FAMILY c32_wave1_post_b8$ 2 avg=18.2950892857143
FAMILY c32_wave1_post_b8$ 1 avg=16.9482142857143
FAMILY c32_wave1_chain$ 1 avg=16.9444107142857
FAMILY c32_wave1_chain$ 2 avg=18.2234821428571
FAMILY c32_wave1_chain$ 2 avg=18.1742321428571
FAMILY c32_wave1_chain$ 1 avg=16.9117142857143
FAMILY c32_wave1_up_b8_lb$ 1 avg=16.942125
FAMILY c32_wave1_up_b8_lb$ 2 avg=16.9550357142857
FAMILY c32_wave1_up_b8_lb$ 2 avg=16.9366428571429
FAMILY c32_wave1_up_b8_lb$ 1 avg=16.9361428571429
FAMILY c32_wave1_mapped_b8$ 1 avg=16.9742321428571
FAMILY c32_wave1_mapped_b8$ 2 avg=17.2517857142857
FAMILY c32_wave1_mapped_b8$ 2 avg=17.2373571428571
FAMILY c32_wave1_mapped_b8$ 1 avg=16.9640535714286
FAMILY c32_wave1_finish 1 avg=16.9410892857143
FAMILY c32_wave1_finish 2 avg=17.5839464285714
FAMILY c32_wave1_finish 2 avg=17.5605357142857
FAMILY c32_wave1_finish 1 avg=16.9392142857143
C32_SEGMENTS_DONE
