seed=0 pattern=0
input format=RGBA16_FLOAT W=1296 H=720 invalid=0 min=0 max=34.53125 luma=0.0157641119 roi_luma=0.0250669576
adapter=AMD Radeon RX 9070 XT
SP_PLAN c=256 first=16 layers=6 tasks=893 initial=160 state_bytes=10732
SP_DONE c=256 first=16 tasks=893 base=0 ms=1.645
SP_PLAN c=256 first=49 layers=6 tasks=893 initial=160 state_bytes=10732
SP_DONE c=256 first=49 tasks=893 base=0 ms=0.704
SP_PLAN c=128 first=57 layers=4 tasks=2257 initial=570 state_bytes=27100
SP_DONE c=128 first=57 tasks=2257 base=0 ms=0.615
frame=0 reset=1 wall_ms=1401.060 invalid=0 luma=0.01043502 roi=0.01611849 dark=837589 roi_dark=271139 changed_first=0 maxabs_first=0
SP_DONE c=256 first=16 tasks=893 base=893 ms=5.331
SP_DONE c=256 first=49 tasks=893 base=893 ms=1.389
SP_DONE c=128 first=57 tasks=2257 base=2257 ms=0.758
frame=1 reset=1 wall_ms=16.675 invalid=0 luma=0.01043502 roi=0.01611849 dark=837589 roi_dark=271139 changed_first=0 maxabs_first=0
SP_DONE c=256 first=16 tasks=893 base=1786 ms=4.644
SP_DONE c=256 first=49 tasks=893 base=1786 ms=1.402
SP_DONE c=128 first=57 tasks=2257 base=4514 ms=0.775
frame=2 reset=1 wall_ms=13.395 invalid=0 luma=0.01043502 roi=0.01611849 dark=837589 roi_dark=271139 changed_first=0 maxabs_first=0
SP_DONE c=256 first=16 tasks=893 base=2679 ms=13.935
SP_DONE c=256 first=49 tasks=893 base=2679 ms=1.587
SP_DONE c=128 first=57 tasks=2257 base=6771 ms=0.819
frame=3 reset=1 wall_ms=26.279 invalid=0 luma=0.01043502 roi=0.01611849 dark=837589 roi_dark=271139 changed_first=0 maxabs_first=0
SP_DONE c=256 first=16 tasks=893 base=3572 ms=13.953
SP_DONE c=256 first=49 tasks=893 base=3572 ms=1.568
SP_DONE c=128 first=57 tasks=2257 base=9028 ms=0.922
frame=4 reset=1 wall_ms=23.711 invalid=0 luma=0.01043502 roi=0.01611849 dark=837589 roi_dark=271139 changed_first=0 maxabs_first=0
SP_DONE c=256 first=16 tasks=893 base=4465 ms=9.651
SP_DONE c=256 first=49 tasks=893 base=4465 ms=1.448
SP_DONE c=128 first=57 tasks=2257 base=11285 ms=0.811
frame=5 reset=1 wall_ms=19.032 invalid=0 luma=0.01043502 roi=0.01611849 dark=837589 roi_dark=271139 changed_first=0 maxabs_first=0
SP_DONE c=256 first=16 tasks=893 base=5358 ms=7.817
SP_DONE c=256 first=49 tasks=893 base=5358 ms=1.468
SP_DONE c=128 first=57 tasks=2257 base=13542 ms=0.780
frame=6 reset=1 wall_ms=16.825 invalid=0 luma=0.01043502 roi=0.01611849 dark=837589 roi_dark=271139 changed_first=0 maxabs_first=0
SP_DONE c=256 first=16 tasks=893 base=6251 ms=14.096
SP_DONE c=256 first=49 tasks=893 base=6251 ms=1.561
SP_DONE c=128 first=57 tasks=2257 base=15799 ms=1.023
frame=7 reset=1 wall_ms=25.216 invalid=0 luma=0.01043502 roi=0.01611849 dark=837589 roi_dark=271139 changed_first=0 maxabs_first=0
SP_DONE c=256 first=16 tasks=893 base=7144 ms=10.484
SP_DONE c=256 first=49 tasks=893 base=7144 ms=1.615
SP_DONE c=128 first=57 tasks=2257 base=18056 ms=0.914
frame=8 reset=1 wall_ms=21.877 invalid=0 luma=0.01043502 roi=0.01611849 dark=837589 roi_dark=271139 changed_first=0 maxabs_first=0
SP_DONE c=256 first=16 tasks=893 base=8037 ms=5.346
SP_DONE c=256 first=49 tasks=893 base=8037 ms=1.483
SP_DONE c=128 first=57 tasks=2257 base=20313 ms=0.860
frame=9 reset=1 wall_ms=15.374 invalid=0 luma=0.01043502 roi=0.01611849 dark=837589 roi_dark=271139 changed_first=0 maxabs_first=0
SP_DONE c=256 first=16 tasks=893 base=8930 ms=14.030
SP_DONE c=256 first=49 tasks=893 base=8930 ms=1.582
SP_DONE c=128 first=57 tasks=2257 base=22570 ms=0.903
frame=10 reset=1 wall_ms=24.604 invalid=0 luma=0.01043502 roi=0.01611849 dark=837589 roi_dark=271139 changed_first=0 maxabs_first=0
SP_DONE c=256 first=16 tasks=893 base=9823 ms=4.709
SP_DONE c=256 first=49 tasks=893 base=9823 ms=1.537
SP_DONE c=128 first=57 tasks=2257 base=24827 ms=0.825
frame=11 reset=1 wall_ms=15.076 invalid=0 luma=0.01043502 roi=0.01611849 dark=837589 roi_dark=271139 changed_first=0 maxabs_first=0
SP_STATS runs=36 fallback=0 rollover=0 jobs=48516 disabled=0 errors=0
RESULT frames=12 temporal=0 mean_wall_ms=134.927 invalid_total=0 restored_capture_every_frame=1 HDR_preserved=1
