seed=0 pattern=0
input format=RGBA16_FLOAT W=1296 H=720 invalid=0 min=0 max=34.53125 luma=0.0157641119 roi_luma=0.0250669576
adapter=AMD Radeon RX 9070 XT
SP_PLAN c=256 first=16 layers=6 tasks=624 initial=104 state_bytes=7504 w16=1
SP_PLAN c=256 first=49 layers=6 tasks=624 initial=104 state_bytes=7504 w16=1
FRAME_NET_GPU frame=0 gpu_ms=1121.73596
frame=0 reset=1 wall_ms=1130.664 invalid=0 luma=0.01311046 roi=0.01994696 dark=808529 roi_dark=258288 changed_first=0 maxabs_first=0
FRAME_NET_GPU frame=1 gpu_ms=13.9676199
FRAME_NET_GPU frame=2 gpu_ms=4.82310009
FRAME_NET_GPU frame=3 gpu_ms=6.80410004
FRAME_NET_GPU frame=4 gpu_ms=6.48577976
FRAME_NET_GPU frame=5 gpu_ms=6.42409992
FRAME_NET_GPU frame=6 gpu_ms=6.36749983
FRAME_NET_GPU frame=7 gpu_ms=6.41610003
FRAME_NET_GPU frame=8 gpu_ms=6.37039995
FRAME_NET_GPU frame=9 gpu_ms=6.35200024
FRAME_NET_GPU frame=10 gpu_ms=6.50129986
FRAME_NET_GPU frame=11 gpu_ms=6.35903978
FRAME_NET_GPU frame=12 gpu_ms=6.45249987
FRAME_NET_GPU frame=13 gpu_ms=6.38880014
FRAME_NET_GPU frame=14 gpu_ms=6.48320007
FRAME_NET_GPU frame=15 gpu_ms=6.36509991
FRAME_NET_GPU frame=16 gpu_ms=6.32999992
FRAME_NET_GPU frame=17 gpu_ms=6.37970018
FRAME_NET_GPU frame=18 gpu_ms=6.32024002
FRAME_NET_GPU frame=19 gpu_ms=6.28399992
FRAME_NET_GPU frame=20 gpu_ms=6.39374018
FRAME_NET_GPU frame=21 gpu_ms=6.34286022
FRAME_NET_GPU frame=22 gpu_ms=6.35542011
FRAME_NET_GPU frame=23 gpu_ms=6.32091999
FRAME_NET_GPU frame=24 gpu_ms=6.35262012
FRAME_NET_GPU frame=25 gpu_ms=6.34117985
FRAME_NET_GPU frame=26 gpu_ms=6.43959999
FRAME_NET_GPU frame=27 gpu_ms=6.30522013
FRAME_NET_GPU frame=28 gpu_ms=6.29744005
FRAME_NET_GPU frame=29 gpu_ms=6.32062006
FRAME_NET_GPU frame=30 gpu_ms=6.27983999
FRAME_NET_GPU frame=31 gpu_ms=6.2877202
FRAME_NET_GPU frame=32 gpu_ms=6.39875984
FRAME_NET_GPU frame=33 gpu_ms=6.41805983
FRAME_NET_GPU frame=34 gpu_ms=6.41684008
FRAME_NET_GPU frame=35 gpu_ms=6.37415981
FRAME_NET_GPU frame=36 gpu_ms=6.32764006
FRAME_NET_GPU frame=37 gpu_ms=6.36566019
FRAME_NET_GPU frame=38 gpu_ms=6.31653976
FRAME_NET_GPU frame=39 gpu_ms=6.41075993
FRAME_NET_GPU frame=40 gpu_ms=6.42254019
FRAME_NET_GPU frame=41 gpu_ms=6.36920023
FRAME_NET_GPU frame=42 gpu_ms=6.4530201
FRAME_NET_GPU frame=43 gpu_ms=6.51777983
FRAME_NET_GPU frame=44 gpu_ms=6.58621979
FRAME_NET_GPU frame=45 gpu_ms=6.4689002
FRAME_NET_GPU frame=46 gpu_ms=6.53028011
FRAME_NET_GPU frame=47 gpu_ms=6.49459982
FRAME_NET_GPU frame=48 gpu_ms=6.48445988
FRAME_NET_GPU frame=49 gpu_ms=6.49119997
FRAME_NET_GPU frame=50 gpu_ms=6.41987991
FRAME_NET_GPU frame=51 gpu_ms=6.59700012
FRAME_NET_GPU frame=52 gpu_ms=6.48831987
FRAME_NET_GPU frame=53 gpu_ms=6.44939995
FRAME_NET_GPU frame=54 gpu_ms=6.49350023
FRAME_NET_GPU frame=55 gpu_ms=6.46135998
FRAME_NET_GPU frame=56 gpu_ms=6.43249989
FRAME_NET_GPU frame=57 gpu_ms=6.52443981
FRAME_NET_GPU frame=58 gpu_ms=6.49518013
FRAME_NET_GPU frame=59 gpu_ms=6.45317984
FRAME_NET_GPU frame=60 gpu_ms=6.53980017
FRAME_NET_GPU frame=61 gpu_ms=6.43270016
FRAME_NET_GPU frame=62 gpu_ms=6.46994019
FRAME_NET_GPU frame=63 gpu_ms=6.46608019
FRAME_NET_GPU frame=64 gpu_ms=6.52805996
FRAME_NET_GPU frame=65 gpu_ms=6.5488801
FRAME_NET_GPU frame=66 gpu_ms=6.47228003
FRAME_NET_GPU frame=67 gpu_ms=6.44681978
FRAME_NET_GPU frame=68 gpu_ms=6.44025993
FRAME_NET_GPU frame=69 gpu_ms=6.40681982
FRAME_NET_GPU frame=70 gpu_ms=6.57885981
FRAME_NET_GPU frame=71 gpu_ms=6.50750017
FRAME_NET_GPU frame=72 gpu_ms=6.42802
FRAME_NET_GPU frame=73 gpu_ms=6.44403982
FRAME_NET_GPU frame=74 gpu_ms=6.51870012
FRAME_NET_GPU frame=75 gpu_ms=6.48697996
FRAME_NET_GPU frame=76 gpu_ms=6.49446011
FRAME_NET_GPU frame=77 gpu_ms=6.56769991
FRAME_NET_GPU frame=78 gpu_ms=6.43662024
FRAME_NET_GPU frame=79 gpu_ms=6.50793982
FRAME_NET_GPU frame=80 gpu_ms=6.40719986
FRAME_NET_GPU frame=81 gpu_ms=6.47665977
FRAME_NET_GPU frame=82 gpu_ms=6.62731981
FRAME_NET_GPU frame=83 gpu_ms=6.47166014
FRAME_NET_GPU frame=84 gpu_ms=6.50453997
FRAME_NET_GPU frame=85 gpu_ms=6.50873995
FRAME_NET_GPU frame=86 gpu_ms=6.47631979
FRAME_NET_GPU frame=87 gpu_ms=6.4953599
FRAME_NET_GPU frame=88 gpu_ms=6.54110003
FRAME_NET_GPU frame=89 gpu_ms=6.47278023
FRAME_NET_GPU frame=90 gpu_ms=6.5950799
FRAME_NET_GPU frame=91 gpu_ms=6.57876015
FRAME_NET_GPU frame=92 gpu_ms=6.52019978
FRAME_NET_GPU frame=93 gpu_ms=6.42560005
FRAME_NET_GPU frame=94 gpu_ms=6.42208004
FRAME_NET_GPU frame=95 gpu_ms=6.4917202
FRAME_NET_GPU frame=96 gpu_ms=6.52735996
FRAME_NET_GPU frame=97 gpu_ms=6.46611977
FRAME_NET_GPU frame=98 gpu_ms=6.5724802
FRAME_NET_GPU frame=99 gpu_ms=6.46941996
FRAME_NET_GPU frame=100 gpu_ms=6.42403984
FRAME_NET_GPU frame=101 gpu_ms=6.45190001
FRAME_NET_GPU frame=102 gpu_ms=6.42403984
FRAME_NET_GPU frame=103 gpu_ms=6.49815989
FRAME_NET_GPU frame=104 gpu_ms=6.48163986
FRAME_NET_GPU frame=105 gpu_ms=6.45304012
FRAME_NET_GPU frame=106 gpu_ms=6.47143984
FRAME_NET_GPU frame=107 gpu_ms=6.5921402
FRAME_NET_GPU frame=108 gpu_ms=6.51626015
FRAME_NET_GPU frame=109 gpu_ms=6.48373985
FRAME_NET_GPU frame=110 gpu_ms=6.51208019
FRAME_NET_GPU frame=111 gpu_ms=6.46201992
FRAME_NET_GPU frame=112 gpu_ms=6.48682022
FRAME_NET_GPU frame=113 gpu_ms=6.43135977
FRAME_NET_GPU frame=114 gpu_ms=6.57130003
FRAME_NET_GPU frame=115 gpu_ms=6.5292201
FRAME_NET_GPU frame=116 gpu_ms=6.48765993
FRAME_NET_GPU frame=117 gpu_ms=6.50824022
FRAME_NET_GPU frame=118 gpu_ms=6.46138
FRAME_NET_GPU frame=119 gpu_ms=6.55953979
FRAME_NET_GPU frame=120 gpu_ms=6.52415991
FRAME_NET_GPU frame=121 gpu_ms=6.50625992
FRAME_NET_GPU frame=122 gpu_ms=6.47626019
FRAME_NET_GPU frame=123 gpu_ms=6.48912001
FRAME_NET_GPU frame=124 gpu_ms=6.55641985
FRAME_NET_GPU frame=125 gpu_ms=6.48275995
FRAME_NET_GPU frame=126 gpu_ms=6.46203995
FRAME_NET_GPU frame=127 gpu_ms=6.49624014
FRAME_NET_GPU frame=128 gpu_ms=6.45077991
FRAME_NET_GPU frame=129 gpu_ms=6.47418022
FRAME_NET_GPU frame=130 gpu_ms=6.49686003
FRAME_NET_GPU frame=131 gpu_ms=6.52296019
FRAME_NET_GPU frame=132 gpu_ms=6.47614002
FRAME_NET_GPU frame=133 gpu_ms=6.41682005
FRAME_NET_GPU frame=134 gpu_ms=6.46852016
FRAME_NET_GPU frame=135 gpu_ms=6.53997993
FRAME_NET_GPU frame=136 gpu_ms=6.57910013
FRAME_NET_GPU frame=137 gpu_ms=6.46702003
FRAME_NET_GPU frame=138 gpu_ms=6.60867977
FRAME_NET_GPU frame=139 gpu_ms=6.58864021
FRAME_NET_GPU frame=140 gpu_ms=6.45951986
FRAME_NET_GPU frame=141 gpu_ms=6.51976013
FRAME_NET_GPU frame=142 gpu_ms=6.31981993
FRAME_NET_GPU frame=143 gpu_ms=6.6329999
FRAME_NET_GPU frame=144 gpu_ms=6.47607994
FRAME_NET_GPU frame=145 gpu_ms=6.32919979
FRAME_NET_GPU frame=146 gpu_ms=6.50994015
FRAME_NET_GPU frame=147 gpu_ms=6.32055998
FRAME_NET_GPU frame=148 gpu_ms=6.64347982
FRAME_NET_GPU frame=149 gpu_ms=6.4851799
FRAME_NET_GPU frame=150 gpu_ms=6.51442003
FRAME_NET_GPU frame=151 gpu_ms=6.46610022
FRAME_NET_GPU frame=152 gpu_ms=6.46687984
FRAME_NET_GPU frame=153 gpu_ms=6.44210005
FRAME_NET_GPU frame=154 gpu_ms=6.48519993
FRAME_NET_GPU frame=155 gpu_ms=6.52180004
FRAME_NET_GPU frame=156 gpu_ms=6.51874018
FRAME_NET_GPU frame=157 gpu_ms=6.53073978
FRAME_NET_GPU frame=158 gpu_ms=6.37771988
FRAME_NET_GPU frame=159 gpu_ms=6.52686024
frame=159 reset=1 wall_ms=6.970 invalid=0 luma=0.01311046 roi=0.01994696 dark=808529 roi_dark=258288 changed_first=0 maxabs_first=0
SP_STATS runs=320 fallback=0 rollover=0 jobs=199680 disabled=0 errors=0
RESULT frames=160 temporal=0 mean_wall_ms=14.011 invalid_total=0 restored_capture_every_frame=1 HDR_preserved=1

