seed=0 pattern=0
input format=RGBA16_FLOAT W=1296 H=720 invalid=0 min=0 max=34.53125 luma=0.0157641119 roi_luma=0.0250669576
adapter=AMD Radeon RX 9070 XT
SP_PLAN c=256 first=16 layers=6 tasks=893 initial=160 state_bytes=10732 w16=1
SP_PLAN c=256 first=49 layers=6 tasks=893 initial=160 state_bytes=10732 w16=1
FRAME_NET_GPU frame=0 gpu_ms=1281.68103 tag=1 ready=1
frame=0 reset=1 wall_ms=1292.795 invalid=0 luma=0.01307101 roi=0.01974189 dark=806206 roi_dark=258238 changed_first=0 maxabs_first=0
FRAME_NET_GPU frame=1 gpu_ms=17.0354004 tag=2 ready=1
FRAME_NET_GPU frame=2 gpu_ms=9.55270004 tag=3 ready=1
FRAME_NET_GPU frame=3 gpu_ms=9.17099953 tag=4 ready=1
FRAME_NET_GPU frame=4 gpu_ms=8.87728024 tag=5 ready=1
FRAME_NET_GPU frame=5 gpu_ms=8.95359993 tag=6 ready=1
FRAME_NET_GPU frame=6 gpu_ms=8.85690022 tag=7 ready=1
FRAME_NET_GPU frame=7 gpu_ms=8.91077995 tag=8 ready=1
FRAME_NET_GPU frame=8 gpu_ms=8.89760017 tag=9 ready=1
FRAME_NET_GPU frame=9 gpu_ms=8.93570042 tag=10 ready=1
FRAME_NET_GPU frame=10 gpu_ms=8.85169983 tag=11 ready=1
FRAME_NET_GPU frame=11 gpu_ms=8.9762001 tag=12 ready=1
FRAME_NET_GPU frame=12 gpu_ms=8.9211998 tag=13 ready=1
FRAME_NET_GPU frame=13 gpu_ms=8.97789955 tag=14 ready=1
FRAME_NET_GPU frame=14 gpu_ms=8.88370037 tag=15 ready=1
FRAME_NET_GPU frame=15 gpu_ms=8.87899971 tag=16 ready=1
FRAME_NET_GPU frame=16 gpu_ms=8.83057976 tag=17 ready=1
FRAME_NET_GPU frame=17 gpu_ms=8.82956028 tag=18 ready=1
FRAME_NET_GPU frame=18 gpu_ms=8.90493965 tag=19 ready=1
FRAME_NET_GPU frame=19 gpu_ms=8.81842041 tag=20 ready=1
FRAME_NET_GPU frame=20 gpu_ms=8.87458038 tag=21 ready=1
FRAME_NET_GPU frame=21 gpu_ms=8.87337971 tag=22 ready=1
FRAME_NET_GPU frame=22 gpu_ms=8.83732033 tag=23 ready=1
FRAME_NET_GPU frame=23 gpu_ms=8.9542799 tag=24 ready=1
FRAME_NET_GPU frame=24 gpu_ms=8.98929977 tag=25 ready=1
FRAME_NET_GPU frame=25 gpu_ms=9.04172039 tag=26 ready=1
FRAME_NET_GPU frame=26 gpu_ms=9.10558033 tag=27 ready=1
FRAME_NET_GPU frame=27 gpu_ms=9.0296402 tag=28 ready=1
FRAME_NET_GPU frame=28 gpu_ms=8.99094009 tag=29 ready=1
FRAME_NET_GPU frame=29 gpu_ms=9.05947971 tag=30 ready=1
FRAME_NET_GPU frame=30 gpu_ms=9.01298046 tag=31 ready=1
FRAME_NET_GPU frame=31 gpu_ms=9.06387997 tag=32 ready=1
FRAME_NET_GPU frame=32 gpu_ms=9.01508045 tag=33 ready=1
FRAME_NET_GPU frame=33 gpu_ms=9.09148026 tag=34 ready=1
FRAME_NET_GPU frame=34 gpu_ms=9.0481596 tag=35 ready=1
FRAME_NET_GPU frame=35 gpu_ms=9.08119965 tag=36 ready=1
FRAME_NET_GPU frame=36 gpu_ms=9.06715965 tag=37 ready=1
FRAME_NET_GPU frame=37 gpu_ms=9.0770998 tag=38 ready=1
FRAME_NET_GPU frame=38 gpu_ms=9.09329987 tag=39 ready=1
FRAME_NET_GPU frame=39 gpu_ms=9.06085968 tag=40 ready=1
FRAME_NET_GPU frame=40 gpu_ms=9.00533962 tag=41 ready=1
FRAME_NET_GPU frame=41 gpu_ms=9.11411953 tag=42 ready=1
FRAME_NET_GPU frame=42 gpu_ms=9.06503963 tag=43 ready=1
FRAME_NET_GPU frame=43 gpu_ms=9.08666039 tag=44 ready=1
FRAME_NET_GPU frame=44 gpu_ms=9.0710001 tag=45 ready=1
FRAME_NET_GPU frame=45 gpu_ms=9.08448029 tag=46 ready=1
FRAME_NET_GPU frame=46 gpu_ms=9.07674026 tag=47 ready=1
FRAME_NET_GPU frame=47 gpu_ms=9.03036022 tag=48 ready=1
FRAME_NET_GPU frame=48 gpu_ms=9.0722599 tag=49 ready=1
FRAME_NET_GPU frame=49 gpu_ms=9.03748035 tag=50 ready=1
FRAME_NET_GPU frame=50 gpu_ms=9.18363953 tag=51 ready=1
FRAME_NET_GPU frame=51 gpu_ms=9.05646038 tag=52 ready=1
FRAME_NET_GPU frame=52 gpu_ms=9.06233978 tag=53 ready=1
FRAME_NET_GPU frame=53 gpu_ms=9.08705997 tag=54 ready=1
FRAME_NET_GPU frame=54 gpu_ms=9.16709995 tag=55 ready=1
FRAME_NET_GPU frame=55 gpu_ms=9.02503967 tag=56 ready=1
FRAME_NET_GPU frame=56 gpu_ms=9.06945992 tag=57 ready=1
FRAME_NET_GPU frame=57 gpu_ms=9.00629997 tag=58 ready=1
FRAME_NET_GPU frame=58 gpu_ms=9.13395977 tag=59 ready=1
FRAME_NET_GPU frame=59 gpu_ms=8.99843979 tag=60 ready=1
FRAME_NET_GPU frame=60 gpu_ms=9.05681992 tag=61 ready=1
FRAME_NET_GPU frame=61 gpu_ms=9.19958019 tag=62 ready=1
FRAME_NET_GPU frame=62 gpu_ms=9.0953598 tag=63 ready=1
FRAME_NET_GPU frame=63 gpu_ms=8.97789955 tag=64 ready=1
FRAME_NET_GPU frame=64 gpu_ms=9.05897999 tag=65 ready=1
FRAME_NET_GPU frame=65 gpu_ms=9.06072044 tag=66 ready=1
FRAME_NET_GPU frame=66 gpu_ms=9.06807995 tag=67 ready=1
FRAME_NET_GPU frame=67 gpu_ms=9.10943985 tag=68 ready=1
FRAME_NET_GPU frame=68 gpu_ms=9.0912199 tag=69 ready=1
FRAME_NET_GPU frame=69 gpu_ms=9.05957985 tag=70 ready=1
FRAME_NET_GPU frame=70 gpu_ms=9.06072044 tag=71 ready=1
FRAME_NET_GPU frame=71 gpu_ms=9.03555965 tag=72 ready=1
FRAME_NET_GPU frame=72 gpu_ms=9.09667969 tag=73 ready=1
FRAME_NET_GPU frame=73 gpu_ms=9.12605953 tag=74 ready=1
FRAME_NET_GPU frame=74 gpu_ms=9.22819996 tag=75 ready=1
FRAME_NET_GPU frame=75 gpu_ms=9.17428017 tag=76 ready=1
FRAME_NET_GPU frame=76 gpu_ms=9.16746044 tag=77 ready=1
FRAME_NET_GPU frame=77 gpu_ms=9.02151966 tag=78 ready=1
FRAME_NET_GPU frame=78 gpu_ms=9.14912033 tag=79 ready=1
FRAME_NET_GPU frame=79 gpu_ms=9.17146015 tag=80 ready=1
FRAME_NET_GPU frame=80 gpu_ms=9.1677599 tag=81 ready=1
FRAME_NET_GPU frame=81 gpu_ms=9.06002045 tag=82 ready=1
FRAME_NET_GPU frame=82 gpu_ms=9.03983974 tag=83 ready=1
FRAME_NET_GPU frame=83 gpu_ms=8.96732044 tag=84 ready=1
FRAME_NET_GPU frame=84 gpu_ms=9.14754009 tag=85 ready=1
FRAME_NET_GPU frame=85 gpu_ms=9.10165977 tag=86 ready=1
FRAME_NET_GPU frame=86 gpu_ms=9.08790016 tag=87 ready=1
FRAME_NET_GPU frame=87 gpu_ms=9.11093998 tag=88 ready=1
FRAME_NET_GPU frame=88 gpu_ms=9.04878044 tag=89 ready=1
FRAME_NET_GPU frame=89 gpu_ms=9.05770016 tag=90 ready=1
FRAME_NET_GPU frame=90 gpu_ms=9.07279968 tag=91 ready=1
FRAME_NET_GPU frame=91 gpu_ms=9.05974007 tag=92 ready=1
FRAME_NET_GPU frame=92 gpu_ms=9.08767986 tag=93 ready=1
FRAME_NET_GPU frame=93 gpu_ms=9.0233202 tag=94 ready=1
FRAME_NET_GPU frame=94 gpu_ms=9.07081985 tag=95 ready=1
FRAME_NET_GPU frame=95 gpu_ms=9.07703972 tag=96 ready=1
FRAME_NET_GPU frame=96 gpu_ms=8.99081993 tag=97 ready=1
FRAME_NET_GPU frame=97 gpu_ms=9.07003975 tag=98 ready=1
FRAME_NET_GPU frame=98 gpu_ms=9.05418015 tag=99 ready=1
FRAME_NET_GPU frame=99 gpu_ms=9.08909988 tag=100 ready=1
FRAME_NET_GPU frame=100 gpu_ms=9.13169956 tag=101 ready=1
FRAME_NET_GPU frame=101 gpu_ms=9.06239986 tag=102 ready=1
FRAME_NET_GPU frame=102 gpu_ms=9.10025978 tag=103 ready=1
FRAME_NET_GPU frame=103 gpu_ms=9.15229988 tag=104 ready=1
FRAME_NET_GPU frame=104 gpu_ms=9.16821957 tag=105 ready=1
FRAME_NET_GPU frame=105 gpu_ms=9.03859997 tag=106 ready=1
FRAME_NET_GPU frame=106 gpu_ms=9.07900047 tag=107 ready=1
FRAME_NET_GPU frame=107 gpu_ms=8.90485954 tag=108 ready=1
FRAME_NET_GPU frame=108 gpu_ms=9.08804035 tag=109 ready=1
FRAME_NET_GPU frame=109 gpu_ms=9.15252018 tag=110 ready=1
FRAME_NET_GPU frame=110 gpu_ms=9.08600044 tag=111 ready=1
FRAME_NET_GPU frame=111 gpu_ms=9.04226017 tag=112 ready=1
FRAME_NET_GPU frame=112 gpu_ms=9.07332039 tag=113 ready=1
FRAME_NET_GPU frame=113 gpu_ms=9.07993984 tag=114 ready=1
FRAME_NET_GPU frame=114 gpu_ms=9.14914036 tag=115 ready=1
FRAME_NET_GPU frame=115 gpu_ms=8.87263966 tag=116 ready=1
FRAME_NET_GPU frame=116 gpu_ms=9.0975399 tag=117 ready=1
FRAME_NET_GPU frame=117 gpu_ms=9.13383961 tag=118 ready=1
FRAME_NET_GPU frame=118 gpu_ms=9.06492043 tag=119 ready=1
FRAME_NET_GPU frame=119 gpu_ms=9.12366009 tag=120 ready=1
FRAME_NET_GPU frame=120 gpu_ms=9.09447956 tag=121 ready=1
FRAME_NET_GPU frame=121 gpu_ms=8.98134041 tag=122 ready=1
FRAME_NET_GPU frame=122 gpu_ms=9.04473972 tag=123 ready=1
FRAME_NET_GPU frame=123 gpu_ms=9.08765984 tag=124 ready=1
FRAME_NET_GPU frame=124 gpu_ms=8.85006046 tag=125 ready=1
FRAME_NET_GPU frame=125 gpu_ms=9.10461998 tag=126 ready=1
FRAME_NET_GPU frame=126 gpu_ms=9.00712013 tag=127 ready=1
FRAME_NET_GPU frame=127 gpu_ms=9.07524014 tag=128 ready=1
FRAME_NET_GPU frame=128 gpu_ms=9.17757988 tag=129 ready=1
FRAME_NET_GPU frame=129 gpu_ms=9.0326004 tag=130 ready=1
FRAME_NET_GPU frame=130 gpu_ms=9.04109955 tag=131 ready=1
FRAME_NET_GPU frame=131 gpu_ms=9.16427994 tag=132 ready=1
FRAME_NET_GPU frame=132 gpu_ms=9.02838039 tag=133 ready=1
FRAME_NET_GPU frame=133 gpu_ms=9.07157993 tag=134 ready=1
FRAME_NET_GPU frame=134 gpu_ms=9.10797977 tag=135 ready=1
FRAME_NET_GPU frame=135 gpu_ms=9.06412029 tag=136 ready=1
FRAME_NET_GPU frame=136 gpu_ms=9.06917953 tag=137 ready=1
FRAME_NET_GPU frame=137 gpu_ms=9.16730022 tag=138 ready=1
FRAME_NET_GPU frame=138 gpu_ms=9.10589981 tag=139 ready=1
FRAME_NET_GPU frame=139 gpu_ms=8.91489983 tag=140 ready=1
FRAME_NET_GPU frame=140 gpu_ms=9.04666042 tag=141 ready=1
FRAME_NET_GPU frame=141 gpu_ms=9.15678024 tag=142 ready=1
FRAME_NET_GPU frame=142 gpu_ms=9.06760025 tag=143 ready=1
FRAME_NET_GPU frame=143 gpu_ms=9.14389992 tag=144 ready=1
FRAME_NET_GPU frame=144 gpu_ms=9.18873978 tag=145 ready=1
FRAME_NET_GPU frame=145 gpu_ms=9.01113987 tag=146 ready=1
FRAME_NET_GPU frame=146 gpu_ms=9.05725956 tag=147 ready=1
FRAME_NET_GPU frame=147 gpu_ms=9.04016018 tag=148 ready=1
FRAME_NET_GPU frame=148 gpu_ms=8.97072029 tag=149 ready=1
FRAME_NET_GPU frame=149 gpu_ms=9.07155991 tag=150 ready=1
FRAME_NET_GPU frame=150 gpu_ms=9.05331993 tag=151 ready=1
FRAME_NET_GPU frame=151 gpu_ms=9.10964012 tag=152 ready=1
FRAME_NET_GPU frame=152 gpu_ms=9.03577995 tag=153 ready=1
FRAME_NET_GPU frame=153 gpu_ms=9.08281994 tag=154 ready=1
FRAME_NET_GPU frame=154 gpu_ms=9.15758038 tag=155 ready=1
FRAME_NET_GPU frame=155 gpu_ms=9.13307953 tag=156 ready=1
FRAME_NET_GPU frame=156 gpu_ms=8.92103958 tag=157 ready=1
FRAME_NET_GPU frame=157 gpu_ms=9.02840042 tag=158 ready=1
FRAME_NET_GPU frame=158 gpu_ms=9.06243992 tag=159 ready=1
FRAME_NET_GPU frame=159 gpu_ms=9.09529972 tag=160 ready=1
frame=159 reset=1 wall_ms=9.591 invalid=0 luma=0.01307101 roi=0.01974189 dark=806206 roi_dark=258238 changed_first=0 maxabs_first=0
SP_STATS runs=320 fallback=0 rollover=0 jobs=285760 disabled=0 errors=0
RESULT frames=160 temporal=0 mean_wall_ms=17.692 invalid_total=0 restored_capture_every_frame=1 HDR_preserved=1

