seed=0 pattern=0
input format=RGBA16_FLOAT W=1296 H=720 invalid=0 min=0 max=34.53125 luma=0.0157641119 roi_luma=0.0250669576
adapter=AMD Radeon RX 9070 XT
SP_PLAN c=256 first=16 layers=6 tasks=624 initial=104 state_bytes=7504 w16=1
SP_PLAN c=256 first=49 layers=6 tasks=624 initial=104 state_bytes=7504 w16=1
FRAME_NET_GPU frame=0 gpu_ms=1250.02905
frame=0 reset=1 wall_ms=1259.853 invalid=0 luma=0.01311046 roi=0.01994696 dark=808529 roi_dark=258288 changed_first=0 maxabs_first=0
FRAME_NET_GPU frame=1 gpu_ms=5.15111017
FRAME_NET_GPU frame=2 gpu_ms=4.51191998
FRAME_NET_GPU frame=3 gpu_ms=6.64705992
FRAME_NET_GPU frame=4 gpu_ms=6.58712006
FRAME_NET_GPU frame=5 gpu_ms=6.34013987
FRAME_NET_GPU frame=6 gpu_ms=6.29290009
FRAME_NET_GPU frame=7 gpu_ms=6.29809999
FRAME_NET_GPU frame=8 gpu_ms=6.47478008
FRAME_NET_GPU frame=9 gpu_ms=6.30142021
FRAME_NET_GPU frame=10 gpu_ms=6.35141993
FRAME_NET_GPU frame=11 gpu_ms=6.37599993
FRAME_NET_GPU frame=12 gpu_ms=6.25693989
FRAME_NET_GPU frame=13 gpu_ms=6.36093998
FRAME_NET_GPU frame=14 gpu_ms=6.29146004
FRAME_NET_GPU frame=15 gpu_ms=6.23492002
FRAME_NET_GPU frame=16 gpu_ms=6.45711994
FRAME_NET_GPU frame=17 gpu_ms=6.56267977
FRAME_NET_GPU frame=18 gpu_ms=6.25738001
FRAME_NET_GPU frame=19 gpu_ms=6.5360198
FRAME_NET_GPU frame=20 gpu_ms=6.44521999
FRAME_NET_GPU frame=21 gpu_ms=6.42905998
FRAME_NET_GPU frame=22 gpu_ms=6.45567989
FRAME_NET_GPU frame=23 gpu_ms=6.43913984
FRAME_NET_GPU frame=24 gpu_ms=6.30573988
FRAME_NET_GPU frame=25 gpu_ms=6.51817989
FRAME_NET_GPU frame=26 gpu_ms=6.56326008
FRAME_NET_GPU frame=27 gpu_ms=6.41673994
FRAME_NET_GPU frame=28 gpu_ms=6.31050014
FRAME_NET_GPU frame=29 gpu_ms=6.35502005
FRAME_NET_GPU frame=30 gpu_ms=6.41338015
FRAME_NET_GPU frame=31 gpu_ms=6.4138999
FRAME_NET_GPU frame=32 gpu_ms=6.39463997
FRAME_NET_GPU frame=33 gpu_ms=6.49980021
FRAME_NET_GPU frame=34 gpu_ms=6.37523985
FRAME_NET_GPU frame=35 gpu_ms=6.42477989
FRAME_NET_GPU frame=36 gpu_ms=6.35550022
FRAME_NET_GPU frame=37 gpu_ms=6.43752003
FRAME_NET_GPU frame=38 gpu_ms=6.3966198
FRAME_NET_GPU frame=39 gpu_ms=6.42814016
FRAME_NET_GPU frame=40 gpu_ms=6.44152021
FRAME_NET_GPU frame=41 gpu_ms=6.24319983
FRAME_NET_GPU frame=42 gpu_ms=6.42288017
FRAME_NET_GPU frame=43 gpu_ms=6.41048002
FRAME_NET_GPU frame=44 gpu_ms=6.42806005
FRAME_NET_GPU frame=45 gpu_ms=6.43098021
FRAME_NET_GPU frame=46 gpu_ms=6.53261995
FRAME_NET_GPU frame=47 gpu_ms=6.39448023
FRAME_NET_GPU frame=48 gpu_ms=6.40948009
FRAME_NET_GPU frame=49 gpu_ms=6.57832003
FRAME_NET_GPU frame=50 gpu_ms=6.39260006
FRAME_NET_GPU frame=51 gpu_ms=6.50882006
FRAME_NET_GPU frame=52 gpu_ms=6.43160009
FRAME_NET_GPU frame=53 gpu_ms=6.57613993
FRAME_NET_GPU frame=54 gpu_ms=6.50470018
FRAME_NET_GPU frame=55 gpu_ms=6.45132017
FRAME_NET_GPU frame=56 gpu_ms=6.50564003
FRAME_NET_GPU frame=57 gpu_ms=6.52275991
FRAME_NET_GPU frame=58 gpu_ms=6.55433989
FRAME_NET_GPU frame=59 gpu_ms=6.52339983
FRAME_NET_GPU frame=60 gpu_ms=6.58900023
FRAME_NET_GPU frame=61 gpu_ms=6.5927
FRAME_NET_GPU frame=62 gpu_ms=6.56829977
FRAME_NET_GPU frame=63 gpu_ms=6.46481991
FRAME_NET_GPU frame=64 gpu_ms=6.48882008
FRAME_NET_GPU frame=65 gpu_ms=6.64292002
FRAME_NET_GPU frame=66 gpu_ms=6.48078012
FRAME_NET_GPU frame=67 gpu_ms=6.52462006
FRAME_NET_GPU frame=68 gpu_ms=6.50303984
FRAME_NET_GPU frame=69 gpu_ms=6.47094011
FRAME_NET_GPU frame=70 gpu_ms=6.45366001
FRAME_NET_GPU frame=71 gpu_ms=6.49959993
FRAME_NET_GPU frame=72 gpu_ms=6.44148016
FRAME_NET_GPU frame=73 gpu_ms=6.56553984
FRAME_NET_GPU frame=74 gpu_ms=6.52010012
FRAME_NET_GPU frame=75 gpu_ms=6.56638002
FRAME_NET_GPU frame=76 gpu_ms=6.65447998
FRAME_NET_GPU frame=77 gpu_ms=6.53075981
FRAME_NET_GPU frame=78 gpu_ms=6.28594017
FRAME_NET_GPU frame=79 gpu_ms=6.5041399
FRAME_NET_GPU frame=80 gpu_ms=6.52704
FRAME_NET_GPU frame=81 gpu_ms=6.5202198
FRAME_NET_GPU frame=82 gpu_ms=6.49654007
FRAME_NET_GPU frame=83 gpu_ms=6.55372
FRAME_NET_GPU frame=84 gpu_ms=6.4744401
FRAME_NET_GPU frame=85 gpu_ms=6.67528009
FRAME_NET_GPU frame=86 gpu_ms=6.5824399
FRAME_NET_GPU frame=87 gpu_ms=6.30087996
FRAME_NET_GPU frame=88 gpu_ms=6.44205999
FRAME_NET_GPU frame=89 gpu_ms=6.64069986
FRAME_NET_GPU frame=90 gpu_ms=6.36289978
FRAME_NET_GPU frame=91 gpu_ms=6.50403976
FRAME_NET_GPU frame=92 gpu_ms=6.45349979
FRAME_NET_GPU frame=93 gpu_ms=6.50740004
FRAME_NET_GPU frame=94 gpu_ms=6.41709995
FRAME_NET_GPU frame=95 gpu_ms=6.50939989
FRAME_NET_GPU frame=96 gpu_ms=6.71099997
FRAME_NET_GPU frame=97 gpu_ms=6.46827984
FRAME_NET_GPU frame=98 gpu_ms=6.48394012
FRAME_NET_GPU frame=99 gpu_ms=6.42604017
FRAME_NET_GPU frame=100 gpu_ms=6.46434021
FRAME_NET_GPU frame=101 gpu_ms=6.46551991
FRAME_NET_GPU frame=102 gpu_ms=6.38781977
FRAME_NET_GPU frame=103 gpu_ms=6.50574017
FRAME_NET_GPU frame=104 gpu_ms=6.44821978
FRAME_NET_GPU frame=105 gpu_ms=6.39065981
FRAME_NET_GPU frame=106 gpu_ms=6.46519995
FRAME_NET_GPU frame=107 gpu_ms=6.49342012
FRAME_NET_GPU frame=108 gpu_ms=6.50568008
FRAME_NET_GPU frame=109 gpu_ms=6.48844004
FRAME_NET_GPU frame=110 gpu_ms=6.5518198
FRAME_NET_GPU frame=111 gpu_ms=6.67784023
FRAME_NET_GPU frame=112 gpu_ms=6.46825981
FRAME_NET_GPU frame=113 gpu_ms=6.51599979
FRAME_NET_GPU frame=114 gpu_ms=6.52744007
FRAME_NET_GPU frame=115 gpu_ms=6.50193977
FRAME_NET_GPU frame=116 gpu_ms=6.53845978
FRAME_NET_GPU frame=117 gpu_ms=6.36583996
FRAME_NET_GPU frame=118 gpu_ms=6.7828002
FRAME_NET_GPU frame=119 gpu_ms=6.54141998
FRAME_NET_GPU frame=120 gpu_ms=6.56689978
FRAME_NET_GPU frame=121 gpu_ms=6.52180004
FRAME_NET_GPU frame=122 gpu_ms=6.61322021
FRAME_NET_GPU frame=123 gpu_ms=6.43381977
FRAME_NET_GPU frame=124 gpu_ms=6.52152014
FRAME_NET_GPU frame=125 gpu_ms=6.48462009
FRAME_NET_GPU frame=126 gpu_ms=6.53336
FRAME_NET_GPU frame=127 gpu_ms=6.46142006
FRAME_NET_GPU frame=128 gpu_ms=6.53974009
FRAME_NET_GPU frame=129 gpu_ms=6.56489992
FRAME_NET_GPU frame=130 gpu_ms=6.5107398
FRAME_NET_GPU frame=131 gpu_ms=6.49049997
FRAME_NET_GPU frame=132 gpu_ms=6.50443983
FRAME_NET_GPU frame=133 gpu_ms=6.55526018
FRAME_NET_GPU frame=134 gpu_ms=6.52689981
FRAME_NET_GPU frame=135 gpu_ms=6.45285988
FRAME_NET_GPU frame=136 gpu_ms=6.51563978
FRAME_NET_GPU frame=137 gpu_ms=6.45383978
FRAME_NET_GPU frame=138 gpu_ms=6.42163992
FRAME_NET_GPU frame=139 gpu_ms=6.48498011
FRAME_NET_GPU frame=140 gpu_ms=6.45779991
FRAME_NET_GPU frame=141 gpu_ms=6.47949982
FRAME_NET_GPU frame=142 gpu_ms=6.49351978
FRAME_NET_GPU frame=143 gpu_ms=6.57461977
FRAME_NET_GPU frame=144 gpu_ms=6.34450006
FRAME_NET_GPU frame=145 gpu_ms=6.48371983
FRAME_NET_GPU frame=146 gpu_ms=6.53997993
FRAME_NET_GPU frame=147 gpu_ms=6.31969976
FRAME_NET_GPU frame=148 gpu_ms=6.52931976
FRAME_NET_GPU frame=149 gpu_ms=6.7263999
FRAME_NET_GPU frame=150 gpu_ms=6.42672014
FRAME_NET_GPU frame=151 gpu_ms=6.61978006
FRAME_NET_GPU frame=152 gpu_ms=6.4815402
FRAME_NET_GPU frame=153 gpu_ms=6.49885988
FRAME_NET_GPU frame=154 gpu_ms=6.49043989
FRAME_NET_GPU frame=155 gpu_ms=6.49569988
FRAME_NET_GPU frame=156 gpu_ms=6.50504017
FRAME_NET_GPU frame=157 gpu_ms=6.38161993
FRAME_NET_GPU frame=158 gpu_ms=6.46765995
FRAME_NET_GPU frame=159 gpu_ms=6.54977989
frame=159 reset=1 wall_ms=7.112 invalid=0 luma=0.01311046 roi=0.01994696 dark=808529 roi_dark=258288 changed_first=0 maxabs_first=0
SP_STATS runs=320 fallback=0 rollover=0 jobs=199680 disabled=0 errors=0
RESULT frames=160 temporal=0 mean_wall_ms=14.982 invalid_total=0 restored_capture_every_frame=1 HDR_preserved=1

