seed=1 pattern=0
input format=RGBA16_FLOAT W=2560 H=1440 invalid=0 min=0 max=1 luma=0.357899353 roi_luma=0.389746571
adapter=AMD Radeon RX 9070 XT
NET frame=0 gpu_ms=1263.561890
GEOMETRY valid=2560x1440 processing=2560x1472 tokens=960
frame=0 reset=1 wall_ms=1269.286 invalid=0 luma=0.3596833 roi=0.4035345 dark=1325 roi_dark=232 changed_first=0 maxabs_first=0
NET frame=1 gpu_ms=15.615590
NET frame=2 gpu_ms=15.944600
NET frame=3 gpu_ms=15.823400
NET frame=4 gpu_ms=15.597500
NET frame=5 gpu_ms=15.738400
NET frame=6 gpu_ms=15.595700
NET frame=7 gpu_ms=15.671000
NET frame=8 gpu_ms=15.387800
NET frame=9 gpu_ms=15.435900
NET frame=10 gpu_ms=15.441800
NET frame=11 gpu_ms=15.451500
NET frame=12 gpu_ms=15.711400
NET frame=13 gpu_ms=15.637200
NET frame=14 gpu_ms=15.761700
NET frame=15 gpu_ms=15.624500
NET frame=16 gpu_ms=15.805980
NET frame=17 gpu_ms=15.795800
NET frame=18 gpu_ms=15.905360
NET frame=19 gpu_ms=15.631700
NET frame=20 gpu_ms=15.717160
NET frame=21 gpu_ms=15.958020
NET frame=22 gpu_ms=15.553540
NET frame=23 gpu_ms=15.664400
NET frame=24 gpu_ms=15.913980
NET frame=25 gpu_ms=15.626640
NET frame=26 gpu_ms=15.755040
NET frame=27 gpu_ms=15.900880
NET frame=28 gpu_ms=15.448000
NET frame=29 gpu_ms=15.617660
NET frame=30 gpu_ms=15.919180
NET frame=31 gpu_ms=15.766620
NET frame=32 gpu_ms=15.539100
NET frame=33 gpu_ms=15.850580
NET frame=34 gpu_ms=15.903400
NET frame=35 gpu_ms=15.990020
NET frame=36 gpu_ms=15.725800
NET frame=37 gpu_ms=15.956600
NET frame=38 gpu_ms=15.794800
NET frame=39 gpu_ms=15.575240
NET frame=40 gpu_ms=15.689560
NET frame=41 gpu_ms=15.966640
NET frame=42 gpu_ms=15.978440
NET frame=43 gpu_ms=15.862680
NET frame=44 gpu_ms=15.633500
NET frame=45 gpu_ms=15.899900
NET frame=46 gpu_ms=15.904200
NET frame=47 gpu_ms=15.693240
NET frame=48 gpu_ms=15.808620
NET frame=49 gpu_ms=15.948120
NET frame=50 gpu_ms=15.827140
NET frame=51 gpu_ms=15.739380
NET frame=52 gpu_ms=15.833900
NET frame=53 gpu_ms=15.824780
NET frame=54 gpu_ms=15.933220
NET frame=55 gpu_ms=15.739060
NET frame=56 gpu_ms=15.898580
NET frame=57 gpu_ms=15.812420
NET frame=58 gpu_ms=15.766960
NET frame=59 gpu_ms=16.050659
NET frame=60 gpu_ms=15.699680
NET frame=61 gpu_ms=15.741480
NET frame=62 gpu_ms=15.798940
NET frame=63 gpu_ms=15.878400
NET frame=64 gpu_ms=16.001400
NET frame=65 gpu_ms=15.942700
NET frame=66 gpu_ms=15.928260
NET frame=67 gpu_ms=15.723800
NET frame=68 gpu_ms=15.756560
NET frame=69 gpu_ms=16.021219
NET frame=70 gpu_ms=15.826020
NET frame=71 gpu_ms=16.013000
NET frame=72 gpu_ms=16.020201
NET frame=73 gpu_ms=15.691420
NET frame=74 gpu_ms=15.956700
NET frame=75 gpu_ms=15.739140
NET frame=76 gpu_ms=16.011101
NET frame=77 gpu_ms=15.933700
NET frame=78 gpu_ms=15.993000
NET frame=79 gpu_ms=15.793200
NET frame=80 gpu_ms=15.709780
NET frame=81 gpu_ms=15.756300
NET frame=82 gpu_ms=15.967340
NET frame=83 gpu_ms=15.973500
NET frame=84 gpu_ms=15.719840
NET frame=85 gpu_ms=15.813100
NET frame=86 gpu_ms=15.869700
NET frame=87 gpu_ms=15.967720
NET frame=88 gpu_ms=15.806780
NET frame=89 gpu_ms=15.827520
NET frame=90 gpu_ms=15.892920
NET frame=91 gpu_ms=15.735000
NET frame=92 gpu_ms=15.788580
NET frame=93 gpu_ms=15.829200
NET frame=94 gpu_ms=16.021021
NET frame=95 gpu_ms=15.846380
NET frame=96 gpu_ms=15.714340
NET frame=97 gpu_ms=15.869020
NET frame=98 gpu_ms=15.699280
NET frame=99 gpu_ms=15.843740
NET frame=100 gpu_ms=15.893020
NET frame=101 gpu_ms=15.744280
NET frame=102 gpu_ms=15.761700
NET frame=103 gpu_ms=15.847940
NET frame=104 gpu_ms=15.950000
NET frame=105 gpu_ms=15.769420
NET frame=106 gpu_ms=15.848500
NET frame=107 gpu_ms=16.085400
NET frame=108 gpu_ms=15.833120
NET frame=109 gpu_ms=16.032000
NET frame=110 gpu_ms=15.960280
NET frame=111 gpu_ms=15.688280
NET frame=112 gpu_ms=15.925960
NET frame=113 gpu_ms=15.808540
NET frame=114 gpu_ms=15.753620
NET frame=115 gpu_ms=15.986900
NET frame=116 gpu_ms=15.634520
NET frame=117 gpu_ms=15.651960
NET frame=118 gpu_ms=16.058100
NET frame=119 gpu_ms=15.785520
NET frame=120 gpu_ms=15.836240
NET frame=121 gpu_ms=15.782080
NET frame=122 gpu_ms=15.986400
NET frame=123 gpu_ms=15.729540
NET frame=124 gpu_ms=16.128620
NET frame=125 gpu_ms=15.618620
NET frame=126 gpu_ms=15.975900
NET frame=127 gpu_ms=15.821060
NET frame=128 gpu_ms=15.671260
NET frame=129 gpu_ms=15.874880
NET frame=130 gpu_ms=16.013340
NET frame=131 gpu_ms=15.774800
NET frame=132 gpu_ms=15.734720
NET frame=133 gpu_ms=15.996800
NET frame=134 gpu_ms=15.857740
NET frame=135 gpu_ms=15.880640
NET frame=136 gpu_ms=15.555020
NET frame=137 gpu_ms=15.959620
NET frame=138 gpu_ms=15.880620
NET frame=139 gpu_ms=15.731920
NET frame=140 gpu_ms=15.792040
NET frame=141 gpu_ms=15.600380
NET frame=142 gpu_ms=15.827340
NET frame=143 gpu_ms=15.769200
NET frame=144 gpu_ms=15.754880
NET frame=145 gpu_ms=16.046600
NET frame=146 gpu_ms=16.147900
NET frame=147 gpu_ms=15.850120
NET frame=148 gpu_ms=15.875380
NET frame=149 gpu_ms=15.738200
NET frame=150 gpu_ms=15.925400
NET frame=151 gpu_ms=15.929200
NET frame=152 gpu_ms=16.015800
NET frame=153 gpu_ms=15.859960
NET frame=154 gpu_ms=15.773760
NET frame=155 gpu_ms=15.857800
NET frame=156 gpu_ms=16.028320
NET frame=157 gpu_ms=15.862020
NET frame=158 gpu_ms=15.964200
NET frame=159 gpu_ms=16.013000
NET frame=160 gpu_ms=15.739060
NET frame=161 gpu_ms=16.012880
NET frame=162 gpu_ms=15.831220
NET frame=163 gpu_ms=15.785400
NET frame=164 gpu_ms=15.652120
NET frame=165 gpu_ms=15.833400
NET frame=166 gpu_ms=15.850680
NET frame=167 gpu_ms=15.994700
NET frame=168 gpu_ms=15.952000
NET frame=169 gpu_ms=16.006161
NET frame=170 gpu_ms=15.808720
NET frame=171 gpu_ms=15.955480
NET frame=172 gpu_ms=15.859820
NET frame=173 gpu_ms=15.776800
NET frame=174 gpu_ms=15.858060
NET frame=175 gpu_ms=15.897880
NET frame=176 gpu_ms=15.797500
NET frame=177 gpu_ms=15.973600
NET frame=178 gpu_ms=16.162800
NET frame=179 gpu_ms=16.043400
NET frame=180 gpu_ms=15.824320
NET frame=181 gpu_ms=15.809060
NET frame=182 gpu_ms=16.016600
NET frame=183 gpu_ms=16.141899
NET frame=184 gpu_ms=15.627040
NET frame=185 gpu_ms=15.974120
NET frame=186 gpu_ms=15.882760
NET frame=187 gpu_ms=16.038601
NET frame=188 gpu_ms=15.661260
NET frame=189 gpu_ms=15.949940
NET frame=190 gpu_ms=16.198700
NET frame=191 gpu_ms=15.823040
NET frame=192 gpu_ms=15.726340
NET frame=193 gpu_ms=15.872620
NET frame=194 gpu_ms=15.953200
NET frame=195 gpu_ms=15.797640
NET frame=196 gpu_ms=15.817340
NET frame=197 gpu_ms=15.795620
NET frame=198 gpu_ms=16.038340
NET frame=199 gpu_ms=15.917400
frame=199 reset=1 wall_ms=17.333 invalid=0 luma=0.3596833 roi=0.4035345 dark=1325 roi_dark=232 changed_first=0 maxabs_first=0
SP_STATS runs=0 fallback=0 rollover=0 jobs=0 disabled=0 errors=0
RESULT frames=200 temporal=0 mean_wall_ms=23.657 invalid_total=0 restored_capture_every_frame=1 HDR_preserved=1
