MODULES D:\DLSSNR-Lab\multi-pass-predict-20261004\flat-A C32=D2DDF1226585D4E7E5FFF62FF5A62261C3F53FA0227F9F38E732E1360B9BF7B5 C64=EB4A486EA073D2057EB4989F2E9952221069B6262050F777243DC7FEB9E84335
{"tag":"900-static-False","mean_ms":9.838454545454546,"sha":"54D7C1B454CD475AD2C12C2375AA6908FB9A3A7226F0901961EB49145EAAD689"}
MODULES D:\DLSSNR-Lab\multi-pass-predict-20261004\flat-P C32=D2DDF1226585D4E7E5FFF62FF5A62261C3F53FA0227F9F38E732E1360B9BF7B5 C64=EB4A486EA073D2057EB4989F2E9952221069B6262050F777243DC7FEB9E84335
{"tag":"900-static-True","mean_ms":10.110454545454546,"sha":"54D7C1B454CD475AD2C12C2375AA6908FB9A3A7226F0901961EB49145EAAD689"}
SAME 900-static-False 900-static-True
MODULES D:\DLSSNR-Lab\multi-pass-predict-20261004\flat-A C32=D2DDF1226585D4E7E5FFF62FF5A62261C3F53FA0227F9F38E732E1360B9BF7B5 C64=EB4A486EA073D2057EB4989F2E9952221069B6262050F777243DC7FEB9E84335
{"tag":"900-motion-False","mean_ms":8.3334545454545452,"sha":"5475F39A1C6B8F1F3BA64154327376F7520166A25C297B8ADB08A7BAEB5A8F95"}
MODULES D:\DLSSNR-Lab\multi-pass-predict-20261004\flat-P C32=D2DDF1226585D4E7E5FFF62FF5A62261C3F53FA0227F9F38E732E1360B9BF7B5 C64=EB4A486EA073D2057EB4989F2E9952221069B6262050F777243DC7FEB9E84335
{"tag":"900-motion-True","mean_ms":8.1391818181818181,"sha":"5475F39A1C6B8F1F3BA64154327376F7520166A25C297B8ADB08A7BAEB5A8F95"}
SAME 900-motion-False 900-motion-True
MODULES D:\DLSSNR-Lab\multi-pass-predict-20261004\flat-A C32=D2DDF1226585D4E7E5FFF62FF5A62261C3F53FA0227F9F38E732E1360B9BF7B5 C64=EB4A486EA073D2057EB4989F2E9952221069B6262050F777243DC7FEB9E84335
{"tag":"1080-static-False","mean_ms":12.227545454545453,"sha":"52947438109AA3E5A58DEB4DDC28045C175C51A6473775A1C102008CE7810D2B"}
MODULES D:\DLSSNR-Lab\multi-pass-predict-20261004\flat-P C32=D2DDF1226585D4E7E5FFF62FF5A62261C3F53FA0227F9F38E732E1360B9BF7B5 C64=EB4A486EA073D2057EB4989F2E9952221069B6262050F777243DC7FEB9E84335
{"tag":"1080-static-True","mean_ms":12.781090909090913,"sha":"52947438109AA3E5A58DEB4DDC28045C175C51A6473775A1C102008CE7810D2B"}
SAME 1080-static-False 1080-static-True
MODULES D:\DLSSNR-Lab\multi-pass-predict-20261004\flat-A C32=D2DDF1226585D4E7E5FFF62FF5A62261C3F53FA0227F9F38E732E1360B9BF7B5 C64=EB4A486EA073D2057EB4989F2E9952221069B6262050F777243DC7FEB9E84335
{"tag":"1080-motion-False","mean_ms":12.900545454545453,"sha":"EF3EF3F43305E89547E3440D075E511B6F9B4F032E7C68F3D21782B6823F369E"}
MODULES D:\DLSSNR-Lab\multi-pass-predict-20261004\flat-P C32=D2DDF1226585D4E7E5FFF62FF5A62261C3F53FA0227F9F38E732E1360B9BF7B5 C64=EB4A486EA073D2057EB4989F2E9952221069B6262050F777243DC7FEB9E84335
{"tag":"1080-motion-True","mean_ms":11.593545454545453,"sha":"EF3EF3F43305E89547E3440D075E511B6F9B4F032E7C68F3D21782B6823F369E"}
SAME 1080-motion-False 1080-motion-True
MODULES D:\DLSSNR-Lab\multi-pass-predict-20261004\flat-A C32=D2DDF1226585D4E7E5FFF62FF5A62261C3F53FA0227F9F38E732E1360B9BF7B5 C64=EB4A486EA073D2057EB4989F2E9952221069B6262050F777243DC7FEB9E84335
{"tag":"720-motion-False","mean_ms":8.1147272727272721,"sha":"C90688A2E7E641A03DF002D81B77251384C93EF3992E9F57D747009433B76A5D"}
MODULES D:\DLSSNR-Lab\multi-pass-predict-20261004\flat-P C32=D2DDF1226585D4E7E5FFF62FF5A62261C3F53FA0227F9F38E732E1360B9BF7B5 C64=EB4A486EA073D2057EB4989F2E9952221069B6262050F777243DC7FEB9E84335
{"tag":"720-motion-True","mean_ms":6.6958181818181819,"sha":"C90688A2E7E641A03DF002D81B77251384C93EF3992E9F57D747009433B76A5D"}
SAME 720-motion-False 720-motion-True
MODULES D:\DLSSNR-Lab\multi-pass-predict-20261004\flat-A C32=D2DDF1226585D4E7E5FFF62FF5A62261C3F53FA0227F9F38E732E1360B9BF7B5 C64=EB4A486EA073D2057EB4989F2E9952221069B6262050F777243DC7FEB9E84335
{"tag":"900-history-False","mean_ms":8.87118181818182,"sha":"D0D899C190F04ABFA969CF73787B04B80E8700A3E66B843291398D53FBBC3FA5"}
MODULES D:\DLSSNR-Lab\multi-pass-predict-20261004\flat-P C32=D2DDF1226585D4E7E5FFF62FF5A62261C3F53FA0227F9F38E732E1360B9BF7B5 C64=EB4A486EA073D2057EB4989F2E9952221069B6262050F777243DC7FEB9E84335
{"tag":"900-history-True","mean_ms":11.199181818181819,"sha":"D0D899C190F04ABFA969CF73787B04B80E8700A3E66B843291398D53FBBC3FA5"}
SAME 900-history-False 900-history-True
MODULES D:\DLSSNR-Lab\multi-pass-predict-20261004\flat-A C32=D2DDF1226585D4E7E5FFF62FF5A62261C3F53FA0227F9F38E732E1360B9BF7B5 C64=EB4A486EA073D2057EB4989F2E9952221069B6262050F777243DC7FEB9E84335
{"tag":"1080-history-False","mean_ms":13.711454545454542,"sha":"266C89831F10DBDE1C05B5CDF894D881E70C7DC8C4F9892D265C2AC32E171762"}
MODULES D:\DLSSNR-Lab\multi-pass-predict-20261004\flat-P C32=D2DDF1226585D4E7E5FFF62FF5A62261C3F53FA0227F9F38E732E1360B9BF7B5 C64=EB4A486EA073D2057EB4989F2E9952221069B6262050F777243DC7FEB9E84335
{"tag":"1080-history-True","mean_ms":12.860545454545452,"sha":"266C89831F10DBDE1C05B5CDF894D881E70C7DC8C4F9892D265C2AC32E171762"}
SAME 1080-history-False 1080-history-True
