MODULES D:\DLSSNR-Lab\multi-pass-predict-20261004\flat-A C32=D2DDF1226585D4E7E5FFF62FF5A62261C3F53FA0227F9F38E732E1360B9BF7B5 C64=EB4A486EA073D2057EB4989F2E9952221069B6262050F777243DC7FEB9E84335
{"tag":"900-static-False","mean_ms":10.313999999999998,"sha":"54D7C1B454CD475AD2C12C2375AA6908FB9A3A7226F0901961EB49145EAAD689"}
MODULES D:\DLSSNR-Lab\multi-pass-predict-20261004\flat-P C32=D2DDF1226585D4E7E5FFF62FF5A62261C3F53FA0227F9F38E732E1360B9BF7B5 C64=EB4A486EA073D2057EB4989F2E9952221069B6262050F777243DC7FEB9E84335
{"tag":"900-static-True","mean_ms":11.631454545454547,"sha":"54D7C1B454CD475AD2C12C2375AA6908FB9A3A7226F0901961EB49145EAAD689"}
SAME 900-static-False 900-static-True
MODULES D:\DLSSNR-Lab\multi-pass-predict-20261004\flat-A C32=D2DDF1226585D4E7E5FFF62FF5A62261C3F53FA0227F9F38E732E1360B9BF7B5 C64=EB4A486EA073D2057EB4989F2E9952221069B6262050F777243DC7FEB9E84335
{"tag":"900-motion-False","mean_ms":11.874,"sha":"5475F39A1C6B8F1F3BA64154327376F7520166A25C297B8ADB08A7BAEB5A8F95"}
MODULES D:\DLSSNR-Lab\multi-pass-predict-20261004\flat-P C32=D2DDF1226585D4E7E5FFF62FF5A62261C3F53FA0227F9F38E732E1360B9BF7B5 C64=EB4A486EA073D2057EB4989F2E9952221069B6262050F777243DC7FEB9E84335
{"tag":"900-motion-True","mean_ms":11.461,"sha":"5475F39A1C6B8F1F3BA64154327376F7520166A25C297B8ADB08A7BAEB5A8F95"}
SAME 900-motion-False 900-motion-True
MODULES D:\DLSSNR-Lab\multi-pass-predict-20261004\flat-A C32=D2DDF1226585D4E7E5FFF62FF5A62261C3F53FA0227F9F38E732E1360B9BF7B5 C64=EB4A486EA073D2057EB4989F2E9952221069B6262050F777243DC7FEB9E84335
{"tag":"1080-static-False","mean_ms":13.337454545454547,"sha":"52947438109AA3E5A58DEB4DDC28045C175C51A6473775A1C102008CE7810D2B"}
MODULES D:\DLSSNR-Lab\multi-pass-predict-20261004\flat-P C32=D2DDF1226585D4E7E5FFF62FF5A62261C3F53FA0227F9F38E732E1360B9BF7B5 C64=EB4A486EA073D2057EB4989F2E9952221069B6262050F777243DC7FEB9E84335
{"tag":"1080-static-True","mean_ms":11.613818181818182,"sha":"52947438109AA3E5A58DEB4DDC28045C175C51A6473775A1C102008CE7810D2B"}
SAME 1080-static-False 1080-static-True
MODULES D:\DLSSNR-Lab\multi-pass-predict-20261004\flat-A C32=D2DDF1226585D4E7E5FFF62FF5A62261C3F53FA0227F9F38E732E1360B9BF7B5 C64=EB4A486EA073D2057EB4989F2E9952221069B6262050F777243DC7FEB9E84335
{"tag":"1080-motion-False","mean_ms":13.795636363636364,"sha":"20EBE3294DF3C8747A3CE17052E214B3492E86DEB2EE9FD007F746937C8ECA61"}
MODULES D:\DLSSNR-Lab\multi-pass-predict-20261004\flat-P C32=D2DDF1226585D4E7E5FFF62FF5A62261C3F53FA0227F9F38E732E1360B9BF7B5 C64=EB4A486EA073D2057EB4989F2E9952221069B6262050F777243DC7FEB9E84335
{"tag":"1080-motion-True","mean_ms":12.886636363636363,"sha":"20EBE3294DF3C8747A3CE17052E214B3492E86DEB2EE9FD007F746937C8ECA61"}
SAME 1080-motion-False 1080-motion-True
MODULES D:\DLSSNR-Lab\multi-pass-predict-20261004\flat-A C32=D2DDF1226585D4E7E5FFF62FF5A62261C3F53FA0227F9F38E732E1360B9BF7B5 C64=EB4A486EA073D2057EB4989F2E9952221069B6262050F777243DC7FEB9E84335
{"tag":"720-motion-False","mean_ms":9.0861818181818172,"sha":"C90688A2E7E641A03DF002D81B77251384C93EF3992E9F57D747009433B76A5D"}
MODULES D:\DLSSNR-Lab\multi-pass-predict-20261004\flat-P C32=D2DDF1226585D4E7E5FFF62FF5A62261C3F53FA0227F9F38E732E1360B9BF7B5 C64=EB4A486EA073D2057EB4989F2E9952221069B6262050F777243DC7FEB9E84335
{"tag":"720-motion-True","mean_ms":10.148454545454547,"sha":"C90688A2E7E641A03DF002D81B77251384C93EF3992E9F57D747009433B76A5D"}
SAME 720-motion-False 720-motion-True
MODULES D:\DLSSNR-Lab\multi-pass-predict-20261004\flat-A C32=D2DDF1226585D4E7E5FFF62FF5A62261C3F53FA0227F9F38E732E1360B9BF7B5 C64=EB4A486EA073D2057EB4989F2E9952221069B6262050F777243DC7FEB9E84335
{"tag":"900-history-False","mean_ms":13.285181818181819,"sha":"F41C89C1E78298BF3CFD381824189E1C87C31B5FCDAA889A357CD1A68BBC6E4B"}
MODULES D:\DLSSNR-Lab\multi-pass-predict-20261004\flat-P C32=D2DDF1226585D4E7E5FFF62FF5A62261C3F53FA0227F9F38E732E1360B9BF7B5 C64=EB4A486EA073D2057EB4989F2E9952221069B6262050F777243DC7FEB9E84335
{"tag":"900-history-True","mean_ms":13.277454545454544,"sha":"F41C89C1E78298BF3CFD381824189E1C87C31B5FCDAA889A357CD1A68BBC6E4B"}
SAME 900-history-False 900-history-True
MODULES D:\DLSSNR-Lab\multi-pass-predict-20261004\flat-A C32=D2DDF1226585D4E7E5FFF62FF5A62261C3F53FA0227F9F38E732E1360B9BF7B5 C64=EB4A486EA073D2057EB4989F2E9952221069B6262050F777243DC7FEB9E84335
{"tag":"1080-history-False","mean_ms":16.393909090909091,"sha":"25131680EC7E66F966385AD36E0FB0AF59EC8879CF776BBD972A97845FED62F9"}
MODULES D:\DLSSNR-Lab\multi-pass-predict-20261004\flat-P C32=D2DDF1226585D4E7E5FFF62FF5A62261C3F53FA0227F9F38E732E1360B9BF7B5 C64=EB4A486EA073D2057EB4989F2E9952221069B6262050F777243DC7FEB9E84335
{"tag":"1080-history-True","mean_ms":17.187181818181816,"sha":"25131680EC7E66F966385AD36E0FB0AF59EC8879CF776BBD972A97845FED62F9"}
SAME 1080-history-False 1080-history-True
