seed=0 pattern=0
input format=RGBA16_FLOAT W=1296 H=720 invalid=0 min=0 max=34.53125 luma=0.0157641119 roi_luma=0.0250669576
adapter=AMD Radeon RX 9070 XT
SP_PLAN c=64 first=6 layers=2 tasks=3111 initial=1581 state_bytes=37348
SP_DONE c=64 first=6 tasks=3111 base=0 ms=0.929
SP_PLAN c=256 first=16 layers=6 tasks=624 initial=104 state_bytes=7504
SP_DONE c=256 first=16 tasks=624 base=0 ms=0.573
SP_PLAN c=256 first=49 layers=6 tasks=624 initial=104 state_bytes=7504
SP_DONE c=256 first=49 tasks=624 base=0 ms=0.539
frame=0 reset=1 wall_ms=1282.637 invalid=0 luma=0.01004178 roi=0.01568267 dark=842326 roi_dark=274409 changed_first=0 maxabs_first=0
SP_DONE c=64 first=6 tasks=3111 base=3111 ms=2.340
SP_DONE c=256 first=16 tasks=624 base=624 ms=1.195
SP_DONE c=256 first=49 tasks=624 base=624 ms=1.169
frame=1 reset=1 wall_ms=16.064 invalid=0 luma=0.01004178 roi=0.01568267 dark=842326 roi_dark=274409 changed_first=0 maxabs_first=0
SP_DONE c=64 first=6 tasks=3111 base=6222 ms=4.459
SP_DONE c=256 first=16 tasks=624 base=1248 ms=1.206
SP_DONE c=256 first=49 tasks=624 base=1248 ms=1.138
frame=2 reset=1 wall_ms=12.979 invalid=0 luma=0.01004178 roi=0.01568267 dark=842326 roi_dark=274409 changed_first=0 maxabs_first=0
SP_DONE c=64 first=6 tasks=3111 base=9333 ms=3.814
SP_DONE c=256 first=16 tasks=624 base=1872 ms=1.215
SP_DONE c=256 first=49 tasks=624 base=1872 ms=1.127
frame=3 reset=1 wall_ms=12.559 invalid=0 luma=0.01004178 roi=0.01568267 dark=842326 roi_dark=274409 changed_first=0 maxabs_first=0
SP_DONE c=64 first=6 tasks=3111 base=12444 ms=6.573
SP_DONE c=256 first=16 tasks=624 base=2496 ms=3.312
SP_DONE c=256 first=49 tasks=624 base=2496 ms=1.135
frame=4 reset=1 wall_ms=17.341 invalid=0 luma=0.01004178 roi=0.01568267 dark=842326 roi_dark=274409 changed_first=0 maxabs_first=0
SP_DONE c=64 first=6 tasks=3111 base=15555 ms=4.621
SP_DONE c=256 first=16 tasks=624 base=3120 ms=1.459
SP_DONE c=256 first=49 tasks=624 base=3120 ms=1.145
frame=5 reset=1 wall_ms=13.740 invalid=0 luma=0.01004178 roi=0.01568267 dark=842326 roi_dark=274409 changed_first=0 maxabs_first=0
SP_DONE c=64 first=6 tasks=3111 base=18666 ms=3.143
SP_DONE c=256 first=16 tasks=624 base=3744 ms=1.230
SP_DONE c=256 first=49 tasks=624 base=3744 ms=1.281
frame=6 reset=1 wall_ms=12.061 invalid=0 luma=0.01004178 roi=0.01568267 dark=842326 roi_dark=274409 changed_first=0 maxabs_first=0
SP_DONE c=64 first=6 tasks=3111 base=21777 ms=6.608
SP_DONE c=256 first=16 tasks=624 base=4368 ms=3.041
SP_DONE c=256 first=49 tasks=624 base=4368 ms=1.146
frame=7 reset=1 wall_ms=17.307 invalid=0 luma=0.01004178 roi=0.01568267 dark=842326 roi_dark=274409 changed_first=0 maxabs_first=0
SP_DONE c=64 first=6 tasks=3111 base=24888 ms=2.872
SP_DONE c=256 first=16 tasks=624 base=4992 ms=1.220
SP_DONE c=256 first=49 tasks=624 base=4992 ms=1.151
frame=8 reset=1 wall_ms=11.744 invalid=0 luma=0.01004178 roi=0.01568267 dark=842326 roi_dark=274409 changed_first=0 maxabs_first=0
SP_DONE c=64 first=6 tasks=3111 base=27999 ms=6.545
SP_DONE c=256 first=16 tasks=624 base=5616 ms=4.051
SP_DONE c=256 first=49 tasks=624 base=5616 ms=4.128
frame=9 reset=1 wall_ms=24.248 invalid=0 luma=0.01004178 roi=0.01568267 dark=842326 roi_dark=274409 changed_first=0 maxabs_first=0
SP_DONE c=64 first=6 tasks=3111 base=31110 ms=6.667
SP_DONE c=256 first=16 tasks=624 base=6240 ms=1.398
SP_DONE c=256 first=49 tasks=624 base=6240 ms=1.320
frame=10 reset=1 wall_ms=17.718 invalid=0 luma=0.01004178 roi=0.01568267 dark=842326 roi_dark=274409 changed_first=0 maxabs_first=0
SP_DONE c=64 first=6 tasks=3111 base=34221 ms=2.399
SP_DONE c=256 first=16 tasks=624 base=6864 ms=1.443
SP_DONE c=256 first=49 tasks=624 base=6864 ms=1.276
frame=11 reset=1 wall_ms=12.452 invalid=0 luma=0.01004178 roi=0.01568267 dark=842326 roi_dark=274409 changed_first=0 maxabs_first=0
SP_STATS runs=36 fallback=0 rollover=0 jobs=52308 disabled=0 errors=0
RESULT frames=12 temporal=0 mean_wall_ms=120.904 invalid_total=0 restored_capture_every_frame=1 HDR_preserved=1
