seed=0 pattern=0
input format=RGBA16_FLOAT W=1296 H=720 invalid=0 min=0 max=34.53125 luma=0.0157641119 roi_luma=0.0250669576
adapter=AMD Radeon RX 9070 XT
SP_PLAN c=256 first=16 layers=6 tasks=893 initial=160 state_bytes=10732
SP_DONE c=256 first=16 tasks=893 base=0 ms=1.509
SP_PLAN c=256 first=49 layers=6 tasks=893 initial=160 state_bytes=10732
SP_DONE c=256 first=49 tasks=893 base=0 ms=0.728
SP_PLAN c=64 first=63 layers=2 tasks=4453 initial=2257 state_bytes=53452
SP_DONE c=64 first=63 tasks=4453 base=0 ms=0.581
frame=0 reset=1 wall_ms=1306.720 invalid=0 luma=0.01043502 roi=0.01611849 dark=837589 roi_dark=271139 changed_first=0 maxabs_first=0
SP_DONE c=256 first=16 tasks=893 base=0 ms=0.787
SP_DONE c=256 first=49 tasks=893 base=0 ms=0.738
SP_DONE c=64 first=63 tasks=4453 base=0 ms=0.545
frame=1 reset=0 wall_ms=24.536 invalid=0 luma=0.01103854 roi=0.01706857 dark=833391 roi_dark=268977 changed_first=3674549 maxabs_first=15.56113
SP_DONE c=256 first=16 tasks=893 base=0 ms=0.763
SP_DONE c=256 first=49 tasks=893 base=0 ms=0.812
SP_DONE c=64 first=63 tasks=4453 base=0 ms=0.553
frame=2 reset=0 wall_ms=20.147 invalid=0 luma=0.01150613 roi=0.01783123 dark=829052 roi_dark=266739 changed_first=3712159 maxabs_first=15.57192
SP_DONE c=256 first=16 tasks=893 base=0 ms=0.777
SP_DONE c=256 first=49 tasks=893 base=0 ms=0.733
SP_DONE c=64 first=63 tasks=4453 base=0 ms=0.433
frame=3 reset=0 wall_ms=18.376 invalid=0 luma=0.01178046 roi=0.01831547 dark=826913 roi_dark=265560 changed_first=3724795 maxabs_first=15.57576
SP_DONE c=256 first=16 tasks=893 base=0 ms=0.754
SP_DONE c=256 first=49 tasks=893 base=0 ms=0.772
SP_DONE c=64 first=63 tasks=4453 base=0 ms=0.540
frame=4 reset=0 wall_ms=19.379 invalid=0 luma=0.01179889 roi=0.01840152 dark=826864 roi_dark=265452 changed_first=3727565 maxabs_first=15.57611
SP_DONE c=256 first=16 tasks=893 base=0 ms=2.025
SP_DONE c=256 first=49 tasks=893 base=0 ms=0.742
SP_DONE c=64 first=63 tasks=4453 base=0 ms=0.558
frame=5 reset=0 wall_ms=29.024 invalid=0 luma=0.01195839 roi=0.01873205 dark=825887 roi_dark=264740 changed_first=3729306 maxabs_first=15.57658
SP_DONE c=256 first=16 tasks=893 base=0 ms=0.753
SP_DONE c=256 first=49 tasks=893 base=0 ms=0.756
SP_DONE c=64 first=63 tasks=4453 base=0 ms=0.538
frame=6 reset=0 wall_ms=19.068 invalid=0 luma=0.01198082 roi=0.01888853 dark=826118 roi_dark=264662 changed_first=3730016 maxabs_first=15.577
SP_DONE c=256 first=16 tasks=893 base=0 ms=0.775
SP_DONE c=256 first=49 tasks=893 base=0 ms=0.742
SP_DONE c=64 first=63 tasks=4453 base=0 ms=0.574
frame=7 reset=0 wall_ms=20.393 invalid=0 luma=0.01197875 roi=0.01896414 dark=826337 roi_dark=264756 changed_first=3730213 maxabs_first=15.57514
SP_DONE c=256 first=16 tasks=893 base=0 ms=0.866
SP_DONE c=256 first=49 tasks=893 base=0 ms=0.748
SP_DONE c=64 first=63 tasks=4453 base=0 ms=0.572
frame=8 reset=0 wall_ms=26.106 invalid=0 luma=0.01185332 roi=0.01878667 dark=826694 roi_dark=264804 changed_first=3730473 maxabs_first=15.57446
SP_DONE c=256 first=16 tasks=893 base=0 ms=0.776
SP_DONE c=256 first=49 tasks=893 base=0 ms=0.748
SP_DONE c=64 first=63 tasks=4453 base=0 ms=0.541
frame=9 reset=0 wall_ms=19.726 invalid=0 luma=0.01182334 roi=0.01881591 dark=826548 roi_dark=264677 changed_first=3730809 maxabs_first=15.57565
SP_DONE c=256 first=16 tasks=893 base=0 ms=0.859
SP_DONE c=256 first=49 tasks=893 base=0 ms=0.670
SP_DONE c=64 first=63 tasks=4453 base=0 ms=0.518
frame=10 reset=0 wall_ms=24.529 invalid=0 luma=0.01175181 roi=0.01876273 dark=827300 roi_dark=265052 changed_first=3730776 maxabs_first=15.57721
SP_DONE c=256 first=16 tasks=893 base=0 ms=0.810
SP_DONE c=256 first=49 tasks=893 base=0 ms=0.803
SP_DONE c=64 first=63 tasks=4453 base=0 ms=0.542
frame=11 reset=0 wall_ms=24.938 invalid=0 luma=0.01182221 roi=0.01893322 dark=826586 roi_dark=264783 changed_first=3730897 maxabs_first=15.57678
SP_STATS runs=36 fallback=0 rollover=36 jobs=74868 disabled=0 errors=0
RESULT frames=12 temporal=1 mean_wall_ms=129.412 invalid_total=0 restored_capture_every_frame=1 HDR_preserved=1
