seed=1 pattern=0
input format=RGBA16_FLOAT W=2560 H=1440 invalid=0 min=0 max=1 luma=0.357899353 roi_luma=0.389746571
adapter=AMD Radeon RX 9070 XT
NET frame=0 gpu_ms=1159.173584
GEOMETRY valid=2560x1440 processing=2560x1472 tokens=960
frame=0 reset=1 wall_ms=1164.887 invalid=0 luma=0.3596833 roi=0.4035345 dark=1325 roi_dark=232 changed_first=0 maxabs_first=0
NET frame=1 gpu_ms=18.091801
NET frame=2 gpu_ms=15.875600
NET frame=3 gpu_ms=15.327800
NET frame=4 gpu_ms=15.321100
NET frame=5 gpu_ms=15.196600
NET frame=6 gpu_ms=15.225700
NET frame=7 gpu_ms=15.345800
NET frame=8 gpu_ms=15.471700
NET frame=9 gpu_ms=15.345200
NET frame=10 gpu_ms=15.448900
NET frame=11 gpu_ms=15.468800
NET frame=12 gpu_ms=15.468600
NET frame=13 gpu_ms=15.166200
NET frame=14 gpu_ms=15.138100
NET frame=15 gpu_ms=15.274500
NET frame=16 gpu_ms=15.530040
NET frame=17 gpu_ms=15.401600
NET frame=18 gpu_ms=15.546700
NET frame=19 gpu_ms=15.416800
NET frame=20 gpu_ms=15.521000
NET frame=21 gpu_ms=15.438700
NET frame=22 gpu_ms=15.609300
NET frame=23 gpu_ms=15.419100
NET frame=24 gpu_ms=15.484700
NET frame=25 gpu_ms=15.411800
NET frame=26 gpu_ms=15.502700
NET frame=27 gpu_ms=15.453400
NET frame=28 gpu_ms=15.392800
NET frame=29 gpu_ms=15.474700
NET frame=30 gpu_ms=15.485000
NET frame=31 gpu_ms=15.478300
NET frame=32 gpu_ms=15.464200
NET frame=33 gpu_ms=15.451700
NET frame=34 gpu_ms=15.613800
NET frame=35 gpu_ms=15.560900
NET frame=36 gpu_ms=15.635200
NET frame=37 gpu_ms=15.629800
NET frame=38 gpu_ms=15.636200
NET frame=39 gpu_ms=15.524100
NET frame=40 gpu_ms=15.836900
NET frame=41 gpu_ms=15.562000
NET frame=42 gpu_ms=15.567900
NET frame=43 gpu_ms=15.585300
NET frame=44 gpu_ms=15.531100
NET frame=45 gpu_ms=15.682000
NET frame=46 gpu_ms=15.570700
NET frame=47 gpu_ms=15.658500
NET frame=48 gpu_ms=15.515900
NET frame=49 gpu_ms=15.583100
NET frame=50 gpu_ms=15.475500
NET frame=51 gpu_ms=15.582200
NET frame=52 gpu_ms=15.382500
NET frame=53 gpu_ms=15.700000
NET frame=54 gpu_ms=15.919200
NET frame=55 gpu_ms=15.533600
NET frame=56 gpu_ms=15.661500
NET frame=57 gpu_ms=15.759600
NET frame=58 gpu_ms=15.682300
NET frame=59 gpu_ms=15.656600
NET frame=60 gpu_ms=15.601200
NET frame=61 gpu_ms=15.411700
NET frame=62 gpu_ms=15.678300
NET frame=63 gpu_ms=15.659800
NET frame=64 gpu_ms=15.550500
NET frame=65 gpu_ms=15.570500
NET frame=66 gpu_ms=15.626300
NET frame=67 gpu_ms=15.713500
NET frame=68 gpu_ms=15.485300
NET frame=69 gpu_ms=15.409260
NET frame=70 gpu_ms=15.504600
NET frame=71 gpu_ms=15.551400
NET frame=72 gpu_ms=15.771900
NET frame=73 gpu_ms=15.598840
NET frame=74 gpu_ms=15.595400
NET frame=75 gpu_ms=15.290100
NET frame=76 gpu_ms=15.665400
NET frame=77 gpu_ms=15.508980
NET frame=78 gpu_ms=15.585300
NET frame=79 gpu_ms=15.536300
NET frame=80 gpu_ms=15.709300
NET frame=81 gpu_ms=15.682300
NET frame=82 gpu_ms=15.628800
NET frame=83 gpu_ms=15.607900
NET frame=84 gpu_ms=15.755300
NET frame=85 gpu_ms=15.524100
NET frame=86 gpu_ms=15.660600
NET frame=87 gpu_ms=15.684600
NET frame=88 gpu_ms=15.707000
NET frame=89 gpu_ms=15.522000
NET frame=90 gpu_ms=15.548500
NET frame=91 gpu_ms=15.425200
NET frame=92 gpu_ms=15.634500
NET frame=93 gpu_ms=15.727400
NET frame=94 gpu_ms=15.455220
NET frame=95 gpu_ms=15.630500
NET frame=96 gpu_ms=15.580100
NET frame=97 gpu_ms=15.623500
NET frame=98 gpu_ms=15.542300
NET frame=99 gpu_ms=15.713500
NET frame=100 gpu_ms=15.678600
NET frame=101 gpu_ms=15.608300
NET frame=102 gpu_ms=15.618800
NET frame=103 gpu_ms=15.675700
NET frame=104 gpu_ms=15.717200
NET frame=105 gpu_ms=15.769700
NET frame=106 gpu_ms=15.370240
NET frame=107 gpu_ms=15.647000
NET frame=108 gpu_ms=15.567400
NET frame=109 gpu_ms=15.498700
NET frame=110 gpu_ms=15.566200
NET frame=111 gpu_ms=15.516300
NET frame=112 gpu_ms=15.647300
NET frame=113 gpu_ms=15.659800
NET frame=114 gpu_ms=15.544600
NET frame=115 gpu_ms=15.574200
NET frame=116 gpu_ms=15.555060
NET frame=117 gpu_ms=15.653720
NET frame=118 gpu_ms=15.541900
NET frame=119 gpu_ms=15.626100
NET frame=120 gpu_ms=15.609500
NET frame=121 gpu_ms=15.601000
NET frame=122 gpu_ms=15.888000
NET frame=123 gpu_ms=15.599700
NET frame=124 gpu_ms=15.607400
NET frame=125 gpu_ms=15.564200
NET frame=126 gpu_ms=15.600100
NET frame=127 gpu_ms=15.476500
NET frame=128 gpu_ms=15.583700
NET frame=129 gpu_ms=15.651700
NET frame=130 gpu_ms=15.495900
NET frame=131 gpu_ms=15.594900
NET frame=132 gpu_ms=15.588000
NET frame=133 gpu_ms=15.549940
NET frame=134 gpu_ms=15.566100
NET frame=135 gpu_ms=15.566700
NET frame=136 gpu_ms=15.445480
NET frame=137 gpu_ms=15.492460
NET frame=138 gpu_ms=15.629200
NET frame=139 gpu_ms=15.666400
NET frame=140 gpu_ms=15.556200
NET frame=141 gpu_ms=15.427500
NET frame=142 gpu_ms=15.676500
NET frame=143 gpu_ms=15.748900
NET frame=144 gpu_ms=15.624100
NET frame=145 gpu_ms=15.647700
NET frame=146 gpu_ms=15.352500
NET frame=147 gpu_ms=15.676900
NET frame=148 gpu_ms=15.515040
NET frame=149 gpu_ms=15.743100
NET frame=150 gpu_ms=15.511000
NET frame=151 gpu_ms=15.603200
NET frame=152 gpu_ms=15.458600
NET frame=153 gpu_ms=15.613400
NET frame=154 gpu_ms=15.739600
NET frame=155 gpu_ms=15.365540
NET frame=156 gpu_ms=15.742200
NET frame=157 gpu_ms=15.335700
NET frame=158 gpu_ms=15.658500
NET frame=159 gpu_ms=15.602100
NET frame=160 gpu_ms=15.649900
NET frame=161 gpu_ms=15.586300
NET frame=162 gpu_ms=15.511720
NET frame=163 gpu_ms=15.825400
NET frame=164 gpu_ms=15.619200
NET frame=165 gpu_ms=15.626500
NET frame=166 gpu_ms=15.715400
NET frame=167 gpu_ms=15.568060
NET frame=168 gpu_ms=15.668100
NET frame=169 gpu_ms=15.712500
NET frame=170 gpu_ms=15.685700
NET frame=171 gpu_ms=15.606300
NET frame=172 gpu_ms=15.676860
NET frame=173 gpu_ms=15.305240
NET frame=174 gpu_ms=15.580700
NET frame=175 gpu_ms=15.549100
NET frame=176 gpu_ms=15.615340
NET frame=177 gpu_ms=15.714800
NET frame=178 gpu_ms=15.557800
NET frame=179 gpu_ms=15.586100
NET frame=180 gpu_ms=15.622300
NET frame=181 gpu_ms=15.560700
NET frame=182 gpu_ms=15.672100
NET frame=183 gpu_ms=15.652700
NET frame=184 gpu_ms=15.812900
NET frame=185 gpu_ms=15.649100
NET frame=186 gpu_ms=15.680700
NET frame=187 gpu_ms=15.620400
NET frame=188 gpu_ms=15.736600
NET frame=189 gpu_ms=15.613300
NET frame=190 gpu_ms=15.697900
NET frame=191 gpu_ms=15.764800
NET frame=192 gpu_ms=15.613700
NET frame=193 gpu_ms=15.403060
NET frame=194 gpu_ms=15.547800
NET frame=195 gpu_ms=15.408800
NET frame=196 gpu_ms=15.679200
NET frame=197 gpu_ms=15.499900
NET frame=198 gpu_ms=15.646600
NET frame=199 gpu_ms=15.618800
frame=199 reset=1 wall_ms=17.134 invalid=0 luma=0.3596833 roi=0.4035345 dark=1325 roi_dark=232 changed_first=0 maxabs_first=0
SP_STATS runs=0 fallback=0 rollover=0 jobs=0 disabled=0 errors=0
RESULT frames=200 temporal=0 mean_wall_ms=22.792 invalid_total=0 restored_capture_every_frame=1 HDR_preserved=1
