seed=1 pattern=0
input format=RGBA16_FLOAT W=2560 H=1440 invalid=0 min=0 max=1 luma=0.357899353 roi_luma=0.389746571
adapter=AMD Radeon RX 9070 XT
NET frame=0 gpu_ms=1149.180664
GEOMETRY valid=2560x1440 processing=2560x1472 tokens=960
frame=0 reset=1 wall_ms=1154.948 invalid=0 luma=0.3596833 roi=0.4035345 dark=1325 roi_dark=232 changed_first=0 maxabs_first=0
NET frame=1 gpu_ms=25.195400
NET frame=2 gpu_ms=15.669300
NET frame=3 gpu_ms=15.252800
NET frame=4 gpu_ms=15.264700
NET frame=5 gpu_ms=15.114100
NET frame=6 gpu_ms=15.348300
NET frame=7 gpu_ms=15.267700
NET frame=8 gpu_ms=15.114600
NET frame=9 gpu_ms=15.112300
NET frame=10 gpu_ms=15.129000
NET frame=11 gpu_ms=15.103600
NET frame=12 gpu_ms=15.095100
NET frame=13 gpu_ms=15.065400
NET frame=14 gpu_ms=15.287600
NET frame=15 gpu_ms=15.328700
NET frame=16 gpu_ms=15.497400
NET frame=17 gpu_ms=15.469600
NET frame=18 gpu_ms=15.524300
NET frame=19 gpu_ms=15.530100
NET frame=20 gpu_ms=15.599500
NET frame=21 gpu_ms=15.374400
NET frame=22 gpu_ms=15.415300
NET frame=23 gpu_ms=15.388000
NET frame=24 gpu_ms=15.466400
NET frame=25 gpu_ms=15.384300
NET frame=26 gpu_ms=15.420300
NET frame=27 gpu_ms=15.397700
NET frame=28 gpu_ms=15.584300
NET frame=29 gpu_ms=15.419500
NET frame=30 gpu_ms=15.394500
NET frame=31 gpu_ms=15.500200
NET frame=32 gpu_ms=15.416000
NET frame=33 gpu_ms=15.600500
NET frame=34 gpu_ms=15.434600
NET frame=35 gpu_ms=15.462100
NET frame=36 gpu_ms=15.546400
NET frame=37 gpu_ms=15.592400
NET frame=38 gpu_ms=15.526100
NET frame=39 gpu_ms=15.475500
NET frame=40 gpu_ms=15.421600
NET frame=41 gpu_ms=15.626900
NET frame=42 gpu_ms=15.450100
NET frame=43 gpu_ms=15.606100
NET frame=44 gpu_ms=15.498400
NET frame=45 gpu_ms=15.429500
NET frame=46 gpu_ms=15.462400
NET frame=47 gpu_ms=15.598200
NET frame=48 gpu_ms=15.554200
NET frame=49 gpu_ms=15.570500
NET frame=50 gpu_ms=15.543280
NET frame=51 gpu_ms=15.494600
NET frame=52 gpu_ms=15.620500
NET frame=53 gpu_ms=15.605900
NET frame=54 gpu_ms=15.456600
NET frame=55 gpu_ms=15.369000
NET frame=56 gpu_ms=15.544200
NET frame=57 gpu_ms=15.574700
NET frame=58 gpu_ms=15.450860
NET frame=59 gpu_ms=15.528880
NET frame=60 gpu_ms=15.423280
NET frame=61 gpu_ms=15.251480
NET frame=62 gpu_ms=15.544400
NET frame=63 gpu_ms=15.673100
NET frame=64 gpu_ms=15.530100
NET frame=65 gpu_ms=15.435300
NET frame=66 gpu_ms=15.555200
NET frame=67 gpu_ms=15.605660
NET frame=68 gpu_ms=15.625100
NET frame=69 gpu_ms=15.411900
NET frame=70 gpu_ms=15.680800
NET frame=71 gpu_ms=15.501800
frame=71 reset=1 wall_ms=16.895 invalid=0 luma=0.3596833 roi=0.4035345 dark=1325 roi_dark=232 changed_first=0 maxabs_first=0
SP_STATS runs=0 fallback=0 rollover=0 jobs=0 disabled=0 errors=0
RESULT frames=72 temporal=0 mean_wall_ms=32.903 invalid_total=0 restored_capture_every_frame=1 HDR_preserved=1
