SYNC_PROFILE wave_owned=1 c512_m32=1 pdl=1 vit_stream=3 swin_run=1 FAST=1 full71=1
SP_PLAN c=256 first=16 layers=6 tasks=846 initial=144 state_bytes=10168 w16=1
SP_PLAN c=256 first=49 layers=6 tasks=846 initial=144 state_bytes=10168 w16=1
SPM_FN index=1 key=prefix/input|c32_wave1/c32_wave1_prefix_b8d|api=ordinary
SPM_FN index=2 key=block1-ffn.f32|c32_wave1/c32_wave1_mapped_b8|api=ordinary
SPM_FN index=3 key=block2-ffn.f32|c32_wave1/c32_wave1_chain|api=ordinary
SPM_FN index=4 key=block3-ffn.f32|c32_wave1/c32_wave1_chain|api=ordinary
SPM_FN index=5 key=block4-ffn.f32|c32_wave1/c32_wave1_finish_dcrop_b8d|api=ordinary
SPM_FN index=6 key=block4-ffn.f32|mh_fast/mh_pool_project_c32_b8_out8|api=ordinary
SPM_FN index=7 key=block5|c64_wave2/c64_wave2_bi_bo|api=ordinary
SPM_FN index=8 key=block6|c64_wave2/c64_wave2_bi_bo|api=ordinary
SPM_FN index=9 key=block7|c64_wave2/c64_wave2_bi_bo|api=ordinary
SPM_FN index=10 key=block8|c64_wave2/c64_wave2_bi_ho|api=ordinary
SPM_FN index=11 key=block8-ds.f32/down|mh_fast/mh_pool_project_group_c64_hin|api=ordinary
SPM_FN index=12 key=block9|c64_wave2/c128_wave2_bo|api=ordinary
SPM_FN index=13 key=block10|c64_wave2/c128_wave2_bi_bo|api=ordinary
SPM_FN index=14 key=block11|c64_wave2/c128_wave2_bi_bo|api=ordinary
SPM_FN index=15 key=block12|c64_wave2/c128_wave2_bi_bo|api=ordinary
SPM_FN index=16 key=block13|c64_wave2/c128_wave2_bi_bo|api=ordinary
SPM_FN index=17 key=block14|c64_wave2/c128_wave2_bi_ho|api=ordinary
SPM_FN index=18 key=block14-ds.f32/down|mh_fast/mh_pool_project_group_c128_hin|api=ordinary
SPM_FN index=19 key=block15|c64_wave2/c256_wave2_bo_w16|api=ordinary
SPM_FN index=20 key=blocks16..21/persistent|sp/api=ordinary/sp_init
SPM_FN index=21 key=blocks16..21/persistent|sp/api=ordinary/sp_run256_w16
SPM_FN index=22 key=blocks16..21/persistent|sp/api=ordinary/sp_recover256_w16
SPM_FN index=23 key=block22|c64_wave2/c256_wave2_bi_w16|api=ordinary
SPM_FN index=24 key=block22-ds.f32/down|mh_fast/mh_pool_project_group_c256|api=ordinary
SPM_FN index=25 key=block23|c512_m32_deep/split_ffn_one_w2f8|api=ordinary
SPM_FN index=26 key=block23|deep_fast/split_projection_frag|api=ordinary
SPM_FN index=27 key=block23|c512_m32_mh/c512_qkv_attention_compact|api=ordinary
SPM_FN index=28 key=block23|mh_fast/mh_attention_project_frag_c512|api=ordinary
SPM_FN index=29 key=block24|c512_m32_deep/split_ffn_one_w2f8|api=ordinary
SPM_FN index=30 key=block24|deep_fast/split_projection_frag|api=ordinary
SPM_FN index=31 key=block24|c512_m32_mh/c512_qkv_attention_compact|api=ordinary
SPM_FN index=32 key=block24|mh_fast/mh_attention_project_frag_c512|api=ordinary
SPM_FN index=33 key=block25|c512_m32_deep/split_ffn_one_w2f8|api=ordinary
SPM_FN index=34 key=block25|deep_fast/split_projection_frag|api=ordinary
SPM_FN index=35 key=block25|c512_m32_mh/c512_qkv_attention_compact|api=ordinary
SPM_FN index=36 key=block25|mh_fast/mh_attention_project_frag_c512|api=ordinary
SPM_FN index=37 key=block26|c512_m32_deep/split_ffn_one_w2f8|api=ordinary
SPM_FN index=38 key=block26|deep_fast/split_projection_frag|api=ordinary
SPM_FN index=39 key=block26|c512_m32_mh/c512_qkv_attention_compact|api=ordinary
SPM_FN index=40 key=block26|mh_fast/mh_attention_project_frag_c512|api=ordinary
SPM_FN index=41 key=block27|c512_m32_deep/split_ffn_one_w2f8|api=ordinary
SPM_FN index=42 key=block27|deep_fast/split_projection_frag|api=ordinary
SPM_FN index=43 key=block27|c512_m32_mh/c512_qkv_attention_compact|api=ordinary
SPM_FN index=44 key=block27|mh_fast/mh_attention_project_frag_c512|api=ordinary
SPM_FN index=45 key=block28|c512_m32_deep/split_ffn_one_w2f8|api=ordinary
SPM_FN index=46 key=block28|deep_fast/split_projection_frag|api=ordinary
SPM_FN index=47 key=block28|c512_m32_mh/c512_qkv_attention_compact|api=ordinary
SPM_FN index=48 key=block28|mh_fast/mh_attention_project_frag_c512|api=ordinary
SPM_FN index=49 key=block29|c512_m32_deep/split_ffn_one_w2f8|api=ordinary
SPM_FN index=50 key=block29|deep_fast/split_projection_frag|api=ordinary
SPM_FN index=51 key=block29|c512_m32_mh/c512_qkv_attention_compact|api=ordinary
SPM_FN index=52 key=block29|mh_fast/mh_attention_project_frag_c512|api=ordinary
SPM_FN index=53 key=block30|c512_m32_deep/split_ffn_one_w2f8|api=ordinary
SPM_FN index=54 key=block30|deep_fast/split_projection_frag|api=ordinary
SPM_FN index=55 key=block30|c512_m32_mh/c512_qkv_attention_compact|api=ordinary
SPM_FN index=56 key=block30|mh_fast/mh_attention_project_frag_c512|api=ordinary
SPM_FN index=57 key=head-matrix.f32/down|mh_fast/mh_pool_project_group_c512|api=ordinary
SPM_FN index=58 key=head-matrix.f32/down|deep/vit_gather|api=ordinary
SPM_FN index=59 key=block31|deep_fast/vit_pack_input|api=ordinary
SPM_FN index=60 key=block31|deep_fast/vit_expand_blocked_fp8_frag_bytein|api=ordinary
SPM_FN index=61 key=block31|vit_stream/vit_stream_contract_frag_bout|api=ordinary
SPM_FN index=62 key=block31|vit_stream/vit_stream_qkv_frag_bin_w5f8|api=ordinary
SPM_FN index=63 key=block31|deep_fast/vit_attention_fused_640_bytein_bout|api=ordinary
SPM_FN index=64 key=block31|vit_stream/vit_stream_project_n64_bb|api=ordinary
SPM_FN index=65 key=block32|deep_fast/vit_pack_input|api=ordinary
SPM_FN index=66 key=block32|deep_fast/vit_expand_blocked_fp8_frag_bytein|api=ordinary
SPM_FN index=67 key=block32|vit_stream/vit_stream_contract_frag_bout|api=ordinary
SPM_FN index=68 key=block32|vit_stream/vit_stream_qkv_frag_bin_w5f8|api=ordinary
SPM_FN index=69 key=block32|deep_fast/vit_attention_fused_640_bytein_bout|api=ordinary
SPM_FN index=70 key=block32|vit_stream/vit_stream_project_n64_bb|api=ordinary
SPM_FN index=71 key=block33|deep_fast/vit_pack_input|api=ordinary
SPM_FN index=72 key=block33|deep_fast/vit_expand_blocked_fp8_frag_bytein|api=ordinary
SPM_FN index=73 key=block33|vit_stream/vit_stream_contract_frag_bout|api=ordinary
SPM_FN index=74 key=block33|vit_stream/vit_stream_qkv_frag_bin_w5f8|api=ordinary
SPM_FN index=75 key=block33|deep_fast/vit_attention_fused_640_bytein_bout|api=ordinary
SPM_FN index=76 key=block33|vit_stream/vit_stream_project_n64_bb|api=ordinary
SPM_FN index=77 key=block34|deep_fast/vit_pack_input|api=ordinary
SPM_FN index=78 key=block34|deep_fast/vit_expand_blocked_fp8_frag_bytein|api=ordinary
SPM_FN index=79 key=block34|vit_stream/vit_stream_contract_frag_bout|api=ordinary
SPM_FN index=80 key=block34|vit_stream/vit_stream_qkv_frag_bin_w5f8|api=ordinary
SPM_FN index=81 key=block34|deep_fast/vit_attention_fused_640_bytein_bout|api=ordinary
SPM_FN index=82 key=block34|vit_stream/vit_stream_project_n64_bb|api=ordinary
SPM_FN index=83 key=block35|deep_fast/vit_pack_input|api=ordinary
SPM_FN index=84 key=block35|deep_fast/vit_expand_blocked_fp8_frag_bytein|api=ordinary
SPM_FN index=85 key=block35|vit_stream/vit_stream_contract_frag_bout|api=ordinary
SPM_FN index=86 key=block35|vit_stream/vit_stream_qkv_frag_bin_w5f8|api=ordinary
SPM_FN index=87 key=block35|deep_fast/vit_attention_fused_640_bytein_bout|api=ordinary
SPM_FN index=88 key=block35|vit_stream/vit_stream_project_n64_bb|api=ordinary
SPM_FN index=89 key=block36|deep_fast/vit_pack_input|api=ordinary
SPM_FN index=90 key=block36|deep_fast/vit_expand_blocked_fp8_frag_bytein|api=ordinary
SPM_FN index=91 key=block36|vit_stream/vit_stream_contract_frag_bout|api=ordinary
SPM_FN index=92 key=block36|vit_stream/vit_stream_qkv_frag_bin_w5f8|api=ordinary
SPM_FN index=93 key=block36|deep_fast/vit_attention_fused_640_bytein_bout|api=ordinary
SPM_FN index=94 key=block36|vit_stream/vit_stream_project_n64_bb|api=ordinary
SPM_FN index=95 key=block37|deep_fast/vit_pack_input|api=ordinary
SPM_FN index=96 key=block37|deep_fast/vit_expand_blocked_fp8_frag_bytein|api=ordinary
SPM_FN index=97 key=block37|vit_stream/vit_stream_contract_frag_bout|api=ordinary
SPM_FN index=98 key=block37|vit_stream/vit_stream_qkv_frag_bin_w5f8|api=ordinary
SPM_FN index=99 key=block37|deep_fast/vit_attention_fused_640_bytein_bout|api=ordinary
SPM_FN index=100 key=block37|vit_stream/vit_stream_project_n64_bb|api=ordinary
SPM_FN index=101 key=block38|deep_fast/vit_pack_input|api=ordinary
SPM_FN index=102 key=block38|deep_fast/vit_expand_blocked_fp8_frag_bytein|api=ordinary
SPM_FN index=103 key=block38|vit_stream/vit_stream_contract_frag_bout|api=ordinary
SPM_FN index=104 key=block38|vit_stream/vit_stream_qkv_frag_bin_w5f8|api=ordinary
SPM_FN index=105 key=block38|deep_fast/vit_attention_fused_640_bytein_bout|api=ordinary
SPM_FN index=106 key=block38|vit_stream/vit_stream_project_n64_bb|api=ordinary
SPM_FN index=107 key=block38|deep/vit_gather|api=ordinary
SPM_FN index=108 key=decoder39-weights.f32/up|deep_fast/decoder_project2x_h16w_w|api=ordinary
SPM_FN index=109 key=block40|c512_m32_deep/split_ffn_one_w2f8|api=ordinary
SPM_FN index=110 key=block40|deep_fast/split_projection_frag|api=ordinary
SPM_FN index=111 key=block40|c512_m32_mh/c512_qkv_attention_compact|api=ordinary
SPM_FN index=112 key=block40|mh_fast/mh_attention_project_frag_c512|api=ordinary
SPM_FN index=113 key=block41|c512_m32_deep/split_ffn_one_w2f8|api=ordinary
SPM_FN index=114 key=block41|deep_fast/split_projection_frag|api=ordinary
SPM_FN index=115 key=block41|c512_m32_mh/c512_qkv_attention_compact|api=ordinary
SPM_FN index=116 key=block41|mh_fast/mh_attention_project_frag_c512|api=ordinary
SPM_FN index=117 key=block42|c512_m32_deep/split_ffn_one_w2f8|api=ordinary
SPM_FN index=118 key=block42|deep_fast/split_projection_frag|api=ordinary
SPM_FN index=119 key=block42|c512_m32_mh/c512_qkv_attention_compact|api=ordinary
SPM_FN index=120 key=block42|mh_fast/mh_attention_project_frag_c512|api=ordinary
SPM_FN index=121 key=block43|c512_m32_deep/split_ffn_one_w2f8|api=ordinary
SPM_FN index=122 key=block43|deep_fast/split_projection_frag|api=ordinary
SPM_FN index=123 key=block43|c512_m32_mh/c512_qkv_attention_compact|api=ordinary
SPM_FN index=124 key=block43|mh_fast/mh_attention_project_frag_c512|api=ordinary
SPM_FN index=125 key=block44|c512_m32_deep/split_ffn_one_w2f8|api=ordinary
SPM_FN index=126 key=block44|deep_fast/split_projection_frag|api=ordinary
SPM_FN index=127 key=block44|c512_m32_mh/c512_qkv_attention_compact|api=ordinary
SPM_FN index=128 key=block44|mh_fast/mh_attention_project_frag_c512|api=ordinary
SPM_FN index=129 key=block45|c512_m32_deep/split_ffn_one_w2f8|api=ordinary
SPM_FN index=130 key=block45|deep_fast/split_projection_frag|api=ordinary
SPM_FN index=131 key=block45|c512_m32_mh/c512_qkv_attention_compact|api=ordinary
SPM_FN index=132 key=block45|mh_fast/mh_attention_project_frag_c512|api=ordinary
SPM_FN index=133 key=block46|c512_m32_deep/split_ffn_one_w2f8|api=ordinary
SPM_FN index=134 key=block46|deep_fast/split_projection_frag|api=ordinary
SPM_FN index=135 key=block46|c512_m32_mh/c512_qkv_attention_compact|api=ordinary
SPM_FN index=136 key=block46|mh_fast/mh_attention_project_frag_c512|api=ordinary
SPM_FN index=137 key=block47|c512_m32_deep/split_ffn_one_w2f8|api=ordinary
SPM_FN index=138 key=block47|deep_fast/split_projection_frag|api=ordinary
SPM_FN index=139 key=block47|c512_m32_mh/c512_qkv_attention_compact|api=ordinary
SPM_FN index=140 key=block47|mh_fast/mh_attention_project_frag_c512|api=ordinary
SPM_FN index=141 key=block48-weights.f32/up|deep_fast/decoder_project2x_h16w_byteout_w|api=ordinary
SPM_FN index=142 key=block48|c64_wave2/c256_wave2_bi_bo_w16|api=ordinary
SPM_FN index=143 key=blocks49..54/persistent|sp/api=ordinary/sp_init
SPM_FN index=144 key=blocks49..54/persistent|sp/api=ordinary/sp_run256_w16
SPM_FN index=145 key=blocks49..54/persistent|sp/api=ordinary/sp_recover256_w16
SPM_FN index=146 key=block55|c64_wave2/c256_wave2_bi_bo_w16|api=ordinary
SPM_FN index=147 key=block56/up-body|c64_wave2/c128_wave2_up_lb_sh|api=ordinary
SPM_FN index=148 key=block57|c64_wave2/c128_wave2_bi_bo|api=ordinary
SPM_FN index=149 key=block58|c64_wave2/c128_wave2_bi_bo|api=ordinary
SPM_FN index=150 key=block59|c64_wave2/c128_wave2_bi_bo|api=ordinary
SPM_FN index=151 key=block60|c64_wave2/c128_wave2_bi_bo|api=ordinary
SPM_FN index=152 key=block61|c64_wave2/c128_wave2_bi_bo|api=ordinary
SPM_FN index=153 key=block62/up-body|c64_wave2/c64_wave2_up_lb_sh|api=ordinary
SPM_FN index=154 key=block63|c64_wave2/c64_wave2_bi_bo|api=ordinary
SPM_FN index=155 key=block64|c64_wave2/c64_wave2_bi_bo|api=ordinary
SPM_FN index=156 key=block65|c64_wave2/c64_wave2_bi|api=ordinary
SPM_FN index=157 key=block66/up-body|c32_wave1/c32_wave1_up_b8|api=ordinary
SPM_FN index=158 key=block67-ffn.f32|c32_wave1/c32_wave1_chain|api=ordinary
SPM_FN index=159 key=block68-ffn.f32|c32_wave1/c32_wave1_chain|api=ordinary
SPM_FN index=160 key=block69-ffn.f32|c32_wave1/c32_wave1_finish_b8|api=ordinary
SPM_FN index=161 key=block69-ffn.f32|c32_wave1/c32_wave1_post_b8|api=ordinary
SPM_WINDOW before=0 cold_end=161 warm_end=322 warm_frames=1 dispatch_per_warm=161 start_one_based=323 capture_ops=161
SPM_RAW repeat_bitdiff=0 finite=1 frames=1 final_dispatch=483 no_d3d_context=1 outer_events=0
SP_STATS runs=6 fallback=0 rollover=0 jobs=5076 disabled=0 errors=0

