seed=0 pattern=0
input format=RGBA16_FLOAT W=1296 H=720 invalid=0 min=0 max=34.53125 luma=0.0157641119 roi_luma=0.0250669576
adapter=AMD Radeon RX 9070 XT
SP_PLAN c=256 first=16 layers=6 tasks=893 initial=160 state_bytes=10732 w16=1
SP_PLAN c=256 first=49 layers=6 tasks=893 initial=160 state_bytes=10732 w16=1
FRAME_NET_GPU frame=0 gpu_ms=1125.64038
frame=0 reset=1 wall_ms=1135.242 invalid=0 luma=0.01307101 roi=0.01974189 dark=806206 roi_dark=258238 changed_first=0 maxabs_first=0
FRAME_NET_GPU frame=1 gpu_ms=17.6716595
FRAME_NET_GPU frame=2 gpu_ms=9.59200001
FRAME_NET_GPU frame=3 gpu_ms=9.1711998
FRAME_NET_GPU frame=4 gpu_ms=9.09280014
FRAME_NET_GPU frame=5 gpu_ms=9.10779953
FRAME_NET_GPU frame=6 gpu_ms=9.02869987
FRAME_NET_GPU frame=7 gpu_ms=9.03320026
FRAME_NET_GPU frame=8 gpu_ms=8.87390041
FRAME_NET_GPU frame=9 gpu_ms=8.98770046
FRAME_NET_GPU frame=10 gpu_ms=8.95689964
FRAME_NET_GPU frame=11 gpu_ms=9.0039196
FRAME_NET_GPU frame=12 gpu_ms=8.90680027
FRAME_NET_GPU frame=13 gpu_ms=8.96860027
FRAME_NET_GPU frame=14 gpu_ms=8.96510029
FRAME_NET_GPU frame=15 gpu_ms=8.95040035
FRAME_NET_GPU frame=16 gpu_ms=8.93323994
FRAME_NET_GPU frame=17 gpu_ms=8.90668011
FRAME_NET_GPU frame=18 gpu_ms=8.86581993
FRAME_NET_GPU frame=19 gpu_ms=8.9518404
FRAME_NET_GPU frame=20 gpu_ms=9.04039955
FRAME_NET_GPU frame=21 gpu_ms=8.92961979
FRAME_NET_GPU frame=22 gpu_ms=9.01762009
FRAME_NET_GPU frame=23 gpu_ms=8.99213982
FRAME_NET_GPU frame=24 gpu_ms=9.06544018
FRAME_NET_GPU frame=25 gpu_ms=9.11411953
FRAME_NET_GPU frame=26 gpu_ms=9.13951969
FRAME_NET_GPU frame=27 gpu_ms=9.1593399
FRAME_NET_GPU frame=28 gpu_ms=9.02987957
FRAME_NET_GPU frame=29 gpu_ms=9.17597961
FRAME_NET_GPU frame=30 gpu_ms=9.04323959
FRAME_NET_GPU frame=31 gpu_ms=9.07631969
FRAME_NET_GPU frame=32 gpu_ms=9.06081963
FRAME_NET_GPU frame=33 gpu_ms=9.12817955
FRAME_NET_GPU frame=34 gpu_ms=9.11155987
FRAME_NET_GPU frame=35 gpu_ms=9.1842804
FRAME_NET_GPU frame=36 gpu_ms=9.13457966
FRAME_NET_GPU frame=37 gpu_ms=9.14383984
FRAME_NET_GPU frame=38 gpu_ms=9.22210026
FRAME_NET_GPU frame=39 gpu_ms=9.09517956
FRAME_NET_GPU frame=40 gpu_ms=9.30202007
FRAME_NET_GPU frame=41 gpu_ms=9.11641979
FRAME_NET_GPU frame=42 gpu_ms=9.08300018
FRAME_NET_GPU frame=43 gpu_ms=9.17558002
FRAME_NET_GPU frame=44 gpu_ms=9.18908024
FRAME_NET_GPU frame=45 gpu_ms=9.13947964
FRAME_NET_GPU frame=46 gpu_ms=9.12701988
FRAME_NET_GPU frame=47 gpu_ms=9.22554016
FRAME_NET_GPU frame=48 gpu_ms=9.15725994
FRAME_NET_GPU frame=49 gpu_ms=9.0880003
FRAME_NET_GPU frame=50 gpu_ms=9.19330025
FRAME_NET_GPU frame=51 gpu_ms=9.17566013
FRAME_NET_GPU frame=52 gpu_ms=9.11999989
FRAME_NET_GPU frame=53 gpu_ms=9.09727955
FRAME_NET_GPU frame=54 gpu_ms=9.16734028
FRAME_NET_GPU frame=55 gpu_ms=9.17230034
FRAME_NET_GPU frame=56 gpu_ms=9.09895992
FRAME_NET_GPU frame=57 gpu_ms=9.21430016
FRAME_NET_GPU frame=58 gpu_ms=9.13278008
FRAME_NET_GPU frame=59 gpu_ms=9.20057964
FRAME_NET_GPU frame=60 gpu_ms=9.19283962
FRAME_NET_GPU frame=61 gpu_ms=9.1169796
FRAME_NET_GPU frame=62 gpu_ms=9.13831997
FRAME_NET_GPU frame=63 gpu_ms=9.14501953
FRAME_NET_GPU frame=64 gpu_ms=9.12339973
FRAME_NET_GPU frame=65 gpu_ms=9.15725994
FRAME_NET_GPU frame=66 gpu_ms=9.05010033
FRAME_NET_GPU frame=67 gpu_ms=9.19085979
FRAME_NET_GPU frame=68 gpu_ms=9.12917995
FRAME_NET_GPU frame=69 gpu_ms=9.13722038
FRAME_NET_GPU frame=70 gpu_ms=9.22157955
FRAME_NET_GPU frame=71 gpu_ms=9.01883984
FRAME_NET_GPU frame=72 gpu_ms=9.25494003
FRAME_NET_GPU frame=73 gpu_ms=9.12590027
FRAME_NET_GPU frame=74 gpu_ms=9.11927986
FRAME_NET_GPU frame=75 gpu_ms=9.1578598
FRAME_NET_GPU frame=76 gpu_ms=9.19919968
FRAME_NET_GPU frame=77 gpu_ms=9.0472002
FRAME_NET_GPU frame=78 gpu_ms=9.0909996
FRAME_NET_GPU frame=79 gpu_ms=9.15592003
FRAME_NET_GPU frame=80 gpu_ms=9.09060001
FRAME_NET_GPU frame=81 gpu_ms=9.08094025
FRAME_NET_GPU frame=82 gpu_ms=9.1918602
FRAME_NET_GPU frame=83 gpu_ms=9.06865978
FRAME_NET_GPU frame=84 gpu_ms=9.12942028
FRAME_NET_GPU frame=85 gpu_ms=9.07719994
FRAME_NET_GPU frame=86 gpu_ms=9.18443966
FRAME_NET_GPU frame=87 gpu_ms=9.07938004
FRAME_NET_GPU frame=88 gpu_ms=9.16312027
FRAME_NET_GPU frame=89 gpu_ms=9.10529995
FRAME_NET_GPU frame=90 gpu_ms=9.18994045
FRAME_NET_GPU frame=91 gpu_ms=9.07925987
FRAME_NET_GPU frame=92 gpu_ms=9.08743954
FRAME_NET_GPU frame=93 gpu_ms=9.10853958
FRAME_NET_GPU frame=94 gpu_ms=9.05453968
FRAME_NET_GPU frame=95 gpu_ms=9.33133984
FRAME_NET_GPU frame=96 gpu_ms=9.10371971
FRAME_NET_GPU frame=97 gpu_ms=9.0812397
FRAME_NET_GPU frame=98 gpu_ms=9.10811996
FRAME_NET_GPU frame=99 gpu_ms=9.08794022
FRAME_NET_GPU frame=100 gpu_ms=9.12887955
FRAME_NET_GPU frame=101 gpu_ms=9.16176033
FRAME_NET_GPU frame=102 gpu_ms=9.00763988
FRAME_NET_GPU frame=103 gpu_ms=9.17663956
FRAME_NET_GPU frame=104 gpu_ms=8.96310043
FRAME_NET_GPU frame=105 gpu_ms=9.18251991
FRAME_NET_GPU frame=106 gpu_ms=9.11205959
FRAME_NET_GPU frame=107 gpu_ms=9.32553959
FRAME_NET_GPU frame=108 gpu_ms=9.07460022
FRAME_NET_GPU frame=109 gpu_ms=9.20188046
FRAME_NET_GPU frame=110 gpu_ms=9.11118031
FRAME_NET_GPU frame=111 gpu_ms=9.17158031
FRAME_NET_GPU frame=112 gpu_ms=9.34212017
FRAME_NET_GPU frame=113 gpu_ms=9.13850021
FRAME_NET_GPU frame=114 gpu_ms=9.13570023
FRAME_NET_GPU frame=115 gpu_ms=9.13891983
FRAME_NET_GPU frame=116 gpu_ms=9.02223969
FRAME_NET_GPU frame=117 gpu_ms=9.12535954
FRAME_NET_GPU frame=118 gpu_ms=9.1746397
FRAME_NET_GPU frame=119 gpu_ms=9.00541973
FRAME_NET_GPU frame=120 gpu_ms=9.18150043
FRAME_NET_GPU frame=121 gpu_ms=9.1084404
FRAME_NET_GPU frame=122 gpu_ms=9.30222034
FRAME_NET_GPU frame=123 gpu_ms=8.99551964
FRAME_NET_GPU frame=124 gpu_ms=9.13973999
FRAME_NET_GPU frame=125 gpu_ms=9.13344002
FRAME_NET_GPU frame=126 gpu_ms=9.19779968
FRAME_NET_GPU frame=127 gpu_ms=9.23740005
FRAME_NET_GPU frame=128 gpu_ms=9.21465969
FRAME_NET_GPU frame=129 gpu_ms=9.08465958
FRAME_NET_GPU frame=130 gpu_ms=9.15740013
FRAME_NET_GPU frame=131 gpu_ms=9.0958004
FRAME_NET_GPU frame=132 gpu_ms=9.14729977
FRAME_NET_GPU frame=133 gpu_ms=9.07759953
FRAME_NET_GPU frame=134 gpu_ms=9.1395998
FRAME_NET_GPU frame=135 gpu_ms=9.07555962
FRAME_NET_GPU frame=136 gpu_ms=9.18737984
FRAME_NET_GPU frame=137 gpu_ms=9.07330036
FRAME_NET_GPU frame=138 gpu_ms=9.23970032
FRAME_NET_GPU frame=139 gpu_ms=9.26616001
FRAME_NET_GPU frame=140 gpu_ms=9.08127975
FRAME_NET_GPU frame=141 gpu_ms=9.11935997
FRAME_NET_GPU frame=142 gpu_ms=9.19355965
FRAME_NET_GPU frame=143 gpu_ms=9.1566
FRAME_NET_GPU frame=144 gpu_ms=9.12090015
FRAME_NET_GPU frame=145 gpu_ms=9.10031986
FRAME_NET_GPU frame=146 gpu_ms=9.13547993
FRAME_NET_GPU frame=147 gpu_ms=9.05951977
FRAME_NET_GPU frame=148 gpu_ms=9.05677986
FRAME_NET_GPU frame=149 gpu_ms=8.98085976
FRAME_NET_GPU frame=150 gpu_ms=9.17416
FRAME_NET_GPU frame=151 gpu_ms=9.12722015
FRAME_NET_GPU frame=152 gpu_ms=9.19978046
FRAME_NET_GPU frame=153 gpu_ms=9.13683987
FRAME_NET_GPU frame=154 gpu_ms=9.17700005
FRAME_NET_GPU frame=155 gpu_ms=9.12967968
FRAME_NET_GPU frame=156 gpu_ms=9.11227989
FRAME_NET_GPU frame=157 gpu_ms=9.10682011
FRAME_NET_GPU frame=158 gpu_ms=9.25387955
FRAME_NET_GPU frame=159 gpu_ms=8.98334026
frame=159 reset=1 wall_ms=9.789 invalid=0 luma=0.01307101 roi=0.01974189 dark=806206 roi_dark=258238 changed_first=0 maxabs_first=0
SP_STATS runs=320 fallback=0 rollover=0 jobs=285760 disabled=0 errors=0
RESULT frames=160 temporal=0 mean_wall_ms=16.778 invalid_total=0 restored_capture_every_frame=1 HDR_preserved=1

