seed=0 pattern=0
input format=RGBA16_FLOAT W=1296 H=720 invalid=0 min=0 max=34.53125 luma=0.0157641119 roi_luma=0.0250669576
adapter=AMD Radeon RX 9070 XT
SP_PLAN c=256 first=16 layers=6 tasks=624 initial=104 state_bytes=7504
SP_DONE c=256 first=16 tasks=624 base=0 ms=1.634
SP_PLAN c=256 first=49 layers=6 tasks=624 initial=104 state_bytes=7504
SP_DONE c=256 first=49 tasks=624 base=0 ms=0.581
SP_PLAN c=64 first=63 layers=2 tasks=3111 initial=1581 state_bytes=37348
SP_DONE c=64 first=63 tasks=3111 base=0 ms=0.354
frame=0 reset=1 wall_ms=1301.570 invalid=0 luma=0.01004178 roi=0.01568267 dark=842326 roi_dark=274409 changed_first=0 maxabs_first=0
SP_DONE c=256 first=16 tasks=624 base=624 ms=9.952
SP_DONE c=256 first=49 tasks=624 base=624 ms=1.237
SP_DONE c=64 first=63 tasks=3111 base=3111 ms=1.124
frame=1 reset=1 wall_ms=29.018 invalid=0 luma=0.01008482 roi=0.01563533 dark=841836 roi_dark=273789 changed_first=3599046 maxabs_first=15.45532
SP_DONE c=256 first=16 tasks=624 base=1248 ms=3.493
SP_DONE c=256 first=49 tasks=624 base=1248 ms=1.218
SP_DONE c=64 first=63 tasks=3111 base=6222 ms=1.136
frame=2 reset=1 wall_ms=12.507 invalid=0 luma=0.01009764 roi=0.01554612 dark=841465 roi_dark=274230 changed_first=3613977 maxabs_first=15.56181
SP_DONE c=256 first=16 tasks=624 base=1872 ms=3.455
SP_DONE c=256 first=49 tasks=624 base=1872 ms=1.213
SP_DONE c=64 first=63 tasks=3111 base=9333 ms=1.109
frame=3 reset=1 wall_ms=11.329 invalid=0 luma=0.0100854 roi=0.01544253 dark=841676 roi_dark=274579 changed_first=3630190 maxabs_first=15.57711
SP_DONE c=256 first=16 tasks=624 base=2496 ms=3.735
SP_DONE c=256 first=49 tasks=624 base=2496 ms=1.178
SP_DONE c=64 first=63 tasks=3111 base=12444 ms=1.129
frame=4 reset=1 wall_ms=11.580 invalid=0 luma=0.01008573 roi=0.01539639 dark=841585 roi_dark=274642 changed_first=3640084 maxabs_first=15.57686
SP_DONE c=256 first=16 tasks=624 base=3120 ms=3.626
SP_DONE c=256 first=49 tasks=624 base=3120 ms=1.154
SP_DONE c=64 first=63 tasks=3111 base=15555 ms=1.118
frame=5 reset=1 wall_ms=12.466 invalid=0 luma=0.01010562 roi=0.01532429 dark=841571 roi_dark=274757 changed_first=3652286 maxabs_first=15.57282
SP_DONE c=256 first=16 tasks=624 base=3744 ms=3.519
SP_DONE c=256 first=49 tasks=624 base=3744 ms=1.261
SP_DONE c=64 first=63 tasks=3111 base=18666 ms=1.206
frame=6 reset=1 wall_ms=11.478 invalid=0 luma=0.01016058 roi=0.01534807 dark=841782 roi_dark=275293 changed_first=3653185 maxabs_first=15.57127
SP_DONE c=256 first=16 tasks=624 base=4368 ms=3.461
SP_DONE c=256 first=49 tasks=624 base=4368 ms=1.185
SP_DONE c=64 first=63 tasks=3111 base=21777 ms=1.120
frame=7 reset=1 wall_ms=11.301 invalid=0 luma=0.010131 roi=0.01530866 dark=841782 roi_dark=275232 changed_first=3666280 maxabs_first=15.56163
SP_DONE c=256 first=16 tasks=624 base=4992 ms=4.191
SP_DONE c=256 first=49 tasks=624 base=4992 ms=1.150
SP_DONE c=64 first=63 tasks=3111 base=24888 ms=1.116
frame=8 reset=1 wall_ms=13.079 invalid=0 luma=0.01004213 roi=0.01523903 dark=842220 roi_dark=275510 changed_first=3668669 maxabs_first=15.56401
SP_DONE c=256 first=16 tasks=624 base=5616 ms=5.386
SP_DONE c=256 first=49 tasks=624 base=5616 ms=1.364
SP_DONE c=64 first=63 tasks=3111 base=27999 ms=1.250
frame=9 reset=1 wall_ms=15.439 invalid=0 luma=0.01008287 roi=0.01525153 dark=842242 roi_dark=275933 changed_first=3674246 maxabs_first=15.57291
SP_DONE c=256 first=16 tasks=624 base=6240 ms=3.456
SP_DONE c=256 first=49 tasks=624 base=6240 ms=1.362
SP_DONE c=64 first=63 tasks=3111 base=31110 ms=1.274
frame=10 reset=1 wall_ms=13.424 invalid=0 luma=0.01005785 roi=0.0151586 dark=842016 roi_dark=275987 changed_first=3677699 maxabs_first=15.57238
SP_DONE c=256 first=16 tasks=624 base=6864 ms=5.852
SP_DONE c=256 first=49 tasks=624 base=6864 ms=1.343
SP_DONE c=64 first=63 tasks=3111 base=34221 ms=1.254
frame=11 reset=1 wall_ms=16.457 invalid=0 luma=0.01004094 roi=0.01512375 dark=842185 roi_dark=275851 changed_first=3681934 maxabs_first=15.57399
SP_STATS runs=36 fallback=0 rollover=0 jobs=52308 disabled=0 errors=0
RESULT frames=12 temporal=0 mean_wall_ms=121.637 invalid_total=0 restored_capture_every_frame=1 HDR_preserved=1
