seed=1 pattern=0
input format=RGBA16_FLOAT W=2560 H=1440 invalid=0 min=0 max=1 luma=0.357899353 roi_luma=0.389746571
adapter=AMD Radeon RX 9070 XT
NET frame=0 gpu_ms=1163.466919
GEOMETRY valid=2560x1440 processing=2560x1472 tokens=960
frame=0 reset=1 wall_ms=1169.255 invalid=0 luma=0.3597704 roi=0.4268046 dark=101219 roi_dark=9829 changed_first=0 maxabs_first=0
NET frame=1 gpu_ms=33.347080
NET frame=2 gpu_ms=32.653400
NET frame=3 gpu_ms=32.496120
NET frame=4 gpu_ms=32.731720
NET frame=5 gpu_ms=32.915520
NET frame=6 gpu_ms=32.556141
NET frame=7 gpu_ms=32.711121
NET frame=8 gpu_ms=32.783482
NET frame=9 gpu_ms=32.755219
NET frame=10 gpu_ms=32.625000
NET frame=11 gpu_ms=32.688679
NET frame=12 gpu_ms=32.815922
NET frame=13 gpu_ms=32.578098
NET frame=14 gpu_ms=32.644180
NET frame=15 gpu_ms=32.650421
NET frame=16 gpu_ms=32.704601
NET frame=17 gpu_ms=32.678440
NET frame=18 gpu_ms=32.635799
NET frame=19 gpu_ms=32.868561
NET frame=20 gpu_ms=32.661640
NET frame=21 gpu_ms=32.652538
NET frame=22 gpu_ms=32.723518
NET frame=23 gpu_ms=32.763420
NET frame=24 gpu_ms=32.834000
NET frame=25 gpu_ms=32.603600
NET frame=26 gpu_ms=32.544022
NET frame=27 gpu_ms=32.534458
NET frame=28 gpu_ms=32.791260
NET frame=29 gpu_ms=32.463360
NET frame=30 gpu_ms=32.815540
NET frame=31 gpu_ms=32.646000
NET frame=32 gpu_ms=32.591942
NET frame=33 gpu_ms=32.695122
NET frame=34 gpu_ms=32.919220
NET frame=35 gpu_ms=32.708542
NET frame=36 gpu_ms=32.588459
NET frame=37 gpu_ms=32.851559
NET frame=38 gpu_ms=32.737942
NET frame=39 gpu_ms=32.569221
NET frame=40 gpu_ms=32.709579
NET frame=41 gpu_ms=32.487202
NET frame=42 gpu_ms=32.415058
NET frame=43 gpu_ms=33.073219
NET frame=44 gpu_ms=32.669521
NET frame=45 gpu_ms=32.638142
NET frame=46 gpu_ms=32.905102
NET frame=47 gpu_ms=32.635700
NET frame=48 gpu_ms=32.662762
NET frame=49 gpu_ms=32.679619
NET frame=50 gpu_ms=32.717381
NET frame=51 gpu_ms=32.589001
NET frame=52 gpu_ms=32.950039
NET frame=53 gpu_ms=32.578201
NET frame=54 gpu_ms=32.787498
NET frame=55 gpu_ms=32.758961
NET frame=56 gpu_ms=32.638699
NET frame=57 gpu_ms=32.761940
NET frame=58 gpu_ms=32.718479
NET frame=59 gpu_ms=32.700741
NET frame=60 gpu_ms=32.890221
NET frame=61 gpu_ms=32.502460
NET frame=62 gpu_ms=32.872360
NET frame=63 gpu_ms=32.481918
NET frame=64 gpu_ms=32.746101
NET frame=65 gpu_ms=32.681461
NET frame=66 gpu_ms=32.760181
NET frame=67 gpu_ms=32.650120
NET frame=68 gpu_ms=32.611118
NET frame=69 gpu_ms=33.061039
NET frame=70 gpu_ms=32.511181
NET frame=71 gpu_ms=32.824680
NET frame=72 gpu_ms=32.770321
NET frame=73 gpu_ms=32.865681
NET frame=74 gpu_ms=32.616699
NET frame=75 gpu_ms=32.811138
NET frame=76 gpu_ms=32.655441
NET frame=77 gpu_ms=32.596260
NET frame=78 gpu_ms=32.621498
NET frame=79 gpu_ms=33.013538
NET frame=80 gpu_ms=32.658180
NET frame=81 gpu_ms=32.722080
NET frame=82 gpu_ms=32.711521
NET frame=83 gpu_ms=32.772320
NET frame=84 gpu_ms=32.530338
NET frame=85 gpu_ms=32.704079
NET frame=86 gpu_ms=32.913700
NET frame=87 gpu_ms=32.783459
NET frame=88 gpu_ms=32.912479
NET frame=89 gpu_ms=32.737659
NET frame=90 gpu_ms=32.761662
NET frame=91 gpu_ms=32.656219
NET frame=92 gpu_ms=32.987259
NET frame=93 gpu_ms=32.399841
NET frame=94 gpu_ms=32.976978
NET frame=95 gpu_ms=32.559761
NET frame=96 gpu_ms=32.691238
NET frame=97 gpu_ms=32.836262
NET frame=98 gpu_ms=32.739120
NET frame=99 gpu_ms=32.740421
NET frame=100 gpu_ms=32.807178
NET frame=101 gpu_ms=32.768421
NET frame=102 gpu_ms=32.585140
NET frame=103 gpu_ms=32.904362
NET frame=104 gpu_ms=32.558960
NET frame=105 gpu_ms=32.604080
NET frame=106 gpu_ms=32.891640
NET frame=107 gpu_ms=32.666420
NET frame=108 gpu_ms=32.833839
NET frame=109 gpu_ms=32.330078
NET frame=110 gpu_ms=32.761780
NET frame=111 gpu_ms=32.604519
NET frame=112 gpu_ms=32.857540
NET frame=113 gpu_ms=32.930019
NET frame=114 gpu_ms=32.664001
NET frame=115 gpu_ms=32.815159
NET frame=116 gpu_ms=32.774502
NET frame=117 gpu_ms=32.610378
NET frame=118 gpu_ms=32.704762
NET frame=119 gpu_ms=32.503342
NET frame=120 gpu_ms=32.552940
NET frame=121 gpu_ms=32.862019
NET frame=122 gpu_ms=32.849861
NET frame=123 gpu_ms=32.761440
NET frame=124 gpu_ms=32.709499
NET frame=125 gpu_ms=32.665379
NET frame=126 gpu_ms=32.509380
NET frame=127 gpu_ms=32.637959
NET frame=128 gpu_ms=32.772820
NET frame=129 gpu_ms=32.569939
NET frame=130 gpu_ms=32.620060
NET frame=131 gpu_ms=32.922199
NET frame=132 gpu_ms=32.605518
NET frame=133 gpu_ms=32.703819
NET frame=134 gpu_ms=32.739498
NET frame=135 gpu_ms=32.719978
NET frame=136 gpu_ms=32.707142
NET frame=137 gpu_ms=32.683441
NET frame=138 gpu_ms=32.759918
NET frame=139 gpu_ms=32.667961
NET frame=140 gpu_ms=32.874962
NET frame=141 gpu_ms=32.752441
NET frame=142 gpu_ms=32.505299
NET frame=143 gpu_ms=32.709900
NET frame=144 gpu_ms=32.820240
NET frame=145 gpu_ms=32.418900
NET frame=146 gpu_ms=32.812302
NET frame=147 gpu_ms=32.701939
NET frame=148 gpu_ms=32.645760
NET frame=149 gpu_ms=32.891479
NET frame=150 gpu_ms=32.757759
NET frame=151 gpu_ms=32.638641
NET frame=152 gpu_ms=32.796219
NET frame=153 gpu_ms=32.612202
NET frame=154 gpu_ms=32.710018
NET frame=155 gpu_ms=32.650261
NET frame=156 gpu_ms=32.857800
NET frame=157 gpu_ms=32.701279
NET frame=158 gpu_ms=32.991459
NET frame=159 gpu_ms=32.769821
NET frame=160 gpu_ms=32.869480
NET frame=161 gpu_ms=32.888039
NET frame=162 gpu_ms=32.846218
NET frame=163 gpu_ms=32.825359
NET frame=164 gpu_ms=32.613899
NET frame=165 gpu_ms=32.564621
NET frame=166 gpu_ms=32.885262
NET frame=167 gpu_ms=32.670380
NET frame=168 gpu_ms=32.578300
NET frame=169 gpu_ms=32.684101
NET frame=170 gpu_ms=32.877701
NET frame=171 gpu_ms=32.668098
NET frame=172 gpu_ms=32.803360
NET frame=173 gpu_ms=32.665218
NET frame=174 gpu_ms=32.715542
NET frame=175 gpu_ms=32.662041
NET frame=176 gpu_ms=32.703140
NET frame=177 gpu_ms=32.929619
NET frame=178 gpu_ms=32.604359
NET frame=179 gpu_ms=32.879200
NET frame=180 gpu_ms=32.690720
NET frame=181 gpu_ms=32.743778
NET frame=182 gpu_ms=32.667679
NET frame=183 gpu_ms=32.812641
NET frame=184 gpu_ms=32.586979
NET frame=185 gpu_ms=32.750778
NET frame=186 gpu_ms=32.818821
NET frame=187 gpu_ms=32.638439
NET frame=188 gpu_ms=32.902962
NET frame=189 gpu_ms=32.745361
NET frame=190 gpu_ms=32.874481
NET frame=191 gpu_ms=32.613682
NET frame=192 gpu_ms=33.049858
NET frame=193 gpu_ms=32.625820
NET frame=194 gpu_ms=32.856060
NET frame=195 gpu_ms=32.567581
NET frame=196 gpu_ms=32.824162
NET frame=197 gpu_ms=32.632038
NET frame=198 gpu_ms=32.801060
NET frame=199 gpu_ms=32.693138
frame=199 reset=1 wall_ms=34.402 invalid=0 luma=0.3597704 roi=0.4268046 dark=101219 roi_dark=9829 changed_first=0 maxabs_first=0
SP_STATS runs=0 fallback=0 rollover=0 jobs=0 disabled=0 errors=0
RESULT frames=200 temporal=0 mean_wall_ms=40.084 invalid_total=0 restored_capture_every_frame=1 HDR_preserved=1
