seed=0 pattern=0
input format=RGBA16_FLOAT W=1296 H=720 invalid=0 min=0 max=34.53125 luma=0.0157641119 roi_luma=0.0250669576
adapter=AMD Radeon RX 9070 XT
SP_PLAN c=256 first=16 layers=6 tasks=893 initial=160 state_bytes=10732 w16=1
SP_PLAN c=256 first=49 layers=6 tasks=893 initial=160 state_bytes=10732 w16=1
FRAME_NET_GPU frame=0 gpu_ms=1110.82422
frame=0 reset=1 wall_ms=1121.004 invalid=0 luma=0.01307101 roi=0.01974189 dark=806206 roi_dark=258238 changed_first=0 maxabs_first=0
FRAME_NET_GPU frame=1 gpu_ms=10.67062
FRAME_NET_GPU frame=2 gpu_ms=9.66419983
FRAME_NET_GPU frame=3 gpu_ms=9.38269997
FRAME_NET_GPU frame=4 gpu_ms=9.04020023
FRAME_NET_GPU frame=5 gpu_ms=8.87030029
FRAME_NET_GPU frame=6 gpu_ms=8.91839981
FRAME_NET_GPU frame=7 gpu_ms=8.95680046
FRAME_NET_GPU frame=8 gpu_ms=8.87839985
FRAME_NET_GPU frame=9 gpu_ms=8.95849991
FRAME_NET_GPU frame=10 gpu_ms=8.95009995
FRAME_NET_GPU frame=11 gpu_ms=8.89140034
FRAME_NET_GPU frame=12 gpu_ms=8.81140041
FRAME_NET_GPU frame=13 gpu_ms=8.74559975
FRAME_NET_GPU frame=14 gpu_ms=8.86989975
FRAME_NET_GPU frame=15 gpu_ms=8.90579987
FRAME_NET_GPU frame=16 gpu_ms=9.0019598
FRAME_NET_GPU frame=17 gpu_ms=8.88764
FRAME_NET_GPU frame=18 gpu_ms=8.89163971
FRAME_NET_GPU frame=19 gpu_ms=9.01327991
FRAME_NET_GPU frame=20 gpu_ms=9.01181984
FRAME_NET_GPU frame=21 gpu_ms=8.94793987
FRAME_NET_GPU frame=22 gpu_ms=8.97447968
FRAME_NET_GPU frame=23 gpu_ms=9.07301998
FRAME_NET_GPU frame=24 gpu_ms=9.05881977
FRAME_NET_GPU frame=25 gpu_ms=9.28069973
FRAME_NET_GPU frame=26 gpu_ms=9.04969978
FRAME_NET_GPU frame=27 gpu_ms=9.24458027
FRAME_NET_GPU frame=28 gpu_ms=9.17860031
FRAME_NET_GPU frame=29 gpu_ms=9.24277973
FRAME_NET_GPU frame=30 gpu_ms=9.06058025
FRAME_NET_GPU frame=31 gpu_ms=9.2239399
FRAME_NET_GPU frame=32 gpu_ms=9.09311962
FRAME_NET_GPU frame=33 gpu_ms=9.12084007
FRAME_NET_GPU frame=34 gpu_ms=9.20549965
FRAME_NET_GPU frame=35 gpu_ms=9.20751953
FRAME_NET_GPU frame=36 gpu_ms=9.29084015
FRAME_NET_GPU frame=37 gpu_ms=9.18054008
FRAME_NET_GPU frame=38 gpu_ms=9.25362015
FRAME_NET_GPU frame=39 gpu_ms=9.24188042
FRAME_NET_GPU frame=40 gpu_ms=9.07707977
FRAME_NET_GPU frame=41 gpu_ms=9.21683979
FRAME_NET_GPU frame=42 gpu_ms=9.17436028
FRAME_NET_GPU frame=43 gpu_ms=9.24831963
FRAME_NET_GPU frame=44 gpu_ms=9.16114044
FRAME_NET_GPU frame=45 gpu_ms=9.15435982
FRAME_NET_GPU frame=46 gpu_ms=9.19999981
FRAME_NET_GPU frame=47 gpu_ms=9.21395969
FRAME_NET_GPU frame=48 gpu_ms=9.16012001
FRAME_NET_GPU frame=49 gpu_ms=9.18416023
FRAME_NET_GPU frame=50 gpu_ms=9.28680038
FRAME_NET_GPU frame=51 gpu_ms=9.01881981
FRAME_NET_GPU frame=52 gpu_ms=9.17800045
FRAME_NET_GPU frame=53 gpu_ms=9.39480019
FRAME_NET_GPU frame=54 gpu_ms=9.10791969
FRAME_NET_GPU frame=55 gpu_ms=9.17399979
FRAME_NET_GPU frame=56 gpu_ms=9.18389988
FRAME_NET_GPU frame=57 gpu_ms=9.12022018
FRAME_NET_GPU frame=58 gpu_ms=9.18284035
FRAME_NET_GPU frame=59 gpu_ms=9.18885994
FRAME_NET_GPU frame=60 gpu_ms=9.13988018
FRAME_NET_GPU frame=61 gpu_ms=9.15993977
FRAME_NET_GPU frame=62 gpu_ms=9.27416039
FRAME_NET_GPU frame=63 gpu_ms=9.17144012
FRAME_NET_GPU frame=64 gpu_ms=9.29675961
FRAME_NET_GPU frame=65 gpu_ms=9.17741966
FRAME_NET_GPU frame=66 gpu_ms=9.21140003
FRAME_NET_GPU frame=67 gpu_ms=9.11771965
FRAME_NET_GPU frame=68 gpu_ms=9.22325993
FRAME_NET_GPU frame=69 gpu_ms=9.34677982
FRAME_NET_GPU frame=70 gpu_ms=9.17123985
FRAME_NET_GPU frame=71 gpu_ms=9.2295599
FRAME_NET_GPU frame=72 gpu_ms=9.16678047
FRAME_NET_GPU frame=73 gpu_ms=9.27719975
FRAME_NET_GPU frame=74 gpu_ms=9.00352001
FRAME_NET_GPU frame=75 gpu_ms=9.13628006
FRAME_NET_GPU frame=76 gpu_ms=9.20151997
FRAME_NET_GPU frame=77 gpu_ms=9.2485199
FRAME_NET_GPU frame=78 gpu_ms=9.14146042
FRAME_NET_GPU frame=79 gpu_ms=9.14682007
FRAME_NET_GPU frame=80 gpu_ms=9.14087963
FRAME_NET_GPU frame=81 gpu_ms=9.31274033
FRAME_NET_GPU frame=82 gpu_ms=9.15853977
FRAME_NET_GPU frame=83 gpu_ms=9.2507
FRAME_NET_GPU frame=84 gpu_ms=9.14295959
FRAME_NET_GPU frame=85 gpu_ms=9.15538025
FRAME_NET_GPU frame=86 gpu_ms=9.15114021
FRAME_NET_GPU frame=87 gpu_ms=9.25382042
FRAME_NET_GPU frame=88 gpu_ms=9.20833969
FRAME_NET_GPU frame=89 gpu_ms=9.22708035
FRAME_NET_GPU frame=90 gpu_ms=9.35671997
FRAME_NET_GPU frame=91 gpu_ms=8.95203972
FRAME_NET_GPU frame=92 gpu_ms=9.20283985
FRAME_NET_GPU frame=93 gpu_ms=9.23748016
FRAME_NET_GPU frame=94 gpu_ms=9.16606045
FRAME_NET_GPU frame=95 gpu_ms=9.19202042
FRAME_NET_GPU frame=96 gpu_ms=9.14712048
FRAME_NET_GPU frame=97 gpu_ms=9.32553959
FRAME_NET_GPU frame=98 gpu_ms=9.18490028
FRAME_NET_GPU frame=99 gpu_ms=9.09060001
FRAME_NET_GPU frame=100 gpu_ms=9.15913963
FRAME_NET_GPU frame=101 gpu_ms=8.9778204
FRAME_NET_GPU frame=102 gpu_ms=9.08699989
FRAME_NET_GPU frame=103 gpu_ms=9.17129993
FRAME_NET_GPU frame=104 gpu_ms=9.17218018
FRAME_NET_GPU frame=105 gpu_ms=9.11100006
FRAME_NET_GPU frame=106 gpu_ms=9.21527958
FRAME_NET_GPU frame=107 gpu_ms=9.2884798
FRAME_NET_GPU frame=108 gpu_ms=9.09202003
FRAME_NET_GPU frame=109 gpu_ms=9.15326023
FRAME_NET_GPU frame=110 gpu_ms=9.20326042
FRAME_NET_GPU frame=111 gpu_ms=9.27583981
FRAME_NET_GPU frame=112 gpu_ms=9.17735958
FRAME_NET_GPU frame=113 gpu_ms=9.21210003
FRAME_NET_GPU frame=114 gpu_ms=9.20536041
FRAME_NET_GPU frame=115 gpu_ms=9.1115799
FRAME_NET_GPU frame=116 gpu_ms=9.20158005
FRAME_NET_GPU frame=117 gpu_ms=9.19682026
FRAME_NET_GPU frame=118 gpu_ms=9.17101955
FRAME_NET_GPU frame=119 gpu_ms=9.14704037
FRAME_NET_GPU frame=120 gpu_ms=9.15532017
FRAME_NET_GPU frame=121 gpu_ms=9.33701992
FRAME_NET_GPU frame=122 gpu_ms=9.13994026
FRAME_NET_GPU frame=123 gpu_ms=9.07750034
FRAME_NET_GPU frame=124 gpu_ms=9.19423962
FRAME_NET_GPU frame=125 gpu_ms=9.14290047
FRAME_NET_GPU frame=126 gpu_ms=9.21568012
FRAME_NET_GPU frame=127 gpu_ms=9.16639996
FRAME_NET_GPU frame=128 gpu_ms=9.15132046
FRAME_NET_GPU frame=129 gpu_ms=9.24009991
FRAME_NET_GPU frame=130 gpu_ms=9.20425987
FRAME_NET_GPU frame=131 gpu_ms=9.17982006
FRAME_NET_GPU frame=132 gpu_ms=9.16969967
FRAME_NET_GPU frame=133 gpu_ms=9.28705978
FRAME_NET_GPU frame=134 gpu_ms=9.18496037
FRAME_NET_GPU frame=135 gpu_ms=9.13243961
FRAME_NET_GPU frame=136 gpu_ms=9.16372013
FRAME_NET_GPU frame=137 gpu_ms=9.19437981
FRAME_NET_GPU frame=138 gpu_ms=9.21135998
FRAME_NET_GPU frame=139 gpu_ms=9.26978016
FRAME_NET_GPU frame=140 gpu_ms=9.12055969
FRAME_NET_GPU frame=141 gpu_ms=9.24868011
FRAME_NET_GPU frame=142 gpu_ms=9.17494011
FRAME_NET_GPU frame=143 gpu_ms=9.29965973
FRAME_NET_GPU frame=144 gpu_ms=9.13605976
FRAME_NET_GPU frame=145 gpu_ms=9.17621994
FRAME_NET_GPU frame=146 gpu_ms=9.24613953
FRAME_NET_GPU frame=147 gpu_ms=8.9651804
FRAME_NET_GPU frame=148 gpu_ms=9.23521996
FRAME_NET_GPU frame=149 gpu_ms=9.1093998
FRAME_NET_GPU frame=150 gpu_ms=9.19668007
FRAME_NET_GPU frame=151 gpu_ms=9.18929958
FRAME_NET_GPU frame=152 gpu_ms=9.30169964
FRAME_NET_GPU frame=153 gpu_ms=9.1626997
FRAME_NET_GPU frame=154 gpu_ms=9.10762024
FRAME_NET_GPU frame=155 gpu_ms=9.11367989
FRAME_NET_GPU frame=156 gpu_ms=9.04496002
FRAME_NET_GPU frame=157 gpu_ms=9.19462013
FRAME_NET_GPU frame=158 gpu_ms=9.13976002
FRAME_NET_GPU frame=159 gpu_ms=9.2719202
frame=159 reset=1 wall_ms=9.835 invalid=0 luma=0.01307101 roi=0.01974189 dark=806206 roi_dark=258238 changed_first=0 maxabs_first=0
SP_STATS runs=320 fallback=0 rollover=0 jobs=285760 disabled=0 errors=0
RESULT frames=160 temporal=0 mean_wall_ms=16.677 invalid_total=0 restored_capture_every_frame=1 HDR_preserved=1

