seed=1 pattern=0
input format=RGBA16_FLOAT W=2560 H=1440 invalid=0 min=0 max=1 luma=0.357899353 roi_luma=0.389746571
adapter=AMD Radeon RX 9070 XT
NET frame=0 gpu_ms=1131.949829
GEOMETRY valid=2560x1440 processing=2560x1472 tokens=960
frame=0 reset=1 wall_ms=1140.021 invalid=0 luma=0.3596833 roi=0.4035345 dark=1325 roi_dark=232 changed_first=0 maxabs_first=0
NET frame=1 gpu_ms=18.561760
NET frame=2 gpu_ms=16.792999
NET frame=3 gpu_ms=16.580099
NET frame=4 gpu_ms=16.422199
NET frame=5 gpu_ms=16.305599
NET frame=6 gpu_ms=16.385500
NET frame=7 gpu_ms=16.318501
NET frame=8 gpu_ms=16.324400
NET frame=9 gpu_ms=16.363400
NET frame=10 gpu_ms=16.266300
NET frame=11 gpu_ms=16.343000
NET frame=12 gpu_ms=16.422600
NET frame=13 gpu_ms=16.164000
NET frame=14 gpu_ms=16.431400
NET frame=15 gpu_ms=16.660200
NET frame=16 gpu_ms=16.682501
NET frame=17 gpu_ms=16.732700
NET frame=18 gpu_ms=16.579300
NET frame=19 gpu_ms=16.527300
NET frame=20 gpu_ms=16.691799
NET frame=21 gpu_ms=16.537901
NET frame=22 gpu_ms=16.639099
NET frame=23 gpu_ms=16.481400
NET frame=24 gpu_ms=16.749901
NET frame=25 gpu_ms=16.476219
NET frame=26 gpu_ms=16.333599
NET frame=27 gpu_ms=16.554119
NET frame=28 gpu_ms=16.507139
NET frame=29 gpu_ms=16.538799
NET frame=30 gpu_ms=16.491600
NET frame=31 gpu_ms=16.549860
NET frame=32 gpu_ms=16.553499
NET frame=33 gpu_ms=16.716000
NET frame=34 gpu_ms=16.721201
NET frame=35 gpu_ms=16.732000
NET frame=36 gpu_ms=16.653999
NET frame=37 gpu_ms=16.645201
NET frame=38 gpu_ms=16.778799
NET frame=39 gpu_ms=16.598200
NET frame=40 gpu_ms=16.591101
NET frame=41 gpu_ms=16.620701
NET frame=42 gpu_ms=16.681700
NET frame=43 gpu_ms=16.684120
NET frame=44 gpu_ms=16.719299
NET frame=45 gpu_ms=16.729900
NET frame=46 gpu_ms=16.686001
NET frame=47 gpu_ms=16.701599
NET frame=48 gpu_ms=16.727699
NET frame=49 gpu_ms=16.677799
NET frame=50 gpu_ms=16.614100
NET frame=51 gpu_ms=16.756001
NET frame=52 gpu_ms=16.490299
NET frame=53 gpu_ms=16.575500
NET frame=54 gpu_ms=16.765200
NET frame=55 gpu_ms=16.726259
NET frame=56 gpu_ms=16.680000
NET frame=57 gpu_ms=16.767200
NET frame=58 gpu_ms=16.674419
NET frame=59 gpu_ms=16.444860
NET frame=60 gpu_ms=16.773399
NET frame=61 gpu_ms=16.855900
NET frame=62 gpu_ms=16.650299
NET frame=63 gpu_ms=16.585840
NET frame=64 gpu_ms=16.511641
NET frame=65 gpu_ms=16.736799
NET frame=66 gpu_ms=16.756001
NET frame=67 gpu_ms=16.605101
NET frame=68 gpu_ms=16.781601
NET frame=69 gpu_ms=16.703699
NET frame=70 gpu_ms=16.584999
NET frame=71 gpu_ms=16.725800
frame=71 reset=1 wall_ms=18.080 invalid=0 luma=0.3596833 roi=0.4035345 dark=1325 roi_dark=232 changed_first=0 maxabs_first=0
SP_STATS runs=0 fallback=0 rollover=0 jobs=0 disabled=0 errors=0
RESULT frames=72 temporal=0 mean_wall_ms=33.720 invalid_total=0 restored_capture_every_frame=1 HDR_preserved=1
