seed=0 pattern=0
input format=RGBA16_FLOAT W=1296 H=720 invalid=0 min=0 max=34.53125 luma=0.0157641119 roi_luma=0.0250669576
adapter=AMD Radeon RX 9070 XT
SP_PLAN c=128 first=10 layers=4 tasks=1581 initial=416 state_bytes=18988
SP_DONE c=128 first=10 tasks=1581 base=0 ms=0.849
SP_PLAN c=256 first=16 layers=6 tasks=624 initial=104 state_bytes=7504
SP_DONE c=256 first=16 tasks=624 base=0 ms=0.782
SP_PLAN c=256 first=49 layers=6 tasks=624 initial=104 state_bytes=7504
SP_DONE c=256 first=49 tasks=624 base=0 ms=0.573
frame=0 reset=1 wall_ms=1414.272 invalid=0 luma=0.01004178 roi=0.01568267 dark=842326 roi_dark=274409 changed_first=0 maxabs_first=0
SP_DONE c=128 first=10 tasks=1581 base=1581 ms=3.468
SP_DONE c=256 first=16 tasks=624 base=624 ms=0.954
SP_DONE c=256 first=49 tasks=624 base=624 ms=1.372
frame=1 reset=0 wall_ms=22.066 invalid=0 luma=0.01069183 roi=0.01666229 dark=836150 roi_dark=270498 changed_first=3672493 maxabs_first=15.56113
SP_DONE c=128 first=10 tasks=1581 base=3162 ms=3.315
SP_DONE c=256 first=16 tasks=624 base=1248 ms=0.979
SP_DONE c=256 first=49 tasks=624 base=1248 ms=1.271
frame=2 reset=0 wall_ms=14.519 invalid=0 luma=0.0110267 roi=0.01714769 dark=833545 roi_dark=269189 changed_first=3711189 maxabs_first=15.57192
SP_DONE c=128 first=10 tasks=1581 base=4743 ms=3.775
SP_DONE c=256 first=16 tasks=624 base=1872 ms=0.891
SP_DONE c=256 first=49 tasks=624 base=1872 ms=1.431
frame=3 reset=0 wall_ms=13.928 invalid=0 luma=0.01124946 roi=0.01750652 dark=831704 roi_dark=268125 changed_first=3724533 maxabs_first=15.57576
SP_DONE c=128 first=10 tasks=1581 base=6324 ms=8.853
SP_DONE c=256 first=16 tasks=624 base=2496 ms=2.330
SP_DONE c=256 first=49 tasks=624 base=2496 ms=1.476
frame=4 reset=0 wall_ms=21.433 invalid=0 luma=0.01144009 roi=0.01786219 dark=830225 roi_dark=267321 changed_first=3727583 maxabs_first=15.57611
SP_DONE c=128 first=10 tasks=1581 base=7905 ms=3.237
SP_DONE c=256 first=16 tasks=624 base=3120 ms=0.721
SP_DONE c=256 first=49 tasks=624 base=3120 ms=1.136
frame=5 reset=0 wall_ms=14.017 invalid=0 luma=0.01157156 roi=0.01806322 dark=829227 roi_dark=266713 changed_first=3729422 maxabs_first=15.57658
SP_DONE c=128 first=10 tasks=1581 base=9486 ms=3.298
SP_DONE c=256 first=16 tasks=624 base=3744 ms=0.960
SP_DONE c=256 first=49 tasks=624 base=3744 ms=1.331
frame=6 reset=0 wall_ms=14.619 invalid=0 luma=0.01172489 roi=0.01833849 dark=828273 roi_dark=266112 changed_first=3730220 maxabs_first=15.577
SP_DONE c=128 first=10 tasks=1581 base=11067 ms=4.591
SP_DONE c=256 first=16 tasks=624 base=4368 ms=0.684
SP_DONE c=256 first=49 tasks=624 base=4368 ms=1.138
frame=7 reset=0 wall_ms=15.041 invalid=0 luma=0.01152952 roi=0.0181503 dark=829556 roi_dark=266467 changed_first=3730402 maxabs_first=15.57514
SP_DONE c=128 first=10 tasks=1581 base=12648 ms=3.951
SP_DONE c=256 first=16 tasks=624 base=4992 ms=0.930
SP_DONE c=256 first=49 tasks=624 base=4992 ms=1.315
frame=8 reset=0 wall_ms=15.127 invalid=0 luma=0.01160356 roi=0.01834181 dark=829003 roi_dark=266028 changed_first=3730694 maxabs_first=15.57446
SP_DONE c=128 first=10 tasks=1581 base=14229 ms=6.021
SP_DONE c=256 first=16 tasks=624 base=5616 ms=0.945
SP_DONE c=256 first=49 tasks=624 base=5616 ms=1.327
frame=9 reset=0 wall_ms=17.874 invalid=0 luma=0.01147787 roi=0.01817924 dark=829571 roi_dark=266273 changed_first=3730927 maxabs_first=15.57565
SP_DONE c=128 first=10 tasks=1581 base=15810 ms=3.801
SP_DONE c=256 first=16 tasks=624 base=6240 ms=0.954
SP_DONE c=256 first=49 tasks=624 base=6240 ms=1.314
frame=10 reset=0 wall_ms=15.244 invalid=0 luma=0.01153603 roi=0.01835384 dark=829204 roi_dark=266268 changed_first=3730896 maxabs_first=15.57721
SP_DONE c=128 first=10 tasks=1581 base=17391 ms=3.311
SP_DONE c=256 first=16 tasks=624 base=6864 ms=0.932
SP_DONE c=256 first=49 tasks=624 base=6864 ms=1.304
frame=11 reset=0 wall_ms=14.089 invalid=0 luma=0.01160197 roi=0.01854111 dark=828520 roi_dark=265790 changed_first=3731113 maxabs_first=15.57678
SP_STATS runs=36 fallback=0 rollover=0 jobs=33948 disabled=0 errors=0
RESULT frames=12 temporal=1 mean_wall_ms=132.686 invalid_total=0 restored_capture_every_frame=1 HDR_preserved=1
