seed=0 pattern=0
input format=RGBA16_FLOAT W=1296 H=720 invalid=0 min=0 max=34.53125 luma=0.0157641119 roi_luma=0.0250669576
adapter=AMD Radeon RX 9070 XT
SP_PLAN c=64 first=6 layers=2 tasks=3111 initial=1581 state_bytes=37348
SP_DONE c=64 first=6 tasks=3111 base=0 ms=0.938
SP_PLAN c=256 first=16 layers=6 tasks=624 initial=104 state_bytes=7504
SP_DONE c=256 first=16 tasks=624 base=0 ms=0.590
SP_PLAN c=256 first=49 layers=6 tasks=624 initial=104 state_bytes=7504
SP_DONE c=256 first=49 tasks=624 base=0 ms=0.583
frame=0 reset=1 wall_ms=1212.384 invalid=0 luma=0.01004178 roi=0.01568267 dark=842326 roi_dark=274409 changed_first=0 maxabs_first=0
SP_DONE c=64 first=6 tasks=3111 base=3111 ms=6.536
SP_DONE c=256 first=16 tasks=624 base=624 ms=3.105
SP_DONE c=256 first=49 tasks=624 base=624 ms=3.281
frame=1 reset=1 wall_ms=19.912 invalid=0 luma=0.01004178 roi=0.01568267 dark=842326 roi_dark=274409 changed_first=0 maxabs_first=0
SP_DONE c=64 first=6 tasks=3111 base=6222 ms=2.474
SP_DONE c=256 first=16 tasks=624 base=1248 ms=1.205
SP_DONE c=256 first=49 tasks=624 base=1248 ms=3.136
frame=2 reset=1 wall_ms=10.244 invalid=0 luma=0.01004178 roi=0.01568267 dark=842326 roi_dark=274409 changed_first=0 maxabs_first=0
SP_DONE c=64 first=6 tasks=3111 base=9333 ms=2.412
SP_DONE c=256 first=16 tasks=624 base=1872 ms=1.228
SP_DONE c=256 first=49 tasks=624 base=1872 ms=3.161
frame=3 reset=1 wall_ms=10.333 invalid=0 luma=0.01004178 roi=0.01568267 dark=842326 roi_dark=274409 changed_first=0 maxabs_first=0
SP_DONE c=64 first=6 tasks=3111 base=12444 ms=2.368
SP_DONE c=256 first=16 tasks=624 base=2496 ms=1.227
SP_DONE c=256 first=49 tasks=624 base=2496 ms=3.166
frame=4 reset=1 wall_ms=10.181 invalid=0 luma=0.01004178 roi=0.01568267 dark=842326 roi_dark=274409 changed_first=0 maxabs_first=0
SP_DONE c=64 first=6 tasks=3111 base=15555 ms=2.450
SP_DONE c=256 first=16 tasks=624 base=3120 ms=1.214
SP_DONE c=256 first=49 tasks=624 base=3120 ms=3.107
frame=5 reset=1 wall_ms=10.449 invalid=0 luma=0.01004178 roi=0.01568267 dark=842326 roi_dark=274409 changed_first=0 maxabs_first=0
SP_DONE c=64 first=6 tasks=3111 base=18666 ms=2.348
SP_DONE c=256 first=16 tasks=624 base=3744 ms=1.272
SP_DONE c=256 first=49 tasks=624 base=3744 ms=3.140
frame=6 reset=1 wall_ms=10.278 invalid=0 luma=0.01004178 roi=0.01568267 dark=842326 roi_dark=274409 changed_first=0 maxabs_first=0
SP_DONE c=64 first=6 tasks=3111 base=21777 ms=2.257
SP_DONE c=256 first=16 tasks=624 base=4368 ms=1.222
SP_DONE c=256 first=49 tasks=624 base=4368 ms=3.113
frame=7 reset=1 wall_ms=10.106 invalid=0 luma=0.01004178 roi=0.01568267 dark=842326 roi_dark=274409 changed_first=0 maxabs_first=0
SP_DONE c=64 first=6 tasks=3111 base=24888 ms=2.365
SP_DONE c=256 first=16 tasks=624 base=4992 ms=1.227
SP_DONE c=256 first=49 tasks=624 base=4992 ms=3.155
frame=8 reset=1 wall_ms=10.316 invalid=0 luma=0.01004178 roi=0.01568267 dark=842326 roi_dark=274409 changed_first=0 maxabs_first=0
SP_DONE c=64 first=6 tasks=3111 base=27999 ms=2.318
SP_DONE c=256 first=16 tasks=624 base=5616 ms=1.216
SP_DONE c=256 first=49 tasks=624 base=5616 ms=3.324
frame=9 reset=1 wall_ms=10.389 invalid=0 luma=0.01004178 roi=0.01568267 dark=842326 roi_dark=274409 changed_first=0 maxabs_first=0
SP_DONE c=64 first=6 tasks=3111 base=31110 ms=2.634
SP_DONE c=256 first=16 tasks=624 base=6240 ms=1.459
SP_DONE c=256 first=49 tasks=624 base=6240 ms=3.216
frame=10 reset=1 wall_ms=10.804 invalid=0 luma=0.01004178 roi=0.01568267 dark=842326 roi_dark=274409 changed_first=0 maxabs_first=0
SP_DONE c=64 first=6 tasks=3111 base=34221 ms=2.723
SP_DONE c=256 first=16 tasks=624 base=6864 ms=1.523
SP_DONE c=256 first=49 tasks=624 base=6864 ms=3.352
frame=11 reset=1 wall_ms=11.365 invalid=0 luma=0.01004178 roi=0.01568267 dark=842326 roi_dark=274409 changed_first=0 maxabs_first=0
SP_STATS runs=36 fallback=0 rollover=0 jobs=52308 disabled=0 errors=0
RESULT frames=12 temporal=0 mean_wall_ms=111.397 invalid_total=0 restored_capture_every_frame=1 HDR_preserved=1
