seed=1 pattern=0
input format=RGBA16_FLOAT W=2560 H=1440 invalid=0 min=0 max=1 luma=0.357899353 roi_luma=0.389746571
adapter=AMD Radeon RX 9070 XT
NET frame=0 gpu_ms=1144.007935
GEOMETRY valid=2560x1440 processing=2560x1472 tokens=960
frame=0 reset=1 wall_ms=1149.699 invalid=0 luma=0.3596833 roi=0.4035345 dark=1325 roi_dark=232 changed_first=0 maxabs_first=0
NET frame=1 gpu_ms=21.584999
NET frame=2 gpu_ms=16.641300
NET frame=3 gpu_ms=16.212500
NET frame=4 gpu_ms=16.380899
NET frame=5 gpu_ms=16.361099
NET frame=6 gpu_ms=16.276501
NET frame=7 gpu_ms=16.337000
NET frame=8 gpu_ms=16.342899
NET frame=9 gpu_ms=16.395700
NET frame=10 gpu_ms=16.254499
NET frame=11 gpu_ms=16.297600
NET frame=12 gpu_ms=16.502199
NET frame=13 gpu_ms=16.404100
NET frame=14 gpu_ms=16.479200
NET frame=15 gpu_ms=16.596800
NET frame=16 gpu_ms=16.567101
NET frame=17 gpu_ms=16.588600
NET frame=18 gpu_ms=16.622400
NET frame=19 gpu_ms=16.597900
NET frame=20 gpu_ms=16.641500
NET frame=21 gpu_ms=16.571100
NET frame=22 gpu_ms=16.518499
NET frame=23 gpu_ms=16.496000
NET frame=24 gpu_ms=16.614901
NET frame=25 gpu_ms=16.478399
NET frame=26 gpu_ms=16.575300
NET frame=27 gpu_ms=16.646000
NET frame=28 gpu_ms=16.559299
NET frame=29 gpu_ms=16.537701
NET frame=30 gpu_ms=16.686399
NET frame=31 gpu_ms=16.603399
NET frame=32 gpu_ms=16.649900
NET frame=33 gpu_ms=16.604500
NET frame=34 gpu_ms=16.724701
NET frame=35 gpu_ms=16.632999
NET frame=36 gpu_ms=16.627001
NET frame=37 gpu_ms=16.610201
NET frame=38 gpu_ms=16.636101
NET frame=39 gpu_ms=16.722200
NET frame=40 gpu_ms=16.733801
NET frame=41 gpu_ms=16.717699
NET frame=42 gpu_ms=16.865000
NET frame=43 gpu_ms=16.547979
NET frame=44 gpu_ms=16.705900
NET frame=45 gpu_ms=16.756599
NET frame=46 gpu_ms=16.848101
NET frame=47 gpu_ms=16.760401
NET frame=48 gpu_ms=16.746719
NET frame=49 gpu_ms=16.383080
NET frame=50 gpu_ms=16.905399
NET frame=51 gpu_ms=16.616541
NET frame=52 gpu_ms=16.634199
NET frame=53 gpu_ms=16.570900
NET frame=54 gpu_ms=16.772499
NET frame=55 gpu_ms=16.824800
NET frame=56 gpu_ms=16.680700
NET frame=57 gpu_ms=16.770000
NET frame=58 gpu_ms=16.720501
NET frame=59 gpu_ms=16.629400
NET frame=60 gpu_ms=16.746500
NET frame=61 gpu_ms=16.748600
NET frame=62 gpu_ms=16.763700
NET frame=63 gpu_ms=16.579821
NET frame=64 gpu_ms=16.795200
NET frame=65 gpu_ms=16.646900
NET frame=66 gpu_ms=16.584299
NET frame=67 gpu_ms=16.568020
NET frame=68 gpu_ms=16.784000
NET frame=69 gpu_ms=16.677999
NET frame=70 gpu_ms=16.794300
NET frame=71 gpu_ms=16.646061
frame=71 reset=1 wall_ms=18.295 invalid=0 luma=0.3596833 roi=0.4035345 dark=1325 roi_dark=232 changed_first=0 maxabs_first=0
SP_STATS runs=0 fallback=0 rollover=0 jobs=0 disabled=0 errors=0
RESULT frames=72 temporal=0 mean_wall_ms=33.903 invalid_total=0 restored_capture_every_frame=1 HDR_preserved=1
