seed=1 pattern=0
input format=RGBA16_FLOAT W=1920 H=1080 invalid=0 min=0 max=1 luma=0.3579201 roi_luma=0.389767599
adapter=AMD Radeon RX 9070 XT
SP_PLAN c=256 first=16 layers=6 tasks=893 initial=160 state_bytes=10732 w16=1
SP_PLAN c=256 first=49 layers=6 tasks=893 initial=160 state_bytes=10732 w16=1
NET frame=0 gpu_ms=1154.044678
GEOMETRY valid=1920x1080 processing=1920x1152 tokens=640
frame=0 reset=1 wall_ms=1158.102 invalid=0 luma=0.3620656 roi=0.4089513 dark=1254 roi_dark=352 changed_first=0 maxabs_first=0
NET frame=1 gpu_ms=11.250020
NET frame=2 gpu_ms=9.847300
NET frame=3 gpu_ms=9.638500
NET frame=4 gpu_ms=9.134800
NET frame=5 gpu_ms=9.113200
NET frame=6 gpu_ms=9.146700
NET frame=7 gpu_ms=9.183500
NET frame=8 gpu_ms=9.224700
NET frame=9 gpu_ms=9.101500
NET frame=10 gpu_ms=9.142600
NET frame=11 gpu_ms=9.142700
NET frame=12 gpu_ms=9.019900
NET frame=13 gpu_ms=9.132500
NET frame=14 gpu_ms=9.067100
NET frame=15 gpu_ms=9.078500
NET frame=16 gpu_ms=9.082600
NET frame=17 gpu_ms=9.188200
NET frame=18 gpu_ms=9.043440
NET frame=19 gpu_ms=9.147520
NET frame=20 gpu_ms=9.090940
NET frame=21 gpu_ms=9.090100
NET frame=22 gpu_ms=9.053260
NET frame=23 gpu_ms=9.108720
NET frame=24 gpu_ms=9.138160
NET frame=25 gpu_ms=9.255200
NET frame=26 gpu_ms=9.049860
NET frame=27 gpu_ms=9.269100
NET frame=28 gpu_ms=9.249440
NET frame=29 gpu_ms=9.235700
NET frame=30 gpu_ms=9.250500
NET frame=31 gpu_ms=9.249500
NET frame=32 gpu_ms=9.335440
NET frame=33 gpu_ms=9.294200
NET frame=34 gpu_ms=9.707840
NET frame=35 gpu_ms=9.368420
NET frame=36 gpu_ms=9.268760
NET frame=37 gpu_ms=9.351460
NET frame=38 gpu_ms=9.271720
NET frame=39 gpu_ms=9.439340
NET frame=40 gpu_ms=9.180700
NET frame=41 gpu_ms=9.193380
NET frame=42 gpu_ms=9.314160
NET frame=43 gpu_ms=9.264220
NET frame=44 gpu_ms=9.301300
NET frame=45 gpu_ms=9.291600
NET frame=46 gpu_ms=9.357800
NET frame=47 gpu_ms=9.304500
NET frame=48 gpu_ms=9.291340
NET frame=49 gpu_ms=9.336100
NET frame=50 gpu_ms=9.282400
NET frame=51 gpu_ms=9.268900
NET frame=52 gpu_ms=9.283500
NET frame=53 gpu_ms=9.188600
NET frame=54 gpu_ms=9.355500
NET frame=55 gpu_ms=9.225200
NET frame=56 gpu_ms=9.279940
NET frame=57 gpu_ms=9.204400
NET frame=58 gpu_ms=9.384900
NET frame=59 gpu_ms=9.281580
NET frame=60 gpu_ms=9.287500
NET frame=61 gpu_ms=9.344100
NET frame=62 gpu_ms=9.252700
NET frame=63 gpu_ms=9.278200
NET frame=64 gpu_ms=9.289300
NET frame=65 gpu_ms=9.206500
NET frame=66 gpu_ms=9.248000
NET frame=67 gpu_ms=9.272100
NET frame=68 gpu_ms=9.248500
NET frame=69 gpu_ms=9.270900
NET frame=70 gpu_ms=9.292800
NET frame=71 gpu_ms=9.373100
NET frame=72 gpu_ms=9.155180
NET frame=73 gpu_ms=9.272760
NET frame=74 gpu_ms=9.256480
NET frame=75 gpu_ms=9.299960
NET frame=76 gpu_ms=9.309700
NET frame=77 gpu_ms=9.220240
NET frame=78 gpu_ms=9.357200
NET frame=79 gpu_ms=9.346500
NET frame=80 gpu_ms=9.345600
NET frame=81 gpu_ms=9.338300
NET frame=82 gpu_ms=9.356900
NET frame=83 gpu_ms=9.268700
NET frame=84 gpu_ms=9.255800
NET frame=85 gpu_ms=9.261540
NET frame=86 gpu_ms=9.339520
NET frame=87 gpu_ms=9.346720
NET frame=88 gpu_ms=9.311900
NET frame=89 gpu_ms=9.303900
NET frame=90 gpu_ms=9.281220
NET frame=91 gpu_ms=9.348660
NET frame=92 gpu_ms=9.182960
NET frame=93 gpu_ms=9.281540
NET frame=94 gpu_ms=9.167360
NET frame=95 gpu_ms=9.406840
NET frame=96 gpu_ms=9.175240
NET frame=97 gpu_ms=9.393960
NET frame=98 gpu_ms=9.356100
NET frame=99 gpu_ms=9.109820
NET frame=100 gpu_ms=9.338740
NET frame=101 gpu_ms=9.156980
NET frame=102 gpu_ms=9.169440
NET frame=103 gpu_ms=9.392920
NET frame=104 gpu_ms=9.728800
NET frame=105 gpu_ms=9.007020
NET frame=106 gpu_ms=9.287720
NET frame=107 gpu_ms=9.097820
NET frame=108 gpu_ms=9.242200
NET frame=109 gpu_ms=9.301500
NET frame=110 gpu_ms=9.289000
NET frame=111 gpu_ms=9.388720
NET frame=112 gpu_ms=9.194820
NET frame=113 gpu_ms=9.277700
NET frame=114 gpu_ms=9.281360
NET frame=115 gpu_ms=9.221280
NET frame=116 gpu_ms=9.262380
NET frame=117 gpu_ms=9.297580
NET frame=118 gpu_ms=9.214340
NET frame=119 gpu_ms=9.358100
NET frame=120 gpu_ms=9.176540
NET frame=121 gpu_ms=9.175720
NET frame=122 gpu_ms=9.178380
NET frame=123 gpu_ms=9.347240
NET frame=124 gpu_ms=9.402200
NET frame=125 gpu_ms=9.344780
NET frame=126 gpu_ms=9.054340
NET frame=127 gpu_ms=9.456600
NET frame=128 gpu_ms=9.206800
NET frame=129 gpu_ms=9.078180
NET frame=130 gpu_ms=9.275340
NET frame=131 gpu_ms=9.288400
NET frame=132 gpu_ms=9.312300
NET frame=133 gpu_ms=9.174380
NET frame=134 gpu_ms=9.356400
NET frame=135 gpu_ms=9.194580
NET frame=136 gpu_ms=9.264580
NET frame=137 gpu_ms=9.337060
NET frame=138 gpu_ms=9.250640
NET frame=139 gpu_ms=9.417340
NET frame=140 gpu_ms=9.272300
NET frame=141 gpu_ms=9.244880
NET frame=142 gpu_ms=9.151260
NET frame=143 gpu_ms=9.204420
NET frame=144 gpu_ms=9.371900
NET frame=145 gpu_ms=9.297000
NET frame=146 gpu_ms=9.332400
NET frame=147 gpu_ms=9.235480
NET frame=148 gpu_ms=9.320000
NET frame=149 gpu_ms=9.320620
NET frame=150 gpu_ms=9.280500
NET frame=151 gpu_ms=9.258600
NET frame=152 gpu_ms=9.349400
NET frame=153 gpu_ms=9.285820
NET frame=154 gpu_ms=9.130320
NET frame=155 gpu_ms=9.217100
NET frame=156 gpu_ms=9.325100
NET frame=157 gpu_ms=9.255600
NET frame=158 gpu_ms=9.376000
NET frame=159 gpu_ms=9.179080
frame=159 reset=1 wall_ms=10.195 invalid=0 luma=0.3620656 roi=0.4089513 dark=1254 roi_dark=352 changed_first=0 maxabs_first=0
SP_STATS runs=320 fallback=0 rollover=0 jobs=285760 disabled=0 errors=0
RESULT frames=160 temporal=0 mean_wall_ms=17.361 invalid_total=0 restored_capture_every_frame=1 HDR_preserved=1
