seed=1 pattern=0
input format=RGBA16_FLOAT W=2560 H=1440 invalid=0 min=0 max=1 luma=0.357899353 roi_luma=0.389746571
adapter=AMD Radeon RX 9070 XT
NET frame=0 gpu_ms=1093.274902
GEOMETRY valid=2560x1440 processing=2560x1472 tokens=960
frame=0 reset=1 wall_ms=1101.429 invalid=0 luma=0.3597704 roi=0.4268046 dark=101219 roi_dark=9829 changed_first=0 maxabs_first=0
NET frame=1 gpu_ms=34.415100
NET frame=2 gpu_ms=31.043100
NET frame=3 gpu_ms=31.329559
NET frame=4 gpu_ms=31.774401
NET frame=5 gpu_ms=31.948879
NET frame=6 gpu_ms=31.550541
NET frame=7 gpu_ms=31.782900
NET frame=8 gpu_ms=31.649401
NET frame=9 gpu_ms=31.690559
NET frame=10 gpu_ms=31.772720
NET frame=11 gpu_ms=31.684919
NET frame=12 gpu_ms=31.867880
NET frame=13 gpu_ms=32.112202
NET frame=14 gpu_ms=31.619801
NET frame=15 gpu_ms=31.638100
NET frame=16 gpu_ms=31.751900
NET frame=17 gpu_ms=31.867180
NET frame=18 gpu_ms=31.677839
NET frame=19 gpu_ms=31.830919
NET frame=20 gpu_ms=31.645700
NET frame=21 gpu_ms=31.723761
NET frame=22 gpu_ms=31.712139
NET frame=23 gpu_ms=31.793819
NET frame=24 gpu_ms=31.757120
NET frame=25 gpu_ms=31.495560
NET frame=26 gpu_ms=31.689480
NET frame=27 gpu_ms=31.726500
NET frame=28 gpu_ms=31.504820
NET frame=29 gpu_ms=31.605680
NET frame=30 gpu_ms=31.706381
NET frame=31 gpu_ms=31.573561
NET frame=32 gpu_ms=31.842779
NET frame=33 gpu_ms=31.744640
NET frame=34 gpu_ms=31.725760
NET frame=35 gpu_ms=31.790880
NET frame=36 gpu_ms=31.901480
NET frame=37 gpu_ms=31.549021
NET frame=38 gpu_ms=31.832060
NET frame=39 gpu_ms=31.660259
NET frame=40 gpu_ms=31.649561
NET frame=41 gpu_ms=31.794319
NET frame=42 gpu_ms=31.959539
NET frame=43 gpu_ms=31.749680
NET frame=44 gpu_ms=31.696079
NET frame=45 gpu_ms=31.677000
NET frame=46 gpu_ms=31.854639
NET frame=47 gpu_ms=31.689800
NET frame=48 gpu_ms=31.943600
NET frame=49 gpu_ms=31.628300
NET frame=50 gpu_ms=31.685699
NET frame=51 gpu_ms=31.966459
NET frame=52 gpu_ms=31.729561
NET frame=53 gpu_ms=31.670839
NET frame=54 gpu_ms=31.952520
NET frame=55 gpu_ms=31.843121
NET frame=56 gpu_ms=31.707001
NET frame=57 gpu_ms=31.926399
NET frame=58 gpu_ms=31.664379
NET frame=59 gpu_ms=31.941179
NET frame=60 gpu_ms=31.587120
NET frame=61 gpu_ms=31.802420
NET frame=62 gpu_ms=31.712000
NET frame=63 gpu_ms=31.827080
NET frame=64 gpu_ms=31.529100
NET frame=65 gpu_ms=31.808599
NET frame=66 gpu_ms=31.757219
NET frame=67 gpu_ms=31.763941
NET frame=68 gpu_ms=31.500040
NET frame=69 gpu_ms=31.956600
NET frame=70 gpu_ms=31.683479
NET frame=71 gpu_ms=31.730640
NET frame=72 gpu_ms=31.746260
NET frame=73 gpu_ms=31.735880
NET frame=74 gpu_ms=31.813780
NET frame=75 gpu_ms=31.853979
NET frame=76 gpu_ms=31.633459
NET frame=77 gpu_ms=31.810579
NET frame=78 gpu_ms=31.641319
NET frame=79 gpu_ms=31.966900
NET frame=80 gpu_ms=31.533199
NET frame=81 gpu_ms=31.931200
NET frame=82 gpu_ms=31.700859
NET frame=83 gpu_ms=31.795620
NET frame=84 gpu_ms=31.869921
NET frame=85 gpu_ms=31.784679
NET frame=86 gpu_ms=31.678560
NET frame=87 gpu_ms=31.749060
NET frame=88 gpu_ms=31.934179
NET frame=89 gpu_ms=31.607361
NET frame=90 gpu_ms=31.612080
NET frame=91 gpu_ms=31.691099
NET frame=92 gpu_ms=31.942400
NET frame=93 gpu_ms=31.703819
NET frame=94 gpu_ms=31.832319
NET frame=95 gpu_ms=31.696819
NET frame=96 gpu_ms=31.590380
NET frame=97 gpu_ms=31.890480
NET frame=98 gpu_ms=31.726860
NET frame=99 gpu_ms=31.649281
NET frame=100 gpu_ms=31.930559
NET frame=101 gpu_ms=31.682180
NET frame=102 gpu_ms=31.731340
NET frame=103 gpu_ms=31.751040
NET frame=104 gpu_ms=31.970760
NET frame=105 gpu_ms=31.560760
NET frame=106 gpu_ms=31.900600
NET frame=107 gpu_ms=31.866520
NET frame=108 gpu_ms=31.667620
NET frame=109 gpu_ms=31.888300
NET frame=110 gpu_ms=31.684561
NET frame=111 gpu_ms=31.985100
NET frame=112 gpu_ms=31.427759
NET frame=113 gpu_ms=31.792860
NET frame=114 gpu_ms=31.709940
NET frame=115 gpu_ms=31.633560
NET frame=116 gpu_ms=31.614960
NET frame=117 gpu_ms=31.668320
NET frame=118 gpu_ms=31.608940
NET frame=119 gpu_ms=31.666059
NET frame=120 gpu_ms=31.858061
NET frame=121 gpu_ms=31.869881
NET frame=122 gpu_ms=31.789419
NET frame=123 gpu_ms=31.588461
NET frame=124 gpu_ms=31.722820
NET frame=125 gpu_ms=31.707781
NET frame=126 gpu_ms=31.668381
NET frame=127 gpu_ms=31.981340
NET frame=128 gpu_ms=31.653980
NET frame=129 gpu_ms=31.674641
NET frame=130 gpu_ms=31.760521
NET frame=131 gpu_ms=31.564159
NET frame=132 gpu_ms=31.974001
NET frame=133 gpu_ms=31.490141
NET frame=134 gpu_ms=31.861000
NET frame=135 gpu_ms=31.641319
NET frame=136 gpu_ms=31.887640
NET frame=137 gpu_ms=31.663561
NET frame=138 gpu_ms=31.810181
NET frame=139 gpu_ms=31.741800
NET frame=140 gpu_ms=31.757641
NET frame=141 gpu_ms=31.614981
NET frame=142 gpu_ms=31.860840
NET frame=143 gpu_ms=31.774660
NET frame=144 gpu_ms=31.823759
NET frame=145 gpu_ms=31.767540
NET frame=146 gpu_ms=31.884359
NET frame=147 gpu_ms=31.705179
NET frame=148 gpu_ms=31.673161
NET frame=149 gpu_ms=31.778660
NET frame=150 gpu_ms=31.662621
NET frame=151 gpu_ms=31.866840
NET frame=152 gpu_ms=31.721359
NET frame=153 gpu_ms=31.815460
NET frame=154 gpu_ms=31.643761
NET frame=155 gpu_ms=31.857740
NET frame=156 gpu_ms=31.770300
NET frame=157 gpu_ms=31.533701
NET frame=158 gpu_ms=31.908960
NET frame=159 gpu_ms=32.028461
NET frame=160 gpu_ms=31.581341
NET frame=161 gpu_ms=31.736120
NET frame=162 gpu_ms=31.918779
NET frame=163 gpu_ms=31.635460
NET frame=164 gpu_ms=31.837799
NET frame=165 gpu_ms=31.714439
NET frame=166 gpu_ms=31.670700
NET frame=167 gpu_ms=32.019482
NET frame=168 gpu_ms=31.516760
NET frame=169 gpu_ms=31.997259
NET frame=170 gpu_ms=31.658501
NET frame=171 gpu_ms=31.869141
NET frame=172 gpu_ms=31.594021
NET frame=173 gpu_ms=31.840780
NET frame=174 gpu_ms=31.875259
NET frame=175 gpu_ms=31.552240
NET frame=176 gpu_ms=32.026241
NET frame=177 gpu_ms=31.730700
NET frame=178 gpu_ms=31.827660
NET frame=179 gpu_ms=31.697901
NET frame=180 gpu_ms=31.776020
NET frame=181 gpu_ms=31.834721
NET frame=182 gpu_ms=31.606039
NET frame=183 gpu_ms=31.871519
NET frame=184 gpu_ms=31.765520
NET frame=185 gpu_ms=31.828421
NET frame=186 gpu_ms=31.581640
NET frame=187 gpu_ms=31.827620
NET frame=188 gpu_ms=31.775379
NET frame=189 gpu_ms=32.095001
NET frame=190 gpu_ms=31.672920
NET frame=191 gpu_ms=31.935160
NET frame=192 gpu_ms=31.718121
NET frame=193 gpu_ms=31.980221
NET frame=194 gpu_ms=31.692499
NET frame=195 gpu_ms=31.707060
NET frame=196 gpu_ms=31.849680
NET frame=197 gpu_ms=31.716061
NET frame=198 gpu_ms=31.792999
NET frame=199 gpu_ms=31.830620
frame=199 reset=1 wall_ms=33.532 invalid=0 luma=0.3597704 roi=0.4268046 dark=101219 roi_dark=9829 changed_first=0 maxabs_first=0
SP_STATS runs=0 fallback=0 rollover=0 jobs=0 disabled=0 errors=0
RESULT frames=200 temporal=0 mean_wall_ms=38.762 invalid_total=0 restored_capture_every_frame=1 HDR_preserved=1
