MODULES D:\DLSSNR-Lab\hip-backend\c32-align-20260930\flat-B C32=687780B0C872D0E902D6DC54B01A246A5E0D99C74CA5E8CE5CBB946B99FAC952 C64=C8A88D27BE37A1A1C69282B07C55D22E5B5025DBF9978C8AC76F65AD118A5FD5
{"tag":"900-static-False","mean_ms":10.743727272727273,"sha":"54D7C1B454CD475AD2C12C2375AA6908FB9A3A7226F0901961EB49145EAAD689"}
MODULES D:\DLSSNR-Lab\hip-backend\c32-align-20260930\flat-F C32=30C3D107BD75C2213151DF088938EA285973009D805E0728FB59A2BA9777CF4B C64=C8A88D27BE37A1A1C69282B07C55D22E5B5025DBF9978C8AC76F65AD118A5FD5
{"tag":"900-static-True","mean_ms":12.132727272727271,"sha":"54D7C1B454CD475AD2C12C2375AA6908FB9A3A7226F0901961EB49145EAAD689"}
SAME 900-static-False 900-static-True
MODULES D:\DLSSNR-Lab\hip-backend\c32-align-20260930\flat-B C32=687780B0C872D0E902D6DC54B01A246A5E0D99C74CA5E8CE5CBB946B99FAC952 C64=C8A88D27BE37A1A1C69282B07C55D22E5B5025DBF9978C8AC76F65AD118A5FD5
{"tag":"900-motion-False","mean_ms":12.743636363636364,"sha":"5475F39A1C6B8F1F3BA64154327376F7520166A25C297B8ADB08A7BAEB5A8F95"}
MODULES D:\DLSSNR-Lab\hip-backend\c32-align-20260930\flat-F C32=30C3D107BD75C2213151DF088938EA285973009D805E0728FB59A2BA9777CF4B C64=C8A88D27BE37A1A1C69282B07C55D22E5B5025DBF9978C8AC76F65AD118A5FD5
{"tag":"900-motion-True","mean_ms":10.580818181818183,"sha":"5475F39A1C6B8F1F3BA64154327376F7520166A25C297B8ADB08A7BAEB5A8F95"}
SAME 900-motion-False 900-motion-True
MODULES D:\DLSSNR-Lab\hip-backend\c32-align-20260930\flat-B C32=687780B0C872D0E902D6DC54B01A246A5E0D99C74CA5E8CE5CBB946B99FAC952 C64=C8A88D27BE37A1A1C69282B07C55D22E5B5025DBF9978C8AC76F65AD118A5FD5
{"tag":"1080-static-False","mean_ms":11.893363636363636,"sha":"52947438109AA3E5A58DEB4DDC28045C175C51A6473775A1C102008CE7810D2B"}
MODULES D:\DLSSNR-Lab\hip-backend\c32-align-20260930\flat-F C32=30C3D107BD75C2213151DF088938EA285973009D805E0728FB59A2BA9777CF4B C64=C8A88D27BE37A1A1C69282B07C55D22E5B5025DBF9978C8AC76F65AD118A5FD5
{"tag":"1080-static-True","mean_ms":14.066545454545455,"sha":"52947438109AA3E5A58DEB4DDC28045C175C51A6473775A1C102008CE7810D2B"}
SAME 1080-static-False 1080-static-True
MODULES D:\DLSSNR-Lab\hip-backend\c32-align-20260930\flat-B C32=687780B0C872D0E902D6DC54B01A246A5E0D99C74CA5E8CE5CBB946B99FAC952 C64=C8A88D27BE37A1A1C69282B07C55D22E5B5025DBF9978C8AC76F65AD118A5FD5
{"tag":"1080-motion-False","mean_ms":12.846181818181821,"sha":"EF3EF3F43305E89547E3440D075E511B6F9B4F032E7C68F3D21782B6823F369E"}
MODULES D:\DLSSNR-Lab\hip-backend\c32-align-20260930\flat-F C32=30C3D107BD75C2213151DF088938EA285973009D805E0728FB59A2BA9777CF4B C64=C8A88D27BE37A1A1C69282B07C55D22E5B5025DBF9978C8AC76F65AD118A5FD5
{"tag":"1080-motion-True","mean_ms":12.268,"sha":"EF3EF3F43305E89547E3440D075E511B6F9B4F032E7C68F3D21782B6823F369E"}
SAME 1080-motion-False 1080-motion-True
MODULES D:\DLSSNR-Lab\hip-backend\c32-align-20260930\flat-B C32=687780B0C872D0E902D6DC54B01A246A5E0D99C74CA5E8CE5CBB946B99FAC952 C64=C8A88D27BE37A1A1C69282B07C55D22E5B5025DBF9978C8AC76F65AD118A5FD5
{"tag":"720-motion-False","mean_ms":7.6765454545454554,"sha":"C90688A2E7E641A03DF002D81B77251384C93EF3992E9F57D747009433B76A5D"}
MODULES D:\DLSSNR-Lab\hip-backend\c32-align-20260930\flat-F C32=30C3D107BD75C2213151DF088938EA285973009D805E0728FB59A2BA9777CF4B C64=C8A88D27BE37A1A1C69282B07C55D22E5B5025DBF9978C8AC76F65AD118A5FD5
{"tag":"720-motion-True","mean_ms":6.8216363636363635,"sha":"C90688A2E7E641A03DF002D81B77251384C93EF3992E9F57D747009433B76A5D"}
SAME 720-motion-False 720-motion-True
MODULES D:\DLSSNR-Lab\hip-backend\c32-align-20260930\flat-B C32=687780B0C872D0E902D6DC54B01A246A5E0D99C74CA5E8CE5CBB946B99FAC952 C64=C8A88D27BE37A1A1C69282B07C55D22E5B5025DBF9978C8AC76F65AD118A5FD5
{"tag":"900-history-False","mean_ms":12.878454545454547,"sha":"D0D899C190F04ABFA969CF73787B04B80E8700A3E66B843291398D53FBBC3FA5"}
MODULES D:\DLSSNR-Lab\hip-backend\c32-align-20260930\flat-F C32=30C3D107BD75C2213151DF088938EA285973009D805E0728FB59A2BA9777CF4B C64=C8A88D27BE37A1A1C69282B07C55D22E5B5025DBF9978C8AC76F65AD118A5FD5
{"tag":"900-history-True","mean_ms":11.068727272727273,"sha":"D0D899C190F04ABFA969CF73787B04B80E8700A3E66B843291398D53FBBC3FA5"}
SAME 900-history-False 900-history-True
MODULES D:\DLSSNR-Lab\hip-backend\c32-align-20260930\flat-B C32=687780B0C872D0E902D6DC54B01A246A5E0D99C74CA5E8CE5CBB946B99FAC952 C64=C8A88D27BE37A1A1C69282B07C55D22E5B5025DBF9978C8AC76F65AD118A5FD5
{"tag":"1080-history-False","mean_ms":14.70918181818182,"sha":"266C89831F10DBDE1C05B5CDF894D881E70C7DC8C4F9892D265C2AC32E171762"}
MODULES D:\DLSSNR-Lab\hip-backend\c32-align-20260930\flat-F C32=30C3D107BD75C2213151DF088938EA285973009D805E0728FB59A2BA9777CF4B C64=C8A88D27BE37A1A1C69282B07C55D22E5B5025DBF9978C8AC76F65AD118A5FD5
{"tag":"1080-history-True","mean_ms":13.977000000000002,"sha":"266C89831F10DBDE1C05B5CDF894D881E70C7DC8C4F9892D265C2AC32E171762"}
SAME 1080-history-False 1080-history-True
MODULES D:\DLSSNR-Lab\hip-backend\c32-align-20260930\flat-B C32=687780B0C872D0E902D6DC54B01A246A5E0D99C74CA5E8CE5CBB946B99FAC952 C64=C8A88D27BE37A1A1C69282B07C55D22E5B5025DBF9978C8AC76F65AD118A5FD5
{"tag":"900-static-False","mean_ms":15.91027272727273,"sha":"54D7C1B454CD475AD2C12C2375AA6908FB9A3A7226F0901961EB49145EAAD689"}
MODULES D:\DLSSNR-Lab\hip-backend\c32-align-20260930\flat-F C32=30C3D107BD75C2213151DF088938EA285973009D805E0728FB59A2BA9777CF4B C64=C8A88D27BE37A1A1C69282B07C55D22E5B5025DBF9978C8AC76F65AD118A5FD5
{"tag":"900-static-True","mean_ms":13.140454545454544,"sha":"54D7C1B454CD475AD2C12C2375AA6908FB9A3A7226F0901961EB49145EAAD689"}
SAME 900-static-False 900-static-True
MODULES D:\DLSSNR-Lab\hip-backend\c32-align-20260930\flat-B C32=687780B0C872D0E902D6DC54B01A246A5E0D99C74CA5E8CE5CBB946B99FAC952 C64=C8A88D27BE37A1A1C69282B07C55D22E5B5025DBF9978C8AC76F65AD118A5FD5
{"tag":"900-motion-False","mean_ms":17.062454545454546,"sha":"5475F39A1C6B8F1F3BA64154327376F7520166A25C297B8ADB08A7BAEB5A8F95"}
MODULES D:\DLSSNR-Lab\hip-backend\c32-align-20260930\flat-F C32=30C3D107BD75C2213151DF088938EA285973009D805E0728FB59A2BA9777CF4B C64=C8A88D27BE37A1A1C69282B07C55D22E5B5025DBF9978C8AC76F65AD118A5FD5
{"tag":"900-motion-True","mean_ms":12.469272727272728,"sha":"5475F39A1C6B8F1F3BA64154327376F7520166A25C297B8ADB08A7BAEB5A8F95"}
SAME 900-motion-False 900-motion-True
MODULES D:\DLSSNR-Lab\hip-backend\c32-align-20260930\flat-B C32=687780B0C872D0E902D6DC54B01A246A5E0D99C74CA5E8CE5CBB946B99FAC952 C64=C8A88D27BE37A1A1C69282B07C55D22E5B5025DBF9978C8AC76F65AD118A5FD5
{"tag":"1080-static-False","mean_ms":14.963363636363635,"sha":"52947438109AA3E5A58DEB4DDC28045C175C51A6473775A1C102008CE7810D2B"}
MODULES D:\DLSSNR-Lab\hip-backend\c32-align-20260930\flat-F C32=30C3D107BD75C2213151DF088938EA285973009D805E0728FB59A2BA9777CF4B C64=C8A88D27BE37A1A1C69282B07C55D22E5B5025DBF9978C8AC76F65AD118A5FD5
{"tag":"1080-static-True","mean_ms":15.185454545454546,"sha":"52947438109AA3E5A58DEB4DDC28045C175C51A6473775A1C102008CE7810D2B"}
SAME 1080-static-False 1080-static-True
MODULES D:\DLSSNR-Lab\hip-backend\c32-align-20260930\flat-B C32=687780B0C872D0E902D6DC54B01A246A5E0D99C74CA5E8CE5CBB946B99FAC952 C64=C8A88D27BE37A1A1C69282B07C55D22E5B5025DBF9978C8AC76F65AD118A5FD5
{"tag":"1080-motion-False","mean_ms":18.708454545454547,"sha":"20EBE3294DF3C8747A3CE17052E214B3492E86DEB2EE9FD007F746937C8ECA61"}
MODULES D:\DLSSNR-Lab\hip-backend\c32-align-20260930\flat-F C32=30C3D107BD75C2213151DF088938EA285973009D805E0728FB59A2BA9777CF4B C64=C8A88D27BE37A1A1C69282B07C55D22E5B5025DBF9978C8AC76F65AD118A5FD5
{"tag":"1080-motion-True","mean_ms":15.035090909090906,"sha":"20EBE3294DF3C8747A3CE17052E214B3492E86DEB2EE9FD007F746937C8ECA61"}
SAME 1080-motion-False 1080-motion-True
MODULES D:\DLSSNR-Lab\hip-backend\c32-align-20260930\flat-B C32=687780B0C872D0E902D6DC54B01A246A5E0D99C74CA5E8CE5CBB946B99FAC952 C64=C8A88D27BE37A1A1C69282B07C55D22E5B5025DBF9978C8AC76F65AD118A5FD5
{"tag":"720-motion-False","mean_ms":14.416181818181821,"sha":"9DF9122ACADE184B91D36A66FEFCFAC8E841ECC7C5BB06DF9FFFAE0F44112F77"}
MODULES D:\DLSSNR-Lab\hip-backend\c32-align-20260930\flat-F C32=30C3D107BD75C2213151DF088938EA285973009D805E0728FB59A2BA9777CF4B C64=C8A88D27BE37A1A1C69282B07C55D22E5B5025DBF9978C8AC76F65AD118A5FD5
{"tag":"720-motion-True","mean_ms":8.7353636363636369,"sha":"9DF9122ACADE184B91D36A66FEFCFAC8E841ECC7C5BB06DF9FFFAE0F44112F77"}
SAME 720-motion-False 720-motion-True
MODULES D:\DLSSNR-Lab\hip-backend\c32-align-20260930\flat-B C32=687780B0C872D0E902D6DC54B01A246A5E0D99C74CA5E8CE5CBB946B99FAC952 C64=C8A88D27BE37A1A1C69282B07C55D22E5B5025DBF9978C8AC76F65AD118A5FD5
{"tag":"900-history-False","mean_ms":18.837545454545452,"sha":"F41C89C1E78298BF3CFD381824189E1C87C31B5FCDAA889A357CD1A68BBC6E4B"}
MODULES D:\DLSSNR-Lab\hip-backend\c32-align-20260930\flat-F C32=30C3D107BD75C2213151DF088938EA285973009D805E0728FB59A2BA9777CF4B C64=C8A88D27BE37A1A1C69282B07C55D22E5B5025DBF9978C8AC76F65AD118A5FD5
{"tag":"900-history-True","mean_ms":15.692454545454547,"sha":"F41C89C1E78298BF3CFD381824189E1C87C31B5FCDAA889A357CD1A68BBC6E4B"}
SAME 900-history-False 900-history-True
MODULES D:\DLSSNR-Lab\hip-backend\c32-align-20260930\flat-B C32=687780B0C872D0E902D6DC54B01A246A5E0D99C74CA5E8CE5CBB946B99FAC952 C64=C8A88D27BE37A1A1C69282B07C55D22E5B5025DBF9978C8AC76F65AD118A5FD5
{"tag":"1080-history-False","mean_ms":20.407545454545456,"sha":"25131680EC7E66F966385AD36E0FB0AF59EC8879CF776BBD972A97845FED62F9"}
MODULES D:\DLSSNR-Lab\hip-backend\c32-align-20260930\flat-F C32=30C3D107BD75C2213151DF088938EA285973009D805E0728FB59A2BA9777CF4B C64=C8A88D27BE37A1A1C69282B07C55D22E5B5025DBF9978C8AC76F65AD118A5FD5
{"tag":"1080-history-True","mean_ms":17.121818181818181,"sha":"25131680EC7E66F966385AD36E0FB0AF59EC8879CF776BBD972A97845FED62F9"}
SAME 1080-history-False 1080-history-True
AE CSV SAME F
MODULES D:\DLSSNR-Lab\hip-backend\c32-align-20260930\flat-B C32=687780B0C872D0E902D6DC54B01A246A5E0D99C74CA5E8CE5CBB946B99FAC952 C64=C8A88D27BE37A1A1C69282B07C55D22E5B5025DBF9978C8AC76F65AD118A5FD5
{"tag":"900-history-False","mean_ms":11.55081818181818,"sha":"D0D899C190F04ABFA969CF73787B04B80E8700A3E66B843291398D53FBBC3FA5"}
MODULES D:\DLSSNR-Lab\hip-backend\c32-align-20260930\flat-F C32=30C3D107BD75C2213151DF088938EA285973009D805E0728FB59A2BA9777CF4B C64=C8A88D27BE37A1A1C69282B07C55D22E5B5025DBF9978C8AC76F65AD118A5FD5
{"tag":"900-history-True","mean_ms":12.926545454545455,"sha":"D0D899C190F04ABFA969CF73787B04B80E8700A3E66B843291398D53FBBC3FA5"}
SAME 900-history-False 900-history-True
MODULES D:\DLSSNR-Lab\hip-backend\c32-align-20260930\flat-B C32=687780B0C872D0E902D6DC54B01A246A5E0D99C74CA5E8CE5CBB946B99FAC952 C64=C8A88D27BE37A1A1C69282B07C55D22E5B5025DBF9978C8AC76F65AD118A5FD5
{"tag":"1080-history-False","mean_ms":16.245454545454546,"sha":"266C89831F10DBDE1C05B5CDF894D881E70C7DC8C4F9892D265C2AC32E171762"}
MODULES D:\DLSSNR-Lab\hip-backend\c32-align-20260930\flat-F C32=30C3D107BD75C2213151DF088938EA285973009D805E0728FB59A2BA9777CF4B C64=C8A88D27BE37A1A1C69282B07C55D22E5B5025DBF9978C8AC76F65AD118A5FD5
{"tag":"1080-history-True","mean_ms":16.143636363636364,"sha":"266C89831F10DBDE1C05B5CDF894D881E70C7DC8C4F9892D265C2AC32E171762"}
SAME 1080-history-False 1080-history-True
MODULES D:\DLSSNR-Lab\hip-backend\c32-align-20260930\flat-B C32=687780B0C872D0E902D6DC54B01A246A5E0D99C74CA5E8CE5CBB946B99FAC952 C64=C8A88D27BE37A1A1C69282B07C55D22E5B5025DBF9978C8AC76F65AD118A5FD5
{"tag":"900-history-False","mean_ms":14.80490909090909,"sha":"F41C89C1E78298BF3CFD381824189E1C87C31B5FCDAA889A357CD1A68BBC6E4B"}
MODULES D:\DLSSNR-Lab\hip-backend\c32-align-20260930\flat-F C32=30C3D107BD75C2213151DF088938EA285973009D805E0728FB59A2BA9777CF4B C64=C8A88D27BE37A1A1C69282B07C55D22E5B5025DBF9978C8AC76F65AD118A5FD5
{"tag":"900-history-True","mean_ms":19.139545454545456,"sha":"F41C89C1E78298BF3CFD381824189E1C87C31B5FCDAA889A357CD1A68BBC6E4B"}
SAME 900-history-False 900-history-True
MODULES D:\DLSSNR-Lab\hip-backend\c32-align-20260930\flat-B C32=687780B0C872D0E902D6DC54B01A246A5E0D99C74CA5E8CE5CBB946B99FAC952 C64=C8A88D27BE37A1A1C69282B07C55D22E5B5025DBF9978C8AC76F65AD118A5FD5
{"tag":"1080-history-False","mean_ms":18.212181818181818,"sha":"25131680EC7E66F966385AD36E0FB0AF59EC8879CF776BBD972A97845FED62F9"}
MODULES D:\DLSSNR-Lab\hip-backend\c32-align-20260930\flat-F C32=30C3D107BD75C2213151DF088938EA285973009D805E0728FB59A2BA9777CF4B C64=C8A88D27BE37A1A1C69282B07C55D22E5B5025DBF9978C8AC76F65AD118A5FD5
{"tag":"1080-history-True","mean_ms":22.317727272727272,"sha":"25131680EC7E66F966385AD36E0FB0AF59EC8879CF776BBD972A97845FED62F9"}
SAME 1080-history-False 1080-history-True
MODULES D:\DLSSNR-Lab\hip-backend\c32-align-20260930\flat-B C32=687780B0C872D0E902D6DC54B01A246A5E0D99C74CA5E8CE5CBB946B99FAC952 C64=C8A88D27BE37A1A1C69282B07C55D22E5B5025DBF9978C8AC76F65AD118A5FD5
{"tag":"time-900-0","mean_ms":7.8030687500000022,"sha":"54D7C1B454CD475AD2C12C2375AA6908FB9A3A7226F0901961EB49145EAAD689"}
MODULES D:\DLSSNR-Lab\hip-backend\c32-align-20260930\flat-F C32=30C3D107BD75C2213151DF088938EA285973009D805E0728FB59A2BA9777CF4B C64=C8A88D27BE37A1A1C69282B07C55D22E5B5025DBF9978C8AC76F65AD118A5FD5
{"tag":"time-900-1","mean_ms":7.8152275000000007,"sha":"54D7C1B454CD475AD2C12C2375AA6908FB9A3A7226F0901961EB49145EAAD689"}
MODULES D:\DLSSNR-Lab\hip-backend\c32-align-20260930\flat-F C32=30C3D107BD75C2213151DF088938EA285973009D805E0728FB59A2BA9777CF4B C64=C8A88D27BE37A1A1C69282B07C55D22E5B5025DBF9978C8AC76F65AD118A5FD5
{"tag":"time-900-2","mean_ms":7.8178124999999987,"sha":"54D7C1B454CD475AD2C12C2375AA6908FB9A3A7226F0901961EB49145EAAD689"}
MODULES D:\DLSSNR-Lab\hip-backend\c32-align-20260930\flat-B C32=687780B0C872D0E902D6DC54B01A246A5E0D99C74CA5E8CE5CBB946B99FAC952 C64=C8A88D27BE37A1A1C69282B07C55D22E5B5025DBF9978C8AC76F65AD118A5FD5
{"tag":"time-900-3","mean_ms":7.8445249999999973,"sha":"54D7C1B454CD475AD2C12C2375AA6908FB9A3A7226F0901961EB49145EAAD689"}
MODULES D:\DLSSNR-Lab\hip-backend\c32-align-20260930\flat-B C32=687780B0C872D0E902D6DC54B01A246A5E0D99C74CA5E8CE5CBB946B99FAC952 C64=C8A88D27BE37A1A1C69282B07C55D22E5B5025DBF9978C8AC76F65AD118A5FD5
{"tag":"time-1080-0","mean_ms":10.721013750000006,"sha":"52947438109AA3E5A58DEB4DDC28045C175C51A6473775A1C102008CE7810D2B"}
MODULES D:\DLSSNR-Lab\hip-backend\c32-align-20260930\flat-F C32=30C3D107BD75C2213151DF088938EA285973009D805E0728FB59A2BA9777CF4B C64=C8A88D27BE37A1A1C69282B07C55D22E5B5025DBF9978C8AC76F65AD118A5FD5
{"tag":"time-1080-1","mean_ms":10.687068750000014,"sha":"52947438109AA3E5A58DEB4DDC28045C175C51A6473775A1C102008CE7810D2B"}
MODULES D:\DLSSNR-Lab\hip-backend\c32-align-20260930\flat-F C32=30C3D107BD75C2213151DF088938EA285973009D805E0728FB59A2BA9777CF4B C64=C8A88D27BE37A1A1C69282B07C55D22E5B5025DBF9978C8AC76F65AD118A5FD5
{"tag":"time-1080-2","mean_ms":10.7107825,"sha":"52947438109AA3E5A58DEB4DDC28045C175C51A6473775A1C102008CE7810D2B"}
MODULES D:\DLSSNR-Lab\hip-backend\c32-align-20260930\flat-B C32=687780B0C872D0E902D6DC54B01A246A5E0D99C74CA5E8CE5CBB946B99FAC952 C64=C8A88D27BE37A1A1C69282B07C55D22E5B5025DBF9978C8AC76F65AD118A5FD5
{"tag":"time-1080-3","mean_ms":10.753021249999991,"sha":"52947438109AA3E5A58DEB4DDC28045C175C51A6473775A1C102008CE7810D2B"}
FULL_DONE F P
