MODULES D:\DLSSNR-Lab\hip-backend\c32-align-20260930\flat-A C32=D5CCA49957B8B3DB4BACC4A821FD4F754EDBA0FCADADA79DB3BB4CDBD9904CB7 C64=C8A88D27BE37A1A1C69282B07C55D22E5B5025DBF9978C8AC76F65AD118A5FD5
{"tag":"900-static-False","mean_ms":10.369090909090909,"sha":"54D7C1B454CD475AD2C12C2375AA6908FB9A3A7226F0901961EB49145EAAD689"}
MODULES D:\DLSSNR-Lab\hip-backend\c32-align-20260930\flat-DK C32=6B87807406ED8FB5F6B3D97DB8A7A46AAB7B6BF100C39AD863EA7851E8B84EF1 C64=C8A88D27BE37A1A1C69282B07C55D22E5B5025DBF9978C8AC76F65AD118A5FD5
{"tag":"900-static-True","mean_ms":10.365818181818181,"sha":"54D7C1B454CD475AD2C12C2375AA6908FB9A3A7226F0901961EB49145EAAD689"}
SAME 900-static-False 900-static-True
MODULES D:\DLSSNR-Lab\hip-backend\c32-align-20260930\flat-A C32=D5CCA49957B8B3DB4BACC4A821FD4F754EDBA0FCADADA79DB3BB4CDBD9904CB7 C64=C8A88D27BE37A1A1C69282B07C55D22E5B5025DBF9978C8AC76F65AD118A5FD5
{"tag":"900-motion-False","mean_ms":10.919545454545453,"sha":"5475F39A1C6B8F1F3BA64154327376F7520166A25C297B8ADB08A7BAEB5A8F95"}
MODULES D:\DLSSNR-Lab\hip-backend\c32-align-20260930\flat-DK C32=6B87807406ED8FB5F6B3D97DB8A7A46AAB7B6BF100C39AD863EA7851E8B84EF1 C64=C8A88D27BE37A1A1C69282B07C55D22E5B5025DBF9978C8AC76F65AD118A5FD5
{"tag":"900-motion-True","mean_ms":10.420727272727271,"sha":"5475F39A1C6B8F1F3BA64154327376F7520166A25C297B8ADB08A7BAEB5A8F95"}
SAME 900-motion-False 900-motion-True
MODULES D:\DLSSNR-Lab\hip-backend\c32-align-20260930\flat-A C32=D5CCA49957B8B3DB4BACC4A821FD4F754EDBA0FCADADA79DB3BB4CDBD9904CB7 C64=C8A88D27BE37A1A1C69282B07C55D22E5B5025DBF9978C8AC76F65AD118A5FD5
{"tag":"1080-static-False","mean_ms":12.355909090909092,"sha":"52947438109AA3E5A58DEB4DDC28045C175C51A6473775A1C102008CE7810D2B"}
MODULES D:\DLSSNR-Lab\hip-backend\c32-align-20260930\flat-DK C32=6B87807406ED8FB5F6B3D97DB8A7A46AAB7B6BF100C39AD863EA7851E8B84EF1 C64=C8A88D27BE37A1A1C69282B07C55D22E5B5025DBF9978C8AC76F65AD118A5FD5
{"tag":"1080-static-True","mean_ms":14.064636363636362,"sha":"52947438109AA3E5A58DEB4DDC28045C175C51A6473775A1C102008CE7810D2B"}
SAME 1080-static-False 1080-static-True
MODULES D:\DLSSNR-Lab\hip-backend\c32-align-20260930\flat-A C32=D5CCA49957B8B3DB4BACC4A821FD4F754EDBA0FCADADA79DB3BB4CDBD9904CB7 C64=C8A88D27BE37A1A1C69282B07C55D22E5B5025DBF9978C8AC76F65AD118A5FD5
{"tag":"1080-motion-False","mean_ms":14.611636363636364,"sha":"EF3EF3F43305E89547E3440D075E511B6F9B4F032E7C68F3D21782B6823F369E"}
MODULES D:\DLSSNR-Lab\hip-backend\c32-align-20260930\flat-DK C32=6B87807406ED8FB5F6B3D97DB8A7A46AAB7B6BF100C39AD863EA7851E8B84EF1 C64=C8A88D27BE37A1A1C69282B07C55D22E5B5025DBF9978C8AC76F65AD118A5FD5
{"tag":"1080-motion-True","mean_ms":14.908727272727274,"sha":"EF3EF3F43305E89547E3440D075E511B6F9B4F032E7C68F3D21782B6823F369E"}
SAME 1080-motion-False 1080-motion-True
MODULES D:\DLSSNR-Lab\hip-backend\c32-align-20260930\flat-A C32=D5CCA49957B8B3DB4BACC4A821FD4F754EDBA0FCADADA79DB3BB4CDBD9904CB7 C64=C8A88D27BE37A1A1C69282B07C55D22E5B5025DBF9978C8AC76F65AD118A5FD5
{"tag":"720-motion-False","mean_ms":8.3490909090909078,"sha":"C90688A2E7E641A03DF002D81B77251384C93EF3992E9F57D747009433B76A5D"}
MODULES D:\DLSSNR-Lab\hip-backend\c32-align-20260930\flat-DK C32=6B87807406ED8FB5F6B3D97DB8A7A46AAB7B6BF100C39AD863EA7851E8B84EF1 C64=C8A88D27BE37A1A1C69282B07C55D22E5B5025DBF9978C8AC76F65AD118A5FD5
{"tag":"720-motion-True","mean_ms":6.9694545454545453,"sha":"C90688A2E7E641A03DF002D81B77251384C93EF3992E9F57D747009433B76A5D"}
SAME 720-motion-False 720-motion-True
MODULES D:\DLSSNR-Lab\hip-backend\c32-align-20260930\flat-A C32=D5CCA49957B8B3DB4BACC4A821FD4F754EDBA0FCADADA79DB3BB4CDBD9904CB7 C64=C8A88D27BE37A1A1C69282B07C55D22E5B5025DBF9978C8AC76F65AD118A5FD5
{"tag":"900-history-False","mean_ms":12.264272727272726,"sha":"D0D899C190F04ABFA969CF73787B04B80E8700A3E66B843291398D53FBBC3FA5"}
MODULES D:\DLSSNR-Lab\hip-backend\c32-align-20260930\flat-DK C32=6B87807406ED8FB5F6B3D97DB8A7A46AAB7B6BF100C39AD863EA7851E8B84EF1 C64=C8A88D27BE37A1A1C69282B07C55D22E5B5025DBF9978C8AC76F65AD118A5FD5
{"tag":"900-history-True","mean_ms":10.488090909090909,"sha":"D0D899C190F04ABFA969CF73787B04B80E8700A3E66B843291398D53FBBC3FA5"}
SAME 900-history-False 900-history-True
MODULES D:\DLSSNR-Lab\hip-backend\c32-align-20260930\flat-A C32=D5CCA49957B8B3DB4BACC4A821FD4F754EDBA0FCADADA79DB3BB4CDBD9904CB7 C64=C8A88D27BE37A1A1C69282B07C55D22E5B5025DBF9978C8AC76F65AD118A5FD5
{"tag":"1080-history-False","mean_ms":14.813454545454544,"sha":"266C89831F10DBDE1C05B5CDF894D881E70C7DC8C4F9892D265C2AC32E171762"}
MODULES D:\DLSSNR-Lab\hip-backend\c32-align-20260930\flat-DK C32=6B87807406ED8FB5F6B3D97DB8A7A46AAB7B6BF100C39AD863EA7851E8B84EF1 C64=C8A88D27BE37A1A1C69282B07C55D22E5B5025DBF9978C8AC76F65AD118A5FD5
{"tag":"1080-history-True","mean_ms":13.651090909090909,"sha":"266C89831F10DBDE1C05B5CDF894D881E70C7DC8C4F9892D265C2AC32E171762"}
SAME 1080-history-False 1080-history-True
MODULES D:\DLSSNR-Lab\hip-backend\c32-align-20260930\flat-A C32=D5CCA49957B8B3DB4BACC4A821FD4F754EDBA0FCADADA79DB3BB4CDBD9904CB7 C64=C8A88D27BE37A1A1C69282B07C55D22E5B5025DBF9978C8AC76F65AD118A5FD5
{"tag":"900-static-False","mean_ms":11.508636363636363,"sha":"54D7C1B454CD475AD2C12C2375AA6908FB9A3A7226F0901961EB49145EAAD689"}
MODULES D:\DLSSNR-Lab\hip-backend\c32-align-20260930\flat-DK C32=6B87807406ED8FB5F6B3D97DB8A7A46AAB7B6BF100C39AD863EA7851E8B84EF1 C64=C8A88D27BE37A1A1C69282B07C55D22E5B5025DBF9978C8AC76F65AD118A5FD5
{"tag":"900-static-True","mean_ms":10.812181818181818,"sha":"54D7C1B454CD475AD2C12C2375AA6908FB9A3A7226F0901961EB49145EAAD689"}
SAME 900-static-False 900-static-True
MODULES D:\DLSSNR-Lab\hip-backend\c32-align-20260930\flat-A C32=D5CCA49957B8B3DB4BACC4A821FD4F754EDBA0FCADADA79DB3BB4CDBD9904CB7 C64=C8A88D27BE37A1A1C69282B07C55D22E5B5025DBF9978C8AC76F65AD118A5FD5
{"tag":"900-motion-False","mean_ms":12.703636363636361,"sha":"5475F39A1C6B8F1F3BA64154327376F7520166A25C297B8ADB08A7BAEB5A8F95"}
MODULES D:\DLSSNR-Lab\hip-backend\c32-align-20260930\flat-DK C32=6B87807406ED8FB5F6B3D97DB8A7A46AAB7B6BF100C39AD863EA7851E8B84EF1 C64=C8A88D27BE37A1A1C69282B07C55D22E5B5025DBF9978C8AC76F65AD118A5FD5
{"tag":"900-motion-True","mean_ms":11.894,"sha":"5475F39A1C6B8F1F3BA64154327376F7520166A25C297B8ADB08A7BAEB5A8F95"}
SAME 900-motion-False 900-motion-True
MODULES D:\DLSSNR-Lab\hip-backend\c32-align-20260930\flat-A C32=D5CCA49957B8B3DB4BACC4A821FD4F754EDBA0FCADADA79DB3BB4CDBD9904CB7 C64=C8A88D27BE37A1A1C69282B07C55D22E5B5025DBF9978C8AC76F65AD118A5FD5
{"tag":"1080-static-False","mean_ms":13.890545454545457,"sha":"52947438109AA3E5A58DEB4DDC28045C175C51A6473775A1C102008CE7810D2B"}
MODULES D:\DLSSNR-Lab\hip-backend\c32-align-20260930\flat-DK C32=6B87807406ED8FB5F6B3D97DB8A7A46AAB7B6BF100C39AD863EA7851E8B84EF1 C64=C8A88D27BE37A1A1C69282B07C55D22E5B5025DBF9978C8AC76F65AD118A5FD5
{"tag":"1080-static-True","mean_ms":13.652999999999999,"sha":"52947438109AA3E5A58DEB4DDC28045C175C51A6473775A1C102008CE7810D2B"}
SAME 1080-static-False 1080-static-True
MODULES D:\DLSSNR-Lab\hip-backend\c32-align-20260930\flat-A C32=D5CCA49957B8B3DB4BACC4A821FD4F754EDBA0FCADADA79DB3BB4CDBD9904CB7 C64=C8A88D27BE37A1A1C69282B07C55D22E5B5025DBF9978C8AC76F65AD118A5FD5
{"tag":"1080-motion-False","mean_ms":14.354454545454546,"sha":"20EBE3294DF3C8747A3CE17052E214B3492E86DEB2EE9FD007F746937C8ECA61"}
MODULES D:\DLSSNR-Lab\hip-backend\c32-align-20260930\flat-DK C32=6B87807406ED8FB5F6B3D97DB8A7A46AAB7B6BF100C39AD863EA7851E8B84EF1 C64=C8A88D27BE37A1A1C69282B07C55D22E5B5025DBF9978C8AC76F65AD118A5FD5
{"tag":"1080-motion-True","mean_ms":14.795,"sha":"20EBE3294DF3C8747A3CE17052E214B3492E86DEB2EE9FD007F746937C8ECA61"}
SAME 1080-motion-False 1080-motion-True
MODULES D:\DLSSNR-Lab\hip-backend\c32-align-20260930\flat-A C32=D5CCA49957B8B3DB4BACC4A821FD4F754EDBA0FCADADA79DB3BB4CDBD9904CB7 C64=C8A88D27BE37A1A1C69282B07C55D22E5B5025DBF9978C8AC76F65AD118A5FD5
{"tag":"720-motion-False","mean_ms":9.9980000000000011,"sha":"9DF9122ACADE184B91D36A66FEFCFAC8E841ECC7C5BB06DF9FFFAE0F44112F77"}
MODULES D:\DLSSNR-Lab\hip-backend\c32-align-20260930\flat-DK C32=6B87807406ED8FB5F6B3D97DB8A7A46AAB7B6BF100C39AD863EA7851E8B84EF1 C64=C8A88D27BE37A1A1C69282B07C55D22E5B5025DBF9978C8AC76F65AD118A5FD5
{"tag":"720-motion-True","mean_ms":8.3387272727272723,"sha":"9DF9122ACADE184B91D36A66FEFCFAC8E841ECC7C5BB06DF9FFFAE0F44112F77"}
SAME 720-motion-False 720-motion-True
MODULES D:\DLSSNR-Lab\hip-backend\c32-align-20260930\flat-A C32=D5CCA49957B8B3DB4BACC4A821FD4F754EDBA0FCADADA79DB3BB4CDBD9904CB7 C64=C8A88D27BE37A1A1C69282B07C55D22E5B5025DBF9978C8AC76F65AD118A5FD5
{"tag":"900-history-False","mean_ms":16.886181818181822,"sha":"F41C89C1E78298BF3CFD381824189E1C87C31B5FCDAA889A357CD1A68BBC6E4B"}
MODULES D:\DLSSNR-Lab\hip-backend\c32-align-20260930\flat-DK C32=6B87807406ED8FB5F6B3D97DB8A7A46AAB7B6BF100C39AD863EA7851E8B84EF1 C64=C8A88D27BE37A1A1C69282B07C55D22E5B5025DBF9978C8AC76F65AD118A5FD5
{"tag":"900-history-True","mean_ms":12.652181818181816,"sha":"F41C89C1E78298BF3CFD381824189E1C87C31B5FCDAA889A357CD1A68BBC6E4B"}
SAME 900-history-False 900-history-True
MODULES D:\DLSSNR-Lab\hip-backend\c32-align-20260930\flat-A C32=D5CCA49957B8B3DB4BACC4A821FD4F754EDBA0FCADADA79DB3BB4CDBD9904CB7 C64=C8A88D27BE37A1A1C69282B07C55D22E5B5025DBF9978C8AC76F65AD118A5FD5
{"tag":"1080-history-False","mean_ms":17.661272727272728,"sha":"25131680EC7E66F966385AD36E0FB0AF59EC8879CF776BBD972A97845FED62F9"}
MODULES D:\DLSSNR-Lab\hip-backend\c32-align-20260930\flat-DK C32=6B87807406ED8FB5F6B3D97DB8A7A46AAB7B6BF100C39AD863EA7851E8B84EF1 C64=C8A88D27BE37A1A1C69282B07C55D22E5B5025DBF9978C8AC76F65AD118A5FD5
{"tag":"1080-history-True","mean_ms":17.801545454545455,"sha":"25131680EC7E66F966385AD36E0FB0AF59EC8879CF776BBD972A97845FED62F9"}
SAME 1080-history-False 1080-history-True
AE CSV SAME DK
MODULES D:\DLSSNR-Lab\hip-backend\c32-align-20260930\flat-A C32=D5CCA49957B8B3DB4BACC4A821FD4F754EDBA0FCADADA79DB3BB4CDBD9904CB7 C64=C8A88D27BE37A1A1C69282B07C55D22E5B5025DBF9978C8AC76F65AD118A5FD5
{"tag":"900-history-False","mean_ms":12.752272727272727,"sha":"D0D899C190F04ABFA969CF73787B04B80E8700A3E66B843291398D53FBBC3FA5"}
MODULES D:\DLSSNR-Lab\hip-backend\c32-align-20260930\flat-DK C32=6B87807406ED8FB5F6B3D97DB8A7A46AAB7B6BF100C39AD863EA7851E8B84EF1 C64=C8A88D27BE37A1A1C69282B07C55D22E5B5025DBF9978C8AC76F65AD118A5FD5
{"tag":"900-history-True","mean_ms":11.569909090909091,"sha":"D0D899C190F04ABFA969CF73787B04B80E8700A3E66B843291398D53FBBC3FA5"}
SAME 900-history-False 900-history-True
MODULES D:\DLSSNR-Lab\hip-backend\c32-align-20260930\flat-A C32=D5CCA49957B8B3DB4BACC4A821FD4F754EDBA0FCADADA79DB3BB4CDBD9904CB7 C64=C8A88D27BE37A1A1C69282B07C55D22E5B5025DBF9978C8AC76F65AD118A5FD5
{"tag":"1080-history-False","mean_ms":15.403454545454544,"sha":"266C89831F10DBDE1C05B5CDF894D881E70C7DC8C4F9892D265C2AC32E171762"}
MODULES D:\DLSSNR-Lab\hip-backend\c32-align-20260930\flat-DK C32=6B87807406ED8FB5F6B3D97DB8A7A46AAB7B6BF100C39AD863EA7851E8B84EF1 C64=C8A88D27BE37A1A1C69282B07C55D22E5B5025DBF9978C8AC76F65AD118A5FD5
{"tag":"1080-history-True","mean_ms":16.773727272727271,"sha":"266C89831F10DBDE1C05B5CDF894D881E70C7DC8C4F9892D265C2AC32E171762"}
SAME 1080-history-False 1080-history-True
MODULES D:\DLSSNR-Lab\hip-backend\c32-align-20260930\flat-A C32=D5CCA49957B8B3DB4BACC4A821FD4F754EDBA0FCADADA79DB3BB4CDBD9904CB7 C64=C8A88D27BE37A1A1C69282B07C55D22E5B5025DBF9978C8AC76F65AD118A5FD5
{"tag":"900-history-False","mean_ms":16.221545454545453,"sha":"F41C89C1E78298BF3CFD381824189E1C87C31B5FCDAA889A357CD1A68BBC6E4B"}
MODULES D:\DLSSNR-Lab\hip-backend\c32-align-20260930\flat-DK C32=6B87807406ED8FB5F6B3D97DB8A7A46AAB7B6BF100C39AD863EA7851E8B84EF1 C64=C8A88D27BE37A1A1C69282B07C55D22E5B5025DBF9978C8AC76F65AD118A5FD5
{"tag":"900-history-True","mean_ms":15.439181818181817,"sha":"F41C89C1E78298BF3CFD381824189E1C87C31B5FCDAA889A357CD1A68BBC6E4B"}
SAME 900-history-False 900-history-True
MODULES D:\DLSSNR-Lab\hip-backend\c32-align-20260930\flat-A C32=D5CCA49957B8B3DB4BACC4A821FD4F754EDBA0FCADADA79DB3BB4CDBD9904CB7 C64=C8A88D27BE37A1A1C69282B07C55D22E5B5025DBF9978C8AC76F65AD118A5FD5
{"tag":"1080-history-False","mean_ms":18.008272727272725,"sha":"25131680EC7E66F966385AD36E0FB0AF59EC8879CF776BBD972A97845FED62F9"}
MODULES D:\DLSSNR-Lab\hip-backend\c32-align-20260930\flat-DK C32=6B87807406ED8FB5F6B3D97DB8A7A46AAB7B6BF100C39AD863EA7851E8B84EF1 C64=C8A88D27BE37A1A1C69282B07C55D22E5B5025DBF9978C8AC76F65AD118A5FD5
{"tag":"1080-history-True","mean_ms":18.940909090909091,"sha":"25131680EC7E66F966385AD36E0FB0AF59EC8879CF776BBD972A97845FED62F9"}
SAME 1080-history-False 1080-history-True
MODULES D:\DLSSNR-Lab\hip-backend\c32-align-20260930\flat-A C32=D5CCA49957B8B3DB4BACC4A821FD4F754EDBA0FCADADA79DB3BB4CDBD9904CB7 C64=C8A88D27BE37A1A1C69282B07C55D22E5B5025DBF9978C8AC76F65AD118A5FD5
{"tag":"time-900-0","mean_ms":7.9021425,"sha":"54D7C1B454CD475AD2C12C2375AA6908FB9A3A7226F0901961EB49145EAAD689"}
MODULES D:\DLSSNR-Lab\hip-backend\c32-align-20260930\flat-DK C32=6B87807406ED8FB5F6B3D97DB8A7A46AAB7B6BF100C39AD863EA7851E8B84EF1 C64=C8A88D27BE37A1A1C69282B07C55D22E5B5025DBF9978C8AC76F65AD118A5FD5
{"tag":"time-900-1","mean_ms":7.8762762499999965,"sha":"54D7C1B454CD475AD2C12C2375AA6908FB9A3A7226F0901961EB49145EAAD689"}
MODULES D:\DLSSNR-Lab\hip-backend\c32-align-20260930\flat-DK C32=6B87807406ED8FB5F6B3D97DB8A7A46AAB7B6BF100C39AD863EA7851E8B84EF1 C64=C8A88D27BE37A1A1C69282B07C55D22E5B5025DBF9978C8AC76F65AD118A5FD5
{"tag":"time-900-2","mean_ms":7.8828862500000083,"sha":"54D7C1B454CD475AD2C12C2375AA6908FB9A3A7226F0901961EB49145EAAD689"}
MODULES D:\DLSSNR-Lab\hip-backend\c32-align-20260930\flat-A C32=D5CCA49957B8B3DB4BACC4A821FD4F754EDBA0FCADADA79DB3BB4CDBD9904CB7 C64=C8A88D27BE37A1A1C69282B07C55D22E5B5025DBF9978C8AC76F65AD118A5FD5
{"tag":"time-900-3","mean_ms":7.9068149999999893,"sha":"54D7C1B454CD475AD2C12C2375AA6908FB9A3A7226F0901961EB49145EAAD689"}
MODULES D:\DLSSNR-Lab\hip-backend\c32-align-20260930\flat-A C32=D5CCA49957B8B3DB4BACC4A821FD4F754EDBA0FCADADA79DB3BB4CDBD9904CB7 C64=C8A88D27BE37A1A1C69282B07C55D22E5B5025DBF9978C8AC76F65AD118A5FD5
{"tag":"time-1080-0","mean_ms":10.836923749999997,"sha":"52947438109AA3E5A58DEB4DDC28045C175C51A6473775A1C102008CE7810D2B"}
MODULES D:\DLSSNR-Lab\hip-backend\c32-align-20260930\flat-DK C32=6B87807406ED8FB5F6B3D97DB8A7A46AAB7B6BF100C39AD863EA7851E8B84EF1 C64=C8A88D27BE37A1A1C69282B07C55D22E5B5025DBF9978C8AC76F65AD118A5FD5
{"tag":"time-1080-1","mean_ms":10.810218749999995,"sha":"52947438109AA3E5A58DEB4DDC28045C175C51A6473775A1C102008CE7810D2B"}
MODULES D:\DLSSNR-Lab\hip-backend\c32-align-20260930\flat-DK C32=6B87807406ED8FB5F6B3D97DB8A7A46AAB7B6BF100C39AD863EA7851E8B84EF1 C64=C8A88D27BE37A1A1C69282B07C55D22E5B5025DBF9978C8AC76F65AD118A5FD5
{"tag":"time-1080-2","mean_ms":10.80440375,"sha":"52947438109AA3E5A58DEB4DDC28045C175C51A6473775A1C102008CE7810D2B"}
MODULES D:\DLSSNR-Lab\hip-backend\c32-align-20260930\flat-A C32=D5CCA49957B8B3DB4BACC4A821FD4F754EDBA0FCADADA79DB3BB4CDBD9904CB7 C64=C8A88D27BE37A1A1C69282B07C55D22E5B5025DBF9978C8AC76F65AD118A5FD5
{"tag":"time-1080-3","mean_ms":10.844236250000002,"sha":"52947438109AA3E5A58DEB4DDC28045C175C51A6473775A1C102008CE7810D2B"}
MODULES D:\DLSSNR-Lab\hip-backend\c32-align-20260930\flat-A C32=D5CCA49957B8B3DB4BACC4A821FD4F754EDBA0FCADADA79DB3BB4CDBD9904CB7 C64=C8A88D27BE37A1A1C69282B07C55D22E5B5025DBF9978C8AC76F65AD118A5FD5
{"tag":"time-900-0","mean_ms":7.928634999999999,"sha":"54D7C1B454CD475AD2C12C2375AA6908FB9A3A7226F0901961EB49145EAAD689"}
MODULES D:\DLSSNR-Lab\hip-backend\c32-align-20260930\flat-DK C32=6B87807406ED8FB5F6B3D97DB8A7A46AAB7B6BF100C39AD863EA7851E8B84EF1 C64=C8A88D27BE37A1A1C69282B07C55D22E5B5025DBF9978C8AC76F65AD118A5FD5
{"tag":"time-900-1","mean_ms":7.9102087500000025,"sha":"54D7C1B454CD475AD2C12C2375AA6908FB9A3A7226F0901961EB49145EAAD689"}
MODULES D:\DLSSNR-Lab\hip-backend\c32-align-20260930\flat-DK C32=6B87807406ED8FB5F6B3D97DB8A7A46AAB7B6BF100C39AD863EA7851E8B84EF1 C64=C8A88D27BE37A1A1C69282B07C55D22E5B5025DBF9978C8AC76F65AD118A5FD5
{"tag":"time-900-2","mean_ms":7.9092899999999986,"sha":"54D7C1B454CD475AD2C12C2375AA6908FB9A3A7226F0901961EB49145EAAD689"}
MODULES D:\DLSSNR-Lab\hip-backend\c32-align-20260930\flat-A C32=D5CCA49957B8B3DB4BACC4A821FD4F754EDBA0FCADADA79DB3BB4CDBD9904CB7 C64=C8A88D27BE37A1A1C69282B07C55D22E5B5025DBF9978C8AC76F65AD118A5FD5
{"tag":"time-900-3","mean_ms":7.932042499999989,"sha":"54D7C1B454CD475AD2C12C2375AA6908FB9A3A7226F0901961EB49145EAAD689"}
MODULES D:\DLSSNR-Lab\hip-backend\c32-align-20260930\flat-A C32=D5CCA49957B8B3DB4BACC4A821FD4F754EDBA0FCADADA79DB3BB4CDBD9904CB7 C64=C8A88D27BE37A1A1C69282B07C55D22E5B5025DBF9978C8AC76F65AD118A5FD5
{"tag":"time-1080-0","mean_ms":10.85386500000001,"sha":"52947438109AA3E5A58DEB4DDC28045C175C51A6473775A1C102008CE7810D2B"}
MODULES D:\DLSSNR-Lab\hip-backend\c32-align-20260930\flat-DK C32=6B87807406ED8FB5F6B3D97DB8A7A46AAB7B6BF100C39AD863EA7851E8B84EF1 C64=C8A88D27BE37A1A1C69282B07C55D22E5B5025DBF9978C8AC76F65AD118A5FD5
{"tag":"time-1080-1","mean_ms":10.835881250000009,"sha":"52947438109AA3E5A58DEB4DDC28045C175C51A6473775A1C102008CE7810D2B"}
MODULES D:\DLSSNR-Lab\hip-backend\c32-align-20260930\flat-DK C32=6B87807406ED8FB5F6B3D97DB8A7A46AAB7B6BF100C39AD863EA7851E8B84EF1 C64=C8A88D27BE37A1A1C69282B07C55D22E5B5025DBF9978C8AC76F65AD118A5FD5
{"tag":"time-1080-2","mean_ms":10.820484999999993,"sha":"52947438109AA3E5A58DEB4DDC28045C175C51A6473775A1C102008CE7810D2B"}
MODULES D:\DLSSNR-Lab\hip-backend\c32-align-20260930\flat-A C32=D5CCA49957B8B3DB4BACC4A821FD4F754EDBA0FCADADA79DB3BB4CDBD9904CB7 C64=C8A88D27BE37A1A1C69282B07C55D22E5B5025DBF9978C8AC76F65AD118A5FD5
{"tag":"time-1080-3","mean_ms":10.878745000000004,"sha":"52947438109AA3E5A58DEB4DDC28045C175C51A6473775A1C102008CE7810D2B"}
FULL_DONE DK base
