seed=1 pattern=0
input format=RGBA16_FLOAT W=2560 H=1440 invalid=0 min=0 max=1 luma=0.357899353 roi_luma=0.389746571
adapter=AMD Radeon RX 9070 XT
NET frame=0 gpu_ms=1143.591309
GEOMETRY valid=2560x1440 processing=2560x1472 tokens=960
frame=0 reset=1 wall_ms=1149.497 invalid=0 luma=0.3596833 roi=0.4035345 dark=1325 roi_dark=232 changed_first=0 maxabs_first=0
NET frame=1 gpu_ms=19.929701
NET frame=2 gpu_ms=15.780700
NET frame=3 gpu_ms=15.633000
NET frame=4 gpu_ms=15.286400
NET frame=5 gpu_ms=15.199600
NET frame=6 gpu_ms=15.201000
NET frame=7 gpu_ms=15.082100
NET frame=8 gpu_ms=15.124100
NET frame=9 gpu_ms=15.159900
NET frame=10 gpu_ms=15.131800
NET frame=11 gpu_ms=15.116100
NET frame=12 gpu_ms=14.962600
NET frame=13 gpu_ms=15.116000
NET frame=14 gpu_ms=15.305400
NET frame=15 gpu_ms=15.163200
NET frame=16 gpu_ms=15.281900
NET frame=17 gpu_ms=15.579400
NET frame=18 gpu_ms=15.455500
NET frame=19 gpu_ms=15.490300
NET frame=20 gpu_ms=15.345280
NET frame=21 gpu_ms=15.580900
NET frame=22 gpu_ms=15.377400
NET frame=23 gpu_ms=15.316200
NET frame=24 gpu_ms=15.368500
NET frame=25 gpu_ms=15.347500
NET frame=26 gpu_ms=15.408100
NET frame=27 gpu_ms=15.481100
NET frame=28 gpu_ms=15.387200
NET frame=29 gpu_ms=15.321500
NET frame=30 gpu_ms=15.447200
NET frame=31 gpu_ms=15.499600
NET frame=32 gpu_ms=15.442200
NET frame=33 gpu_ms=15.549600
NET frame=34 gpu_ms=15.494700
NET frame=35 gpu_ms=15.473700
NET frame=36 gpu_ms=15.493100
NET frame=37 gpu_ms=15.545600
NET frame=38 gpu_ms=15.880700
NET frame=39 gpu_ms=15.356500
NET frame=40 gpu_ms=15.454100
NET frame=41 gpu_ms=15.448900
NET frame=42 gpu_ms=15.487600
NET frame=43 gpu_ms=15.345700
NET frame=44 gpu_ms=15.420900
NET frame=45 gpu_ms=15.402000
NET frame=46 gpu_ms=15.532400
NET frame=47 gpu_ms=15.711360
NET frame=48 gpu_ms=15.617800
NET frame=49 gpu_ms=15.506300
NET frame=50 gpu_ms=15.415500
NET frame=51 gpu_ms=15.428800
NET frame=52 gpu_ms=15.565800
NET frame=53 gpu_ms=15.510600
NET frame=54 gpu_ms=15.497760
NET frame=55 gpu_ms=15.452240
NET frame=56 gpu_ms=15.576340
NET frame=57 gpu_ms=15.412300
NET frame=58 gpu_ms=15.552700
NET frame=59 gpu_ms=15.574540
NET frame=60 gpu_ms=15.323420
NET frame=61 gpu_ms=15.614700
NET frame=62 gpu_ms=15.574100
NET frame=63 gpu_ms=15.273480
NET frame=64 gpu_ms=15.384060
NET frame=65 gpu_ms=15.492060
NET frame=66 gpu_ms=15.322740
NET frame=67 gpu_ms=15.514200
NET frame=68 gpu_ms=15.544600
NET frame=69 gpu_ms=15.638700
NET frame=70 gpu_ms=15.329920
NET frame=71 gpu_ms=15.584100
frame=71 reset=1 wall_ms=17.001 invalid=0 luma=0.3596833 roi=0.4035345 dark=1325 roi_dark=232 changed_first=0 maxabs_first=0
SP_STATS runs=0 fallback=0 rollover=0 jobs=0 disabled=0 errors=0
RESULT frames=72 temporal=0 mean_wall_ms=32.707 invalid_total=0 restored_capture_every_frame=1 HDR_preserved=1
