seed=0 pattern=0
input format=RGBA16_FLOAT W=1296 H=720 invalid=0 min=0 max=34.53125 luma=0.0157641119 roi_luma=0.0250669576
adapter=AMD Radeon RX 9070 XT
SP_PLAN c=256 first=16 layers=6 tasks=624 initial=104 state_bytes=7504 w16=1
SP_PLAN c=256 first=49 layers=6 tasks=624 initial=104 state_bytes=7504 w16=1
FRAME_NET_GPU frame=0 gpu_ms=1193.43103 tag=1 ready=1
frame=0 reset=1 wall_ms=1202.863 invalid=0 luma=0.01311046 roi=0.01994696 dark=808529 roi_dark=258288 changed_first=0 maxabs_first=0
FRAME_NET_GPU frame=1 gpu_ms=4.22057009 tag=2 ready=1
FRAME_NET_GPU frame=2 gpu_ms=4.74069977 tag=3 ready=1
FRAME_NET_GPU frame=3 gpu_ms=6.74849987 tag=4 ready=1
FRAME_NET_GPU frame=4 gpu_ms=6.66960001 tag=5 ready=1
FRAME_NET_GPU frame=5 gpu_ms=6.43504 tag=6 ready=1
FRAME_NET_GPU frame=6 gpu_ms=6.35480022 tag=7 ready=1
FRAME_NET_GPU frame=7 gpu_ms=6.32399988 tag=8 ready=1
FRAME_NET_GPU frame=8 gpu_ms=6.29464006 tag=9 ready=1
FRAME_NET_GPU frame=9 gpu_ms=6.37799978 tag=10 ready=1
FRAME_NET_GPU frame=10 gpu_ms=6.31169987 tag=11 ready=1
FRAME_NET_GPU frame=11 gpu_ms=6.35550022 tag=12 ready=1
FRAME_NET_GPU frame=12 gpu_ms=6.26100016 tag=13 ready=1
FRAME_NET_GPU frame=13 gpu_ms=6.32340002 tag=14 ready=1
FRAME_NET_GPU frame=14 gpu_ms=6.37659979 tag=15 ready=1
FRAME_NET_GPU frame=15 gpu_ms=6.36539984 tag=16 ready=1
FRAME_NET_GPU frame=16 gpu_ms=6.48241997 tag=17 ready=1
FRAME_NET_GPU frame=17 gpu_ms=6.47556019 tag=18 ready=1
FRAME_NET_GPU frame=18 gpu_ms=6.46099997 tag=19 ready=1
FRAME_NET_GPU frame=19 gpu_ms=6.5313201 tag=20 ready=1
FRAME_NET_GPU frame=20 gpu_ms=6.39841986 tag=21 ready=1
FRAME_NET_GPU frame=21 gpu_ms=6.51800013 tag=22 ready=1
FRAME_NET_GPU frame=22 gpu_ms=6.61479998 tag=23 ready=1
FRAME_NET_GPU frame=23 gpu_ms=6.4464798 tag=24 ready=1
FRAME_NET_GPU frame=24 gpu_ms=6.44632006 tag=25 ready=1
FRAME_NET_GPU frame=25 gpu_ms=6.46297979 tag=26 ready=1
FRAME_NET_GPU frame=26 gpu_ms=6.53961992 tag=27 ready=1
FRAME_NET_GPU frame=27 gpu_ms=6.51495981 tag=28 ready=1
FRAME_NET_GPU frame=28 gpu_ms=6.53764009 tag=29 ready=1
FRAME_NET_GPU frame=29 gpu_ms=6.51730013 tag=30 ready=1
FRAME_NET_GPU frame=30 gpu_ms=6.40354013 tag=31 ready=1
FRAME_NET_GPU frame=31 gpu_ms=6.49806023 tag=32 ready=1
FRAME_NET_GPU frame=32 gpu_ms=6.46655989 tag=33 ready=1
FRAME_NET_GPU frame=33 gpu_ms=6.38331985 tag=34 ready=1
FRAME_NET_GPU frame=34 gpu_ms=6.48303986 tag=35 ready=1
FRAME_NET_GPU frame=35 gpu_ms=6.46704006 tag=36 ready=1
FRAME_NET_GPU frame=36 gpu_ms=6.50687981 tag=37 ready=1
FRAME_NET_GPU frame=37 gpu_ms=6.49094009 tag=38 ready=1
FRAME_NET_GPU frame=38 gpu_ms=6.5272398 tag=39 ready=1
FRAME_NET_GPU frame=39 gpu_ms=6.48409986 tag=40 ready=1
FRAME_NET_GPU frame=40 gpu_ms=6.42042017 tag=41 ready=1
FRAME_NET_GPU frame=41 gpu_ms=6.54714012 tag=42 ready=1
FRAME_NET_GPU frame=42 gpu_ms=6.4093399 tag=43 ready=1
FRAME_NET_GPU frame=43 gpu_ms=6.54182005 tag=44 ready=1
FRAME_NET_GPU frame=44 gpu_ms=6.51955986 tag=45 ready=1
FRAME_NET_GPU frame=45 gpu_ms=6.55439997 tag=46 ready=1
FRAME_NET_GPU frame=46 gpu_ms=6.61997986 tag=47 ready=1
FRAME_NET_GPU frame=47 gpu_ms=6.6335001 tag=48 ready=1
FRAME_NET_GPU frame=48 gpu_ms=6.54332018 tag=49 ready=1
FRAME_NET_GPU frame=49 gpu_ms=6.62482023 tag=50 ready=1
FRAME_NET_GPU frame=50 gpu_ms=6.54846001 tag=51 ready=1
FRAME_NET_GPU frame=51 gpu_ms=6.84297991 tag=52 ready=1
FRAME_NET_GPU frame=52 gpu_ms=6.55166006 tag=53 ready=1
FRAME_NET_GPU frame=53 gpu_ms=6.61923981 tag=54 ready=1
FRAME_NET_GPU frame=54 gpu_ms=6.55787992 tag=55 ready=1
FRAME_NET_GPU frame=55 gpu_ms=6.54103994 tag=56 ready=1
FRAME_NET_GPU frame=56 gpu_ms=6.57622004 tag=57 ready=1
FRAME_NET_GPU frame=57 gpu_ms=6.55719995 tag=58 ready=1
FRAME_NET_GPU frame=58 gpu_ms=6.53961992 tag=59 ready=1
FRAME_NET_GPU frame=59 gpu_ms=6.60816002 tag=60 ready=1
FRAME_NET_GPU frame=60 gpu_ms=6.63308001 tag=61 ready=1
FRAME_NET_GPU frame=61 gpu_ms=6.64141989 tag=62 ready=1
FRAME_NET_GPU frame=62 gpu_ms=6.57482004 tag=63 ready=1
FRAME_NET_GPU frame=63 gpu_ms=6.60003996 tag=64 ready=1
FRAME_NET_GPU frame=64 gpu_ms=6.61607981 tag=65 ready=1
FRAME_NET_GPU frame=65 gpu_ms=6.6539402 tag=66 ready=1
FRAME_NET_GPU frame=66 gpu_ms=6.51853991 tag=67 ready=1
FRAME_NET_GPU frame=67 gpu_ms=6.58661985 tag=68 ready=1
FRAME_NET_GPU frame=68 gpu_ms=6.52714014 tag=69 ready=1
FRAME_NET_GPU frame=69 gpu_ms=6.57261992 tag=70 ready=1
FRAME_NET_GPU frame=70 gpu_ms=6.63952017 tag=71 ready=1
FRAME_NET_GPU frame=71 gpu_ms=6.55925989 tag=72 ready=1
FRAME_NET_GPU frame=72 gpu_ms=6.48101997 tag=73 ready=1
FRAME_NET_GPU frame=73 gpu_ms=6.56969976 tag=74 ready=1
FRAME_NET_GPU frame=74 gpu_ms=6.66141987 tag=75 ready=1
FRAME_NET_GPU frame=75 gpu_ms=6.52301979 tag=76 ready=1
FRAME_NET_GPU frame=76 gpu_ms=6.60330009 tag=77 ready=1
FRAME_NET_GPU frame=77 gpu_ms=6.54731989 tag=78 ready=1
FRAME_NET_GPU frame=78 gpu_ms=6.59609985 tag=79 ready=1
FRAME_NET_GPU frame=79 gpu_ms=6.55569983 tag=80 ready=1
FRAME_NET_GPU frame=80 gpu_ms=6.60953999 tag=81 ready=1
FRAME_NET_GPU frame=81 gpu_ms=6.54608011 tag=82 ready=1
FRAME_NET_GPU frame=82 gpu_ms=6.54841995 tag=83 ready=1
FRAME_NET_GPU frame=83 gpu_ms=6.68111992 tag=84 ready=1
FRAME_NET_GPU frame=84 gpu_ms=6.59993982 tag=85 ready=1
FRAME_NET_GPU frame=85 gpu_ms=6.59505987 tag=86 ready=1
FRAME_NET_GPU frame=86 gpu_ms=6.68446016 tag=87 ready=1
FRAME_NET_GPU frame=87 gpu_ms=6.51599979 tag=88 ready=1
FRAME_NET_GPU frame=88 gpu_ms=6.58661985 tag=89 ready=1
FRAME_NET_GPU frame=89 gpu_ms=6.62890005 tag=90 ready=1
FRAME_NET_GPU frame=90 gpu_ms=6.58574009 tag=91 ready=1
FRAME_NET_GPU frame=91 gpu_ms=6.56884003 tag=92 ready=1
FRAME_NET_GPU frame=92 gpu_ms=6.60820007 tag=93 ready=1
FRAME_NET_GPU frame=93 gpu_ms=6.57537985 tag=94 ready=1
FRAME_NET_GPU frame=94 gpu_ms=6.59136009 tag=95 ready=1
FRAME_NET_GPU frame=95 gpu_ms=6.53386021 tag=96 ready=1
FRAME_NET_GPU frame=96 gpu_ms=6.53427982 tag=97 ready=1
FRAME_NET_GPU frame=97 gpu_ms=6.59217978 tag=98 ready=1
FRAME_NET_GPU frame=98 gpu_ms=6.49745989 tag=99 ready=1
FRAME_NET_GPU frame=99 gpu_ms=6.64794016 tag=100 ready=1
FRAME_NET_GPU frame=100 gpu_ms=6.55456018 tag=101 ready=1
FRAME_NET_GPU frame=101 gpu_ms=6.57993984 tag=102 ready=1
FRAME_NET_GPU frame=102 gpu_ms=6.61013985 tag=103 ready=1
FRAME_NET_GPU frame=103 gpu_ms=6.53970003 tag=104 ready=1
FRAME_NET_GPU frame=104 gpu_ms=6.57229996 tag=105 ready=1
FRAME_NET_GPU frame=105 gpu_ms=6.59668016 tag=106 ready=1
FRAME_NET_GPU frame=106 gpu_ms=6.6868 tag=107 ready=1
FRAME_NET_GPU frame=107 gpu_ms=6.62945986 tag=108 ready=1
FRAME_NET_GPU frame=108 gpu_ms=6.6740799 tag=109 ready=1
FRAME_NET_GPU frame=109 gpu_ms=6.57204008 tag=110 ready=1
FRAME_NET_GPU frame=110 gpu_ms=6.48051977 tag=111 ready=1
FRAME_NET_GPU frame=111 gpu_ms=6.6682601 tag=112 ready=1
FRAME_NET_GPU frame=112 gpu_ms=6.60998011 tag=113 ready=1
FRAME_NET_GPU frame=113 gpu_ms=6.56330013 tag=114 ready=1
FRAME_NET_GPU frame=114 gpu_ms=6.62084007 tag=115 ready=1
FRAME_NET_GPU frame=115 gpu_ms=6.7493 tag=116 ready=1
FRAME_NET_GPU frame=116 gpu_ms=6.76399994 tag=117 ready=1
FRAME_NET_GPU frame=117 gpu_ms=6.63753986 tag=118 ready=1
FRAME_NET_GPU frame=118 gpu_ms=6.46078014 tag=119 ready=1
FRAME_NET_GPU frame=119 gpu_ms=6.68501997 tag=120 ready=1
FRAME_NET_GPU frame=120 gpu_ms=6.56822014 tag=121 ready=1
FRAME_NET_GPU frame=121 gpu_ms=6.49194002 tag=122 ready=1
FRAME_NET_GPU frame=122 gpu_ms=6.6138401 tag=123 ready=1
FRAME_NET_GPU frame=123 gpu_ms=6.49662018 tag=124 ready=1
FRAME_NET_GPU frame=124 gpu_ms=6.5148201 tag=125 ready=1
FRAME_NET_GPU frame=125 gpu_ms=6.63626003 tag=126 ready=1
FRAME_NET_GPU frame=126 gpu_ms=6.53219986 tag=127 ready=1
FRAME_NET_GPU frame=127 gpu_ms=6.56118011 tag=128 ready=1
FRAME_NET_GPU frame=128 gpu_ms=6.53739977 tag=129 ready=1
FRAME_NET_GPU frame=129 gpu_ms=6.46585989 tag=130 ready=1
FRAME_NET_GPU frame=130 gpu_ms=6.54996014 tag=131 ready=1
FRAME_NET_GPU frame=131 gpu_ms=6.52252007 tag=132 ready=1
FRAME_NET_GPU frame=132 gpu_ms=6.53809977 tag=133 ready=1
FRAME_NET_GPU frame=133 gpu_ms=6.51121998 tag=134 ready=1
FRAME_NET_GPU frame=134 gpu_ms=6.56358004 tag=135 ready=1
FRAME_NET_GPU frame=135 gpu_ms=6.47987986 tag=136 ready=1
FRAME_NET_GPU frame=136 gpu_ms=6.55796003 tag=137 ready=1
FRAME_NET_GPU frame=137 gpu_ms=6.53853989 tag=138 ready=1
FRAME_NET_GPU frame=138 gpu_ms=6.66385984 tag=139 ready=1
FRAME_NET_GPU frame=139 gpu_ms=6.37584019 tag=140 ready=1
FRAME_NET_GPU frame=140 gpu_ms=6.53707981 tag=141 ready=1
FRAME_NET_GPU frame=141 gpu_ms=6.56373978 tag=142 ready=1
FRAME_NET_GPU frame=142 gpu_ms=6.48059988 tag=143 ready=1
FRAME_NET_GPU frame=143 gpu_ms=6.54033995 tag=144 ready=1
FRAME_NET_GPU frame=144 gpu_ms=6.49175978 tag=145 ready=1
FRAME_NET_GPU frame=145 gpu_ms=6.54277992 tag=146 ready=1
FRAME_NET_GPU frame=146 gpu_ms=6.55068016 tag=147 ready=1
FRAME_NET_GPU frame=147 gpu_ms=6.7332201 tag=148 ready=1
FRAME_NET_GPU frame=148 gpu_ms=6.55662012 tag=149 ready=1
FRAME_NET_GPU frame=149 gpu_ms=6.70219994 tag=150 ready=1
FRAME_NET_GPU frame=150 gpu_ms=6.52231979 tag=151 ready=1
FRAME_NET_GPU frame=151 gpu_ms=6.50122023 tag=152 ready=1
FRAME_NET_GPU frame=152 gpu_ms=6.53634024 tag=153 ready=1
FRAME_NET_GPU frame=153 gpu_ms=6.50754023 tag=154 ready=1
FRAME_NET_GPU frame=154 gpu_ms=6.50029993 tag=155 ready=1
FRAME_NET_GPU frame=155 gpu_ms=6.42254019 tag=156 ready=1
FRAME_NET_GPU frame=156 gpu_ms=6.65214014 tag=157 ready=1
FRAME_NET_GPU frame=157 gpu_ms=6.59094 tag=158 ready=1
FRAME_NET_GPU frame=158 gpu_ms=6.38008022 tag=159 ready=1
FRAME_NET_GPU frame=159 gpu_ms=6.66508007 tag=160 ready=1
FRAME_NET_GPU frame=160 gpu_ms=6.61490011 tag=161 ready=1
FRAME_NET_GPU frame=161 gpu_ms=6.66815996 tag=162 ready=1
FRAME_NET_GPU frame=162 gpu_ms=6.41366005 tag=163 ready=1
FRAME_NET_GPU frame=163 gpu_ms=6.53681993 tag=164 ready=1
FRAME_NET_GPU frame=164 gpu_ms=6.54812002 tag=165 ready=1
FRAME_NET_GPU frame=165 gpu_ms=6.4939599 tag=166 ready=1
FRAME_NET_GPU frame=166 gpu_ms=6.55219984 tag=167 ready=1
FRAME_NET_GPU frame=167 gpu_ms=6.50755978 tag=168 ready=1
FRAME_NET_GPU frame=168 gpu_ms=6.64179993 tag=169 ready=1
FRAME_NET_GPU frame=169 gpu_ms=6.39796019 tag=170 ready=1
FRAME_NET_GPU frame=170 gpu_ms=6.49153996 tag=171 ready=1
FRAME_NET_GPU frame=171 gpu_ms=6.48886013 tag=172 ready=1
FRAME_NET_GPU frame=172 gpu_ms=6.5053401 tag=173 ready=1
FRAME_NET_GPU frame=173 gpu_ms=6.61808014 tag=174 ready=1
FRAME_NET_GPU frame=174 gpu_ms=6.45684004 tag=175 ready=1
FRAME_NET_GPU frame=175 gpu_ms=6.50986004 tag=176 ready=1
FRAME_NET_GPU frame=176 gpu_ms=6.53645992 tag=177 ready=1
FRAME_NET_GPU frame=177 gpu_ms=6.48390007 tag=178 ready=1
FRAME_NET_GPU frame=178 gpu_ms=6.57161999 tag=179 ready=1
FRAME_NET_GPU frame=179 gpu_ms=6.63677979 tag=180 ready=1
FRAME_NET_GPU frame=180 gpu_ms=6.53497982 tag=181 ready=1
FRAME_NET_GPU frame=181 gpu_ms=6.55878019 tag=182 ready=1
FRAME_NET_GPU frame=182 gpu_ms=6.42587996 tag=183 ready=1
FRAME_NET_GPU frame=183 gpu_ms=6.51968002 tag=184 ready=1
FRAME_NET_GPU frame=184 gpu_ms=6.48716021 tag=185 ready=1
FRAME_NET_GPU frame=185 gpu_ms=6.67931986 tag=186 ready=1
FRAME_NET_GPU frame=186 gpu_ms=6.28066015 tag=187 ready=1
FRAME_NET_GPU frame=187 gpu_ms=6.49414015 tag=188 ready=1
FRAME_NET_GPU frame=188 gpu_ms=6.50557995 tag=189 ready=1
FRAME_NET_GPU frame=189 gpu_ms=6.54496002 tag=190 ready=1
FRAME_NET_GPU frame=190 gpu_ms=6.58648014 tag=191 ready=1
FRAME_NET_GPU frame=191 gpu_ms=6.52544022 tag=192 ready=1
FRAME_NET_GPU frame=192 gpu_ms=6.60646009 tag=193 ready=1
FRAME_NET_GPU frame=193 gpu_ms=6.55963993 tag=194 ready=1
FRAME_NET_GPU frame=194 gpu_ms=6.73256016 tag=195 ready=1
FRAME_NET_GPU frame=195 gpu_ms=6.57274008 tag=196 ready=1
FRAME_NET_GPU frame=196 gpu_ms=6.57505989 tag=197 ready=1
FRAME_NET_GPU frame=197 gpu_ms=6.46360016 tag=198 ready=1
FRAME_NET_GPU frame=198 gpu_ms=6.62353992 tag=199 ready=1
FRAME_NET_GPU frame=199 gpu_ms=6.49331999 tag=200 ready=1
FRAME_NET_GPU frame=200 gpu_ms=6.56659985 tag=201 ready=1
FRAME_NET_GPU frame=201 gpu_ms=6.48282003 tag=202 ready=1
FRAME_NET_GPU frame=202 gpu_ms=6.56973982 tag=203 ready=1
FRAME_NET_GPU frame=203 gpu_ms=6.53830004 tag=204 ready=1
FRAME_NET_GPU frame=204 gpu_ms=6.49351978 tag=205 ready=1
FRAME_NET_GPU frame=205 gpu_ms=6.57246017 tag=206 ready=1
FRAME_NET_GPU frame=206 gpu_ms=6.42854023 tag=207 ready=1
FRAME_NET_GPU frame=207 gpu_ms=6.5675602 tag=208 ready=1
FRAME_NET_GPU frame=208 gpu_ms=6.60548019 tag=209 ready=1
FRAME_NET_GPU frame=209 gpu_ms=6.54589987 tag=210 ready=1
FRAME_NET_GPU frame=210 gpu_ms=6.57382011 tag=211 ready=1
FRAME_NET_GPU frame=211 gpu_ms=6.52054024 tag=212 ready=1
FRAME_NET_GPU frame=212 gpu_ms=6.58557987 tag=213 ready=1
FRAME_NET_GPU frame=213 gpu_ms=6.59984016 tag=214 ready=1
FRAME_NET_GPU frame=214 gpu_ms=6.48012018 tag=215 ready=1
FRAME_NET_GPU frame=215 gpu_ms=6.6592598 tag=216 ready=1
FRAME_NET_GPU frame=216 gpu_ms=6.50426006 tag=217 ready=1
FRAME_NET_GPU frame=217 gpu_ms=6.55056 tag=218 ready=1
FRAME_NET_GPU frame=218 gpu_ms=6.54538012 tag=219 ready=1
FRAME_NET_GPU frame=219 gpu_ms=6.52604008 tag=220 ready=1
FRAME_NET_GPU frame=220 gpu_ms=6.52080011 tag=221 ready=1
FRAME_NET_GPU frame=221 gpu_ms=6.57516003 tag=222 ready=1
FRAME_NET_GPU frame=222 gpu_ms=6.58981991 tag=223 ready=1
FRAME_NET_GPU frame=223 gpu_ms=6.46042013 tag=224 ready=1
FRAME_NET_GPU frame=224 gpu_ms=6.67558002 tag=225 ready=1
FRAME_NET_GPU frame=225 gpu_ms=6.48593998 tag=226 ready=1
FRAME_NET_GPU frame=226 gpu_ms=6.55047989 tag=227 ready=1
FRAME_NET_GPU frame=227 gpu_ms=6.52381992 tag=228 ready=1
FRAME_NET_GPU frame=228 gpu_ms=6.48797989 tag=229 ready=1
FRAME_NET_GPU frame=229 gpu_ms=6.43416023 tag=230 ready=1
FRAME_NET_GPU frame=230 gpu_ms=6.5148201 tag=231 ready=1
FRAME_NET_GPU frame=231 gpu_ms=6.53043985 tag=232 ready=1
FRAME_NET_GPU frame=232 gpu_ms=6.4987998 tag=233 ready=1
FRAME_NET_GPU frame=233 gpu_ms=6.76198006 tag=234 ready=1
FRAME_NET_GPU frame=234 gpu_ms=6.2925601 tag=235 ready=1
FRAME_NET_GPU frame=235 gpu_ms=6.61339998 tag=236 ready=1
FRAME_NET_GPU frame=236 gpu_ms=6.52604008 tag=237 ready=1
FRAME_NET_GPU frame=237 gpu_ms=6.48479986 tag=238 ready=1
FRAME_NET_GPU frame=238 gpu_ms=6.54773998 tag=239 ready=1
FRAME_NET_GPU frame=239 gpu_ms=6.56324005 tag=240 ready=1
FRAME_NET_GPU frame=240 gpu_ms=6.70245981 tag=241 ready=1
FRAME_NET_GPU frame=241 gpu_ms=6.5053401 tag=242 ready=1
FRAME_NET_GPU frame=242 gpu_ms=6.57263994 tag=243 ready=1
FRAME_NET_GPU frame=243 gpu_ms=6.36395979 tag=244 ready=1
FRAME_NET_GPU frame=244 gpu_ms=6.50002003 tag=245 ready=1
FRAME_NET_GPU frame=245 gpu_ms=6.56360006 tag=246 ready=1
FRAME_NET_GPU frame=246 gpu_ms=6.55365992 tag=247 ready=1
FRAME_NET_GPU frame=247 gpu_ms=6.62546015 tag=248 ready=1
FRAME_NET_GPU frame=248 gpu_ms=6.57834005 tag=249 ready=1
FRAME_NET_GPU frame=249 gpu_ms=6.80388021 tag=250 ready=1
FRAME_NET_GPU frame=250 gpu_ms=6.49817991 tag=251 ready=1
FRAME_NET_GPU frame=251 gpu_ms=6.58093977 tag=252 ready=1
FRAME_NET_GPU frame=252 gpu_ms=6.50750017 tag=253 ready=1
FRAME_NET_GPU frame=253 gpu_ms=6.47113991 tag=254 ready=1
FRAME_NET_GPU frame=254 gpu_ms=6.4893198 tag=255 ready=1
FRAME_NET_GPU frame=255 gpu_ms=6.58913994 tag=256 ready=1
FRAME_NET_GPU frame=256 gpu_ms=6.43692017 tag=257 ready=1
FRAME_NET_GPU frame=257 gpu_ms=6.51622009 tag=258 ready=1
FRAME_NET_GPU frame=258 gpu_ms=6.60504007 tag=259 ready=1
FRAME_NET_GPU frame=259 gpu_ms=6.49174023 tag=260 ready=1
FRAME_NET_GPU frame=260 gpu_ms=6.46829987 tag=261 ready=1
FRAME_NET_GPU frame=261 gpu_ms=6.53683996 tag=262 ready=1
FRAME_NET_GPU frame=262 gpu_ms=6.53346014 tag=263 ready=1
FRAME_NET_GPU frame=263 gpu_ms=6.53304005 tag=264 ready=1
FRAME_NET_GPU frame=264 gpu_ms=6.53518009 tag=265 ready=1
FRAME_NET_GPU frame=265 gpu_ms=6.52771997 tag=266 ready=1
FRAME_NET_GPU frame=266 gpu_ms=6.46962023 tag=267 ready=1
FRAME_NET_GPU frame=267 gpu_ms=6.65475988 tag=268 ready=1
FRAME_NET_GPU frame=268 gpu_ms=6.46449995 tag=269 ready=1
FRAME_NET_GPU frame=269 gpu_ms=6.60803986 tag=270 ready=1
FRAME_NET_GPU frame=270 gpu_ms=6.52559996 tag=271 ready=1
FRAME_NET_GPU frame=271 gpu_ms=6.58101988 tag=272 ready=1
FRAME_NET_GPU frame=272 gpu_ms=6.3818202 tag=273 ready=1
FRAME_NET_GPU frame=273 gpu_ms=6.44920015 tag=274 ready=1
FRAME_NET_GPU frame=274 gpu_ms=6.35489988 tag=275 ready=1
FRAME_NET_GPU frame=275 gpu_ms=6.56563997 tag=276 ready=1
FRAME_NET_GPU frame=276 gpu_ms=6.54194021 tag=277 ready=1
FRAME_NET_GPU frame=277 gpu_ms=6.50528002 tag=278 ready=1
FRAME_NET_GPU frame=278 gpu_ms=6.61666012 tag=279 ready=1
FRAME_NET_GPU frame=279 gpu_ms=6.44254017 tag=280 ready=1
FRAME_NET_GPU frame=280 gpu_ms=6.5612998 tag=281 ready=1
FRAME_NET_GPU frame=281 gpu_ms=6.74164009 tag=282 ready=1
FRAME_NET_GPU frame=282 gpu_ms=6.53177977 tag=283 ready=1
FRAME_NET_GPU frame=283 gpu_ms=6.51724005 tag=284 ready=1
FRAME_NET_GPU frame=284 gpu_ms=6.67367983 tag=285 ready=1
FRAME_NET_GPU frame=285 gpu_ms=6.44106007 tag=286 ready=1
FRAME_NET_GPU frame=286 gpu_ms=6.57988024 tag=287 ready=1
FRAME_NET_GPU frame=287 gpu_ms=6.47762012 tag=288 ready=1
FRAME_NET_GPU frame=288 gpu_ms=6.72563982 tag=289 ready=1
FRAME_NET_GPU frame=289 gpu_ms=6.37972021 tag=290 ready=1
FRAME_NET_GPU frame=290 gpu_ms=6.57391977 tag=291 ready=1
FRAME_NET_GPU frame=291 gpu_ms=6.40984011 tag=292 ready=1
FRAME_NET_GPU frame=292 gpu_ms=6.47208023 tag=293 ready=1
FRAME_NET_GPU frame=293 gpu_ms=6.51826 tag=294 ready=1
FRAME_NET_GPU frame=294 gpu_ms=6.38526011 tag=295 ready=1
FRAME_NET_GPU frame=295 gpu_ms=6.66586018 tag=296 ready=1
FRAME_NET_GPU frame=296 gpu_ms=6.39285994 tag=297 ready=1
FRAME_NET_GPU frame=297 gpu_ms=6.53397989 tag=298 ready=1
FRAME_NET_GPU frame=298 gpu_ms=6.60389996 tag=299 ready=1
FRAME_NET_GPU frame=299 gpu_ms=6.48642015 tag=300 ready=1
FRAME_NET_GPU frame=300 gpu_ms=6.59414005 tag=301 ready=1
FRAME_NET_GPU frame=301 gpu_ms=6.53611994 tag=302 ready=1
FRAME_NET_GPU frame=302 gpu_ms=6.48598003 tag=303 ready=1
FRAME_NET_GPU frame=303 gpu_ms=6.52088022 tag=304 ready=1
FRAME_NET_GPU frame=304 gpu_ms=6.52882004 tag=305 ready=1
FRAME_NET_GPU frame=305 gpu_ms=6.52159977 tag=306 ready=1
FRAME_NET_GPU frame=306 gpu_ms=6.53234005 tag=307 ready=1
FRAME_NET_GPU frame=307 gpu_ms=6.40229988 tag=308 ready=1
FRAME_NET_GPU frame=308 gpu_ms=6.56114006 tag=309 ready=1
FRAME_NET_GPU frame=309 gpu_ms=6.57562017 tag=310 ready=1
FRAME_NET_GPU frame=310 gpu_ms=6.46407986 tag=311 ready=1
FRAME_NET_GPU frame=311 gpu_ms=6.44341993 tag=312 ready=1
FRAME_NET_GPU frame=312 gpu_ms=6.54763985 tag=313 ready=1
FRAME_NET_GPU frame=313 gpu_ms=6.58761978 tag=314 ready=1
FRAME_NET_GPU frame=314 gpu_ms=6.54428005 tag=315 ready=1
FRAME_NET_GPU frame=315 gpu_ms=6.49529982 tag=316 ready=1
FRAME_NET_GPU frame=316 gpu_ms=6.54006004 tag=317 ready=1
FRAME_NET_GPU frame=317 gpu_ms=6.58714008 tag=318 ready=1
FRAME_NET_GPU frame=318 gpu_ms=6.74747992 tag=319 ready=1
FRAME_NET_GPU frame=319 gpu_ms=6.42010021 tag=320 ready=1
frame=319 reset=1 wall_ms=7.152 invalid=0 luma=0.01311046 roi=0.01994696 dark=808529 roi_dark=258288 changed_first=0 maxabs_first=0
SP_STATS runs=640 fallback=0 rollover=0 jobs=399360 disabled=0 errors=0
RESULT frames=320 temporal=0 mean_wall_ms=10.851 invalid_total=0 restored_capture_every_frame=1 HDR_preserved=1

