seed=0 pattern=0
input format=RGBA16_FLOAT W=1296 H=720 invalid=0 min=0 max=34.53125 luma=0.0157641119 roi_luma=0.0250669576
adapter=AMD Radeon RX 9070 XT
SP_PLAN c=256 first=16 layers=6 tasks=624 initial=104 state_bytes=7504 w16=1
SP_PLAN c=256 first=49 layers=6 tasks=624 initial=104 state_bytes=7504 w16=1
FRAME_NET_GPU frame=0 gpu_ms=1304.31995
frame=0 reset=1 wall_ms=1318.533 invalid=0 luma=0.01311046 roi=0.01994696 dark=808529 roi_dark=258288 changed_first=0 maxabs_first=0
FRAME_NET_GPU frame=1 gpu_ms=4.28907013
FRAME_NET_GPU frame=2 gpu_ms=4.76270008
FRAME_NET_GPU frame=3 gpu_ms=6.65384007
FRAME_NET_GPU frame=4 gpu_ms=6.54686022
FRAME_NET_GPU frame=5 gpu_ms=6.37434006
FRAME_NET_GPU frame=6 gpu_ms=6.29653978
FRAME_NET_GPU frame=7 gpu_ms=6.35540009
FRAME_NET_GPU frame=8 gpu_ms=6.3759799
FRAME_NET_GPU frame=9 gpu_ms=6.29737997
FRAME_NET_GPU frame=10 gpu_ms=6.25474024
FRAME_NET_GPU frame=11 gpu_ms=6.24590015
FRAME_NET_GPU frame=12 gpu_ms=6.30507994
FRAME_NET_GPU frame=13 gpu_ms=6.32289982
FRAME_NET_GPU frame=14 gpu_ms=6.28399992
FRAME_NET_GPU frame=15 gpu_ms=6.29695988
FRAME_NET_GPU frame=16 gpu_ms=6.39788008
FRAME_NET_GPU frame=17 gpu_ms=6.54831982
FRAME_NET_GPU frame=18 gpu_ms=6.30628014
FRAME_NET_GPU frame=19 gpu_ms=6.48922014
FRAME_NET_GPU frame=20 gpu_ms=6.43889999
FRAME_NET_GPU frame=21 gpu_ms=6.64319992
FRAME_NET_GPU frame=22 gpu_ms=6.50939989
FRAME_NET_GPU frame=23 gpu_ms=6.38577986
FRAME_NET_GPU frame=24 gpu_ms=6.5233798
FRAME_NET_GPU frame=25 gpu_ms=6.37603998
FRAME_NET_GPU frame=26 gpu_ms=6.41039991
FRAME_NET_GPU frame=27 gpu_ms=6.46267986
FRAME_NET_GPU frame=28 gpu_ms=6.37678003
FRAME_NET_GPU frame=29 gpu_ms=6.46002007
FRAME_NET_GPU frame=30 gpu_ms=6.5829401
FRAME_NET_GPU frame=31 gpu_ms=6.29530001
FRAME_NET_GPU frame=32 gpu_ms=6.47703981
FRAME_NET_GPU frame=33 gpu_ms=6.34638023
FRAME_NET_GPU frame=34 gpu_ms=6.42748022
FRAME_NET_GPU frame=35 gpu_ms=6.5138998
FRAME_NET_GPU frame=36 gpu_ms=6.40414
FRAME_NET_GPU frame=37 gpu_ms=6.40384007
FRAME_NET_GPU frame=38 gpu_ms=6.27072001
FRAME_NET_GPU frame=39 gpu_ms=6.45641994
FRAME_NET_GPU frame=40 gpu_ms=6.3615799
FRAME_NET_GPU frame=41 gpu_ms=6.45465994
FRAME_NET_GPU frame=42 gpu_ms=6.41484022
FRAME_NET_GPU frame=43 gpu_ms=6.25986004
FRAME_NET_GPU frame=44 gpu_ms=6.39425993
FRAME_NET_GPU frame=45 gpu_ms=6.46678019
FRAME_NET_GPU frame=46 gpu_ms=6.31309986
FRAME_NET_GPU frame=47 gpu_ms=6.4453001
FRAME_NET_GPU frame=48 gpu_ms=6.33133984
FRAME_NET_GPU frame=49 gpu_ms=6.51365995
FRAME_NET_GPU frame=50 gpu_ms=6.46275997
FRAME_NET_GPU frame=51 gpu_ms=6.56837988
FRAME_NET_GPU frame=52 gpu_ms=6.64026022
FRAME_NET_GPU frame=53 gpu_ms=6.40829992
FRAME_NET_GPU frame=54 gpu_ms=6.45561981
FRAME_NET_GPU frame=55 gpu_ms=6.55302
FRAME_NET_GPU frame=56 gpu_ms=6.58457994
FRAME_NET_GPU frame=57 gpu_ms=6.52383995
FRAME_NET_GPU frame=58 gpu_ms=6.51724005
FRAME_NET_GPU frame=59 gpu_ms=6.43005991
FRAME_NET_GPU frame=60 gpu_ms=6.48950005
FRAME_NET_GPU frame=61 gpu_ms=6.49162006
FRAME_NET_GPU frame=62 gpu_ms=6.50012016
FRAME_NET_GPU frame=63 gpu_ms=6.54237986
FRAME_NET_GPU frame=64 gpu_ms=6.46659994
FRAME_NET_GPU frame=65 gpu_ms=6.56211996
FRAME_NET_GPU frame=66 gpu_ms=6.51896
FRAME_NET_GPU frame=67 gpu_ms=6.76107979
FRAME_NET_GPU frame=68 gpu_ms=6.56996012
FRAME_NET_GPU frame=69 gpu_ms=6.54481983
FRAME_NET_GPU frame=70 gpu_ms=6.53340006
FRAME_NET_GPU frame=71 gpu_ms=6.49272013
FRAME_NET_GPU frame=72 gpu_ms=6.49423981
FRAME_NET_GPU frame=73 gpu_ms=6.53516006
FRAME_NET_GPU frame=74 gpu_ms=6.44193983
FRAME_NET_GPU frame=75 gpu_ms=6.58216
FRAME_NET_GPU frame=76 gpu_ms=6.5596199
FRAME_NET_GPU frame=77 gpu_ms=6.30931997
FRAME_NET_GPU frame=78 gpu_ms=6.5799799
FRAME_NET_GPU frame=79 gpu_ms=6.36823988
FRAME_NET_GPU frame=80 gpu_ms=6.45741987
FRAME_NET_GPU frame=81 gpu_ms=6.45953989
FRAME_NET_GPU frame=82 gpu_ms=6.52171993
FRAME_NET_GPU frame=83 gpu_ms=6.48235989
FRAME_NET_GPU frame=84 gpu_ms=6.55038023
FRAME_NET_GPU frame=85 gpu_ms=6.52150011
FRAME_NET_GPU frame=86 gpu_ms=6.46524
FRAME_NET_GPU frame=87 gpu_ms=6.53794003
FRAME_NET_GPU frame=88 gpu_ms=6.52288008
FRAME_NET_GPU frame=89 gpu_ms=6.64003992
FRAME_NET_GPU frame=90 gpu_ms=6.41355991
FRAME_NET_GPU frame=91 gpu_ms=6.44055986
FRAME_NET_GPU frame=92 gpu_ms=6.53406
FRAME_NET_GPU frame=93 gpu_ms=6.49675989
FRAME_NET_GPU frame=94 gpu_ms=6.4956398
FRAME_NET_GPU frame=95 gpu_ms=6.55796003
FRAME_NET_GPU frame=96 gpu_ms=6.47603989
FRAME_NET_GPU frame=97 gpu_ms=6.57556009
FRAME_NET_GPU frame=98 gpu_ms=6.51149988
FRAME_NET_GPU frame=99 gpu_ms=6.54983997
FRAME_NET_GPU frame=100 gpu_ms=6.44666004
FRAME_NET_GPU frame=101 gpu_ms=6.65310001
FRAME_NET_GPU frame=102 gpu_ms=6.65089989
FRAME_NET_GPU frame=103 gpu_ms=6.44172001
FRAME_NET_GPU frame=104 gpu_ms=6.5946002
FRAME_NET_GPU frame=105 gpu_ms=6.51492023
FRAME_NET_GPU frame=106 gpu_ms=6.4712801
FRAME_NET_GPU frame=107 gpu_ms=6.46483994
FRAME_NET_GPU frame=108 gpu_ms=6.33979988
FRAME_NET_GPU frame=109 gpu_ms=6.61367989
FRAME_NET_GPU frame=110 gpu_ms=6.63742018
FRAME_NET_GPU frame=111 gpu_ms=6.55335999
FRAME_NET_GPU frame=112 gpu_ms=6.51628017
FRAME_NET_GPU frame=113 gpu_ms=6.51527977
FRAME_NET_GPU frame=114 gpu_ms=6.55946016
FRAME_NET_GPU frame=115 gpu_ms=6.54684019
FRAME_NET_GPU frame=116 gpu_ms=6.49580002
FRAME_NET_GPU frame=117 gpu_ms=6.50892019
FRAME_NET_GPU frame=118 gpu_ms=6.47707987
FRAME_NET_GPU frame=119 gpu_ms=6.57113981
FRAME_NET_GPU frame=120 gpu_ms=6.56960011
FRAME_NET_GPU frame=121 gpu_ms=6.46074009
FRAME_NET_GPU frame=122 gpu_ms=6.53910017
FRAME_NET_GPU frame=123 gpu_ms=6.54286003
FRAME_NET_GPU frame=124 gpu_ms=6.50502014
FRAME_NET_GPU frame=125 gpu_ms=6.49739981
FRAME_NET_GPU frame=126 gpu_ms=6.4910202
FRAME_NET_GPU frame=127 gpu_ms=6.56025982
FRAME_NET_GPU frame=128 gpu_ms=6.64296007
FRAME_NET_GPU frame=129 gpu_ms=6.4426198
FRAME_NET_GPU frame=130 gpu_ms=6.59140015
FRAME_NET_GPU frame=131 gpu_ms=6.51026011
FRAME_NET_GPU frame=132 gpu_ms=6.44636011
FRAME_NET_GPU frame=133 gpu_ms=6.43115997
FRAME_NET_GPU frame=134 gpu_ms=6.47571993
FRAME_NET_GPU frame=135 gpu_ms=6.49790001
FRAME_NET_GPU frame=136 gpu_ms=6.39459991
FRAME_NET_GPU frame=137 gpu_ms=6.54464006
FRAME_NET_GPU frame=138 gpu_ms=6.42409992
FRAME_NET_GPU frame=139 gpu_ms=6.48746014
FRAME_NET_GPU frame=140 gpu_ms=6.53168011
FRAME_NET_GPU frame=141 gpu_ms=6.50326014
FRAME_NET_GPU frame=142 gpu_ms=6.50246
FRAME_NET_GPU frame=143 gpu_ms=6.68217993
FRAME_NET_GPU frame=144 gpu_ms=6.52212
FRAME_NET_GPU frame=145 gpu_ms=6.44891977
FRAME_NET_GPU frame=146 gpu_ms=6.50731993
FRAME_NET_GPU frame=147 gpu_ms=6.53176022
FRAME_NET_GPU frame=148 gpu_ms=6.64911985
FRAME_NET_GPU frame=149 gpu_ms=6.37387991
FRAME_NET_GPU frame=150 gpu_ms=6.59541988
FRAME_NET_GPU frame=151 gpu_ms=6.53350019
FRAME_NET_GPU frame=152 gpu_ms=6.46971989
FRAME_NET_GPU frame=153 gpu_ms=6.44398022
FRAME_NET_GPU frame=154 gpu_ms=6.55647993
FRAME_NET_GPU frame=155 gpu_ms=6.57895994
FRAME_NET_GPU frame=156 gpu_ms=6.47368002
FRAME_NET_GPU frame=157 gpu_ms=6.72779989
FRAME_NET_GPU frame=158 gpu_ms=6.53522015
FRAME_NET_GPU frame=159 gpu_ms=6.64834023
frame=159 reset=1 wall_ms=7.394 invalid=0 luma=0.01311046 roi=0.01994696 dark=808529 roi_dark=258288 changed_first=0 maxabs_first=0
SP_STATS runs=320 fallback=0 rollover=0 jobs=199680 disabled=0 errors=0
RESULT frames=160 temporal=0 mean_wall_ms=15.346 invalid_total=0 restored_capture_every_frame=1 HDR_preserved=1

