{
  "validation": {
    "version": "P",
    "candidate_frames": 168,
    "checked_frames": 336,
    "invalid_values": 0,
    "changed_frames": [],
    "ae_changed": 0,
    "ae_reuse": 44,
    "pass": true
  },
  "timings": [
    {
      "version": "P",
      "batch": "timing1",
      "height": 900,
      "driver_ms": 8.306088124999999,
      "candidate_ms": 8.117038125,
      "delta_ms": -0.18904999999999816,
      "delta_percent": -2.276041346479196
    },
    {
      "version": "P",
      "batch": "timing1",
      "height": 1080,
      "driver_ms": 11.206714999999999,
      "candidate_ms": 11.03817875,
      "delta_ms": -0.16853624999999894,
      "delta_percent": -1.5038862860347502
    },
    {
      "version": "P",
      "batch": "timing2",
      "height": 900,
      "driver_ms": 8.3149725,
      "candidate_ms": 8.132056875,
      "delta_ms": -0.1829156249999997,
      "delta_percent": -2.1998343951227683
    },
    {
      "version": "P",
      "batch": "timing2",
      "height": 1080,
      "driver_ms": 11.19995125,
      "candidate_ms": 11.023445625,
      "delta_ms": -0.176505624999999,
      "delta_percent": -1.5759499399606636
    }
  ]
}
PASS 168 golden + 48 rollover frames; 123 isolated jobs
