
RESULT,constv-400-base,73.668122,128,7
EXACT,constv-400-native,different=0
EXACT,constv-400-native,different=0
RESULT,constv-400-native,16.510937,128,7
EXACT,constv-400-nov,different=0
EXACT,constv-400-nov,different=0
RESULT,constv-400-nov,14.979063,128,7
RESULT,constv-448-base,48.958898,128,7
EXACT,constv-448-native,different=0
EXACT,constv-448-native,different=0
RESULT,constv-448-native,19.995634,128,7
EXACT,constv-448-nov,different=0
EXACT,constv-448-nov,different=0
RESULT,constv-448-nov,16.537188,128,7
RESULT,constv-640-base,71.122967,128,7
EXACT,constv-640-native,different=0
EXACT,constv-640-native,different=0
RESULT,constv-640-native,51.832344,128,7
EXACT,constv-640-nov,different=0
EXACT,constv-640-nov,different=0
RESULT,constv-640-nov,41.945618,128,7
