
RESULT,ours-400-base,36.145002,128,7
EXACT,ours-400-native,different=0
EXACT,ours-400-native,different=0
RESULT,ours-400-native,16.229844,128,7
EXACT,ours-400-native_g1_u1_h0,different=0
EXACT,ours-400-native_g1_u1_h0,different=0
RESULT,ours-400-native_g1_u1_h0,16.889993,128,7
EXACT,ours-400-native_g1_u4_h0,different=0
EXACT,ours-400-native_g1_u4_h0,different=0
RESULT,ours-400-native_g1_u4_h0,20.705320,128,7
EXACT,ours-400-native_g4_u4_h1,different=0
EXACT,ours-400-native_g4_u4_h1,different=0
RESULT,ours-400-native_g4_u4_h1,19.446086,128,7
EXACT,ours-400-g1_u1_h0,different=0
EXACT,ours-400-g1_u1_h0,different=0
RESULT,ours-400-g1_u1_h0,36.636259,128,7
EXACT,ours-400-g1_u1_h1,different=0
EXACT,ours-400-g1_u1_h1,different=0
RESULT,ours-400-g1_u1_h1,37.776563,128,7
EXACT,ours-400-g4_u1_h1,different=0
EXACT,ours-400-g4_u1_h1,different=0
RESULT,ours-400-g4_u1_h1,49.555939,128,7
EXACT,ours-400-g1_u4_h0,different=0
EXACT,ours-400-g1_u4_h0,different=0
RESULT,ours-400-g1_u4_h0,35.836719,128,7
EXACT,ours-400-g4_u4_h1,different=0
EXACT,ours-400-g4_u4_h1,different=0
RESULT,ours-400-g4_u4_h1,51.040158,128,7
RESULT,ours-448-base,49.947500,128,7
EXACT,ours-448-native,different=0
EXACT,ours-448-native,different=0
RESULT,ours-448-native,18.932344,128,7
EXACT,ours-448-native_g1_u1_h0,different=0
EXACT,ours-448-native_g1_u1_h0,different=0
RESULT,ours-448-native_g1_u1_h0,20.805461,128,7
EXACT,ours-448-native_g1_u4_h0,different=0
EXACT,ours-448-native_g1_u4_h0,different=0
RESULT,ours-448-native_g1_u4_h0,30.982031,128,7
EXACT,ours-448-native_g4_u4_h1,different=0
EXACT,ours-448-native_g4_u4_h1,different=0
RESULT,ours-448-native_g4_u4_h1,33.585470,128,7
EXACT,ours-448-g1_u1_h0,different=0
EXACT,ours-448-g1_u1_h0,different=0
RESULT,ours-448-g1_u1_h0,48.447814,128,7
EXACT,ours-448-g1_u1_h1,different=0
EXACT,ours-448-g1_u1_h1,different=0
RESULT,ours-448-g1_u1_h1,48.015311,128,7
EXACT,ours-448-g4_u1_h1,different=0
EXACT,ours-448-g4_u1_h1,different=0
RESULT,ours-448-g4_u1_h1,51.191572,128,7
EXACT,ours-448-g1_u4_h0,different=0
EXACT,ours-448-g1_u4_h0,different=0
RESULT,ours-448-g1_u4_h0,49.102962,128,7
EXACT,ours-448-g4_u4_h1,different=0
EXACT,ours-448-g4_u4_h1,different=0
RESULT,ours-448-g4_u4_h1,53.815626,128,7
RESULT,ours-640-base,71.557030,128,7
EXACT,ours-640-native,different=0
EXACT,ours-640-native,different=0
RESULT,ours-640-native,50.066095,128,7
EXACT,ours-640-native_g1_u1_h0,different=0
EXACT,ours-640-native_g1_u1_h0,different=0
RESULT,ours-640-native_g1_u1_h0,51.623750,128,7
EXACT,ours-640-native_g1_u4_h0,different=0
EXACT,ours-640-native_g1_u4_h0,different=0
RESULT,ours-640-native_g1_u4_h0,53.803593,128,7
EXACT,ours-640-native_g4_u4_h1,different=0
EXACT,ours-640-native_g4_u4_h1,different=0
RESULT,ours-640-native_g4_u4_h1,55.559680,128,7
EXACT,ours-640-g1_u1_h0,different=0
EXACT,ours-640-g1_u1_h0,different=0
RESULT,ours-640-g1_u1_h0,72.301880,128,7
EXACT,ours-640-g1_u1_h1,different=0
EXACT,ours-640-g1_u1_h1,different=0
RESULT,ours-640-g1_u1_h1,70.763126,128,7
EXACT,ours-640-g4_u1_h1,different=0
EXACT,ours-640-g4_u1_h1,different=0
RESULT,ours-640-g4_u1_h1,72.837032,128,7
EXACT,ours-640-g1_u4_h0,different=0
EXACT,ours-640-g1_u4_h0,different=0
RESULT,ours-640-g1_u4_h0,71.381882,128,7
EXACT,ours-640-g4_u4_h1,different=0
EXACT,ours-640-g4_u4_h1,different=0
RESULT,ours-640-g4_u4_h1,74.317969,128,7
RESULT,daniel-050-448,13.108281,128,7
RESULT,daniel-050-640,22.307821,128,7
RESULT,daniel-051-448,13.013758,128,7
RESULT,daniel-051-640,22.373594,128,7
