
RESULT,ours-400-base,36.249686,128,7
EXACT,ours-400-native,different=0
EXACT,ours-400-native,different=0
RESULT,ours-400-native,16.384384,128,7
EXACT,ours-400-g1_u1_h0,different=0
EXACT,ours-400-g1_u1_h0,different=0
RESULT,ours-400-g1_u1_h0,38.960312,128,7
EXACT,ours-400-g1_u1_h1,different=0
EXACT,ours-400-g1_u1_h1,different=0
RESULT,ours-400-g1_u1_h1,41.800469,128,7
EXACT,ours-400-g4_u1_h1,different=0
EXACT,ours-400-g4_u1_h1,different=0
RESULT,ours-400-g4_u1_h1,46.451248,128,7
EXACT,ours-400-g1_u4_h0,different=0
EXACT,ours-400-g1_u4_h0,different=0
RESULT,ours-400-g1_u4_h0,35.925001,128,7
EXACT,ours-400-g4_u4_h1,different=0
EXACT,ours-400-g4_u4_h1,different=0
RESULT,ours-400-g4_u4_h1,50.128117,128,7
RESULT,ours-448-base,49.340781,128,7
EXACT,ours-448-native,different=0
EXACT,ours-448-native,different=0
RESULT,ours-448-native,19.491093,128,7
EXACT,ours-448-g1_u1_h0,different=0
EXACT,ours-448-g1_u1_h0,different=0
RESULT,ours-448-g1_u1_h0,48.620157,128,7
EXACT,ours-448-g1_u1_h1,different=0
EXACT,ours-448-g1_u1_h1,different=0
RESULT,ours-448-g1_u1_h1,50.243743,128,7
EXACT,ours-448-g4_u1_h1,different=0
EXACT,ours-448-g4_u1_h1,different=0
RESULT,ours-448-g4_u1_h1,52.589837,128,7
EXACT,ours-448-g1_u4_h0,different=0
EXACT,ours-448-g1_u4_h0,different=0
RESULT,ours-448-g1_u4_h0,50.602343,128,7
EXACT,ours-448-g4_u4_h1,different=0
EXACT,ours-448-g4_u4_h1,different=0
RESULT,ours-448-g4_u4_h1,53.282820,128,7
RESULT,ours-640-base,70.876561,128,7
EXACT,ours-640-native,different=0
EXACT,ours-640-native,different=0
RESULT,ours-640-native,51.253125,128,7
EXACT,ours-640-g1_u1_h0,different=0
EXACT,ours-640-g1_u1_h0,different=0
RESULT,ours-640-g1_u1_h0,71.850784,128,7
EXACT,ours-640-g1_u1_h1,different=0
EXACT,ours-640-g1_u1_h1,different=0
RESULT,ours-640-g1_u1_h1,71.304217,128,7
EXACT,ours-640-g4_u1_h1,different=0
EXACT,ours-640-g4_u1_h1,different=0
RESULT,ours-640-g4_u1_h1,71.903124,128,7
EXACT,ours-640-g1_u4_h0,different=0
EXACT,ours-640-g1_u4_h0,different=0
RESULT,ours-640-g1_u4_h0,71.901560,128,7
EXACT,ours-640-g4_u4_h1,different=0
EXACT,ours-640-g4_u4_h1,different=0
RESULT,ours-640-g4_u4_h1,73.317967,128,7
RESULT,daniel-050-448,13.103594,128,7
RESULT,daniel-050-640,22.605313,128,7
RESULT,daniel-051-448,12.990938,128,7
RESULT,daniel-051-640,23.316095,128,7
