
RESULT,ours-400-base,36.083281,128,7
EXACT,ours-400-native,different=0
EXACT,ours-400-native,different=0
RESULT,ours-400-native,15.230305,128,7
EXACT,ours-400-pair,different=0
EXACT,ours-400-pair,different=0
RESULT,ours-400-pair,15.003750,128,7
RESULT,ours-448-base,50.576571,128,7
EXACT,ours-448-native,different=0
EXACT,ours-448-native,different=0
RESULT,ours-448-native,18.928742,128,7
EXACT,ours-448-pair,different=0
EXACT,ours-448-pair,different=0
RESULT,ours-448-pair,16.618906,128,7
RESULT,ours-640-base,70.256718,128,7
EXACT,ours-640-native,different=0
EXACT,ours-640-native,different=0
RESULT,ours-640-native,51.723748,128,7
EXACT,ours-640-pair,different=0
EXACT,ours-640-pair,different=0
RESULT,ours-640-pair,42.487819,128,7
RESULT,constv-400-base,39.451405,128,7
EXACT,constv-400-native,different=0
EXACT,constv-400-native,different=0
RESULT,constv-400-native,14.645781,128,7
EXACT,constv-400-nov,different=0
EXACT,constv-400-nov,different=0
RESULT,constv-400-nov,14.916719,128,7
RESULT,constv-448-base,50.542813,128,7
EXACT,constv-448-native,different=0
EXACT,constv-448-native,different=0
RESULT,constv-448-native,18.224696,128,7
EXACT,constv-448-nov,different=0
EXACT,constv-448-nov,different=0
RESULT,constv-448-nov,16.344523,128,7
RESULT,constv-640-base,72.358124,128,7
EXACT,constv-640-native,different=0
EXACT,constv-640-native,different=0
RESULT,constv-640-native,51.407501,128,7
EXACT,constv-640-nov,different=0
EXACT,constv-640-nov,different=0
RESULT,constv-640-nov,45.680314,128,7
