[
    {
        "sha256":  "046E1A6350B009153AE6AE210EE10C6855330F2885E4320606487EB8995BCCE3",
        "path":  "C:\\Program Files (x86)\\Steam\\steamapps\\common\\StellarBlade\\SB\\Binaries\\Win64\\dlss5-amd.addon64"
    },
    {
        "sha256":  "FBFB6676B829DAD7E020FB830586A16AA0EC6ADD78016DB48EF12E2AE1803231",
        "path":  "C:\\Program Files (x86)\\Steam\\steamapps\\common\\StellarBlade\\SB\\Binaries\\Win64\\dxgi.dll"
    },
    {
        "sha256":  "6630654CEFE238A8F4E0B509F5A0B47031C90B769C3087330331A9E3AECAA220",
        "path":  "C:\\Program Files (x86)\\Steam\\steamapps\\common\\StellarBlade\\SB\\Binaries\\Win64\\OptiScaler.ini"
    },
    {
        "sha256":  "A8F883C7BAB87F945472191EAA4A64A1EB3DE818C35F190D52E3D470266CBFAC",
        "path":  "C:\\Program Files (x86)\\Steam\\steamapps\\common\\StellarBlade\\SB\\Binaries\\Win64\\DLSS5-AMD\\native-game-flags.txt"
    }
]

DLSS5_MAKE_RESIDENT_EVERY=60
DLSS5_NETWORK_HEIGHT=auto
DLSS5_VIT_ADAPTIVE=1
DLSS5_DIRECT_IO=3
