
RESULT,ours-400-base,37.990626,128,7
EXACT,ours-400-native,different=0
EXACT,ours-400-native,different=0
RESULT,ours-400-native,16.382812,128,7
EXACT,ours-400-pair,different=0
EXACT,ours-400-pair,different=0
RESULT,ours-400-pair,15.105938,128,7
EXACT,ours-400-transpose,different=0
EXACT,ours-400-transpose,different=0
RESULT,ours-400-transpose,16.085157,128,7
EXACT,ours-400-pair_transpose,different=0
EXACT,ours-400-pair_transpose,different=0
RESULT,ours-400-pair_transpose,15.017032,128,7
RESULT,ours-448-base,49.849845,128,7
EXACT,ours-448-native,different=0
EXACT,ours-448-native,different=0
RESULT,ours-448-native,20.071875,128,7
EXACT,ours-448-pair,different=0
EXACT,ours-448-pair,different=0
RESULT,ours-448-pair,16.090313,128,7
EXACT,ours-448-transpose,different=0
EXACT,ours-448-transpose,different=0
RESULT,ours-448-transpose,19.973429,128,7
EXACT,ours-448-pair_transpose,different=0
EXACT,ours-448-pair_transpose,different=0
RESULT,ours-448-pair_transpose,16.550304,128,7
RESULT,ours-640-base,70.769534,128,7
EXACT,ours-640-native,different=0
EXACT,ours-640-native,different=0
RESULT,ours-640-native,50.484382,128,7
EXACT,ours-640-pair,different=0
EXACT,ours-640-pair,different=0
RESULT,ours-640-pair,41.945931,128,7
EXACT,ours-640-transpose,different=0
EXACT,ours-640-transpose,different=0
RESULT,ours-640-transpose,51.047970,128,7
EXACT,ours-640-pair_transpose,different=0
EXACT,ours-640-pair_transpose,different=0
RESULT,ours-640-pair_transpose,37.884686,128,7
