{"tag":"900-static-False","mean_ms":12.806454545454546,"sha":"75AABA5EF94368353F3F17C034B53918151AA2EBC98FF870B2A057D08AE910AB"}
{"tag":"900-static-True","mean_ms":12.449181818181815,"sha":"75AABA5EF94368353F3F17C034B53918151AA2EBC98FF870B2A057D08AE910AB"}
SAME 900-static-False 900-static-True
{"tag":"900-motion-False","mean_ms":13.990909090909092,"sha":"5104F039569FE20C0EDCAB1FB68D56DB041406F3DDB38FC49DD2DD1D1EC636D1"}
{"tag":"900-motion-True","mean_ms":13.190727272727274,"sha":"5104F039569FE20C0EDCAB1FB68D56DB041406F3DDB38FC49DD2DD1D1EC636D1"}
SAME 900-motion-False 900-motion-True
{"tag":"1080-static-False","mean_ms":16.090090909090911,"sha":"1DE20C219105CC281CBA1364A0A21D0DDC4510A95458EC0CA3B8C893EA54F23A"}
{"tag":"1080-static-True","mean_ms":16.192181818181815,"sha":"1DE20C219105CC281CBA1364A0A21D0DDC4510A95458EC0CA3B8C893EA54F23A"}
SAME 1080-static-False 1080-static-True
{"tag":"1080-motion-False","mean_ms":17.569636363636366,"sha":"0ED23ADE940C9AE527BE261BD726F48BE064D3D4C4CD0DB6F61CEA69ABFECD6F"}
{"tag":"1080-motion-True","mean_ms":16.65190909090909,"sha":"0ED23ADE940C9AE527BE261BD726F48BE064D3D4C4CD0DB6F61CEA69ABFECD6F"}
SAME 1080-motion-False 1080-motion-True
{"tag":"720-motion-False","mean_ms":9.1255454545454526,"sha":"0D0F1989507D9D159D30355549400380894D337F2BDF20D3981E7F0644E9DF8F"}
{"tag":"720-motion-True","mean_ms":11.613272727272726,"sha":"0D0F1989507D9D159D30355549400380894D337F2BDF20D3981E7F0644E9DF8F"}
SAME 720-motion-False 720-motion-True
{"tag":"900-history-False","mean_ms":17.289909090909092,"sha":"8FA2794CE21091F26C0BAFFE79981CD86BB9C3CDA329D0773D0066F776E6106F"}
{"tag":"900-history-True","mean_ms":16.340272727272726,"sha":"8FA2794CE21091F26C0BAFFE79981CD86BB9C3CDA329D0773D0066F776E6106F"}
SAME 900-history-False 900-history-True
{"tag":"1080-history-False","mean_ms":20.522363636363639,"sha":"28D370EC05EDABA2E99B32891F7CDF670F0084D46A239A43F410B232BE97D506"}
{"tag":"1080-history-True","mean_ms":19.698,"sha":"28D370EC05EDABA2E99B32891F7CDF670F0084D46A239A43F410B232BE97D506"}
SAME 1080-history-False 1080-history-True
