MODULES D:\DLSSNR-Lab\geom1088-20260930\flat-A C32=30C3D107BD75C2213151DF088938EA285973009D805E0728FB59A2BA9777CF4B C64=C8A88D27BE37A1A1C69282B07C55D22E5B5025DBF9978C8AC76F65AD118A5FD5
{"tag":"900-static-False","mean_ms":11.33990909090909,"sha":"54D7C1B454CD475AD2C12C2375AA6908FB9A3A7226F0901961EB49145EAAD689"}
MODULES D:\DLSSNR-Lab\geom1088-20260930\flat-A C32=30C3D107BD75C2213151DF088938EA285973009D805E0728FB59A2BA9777CF4B C64=C8A88D27BE37A1A1C69282B07C55D22E5B5025DBF9978C8AC76F65AD118A5FD5
{"tag":"900-static-True","mean_ms":10.608454545454547,"sha":"54D7C1B454CD475AD2C12C2375AA6908FB9A3A7226F0901961EB49145EAAD689"}
SAME 900-static-False 900-static-True
MODULES D:\DLSSNR-Lab\geom1088-20260930\flat-A C32=30C3D107BD75C2213151DF088938EA285973009D805E0728FB59A2BA9777CF4B C64=C8A88D27BE37A1A1C69282B07C55D22E5B5025DBF9978C8AC76F65AD118A5FD5
{"tag":"900-motion-False","mean_ms":8.9282727272727289,"sha":"5475F39A1C6B8F1F3BA64154327376F7520166A25C297B8ADB08A7BAEB5A8F95"}
MODULES D:\DLSSNR-Lab\geom1088-20260930\flat-A C32=30C3D107BD75C2213151DF088938EA285973009D805E0728FB59A2BA9777CF4B C64=C8A88D27BE37A1A1C69282B07C55D22E5B5025DBF9978C8AC76F65AD118A5FD5
{"tag":"900-motion-True","mean_ms":9.6126363636363656,"sha":"5475F39A1C6B8F1F3BA64154327376F7520166A25C297B8ADB08A7BAEB5A8F95"}
SAME 900-motion-False 900-motion-True
MODULES D:\DLSSNR-Lab\geom1088-20260930\flat-A C32=30C3D107BD75C2213151DF088938EA285973009D805E0728FB59A2BA9777CF4B C64=C8A88D27BE37A1A1C69282B07C55D22E5B5025DBF9978C8AC76F65AD118A5FD5
{"tag":"1080-static-False","mean_ms":13.572363636363638,"sha":"52947438109AA3E5A58DEB4DDC28045C175C51A6473775A1C102008CE7810D2B"}
MODULES D:\DLSSNR-Lab\geom1088-20260930\flat-A C32=30C3D107BD75C2213151DF088938EA285973009D805E0728FB59A2BA9777CF4B C64=C8A88D27BE37A1A1C69282B07C55D22E5B5025DBF9978C8AC76F65AD118A5FD5
{"tag":"1080-static-True","mean_ms":12.916363636363634,"sha":"52947438109AA3E5A58DEB4DDC28045C175C51A6473775A1C102008CE7810D2B"}
SAME 1080-static-False 1080-static-True
MODULES D:\DLSSNR-Lab\geom1088-20260930\flat-A C32=30C3D107BD75C2213151DF088938EA285973009D805E0728FB59A2BA9777CF4B C64=C8A88D27BE37A1A1C69282B07C55D22E5B5025DBF9978C8AC76F65AD118A5FD5
{"tag":"1080-motion-False","mean_ms":14.732909090909091,"sha":"EF3EF3F43305E89547E3440D075E511B6F9B4F032E7C68F3D21782B6823F369E"}
MODULES D:\DLSSNR-Lab\geom1088-20260930\flat-A C32=30C3D107BD75C2213151DF088938EA285973009D805E0728FB59A2BA9777CF4B C64=C8A88D27BE37A1A1C69282B07C55D22E5B5025DBF9978C8AC76F65AD118A5FD5
{"tag":"1080-motion-True","mean_ms":13.11809090909091,"sha":"EF3EF3F43305E89547E3440D075E511B6F9B4F032E7C68F3D21782B6823F369E"}
SAME 1080-motion-False 1080-motion-True
MODULES D:\DLSSNR-Lab\geom1088-20260930\flat-A C32=30C3D107BD75C2213151DF088938EA285973009D805E0728FB59A2BA9777CF4B C64=C8A88D27BE37A1A1C69282B07C55D22E5B5025DBF9978C8AC76F65AD118A5FD5
{"tag":"720-motion-False","mean_ms":6.8303636363636349,"sha":"C90688A2E7E641A03DF002D81B77251384C93EF3992E9F57D747009433B76A5D"}
MODULES D:\DLSSNR-Lab\geom1088-20260930\flat-A C32=30C3D107BD75C2213151DF088938EA285973009D805E0728FB59A2BA9777CF4B C64=C8A88D27BE37A1A1C69282B07C55D22E5B5025DBF9978C8AC76F65AD118A5FD5
{"tag":"720-motion-True","mean_ms":9.4556363636363638,"sha":"C90688A2E7E641A03DF002D81B77251384C93EF3992E9F57D747009433B76A5D"}
SAME 720-motion-False 720-motion-True
MODULES D:\DLSSNR-Lab\geom1088-20260930\flat-A C32=30C3D107BD75C2213151DF088938EA285973009D805E0728FB59A2BA9777CF4B C64=C8A88D27BE37A1A1C69282B07C55D22E5B5025DBF9978C8AC76F65AD118A5FD5
{"tag":"900-history-False","mean_ms":13.282,"sha":"D0D899C190F04ABFA969CF73787B04B80E8700A3E66B843291398D53FBBC3FA5"}
MODULES D:\DLSSNR-Lab\geom1088-20260930\flat-A C32=30C3D107BD75C2213151DF088938EA285973009D805E0728FB59A2BA9777CF4B C64=C8A88D27BE37A1A1C69282B07C55D22E5B5025DBF9978C8AC76F65AD118A5FD5
{"tag":"900-history-True","mean_ms":12.019090909090909,"sha":"D0D899C190F04ABFA969CF73787B04B80E8700A3E66B843291398D53FBBC3FA5"}
SAME 900-history-False 900-history-True
MODULES D:\DLSSNR-Lab\geom1088-20260930\flat-A C32=30C3D107BD75C2213151DF088938EA285973009D805E0728FB59A2BA9777CF4B C64=C8A88D27BE37A1A1C69282B07C55D22E5B5025DBF9978C8AC76F65AD118A5FD5
{"tag":"1080-history-False","mean_ms":14.476090909090907,"sha":"266C89831F10DBDE1C05B5CDF894D881E70C7DC8C4F9892D265C2AC32E171762"}
MODULES D:\DLSSNR-Lab\geom1088-20260930\flat-A C32=30C3D107BD75C2213151DF088938EA285973009D805E0728FB59A2BA9777CF4B C64=C8A88D27BE37A1A1C69282B07C55D22E5B5025DBF9978C8AC76F65AD118A5FD5
{"tag":"1080-history-True","mean_ms":12.803363636363635,"sha":"266C89831F10DBDE1C05B5CDF894D881E70C7DC8C4F9892D265C2AC32E171762"}
SAME 1080-history-False 1080-history-True
MODULES D:\DLSSNR-Lab\geom1088-20260930\flat-A C32=30C3D107BD75C2213151DF088938EA285973009D805E0728FB59A2BA9777CF4B C64=C8A88D27BE37A1A1C69282B07C55D22E5B5025DBF9978C8AC76F65AD118A5FD5
{"tag":"900-static-False","mean_ms":10.974818181818181,"sha":"54D7C1B454CD475AD2C12C2375AA6908FB9A3A7226F0901961EB49145EAAD689"}
MODULES D:\DLSSNR-Lab\geom1088-20260930\flat-A C32=30C3D107BD75C2213151DF088938EA285973009D805E0728FB59A2BA9777CF4B C64=C8A88D27BE37A1A1C69282B07C55D22E5B5025DBF9978C8AC76F65AD118A5FD5
{"tag":"900-static-True","mean_ms":12.543181818181818,"sha":"54D7C1B454CD475AD2C12C2375AA6908FB9A3A7226F0901961EB49145EAAD689"}
SAME 900-static-False 900-static-True
MODULES D:\DLSSNR-Lab\geom1088-20260930\flat-A C32=30C3D107BD75C2213151DF088938EA285973009D805E0728FB59A2BA9777CF4B C64=C8A88D27BE37A1A1C69282B07C55D22E5B5025DBF9978C8AC76F65AD118A5FD5
{"tag":"900-motion-False","mean_ms":14.11990909090909,"sha":"5475F39A1C6B8F1F3BA64154327376F7520166A25C297B8ADB08A7BAEB5A8F95"}
MODULES D:\DLSSNR-Lab\geom1088-20260930\flat-A C32=30C3D107BD75C2213151DF088938EA285973009D805E0728FB59A2BA9777CF4B C64=C8A88D27BE37A1A1C69282B07C55D22E5B5025DBF9978C8AC76F65AD118A5FD5
{"tag":"900-motion-True","mean_ms":13.884909090909089,"sha":"5475F39A1C6B8F1F3BA64154327376F7520166A25C297B8ADB08A7BAEB5A8F95"}
SAME 900-motion-False 900-motion-True
MODULES D:\DLSSNR-Lab\geom1088-20260930\flat-A C32=30C3D107BD75C2213151DF088938EA285973009D805E0728FB59A2BA9777CF4B C64=C8A88D27BE37A1A1C69282B07C55D22E5B5025DBF9978C8AC76F65AD118A5FD5
{"tag":"1080-static-False","mean_ms":14.150727272727273,"sha":"52947438109AA3E5A58DEB4DDC28045C175C51A6473775A1C102008CE7810D2B"}
MODULES D:\DLSSNR-Lab\geom1088-20260930\flat-A C32=30C3D107BD75C2213151DF088938EA285973009D805E0728FB59A2BA9777CF4B C64=C8A88D27BE37A1A1C69282B07C55D22E5B5025DBF9978C8AC76F65AD118A5FD5
{"tag":"1080-static-True","mean_ms":13.734000000000002,"sha":"52947438109AA3E5A58DEB4DDC28045C175C51A6473775A1C102008CE7810D2B"}
SAME 1080-static-False 1080-static-True
MODULES D:\DLSSNR-Lab\geom1088-20260930\flat-A C32=30C3D107BD75C2213151DF088938EA285973009D805E0728FB59A2BA9777CF4B C64=C8A88D27BE37A1A1C69282B07C55D22E5B5025DBF9978C8AC76F65AD118A5FD5
{"tag":"1080-motion-False","mean_ms":13.782272727272726,"sha":"20EBE3294DF3C8747A3CE17052E214B3492E86DEB2EE9FD007F746937C8ECA61"}
MODULES D:\DLSSNR-Lab\geom1088-20260930\flat-A C32=30C3D107BD75C2213151DF088938EA285973009D805E0728FB59A2BA9777CF4B C64=C8A88D27BE37A1A1C69282B07C55D22E5B5025DBF9978C8AC76F65AD118A5FD5
{"tag":"1080-motion-True","mean_ms":15.18418181818182,"sha":"20EBE3294DF3C8747A3CE17052E214B3492E86DEB2EE9FD007F746937C8ECA61"}
SAME 1080-motion-False 1080-motion-True
MODULES D:\DLSSNR-Lab\geom1088-20260930\flat-A C32=30C3D107BD75C2213151DF088938EA285973009D805E0728FB59A2BA9777CF4B C64=C8A88D27BE37A1A1C69282B07C55D22E5B5025DBF9978C8AC76F65AD118A5FD5
{"tag":"720-motion-False","mean_ms":8.8888181818181824,"sha":"9DF9122ACADE184B91D36A66FEFCFAC8E841ECC7C5BB06DF9FFFAE0F44112F77"}
MODULES D:\DLSSNR-Lab\geom1088-20260930\flat-A C32=30C3D107BD75C2213151DF088938EA285973009D805E0728FB59A2BA9777CF4B C64=C8A88D27BE37A1A1C69282B07C55D22E5B5025DBF9978C8AC76F65AD118A5FD5
{"tag":"720-motion-True","mean_ms":8.6558181818181836,"sha":"9DF9122ACADE184B91D36A66FEFCFAC8E841ECC7C5BB06DF9FFFAE0F44112F77"}
SAME 720-motion-False 720-motion-True
MODULES D:\DLSSNR-Lab\geom1088-20260930\flat-A C32=30C3D107BD75C2213151DF088938EA285973009D805E0728FB59A2BA9777CF4B C64=C8A88D27BE37A1A1C69282B07C55D22E5B5025DBF9978C8AC76F65AD118A5FD5
{"tag":"900-history-False","mean_ms":13.679000000000002,"sha":"F41C89C1E78298BF3CFD381824189E1C87C31B5FCDAA889A357CD1A68BBC6E4B"}
MODULES D:\DLSSNR-Lab\geom1088-20260930\flat-A C32=30C3D107BD75C2213151DF088938EA285973009D805E0728FB59A2BA9777CF4B C64=C8A88D27BE37A1A1C69282B07C55D22E5B5025DBF9978C8AC76F65AD118A5FD5
{"tag":"900-history-True","mean_ms":13.367636363636365,"sha":"F41C89C1E78298BF3CFD381824189E1C87C31B5FCDAA889A357CD1A68BBC6E4B"}
SAME 900-history-False 900-history-True
MODULES D:\DLSSNR-Lab\geom1088-20260930\flat-A C32=30C3D107BD75C2213151DF088938EA285973009D805E0728FB59A2BA9777CF4B C64=C8A88D27BE37A1A1C69282B07C55D22E5B5025DBF9978C8AC76F65AD118A5FD5
{"tag":"1080-history-False","mean_ms":16.343909090909094,"sha":"25131680EC7E66F966385AD36E0FB0AF59EC8879CF776BBD972A97845FED62F9"}
MODULES D:\DLSSNR-Lab\geom1088-20260930\flat-A C32=30C3D107BD75C2213151DF088938EA285973009D805E0728FB59A2BA9777CF4B C64=C8A88D27BE37A1A1C69282B07C55D22E5B5025DBF9978C8AC76F65AD118A5FD5
{"tag":"1080-history-True","mean_ms":15.462727272727273,"sha":"25131680EC7E66F966385AD36E0FB0AF59EC8879CF776BBD972A97845FED62F9"}
SAME 1080-history-False 1080-history-True
AE CSV SAME
MODULES D:\DLSSNR-Lab\geom1088-20260930\flat-A C32=30C3D107BD75C2213151DF088938EA285973009D805E0728FB59A2BA9777CF4B C64=C8A88D27BE37A1A1C69282B07C55D22E5B5025DBF9978C8AC76F65AD118A5FD5
{"tag":"900-history-False","mean_ms":12.305181818181818,"sha":"D0D899C190F04ABFA969CF73787B04B80E8700A3E66B843291398D53FBBC3FA5"}
MODULES D:\DLSSNR-Lab\geom1088-20260930\flat-A C32=30C3D107BD75C2213151DF088938EA285973009D805E0728FB59A2BA9777CF4B C64=C8A88D27BE37A1A1C69282B07C55D22E5B5025DBF9978C8AC76F65AD118A5FD5
{"tag":"900-history-True","mean_ms":14.193454545454546,"sha":"D0D899C190F04ABFA969CF73787B04B80E8700A3E66B843291398D53FBBC3FA5"}
SAME 900-history-False 900-history-True
MODULES D:\DLSSNR-Lab\geom1088-20260930\flat-A C32=30C3D107BD75C2213151DF088938EA285973009D805E0728FB59A2BA9777CF4B C64=C8A88D27BE37A1A1C69282B07C55D22E5B5025DBF9978C8AC76F65AD118A5FD5
{"tag":"1080-history-False","mean_ms":13.235818181818182,"sha":"266C89831F10DBDE1C05B5CDF894D881E70C7DC8C4F9892D265C2AC32E171762"}
MODULES D:\DLSSNR-Lab\geom1088-20260930\flat-A C32=30C3D107BD75C2213151DF088938EA285973009D805E0728FB59A2BA9777CF4B C64=C8A88D27BE37A1A1C69282B07C55D22E5B5025DBF9978C8AC76F65AD118A5FD5
{"tag":"1080-history-True","mean_ms":14.684272727272729,"sha":"266C89831F10DBDE1C05B5CDF894D881E70C7DC8C4F9892D265C2AC32E171762"}
SAME 1080-history-False 1080-history-True
MODULES D:\DLSSNR-Lab\geom1088-20260930\flat-A C32=30C3D107BD75C2213151DF088938EA285973009D805E0728FB59A2BA9777CF4B C64=C8A88D27BE37A1A1C69282B07C55D22E5B5025DBF9978C8AC76F65AD118A5FD5
{"tag":"900-history-False","mean_ms":15.170727272727271,"sha":"F41C89C1E78298BF3CFD381824189E1C87C31B5FCDAA889A357CD1A68BBC6E4B"}
MODULES D:\DLSSNR-Lab\geom1088-20260930\flat-A C32=30C3D107BD75C2213151DF088938EA285973009D805E0728FB59A2BA9777CF4B C64=C8A88D27BE37A1A1C69282B07C55D22E5B5025DBF9978C8AC76F65AD118A5FD5
{"tag":"900-history-True","mean_ms":16.193636363636362,"sha":"F41C89C1E78298BF3CFD381824189E1C87C31B5FCDAA889A357CD1A68BBC6E4B"}
SAME 900-history-False 900-history-True
MODULES D:\DLSSNR-Lab\geom1088-20260930\flat-A C32=30C3D107BD75C2213151DF088938EA285973009D805E0728FB59A2BA9777CF4B C64=C8A88D27BE37A1A1C69282B07C55D22E5B5025DBF9978C8AC76F65AD118A5FD5
{"tag":"1080-history-False","mean_ms":15.583818181818184,"sha":"25131680EC7E66F966385AD36E0FB0AF59EC8879CF776BBD972A97845FED62F9"}
MODULES D:\DLSSNR-Lab\geom1088-20260930\flat-A C32=30C3D107BD75C2213151DF088938EA285973009D805E0728FB59A2BA9777CF4B C64=C8A88D27BE37A1A1C69282B07C55D22E5B5025DBF9978C8AC76F65AD118A5FD5
{"tag":"1080-history-True","mean_ms":18.364181818181819,"sha":"25131680EC7E66F966385AD36E0FB0AF59EC8879CF776BBD972A97845FED62F9"}
SAME 1080-history-False 1080-history-True
FULL_DONE
