{"tag":"static-1152","mean_ms":12.146454545454544}
{"tag":"static-1088","mean_ms":12.625636363636364}
{"tag":"static-1088rows","mean_ms":13.082454545454546}
SAME static-1088 static-1088rows (0/12)
{"tag":"static-1088plain","mean_ms":16.061181818181815}
SAME static-1088 static-1088plain (0/12)
{"tag":"static-1152plain","mean_ms":17.409000000000002}
SAME static-1152 static-1152plain (0/12)
{"tag":"motion-1152","mean_ms":12.575363636363637}
{"tag":"motion-1088","mean_ms":12.415454545454548}
{"tag":"motion-1088rows","mean_ms":12.797181818181819}
SAME motion-1088 motion-1088rows (0/12)
{"tag":"motion-1088plain","mean_ms":17.454090909090908}
SAME motion-1088 motion-1088plain (0/12)
{"tag":"motion-1152plain","mean_ms":18.575090909090907}
SAME motion-1152 motion-1152plain (0/12)
{"tag":"history-1152","mean_ms":12.885909090909092}
{"tag":"history-1088","mean_ms":13.355363636363638}
{"tag":"history-1088rows","mean_ms":13.23190909090909}
SAME history-1088 history-1088rows (0/12)
{"tag":"history-1088plain","mean_ms":17.633181818181821}
SAME history-1088 history-1088plain (0/12)
{"tag":"history-1152plain","mean_ms":19.955}
SAME history-1152 history-1152plain (0/12)
{"tag":"time1-0-1080","mean_ms":10.696728749999998}
{"tag":"time1-1-1088","mean_ms":10.245603749999987}
{"tag":"time1-2-1088","mean_ms":10.276854999999985}
{"tag":"time1-3-1080","mean_ms":10.774536250000006}
{"tag":"time2-0-1080","mean_ms":10.764963750000009}
{"tag":"time2-1-1088","mean_ms":10.278097499999996}
{"tag":"time2-2-1088","mean_ms":10.287484999999998}
{"tag":"time2-3-1080","mean_ms":10.763063750000006}
GEOM_DONE
