seed=1 pattern=0
input format=RGBA16_FLOAT W=2560 H=1440 invalid=0 min=0 max=1 luma=0.357899353 roi_luma=0.389746571
adapter=AMD Radeon RX 9070 XT
NET frame=0 gpu_ms=1081.774902
GEOMETRY valid=2560x1440 processing=2560x1472 tokens=960
frame=0 reset=1 wall_ms=1087.626 invalid=0 luma=0.3597704 roi=0.4268046 dark=101219 roi_dark=9829 changed_first=0 maxabs_first=0
NET frame=1 gpu_ms=33.594913
NET frame=2 gpu_ms=31.498119
NET frame=3 gpu_ms=31.632721
NET frame=4 gpu_ms=31.981100
NET frame=5 gpu_ms=32.167099
NET frame=6 gpu_ms=31.717020
NET frame=7 gpu_ms=31.748501
NET frame=8 gpu_ms=31.704599
NET frame=9 gpu_ms=31.920300
NET frame=10 gpu_ms=31.904301
NET frame=11 gpu_ms=31.618719
NET frame=12 gpu_ms=31.663860
NET frame=13 gpu_ms=31.947380
NET frame=14 gpu_ms=31.754101
NET frame=15 gpu_ms=32.134399
NET frame=16 gpu_ms=31.657921
NET frame=17 gpu_ms=31.778500
NET frame=18 gpu_ms=31.762859
NET frame=19 gpu_ms=31.670139
NET frame=20 gpu_ms=31.733360
NET frame=21 gpu_ms=31.735941
NET frame=22 gpu_ms=31.771080
NET frame=23 gpu_ms=31.860901
NET frame=24 gpu_ms=31.916201
NET frame=25 gpu_ms=31.731400
NET frame=26 gpu_ms=32.003281
NET frame=27 gpu_ms=31.762140
NET frame=28 gpu_ms=31.770540
NET frame=29 gpu_ms=31.901381
NET frame=30 gpu_ms=31.860399
NET frame=31 gpu_ms=31.687820
NET frame=32 gpu_ms=31.885361
NET frame=33 gpu_ms=32.079979
NET frame=34 gpu_ms=31.912180
NET frame=35 gpu_ms=32.005241
NET frame=36 gpu_ms=31.984680
NET frame=37 gpu_ms=31.575180
NET frame=38 gpu_ms=32.096882
NET frame=39 gpu_ms=31.806740
NET frame=40 gpu_ms=32.065262
NET frame=41 gpu_ms=31.901480
NET frame=42 gpu_ms=31.892260
NET frame=43 gpu_ms=31.553539
NET frame=44 gpu_ms=31.910080
NET frame=45 gpu_ms=31.832180
NET frame=46 gpu_ms=32.027000
NET frame=47 gpu_ms=31.922001
NET frame=48 gpu_ms=31.588381
NET frame=49 gpu_ms=32.001362
NET frame=50 gpu_ms=32.010262
NET frame=51 gpu_ms=31.776020
NET frame=52 gpu_ms=32.281059
NET frame=53 gpu_ms=31.920780
NET frame=54 gpu_ms=31.769180
NET frame=55 gpu_ms=31.743940
NET frame=56 gpu_ms=31.661180
NET frame=57 gpu_ms=31.698160
NET frame=58 gpu_ms=31.991760
NET frame=59 gpu_ms=31.902300
NET frame=60 gpu_ms=31.889601
NET frame=61 gpu_ms=31.752720
NET frame=62 gpu_ms=31.978001
NET frame=63 gpu_ms=31.752060
NET frame=64 gpu_ms=31.846901
NET frame=65 gpu_ms=31.723881
NET frame=66 gpu_ms=31.755140
NET frame=67 gpu_ms=31.847521
NET frame=68 gpu_ms=31.834339
NET frame=69 gpu_ms=32.007481
NET frame=70 gpu_ms=31.881300
NET frame=71 gpu_ms=31.641800
NET frame=72 gpu_ms=31.663521
NET frame=73 gpu_ms=31.855539
NET frame=74 gpu_ms=31.948080
NET frame=75 gpu_ms=31.748520
NET frame=76 gpu_ms=31.828440
NET frame=77 gpu_ms=31.817020
NET frame=78 gpu_ms=31.929859
NET frame=79 gpu_ms=31.767179
NET frame=80 gpu_ms=31.795361
NET frame=81 gpu_ms=31.976940
NET frame=82 gpu_ms=31.741020
NET frame=83 gpu_ms=31.856701
NET frame=84 gpu_ms=31.770000
NET frame=85 gpu_ms=31.793680
NET frame=86 gpu_ms=31.678659
NET frame=87 gpu_ms=31.899481
NET frame=88 gpu_ms=31.931141
NET frame=89 gpu_ms=32.078178
NET frame=90 gpu_ms=31.765421
NET frame=91 gpu_ms=31.936600
NET frame=92 gpu_ms=31.704559
NET frame=93 gpu_ms=31.788160
NET frame=94 gpu_ms=31.657120
NET frame=95 gpu_ms=31.683140
NET frame=96 gpu_ms=31.871140
NET frame=97 gpu_ms=31.680540
NET frame=98 gpu_ms=31.895380
NET frame=99 gpu_ms=31.816441
NET frame=100 gpu_ms=31.655661
NET frame=101 gpu_ms=31.819880
NET frame=102 gpu_ms=31.723499
NET frame=103 gpu_ms=31.931561
NET frame=104 gpu_ms=31.761721
NET frame=105 gpu_ms=32.082279
NET frame=106 gpu_ms=31.714741
NET frame=107 gpu_ms=31.633120
NET frame=108 gpu_ms=32.187561
NET frame=109 gpu_ms=31.960501
NET frame=110 gpu_ms=31.660259
NET frame=111 gpu_ms=31.904079
NET frame=112 gpu_ms=31.768120
NET frame=113 gpu_ms=32.122959
NET frame=114 gpu_ms=31.688620
NET frame=115 gpu_ms=31.915661
NET frame=116 gpu_ms=32.013599
NET frame=117 gpu_ms=31.809299
NET frame=118 gpu_ms=31.852680
NET frame=119 gpu_ms=31.862419
NET frame=120 gpu_ms=31.938480
NET frame=121 gpu_ms=32.027519
NET frame=122 gpu_ms=31.761940
NET frame=123 gpu_ms=31.732639
NET frame=124 gpu_ms=31.683620
NET frame=125 gpu_ms=31.851040
NET frame=126 gpu_ms=31.734880
NET frame=127 gpu_ms=31.748199
NET frame=128 gpu_ms=31.873501
NET frame=129 gpu_ms=31.732361
NET frame=130 gpu_ms=31.975901
NET frame=131 gpu_ms=32.142860
NET frame=132 gpu_ms=31.818140
NET frame=133 gpu_ms=31.907560
NET frame=134 gpu_ms=31.816320
NET frame=135 gpu_ms=31.814581
NET frame=136 gpu_ms=31.774260
NET frame=137 gpu_ms=31.919300
NET frame=138 gpu_ms=32.007740
NET frame=139 gpu_ms=32.022678
NET frame=140 gpu_ms=31.835920
NET frame=141 gpu_ms=31.776140
NET frame=142 gpu_ms=31.738760
NET frame=143 gpu_ms=31.870081
NET frame=144 gpu_ms=31.562220
NET frame=145 gpu_ms=31.846239
NET frame=146 gpu_ms=31.960100
NET frame=147 gpu_ms=31.821680
NET frame=148 gpu_ms=31.957520
NET frame=149 gpu_ms=32.034760
NET frame=150 gpu_ms=32.140579
NET frame=151 gpu_ms=31.813181
NET frame=152 gpu_ms=32.016682
NET frame=153 gpu_ms=31.928881
NET frame=154 gpu_ms=31.874081
NET frame=155 gpu_ms=31.928280
NET frame=156 gpu_ms=31.841961
NET frame=157 gpu_ms=31.573759
NET frame=158 gpu_ms=31.955561
NET frame=159 gpu_ms=31.751841
NET frame=160 gpu_ms=31.724360
NET frame=161 gpu_ms=31.864340
NET frame=162 gpu_ms=31.768419
NET frame=163 gpu_ms=31.559740
NET frame=164 gpu_ms=31.720961
NET frame=165 gpu_ms=31.670059
NET frame=166 gpu_ms=31.516460
NET frame=167 gpu_ms=31.888840
NET frame=168 gpu_ms=31.877300
NET frame=169 gpu_ms=32.014420
NET frame=170 gpu_ms=31.956020
NET frame=171 gpu_ms=31.755239
NET frame=172 gpu_ms=31.815901
NET frame=173 gpu_ms=31.687500
NET frame=174 gpu_ms=31.800240
NET frame=175 gpu_ms=31.940559
NET frame=176 gpu_ms=31.765760
NET frame=177 gpu_ms=31.798460
NET frame=178 gpu_ms=31.690901
NET frame=179 gpu_ms=31.941401
NET frame=180 gpu_ms=32.019920
NET frame=181 gpu_ms=31.830759
NET frame=182 gpu_ms=31.875500
NET frame=183 gpu_ms=31.769260
NET frame=184 gpu_ms=31.879900
NET frame=185 gpu_ms=31.921080
NET frame=186 gpu_ms=32.059700
NET frame=187 gpu_ms=32.032478
NET frame=188 gpu_ms=31.784281
NET frame=189 gpu_ms=31.805620
NET frame=190 gpu_ms=31.585819
NET frame=191 gpu_ms=31.757320
NET frame=192 gpu_ms=31.871920
NET frame=193 gpu_ms=31.579700
NET frame=194 gpu_ms=31.823299
NET frame=195 gpu_ms=31.936420
NET frame=196 gpu_ms=32.160160
NET frame=197 gpu_ms=31.637520
NET frame=198 gpu_ms=31.966721
NET frame=199 gpu_ms=31.701139
frame=199 reset=1 wall_ms=33.358 invalid=0 luma=0.3597704 roi=0.4268046 dark=101219 roi_dark=9829 changed_first=0 maxabs_first=0
SP_STATS runs=0 fallback=0 rollover=0 jobs=0 disabled=0 errors=0
RESULT frames=200 temporal=0 mean_wall_ms=38.742 invalid_total=0 restored_capture_every_frame=1 HDR_preserved=1
