MODULES D:\DLSSNR-Lab\hip-backend\llvm-fork-20260929\flat-A C32=D5CCA49957B8B3DB4BACC4A821FD4F754EDBA0FCADADA79DB3BB4CDBD9904CB7 C64=C8A88D27BE37A1A1C69282B07C55D22E5B5025DBF9978C8AC76F65AD118A5FD5
{"tag":"900-static-False","mean_ms":11.375818181818182,"sha":"54D7C1B454CD475AD2C12C2375AA6908FB9A3A7226F0901961EB49145EAAD689"}
MODULES D:\DLSSNR-Lab\hip-backend\llvm-fork-20260929\flat-L C32=1F437792F28D14FB9E47CCB68769CC285E2CF1340C913270C1089B9284EC15E8 C64=3C3EEEEC85703DD46819F2E2D26F43E2074C320A4229F797808255F40CA97350
{"tag":"900-static-True","mean_ms":10.935909090909091,"sha":"54D7C1B454CD475AD2C12C2375AA6908FB9A3A7226F0901961EB49145EAAD689"}
SAME 900-static-False 900-static-True
MODULES D:\DLSSNR-Lab\hip-backend\llvm-fork-20260929\flat-A C32=D5CCA49957B8B3DB4BACC4A821FD4F754EDBA0FCADADA79DB3BB4CDBD9904CB7 C64=C8A88D27BE37A1A1C69282B07C55D22E5B5025DBF9978C8AC76F65AD118A5FD5
{"tag":"900-motion-False","mean_ms":14.615090909090908,"sha":"5475F39A1C6B8F1F3BA64154327376F7520166A25C297B8ADB08A7BAEB5A8F95"}
MODULES D:\DLSSNR-Lab\hip-backend\llvm-fork-20260929\flat-L C32=1F437792F28D14FB9E47CCB68769CC285E2CF1340C913270C1089B9284EC15E8 C64=3C3EEEEC85703DD46819F2E2D26F43E2074C320A4229F797808255F40CA97350
{"tag":"900-motion-True","mean_ms":12.481363636363636,"sha":"5475F39A1C6B8F1F3BA64154327376F7520166A25C297B8ADB08A7BAEB5A8F95"}
SAME 900-motion-False 900-motion-True
MODULES D:\DLSSNR-Lab\hip-backend\llvm-fork-20260929\flat-A C32=D5CCA49957B8B3DB4BACC4A821FD4F754EDBA0FCADADA79DB3BB4CDBD9904CB7 C64=C8A88D27BE37A1A1C69282B07C55D22E5B5025DBF9978C8AC76F65AD118A5FD5
{"tag":"1080-static-False","mean_ms":14.459181818181817,"sha":"52947438109AA3E5A58DEB4DDC28045C175C51A6473775A1C102008CE7810D2B"}
MODULES D:\DLSSNR-Lab\hip-backend\llvm-fork-20260929\flat-L C32=1F437792F28D14FB9E47CCB68769CC285E2CF1340C913270C1089B9284EC15E8 C64=3C3EEEEC85703DD46819F2E2D26F43E2074C320A4229F797808255F40CA97350
{"tag":"1080-static-True","mean_ms":14.095272727272725,"sha":"52947438109AA3E5A58DEB4DDC28045C175C51A6473775A1C102008CE7810D2B"}
SAME 1080-static-False 1080-static-True
MODULES D:\DLSSNR-Lab\hip-backend\llvm-fork-20260929\flat-A C32=D5CCA49957B8B3DB4BACC4A821FD4F754EDBA0FCADADA79DB3BB4CDBD9904CB7 C64=C8A88D27BE37A1A1C69282B07C55D22E5B5025DBF9978C8AC76F65AD118A5FD5
{"tag":"1080-motion-False","mean_ms":14.424363636363632,"sha":"20EBE3294DF3C8747A3CE17052E214B3492E86DEB2EE9FD007F746937C8ECA61"}
MODULES D:\DLSSNR-Lab\hip-backend\llvm-fork-20260929\flat-L C32=1F437792F28D14FB9E47CCB68769CC285E2CF1340C913270C1089B9284EC15E8 C64=3C3EEEEC85703DD46819F2E2D26F43E2074C320A4229F797808255F40CA97350
{"tag":"1080-motion-True","mean_ms":13.868,"sha":"20EBE3294DF3C8747A3CE17052E214B3492E86DEB2EE9FD007F746937C8ECA61"}
SAME 1080-motion-False 1080-motion-True
MODULES D:\DLSSNR-Lab\hip-backend\llvm-fork-20260929\flat-A C32=D5CCA49957B8B3DB4BACC4A821FD4F754EDBA0FCADADA79DB3BB4CDBD9904CB7 C64=C8A88D27BE37A1A1C69282B07C55D22E5B5025DBF9978C8AC76F65AD118A5FD5
{"tag":"720-motion-False","mean_ms":10.503727272727273,"sha":"9DF9122ACADE184B91D36A66FEFCFAC8E841ECC7C5BB06DF9FFFAE0F44112F77"}
MODULES D:\DLSSNR-Lab\hip-backend\llvm-fork-20260929\flat-L C32=1F437792F28D14FB9E47CCB68769CC285E2CF1340C913270C1089B9284EC15E8 C64=3C3EEEEC85703DD46819F2E2D26F43E2074C320A4229F797808255F40CA97350
{"tag":"720-motion-True","mean_ms":12.136272727272727,"sha":"9DF9122ACADE184B91D36A66FEFCFAC8E841ECC7C5BB06DF9FFFAE0F44112F77"}
SAME 720-motion-False 720-motion-True
MODULES D:\DLSSNR-Lab\hip-backend\llvm-fork-20260929\flat-A C32=D5CCA49957B8B3DB4BACC4A821FD4F754EDBA0FCADADA79DB3BB4CDBD9904CB7 C64=C8A88D27BE37A1A1C69282B07C55D22E5B5025DBF9978C8AC76F65AD118A5FD5
{"tag":"900-history-False","mean_ms":14.752454545454544,"sha":"F41C89C1E78298BF3CFD381824189E1C87C31B5FCDAA889A357CD1A68BBC6E4B"}
MODULES D:\DLSSNR-Lab\hip-backend\llvm-fork-20260929\flat-L C32=1F437792F28D14FB9E47CCB68769CC285E2CF1340C913270C1089B9284EC15E8 C64=3C3EEEEC85703DD46819F2E2D26F43E2074C320A4229F797808255F40CA97350
{"tag":"900-history-True","mean_ms":14.991545454545456,"sha":"F41C89C1E78298BF3CFD381824189E1C87C31B5FCDAA889A357CD1A68BBC6E4B"}
SAME 900-history-False 900-history-True
MODULES D:\DLSSNR-Lab\hip-backend\llvm-fork-20260929\flat-A C32=D5CCA49957B8B3DB4BACC4A821FD4F754EDBA0FCADADA79DB3BB4CDBD9904CB7 C64=C8A88D27BE37A1A1C69282B07C55D22E5B5025DBF9978C8AC76F65AD118A5FD5
{"tag":"1080-history-False","mean_ms":17.644818181818177,"sha":"25131680EC7E66F966385AD36E0FB0AF59EC8879CF776BBD972A97845FED62F9"}
MODULES D:\DLSSNR-Lab\hip-backend\llvm-fork-20260929\flat-L C32=1F437792F28D14FB9E47CCB68769CC285E2CF1340C913270C1089B9284EC15E8 C64=3C3EEEEC85703DD46819F2E2D26F43E2074C320A4229F797808255F40CA97350
{"tag":"1080-history-True","mean_ms":17.457090909090908,"sha":"25131680EC7E66F966385AD36E0FB0AF59EC8879CF776BBD972A97845FED62F9"}
SAME 1080-history-False 1080-history-True
