MODULES D:\DLSSNR-Lab\hip-backend\llvm-fork-20260929\flat-A C32=D5CCA49957B8B3DB4BACC4A821FD4F754EDBA0FCADADA79DB3BB4CDBD9904CB7 C64=C8A88D27BE37A1A1C69282B07C55D22E5B5025DBF9978C8AC76F65AD118A5FD5
{"tag":"900-static-False","mean_ms":10.587363636363637,"sha":"54D7C1B454CD475AD2C12C2375AA6908FB9A3A7226F0901961EB49145EAAD689"}
MODULES D:\DLSSNR-Lab\hip-backend\llvm-fork-20260929\flat-L C32=1F437792F28D14FB9E47CCB68769CC285E2CF1340C913270C1089B9284EC15E8 C64=3C3EEEEC85703DD46819F2E2D26F43E2074C320A4229F797808255F40CA97350
{"tag":"900-static-True","mean_ms":13.578181818181816,"sha":"54D7C1B454CD475AD2C12C2375AA6908FB9A3A7226F0901961EB49145EAAD689"}
SAME 900-static-False 900-static-True
MODULES D:\DLSSNR-Lab\hip-backend\llvm-fork-20260929\flat-A C32=D5CCA49957B8B3DB4BACC4A821FD4F754EDBA0FCADADA79DB3BB4CDBD9904CB7 C64=C8A88D27BE37A1A1C69282B07C55D22E5B5025DBF9978C8AC76F65AD118A5FD5
{"tag":"900-motion-False","mean_ms":9.9052727272727275,"sha":"5475F39A1C6B8F1F3BA64154327376F7520166A25C297B8ADB08A7BAEB5A8F95"}
MODULES D:\DLSSNR-Lab\hip-backend\llvm-fork-20260929\flat-L C32=1F437792F28D14FB9E47CCB68769CC285E2CF1340C913270C1089B9284EC15E8 C64=3C3EEEEC85703DD46819F2E2D26F43E2074C320A4229F797808255F40CA97350
{"tag":"900-motion-True","mean_ms":10.573,"sha":"5475F39A1C6B8F1F3BA64154327376F7520166A25C297B8ADB08A7BAEB5A8F95"}
SAME 900-motion-False 900-motion-True
MODULES D:\DLSSNR-Lab\hip-backend\llvm-fork-20260929\flat-A C32=D5CCA49957B8B3DB4BACC4A821FD4F754EDBA0FCADADA79DB3BB4CDBD9904CB7 C64=C8A88D27BE37A1A1C69282B07C55D22E5B5025DBF9978C8AC76F65AD118A5FD5
{"tag":"1080-static-False","mean_ms":13.602181818181817,"sha":"52947438109AA3E5A58DEB4DDC28045C175C51A6473775A1C102008CE7810D2B"}
MODULES D:\DLSSNR-Lab\hip-backend\llvm-fork-20260929\flat-L C32=1F437792F28D14FB9E47CCB68769CC285E2CF1340C913270C1089B9284EC15E8 C64=3C3EEEEC85703DD46819F2E2D26F43E2074C320A4229F797808255F40CA97350
{"tag":"1080-static-True","mean_ms":13.636000000000001,"sha":"52947438109AA3E5A58DEB4DDC28045C175C51A6473775A1C102008CE7810D2B"}
SAME 1080-static-False 1080-static-True
MODULES D:\DLSSNR-Lab\hip-backend\llvm-fork-20260929\flat-A C32=D5CCA49957B8B3DB4BACC4A821FD4F754EDBA0FCADADA79DB3BB4CDBD9904CB7 C64=C8A88D27BE37A1A1C69282B07C55D22E5B5025DBF9978C8AC76F65AD118A5FD5
{"tag":"1080-motion-False","mean_ms":13.389545454545452,"sha":"EF3EF3F43305E89547E3440D075E511B6F9B4F032E7C68F3D21782B6823F369E"}
MODULES D:\DLSSNR-Lab\hip-backend\llvm-fork-20260929\flat-L C32=1F437792F28D14FB9E47CCB68769CC285E2CF1340C913270C1089B9284EC15E8 C64=3C3EEEEC85703DD46819F2E2D26F43E2074C320A4229F797808255F40CA97350
{"tag":"1080-motion-True","mean_ms":12.870636363636363,"sha":"EF3EF3F43305E89547E3440D075E511B6F9B4F032E7C68F3D21782B6823F369E"}
SAME 1080-motion-False 1080-motion-True
MODULES D:\DLSSNR-Lab\hip-backend\llvm-fork-20260929\flat-A C32=D5CCA49957B8B3DB4BACC4A821FD4F754EDBA0FCADADA79DB3BB4CDBD9904CB7 C64=C8A88D27BE37A1A1C69282B07C55D22E5B5025DBF9978C8AC76F65AD118A5FD5
{"tag":"720-motion-False","mean_ms":8.0696363636363646,"sha":"C90688A2E7E641A03DF002D81B77251384C93EF3992E9F57D747009433B76A5D"}
MODULES D:\DLSSNR-Lab\hip-backend\llvm-fork-20260929\flat-L C32=1F437792F28D14FB9E47CCB68769CC285E2CF1340C913270C1089B9284EC15E8 C64=3C3EEEEC85703DD46819F2E2D26F43E2074C320A4229F797808255F40CA97350
{"tag":"720-motion-True","mean_ms":8.987909090909092,"sha":"C90688A2E7E641A03DF002D81B77251384C93EF3992E9F57D747009433B76A5D"}
SAME 720-motion-False 720-motion-True
MODULES D:\DLSSNR-Lab\hip-backend\llvm-fork-20260929\flat-A C32=D5CCA49957B8B3DB4BACC4A821FD4F754EDBA0FCADADA79DB3BB4CDBD9904CB7 C64=C8A88D27BE37A1A1C69282B07C55D22E5B5025DBF9978C8AC76F65AD118A5FD5
{"tag":"900-history-False","mean_ms":10.388636363636364,"sha":"D0D899C190F04ABFA969CF73787B04B80E8700A3E66B843291398D53FBBC3FA5"}
MODULES D:\DLSSNR-Lab\hip-backend\llvm-fork-20260929\flat-L C32=1F437792F28D14FB9E47CCB68769CC285E2CF1340C913270C1089B9284EC15E8 C64=3C3EEEEC85703DD46819F2E2D26F43E2074C320A4229F797808255F40CA97350
{"tag":"900-history-True","mean_ms":11.080272727272726,"sha":"D0D899C190F04ABFA969CF73787B04B80E8700A3E66B843291398D53FBBC3FA5"}
SAME 900-history-False 900-history-True
MODULES D:\DLSSNR-Lab\hip-backend\llvm-fork-20260929\flat-A C32=D5CCA49957B8B3DB4BACC4A821FD4F754EDBA0FCADADA79DB3BB4CDBD9904CB7 C64=C8A88D27BE37A1A1C69282B07C55D22E5B5025DBF9978C8AC76F65AD118A5FD5
{"tag":"1080-history-False","mean_ms":15.480181818181819,"sha":"266C89831F10DBDE1C05B5CDF894D881E70C7DC8C4F9892D265C2AC32E171762"}
MODULES D:\DLSSNR-Lab\hip-backend\llvm-fork-20260929\flat-L C32=1F437792F28D14FB9E47CCB68769CC285E2CF1340C913270C1089B9284EC15E8 C64=3C3EEEEC85703DD46819F2E2D26F43E2074C320A4229F797808255F40CA97350
{"tag":"1080-history-True","mean_ms":14.060818181818185,"sha":"266C89831F10DBDE1C05B5CDF894D881E70C7DC8C4F9892D265C2AC32E171762"}
SAME 1080-history-False 1080-history-True
