seed=0 pattern=0
input format=RGBA16_FLOAT W=1296 H=720 invalid=0 min=0 max=34.53125 luma=0.0157641119 roi_luma=0.0250669576
adapter=AMD Radeon RX 9070 XT
SP_PLAN c=256 first=16 layers=6 tasks=624 initial=104 state_bytes=7504 w16=1
SP_PLAN c=256 first=49 layers=6 tasks=624 initial=104 state_bytes=7504 w16=1
FRAME_NET_GPU frame=0 gpu_ms=1244.79382 tag=1 ready=1
frame=0 reset=1 wall_ms=1254.805 invalid=0 luma=0.01311046 roi=0.01994696 dark=808529 roi_dark=258288 changed_first=0 maxabs_first=0
FRAME_NET_GPU frame=1 gpu_ms=4.28170013 tag=2 ready=1
FRAME_NET_GPU frame=2 gpu_ms=4.86464024 tag=3 ready=1
FRAME_NET_GPU frame=3 gpu_ms=6.79432011 tag=4 ready=1
FRAME_NET_GPU frame=4 gpu_ms=6.84929991 tag=5 ready=1
FRAME_NET_GPU frame=5 gpu_ms=6.46540022 tag=6 ready=1
FRAME_NET_GPU frame=6 gpu_ms=6.33440018 tag=7 ready=1
FRAME_NET_GPU frame=7 gpu_ms=6.2658 tag=8 ready=1
FRAME_NET_GPU frame=8 gpu_ms=6.26340008 tag=9 ready=1
FRAME_NET_GPU frame=9 gpu_ms=6.27019978 tag=10 ready=1
FRAME_NET_GPU frame=10 gpu_ms=6.28319979 tag=11 ready=1
FRAME_NET_GPU frame=11 gpu_ms=6.32458019 tag=12 ready=1
FRAME_NET_GPU frame=12 gpu_ms=6.28893995 tag=13 ready=1
FRAME_NET_GPU frame=13 gpu_ms=6.23473978 tag=14 ready=1
FRAME_NET_GPU frame=14 gpu_ms=6.29430008 tag=15 ready=1
FRAME_NET_GPU frame=15 gpu_ms=6.28660011 tag=16 ready=1
FRAME_NET_GPU frame=16 gpu_ms=6.4649601 tag=17 ready=1
FRAME_NET_GPU frame=17 gpu_ms=6.61435986 tag=18 ready=1
FRAME_NET_GPU frame=18 gpu_ms=6.43429995 tag=19 ready=1
FRAME_NET_GPU frame=19 gpu_ms=6.45917988 tag=20 ready=1
FRAME_NET_GPU frame=20 gpu_ms=6.45359993 tag=21 ready=1
FRAME_NET_GPU frame=21 gpu_ms=6.52776003 tag=22 ready=1
FRAME_NET_GPU frame=22 gpu_ms=6.43856001 tag=23 ready=1
FRAME_NET_GPU frame=23 gpu_ms=6.50087976 tag=24 ready=1
FRAME_NET_GPU frame=24 gpu_ms=6.39404011 tag=25 ready=1
FRAME_NET_GPU frame=25 gpu_ms=6.50229979 tag=26 ready=1
FRAME_NET_GPU frame=26 gpu_ms=6.48027992 tag=27 ready=1
FRAME_NET_GPU frame=27 gpu_ms=6.52052021 tag=28 ready=1
FRAME_NET_GPU frame=28 gpu_ms=6.47349977 tag=29 ready=1
FRAME_NET_GPU frame=29 gpu_ms=6.41962004 tag=30 ready=1
FRAME_NET_GPU frame=30 gpu_ms=6.52950001 tag=31 ready=1
FRAME_NET_GPU frame=31 gpu_ms=6.42201996 tag=32 ready=1
FRAME_NET_GPU frame=32 gpu_ms=6.54330015 tag=33 ready=1
FRAME_NET_GPU frame=33 gpu_ms=6.45289993 tag=34 ready=1
FRAME_NET_GPU frame=34 gpu_ms=6.42901993 tag=35 ready=1
FRAME_NET_GPU frame=35 gpu_ms=6.37387991 tag=36 ready=1
FRAME_NET_GPU frame=36 gpu_ms=6.54998016 tag=37 ready=1
FRAME_NET_GPU frame=37 gpu_ms=6.4467802 tag=38 ready=1
FRAME_NET_GPU frame=38 gpu_ms=6.50725985 tag=39 ready=1
FRAME_NET_GPU frame=39 gpu_ms=6.48089981 tag=40 ready=1
FRAME_NET_GPU frame=40 gpu_ms=6.47088003 tag=41 ready=1
FRAME_NET_GPU frame=41 gpu_ms=6.52986002 tag=42 ready=1
FRAME_NET_GPU frame=42 gpu_ms=6.44044018 tag=43 ready=1
FRAME_NET_GPU frame=43 gpu_ms=6.51832008 tag=44 ready=1
FRAME_NET_GPU frame=44 gpu_ms=6.56618023 tag=45 ready=1
FRAME_NET_GPU frame=45 gpu_ms=6.59556007 tag=46 ready=1
FRAME_NET_GPU frame=46 gpu_ms=6.66359997 tag=47 ready=1
FRAME_NET_GPU frame=47 gpu_ms=6.55276012 tag=48 ready=1
FRAME_NET_GPU frame=48 gpu_ms=6.61730003 tag=49 ready=1
FRAME_NET_GPU frame=49 gpu_ms=6.54652023 tag=50 ready=1
FRAME_NET_GPU frame=50 gpu_ms=6.62029982 tag=51 ready=1
FRAME_NET_GPU frame=51 gpu_ms=6.60230017 tag=52 ready=1
FRAME_NET_GPU frame=52 gpu_ms=6.56737995 tag=53 ready=1
FRAME_NET_GPU frame=53 gpu_ms=6.59496021 tag=54 ready=1
FRAME_NET_GPU frame=54 gpu_ms=6.62474012 tag=55 ready=1
FRAME_NET_GPU frame=55 gpu_ms=6.57136011 tag=56 ready=1
FRAME_NET_GPU frame=56 gpu_ms=6.66232014 tag=57 ready=1
FRAME_NET_GPU frame=57 gpu_ms=6.56442022 tag=58 ready=1
FRAME_NET_GPU frame=58 gpu_ms=6.57352018 tag=59 ready=1
FRAME_NET_GPU frame=59 gpu_ms=6.54114008 tag=60 ready=1
FRAME_NET_GPU frame=60 gpu_ms=6.54485989 tag=61 ready=1
FRAME_NET_GPU frame=61 gpu_ms=6.61121988 tag=62 ready=1
FRAME_NET_GPU frame=62 gpu_ms=6.56574011 tag=63 ready=1
FRAME_NET_GPU frame=63 gpu_ms=6.63019991 tag=64 ready=1
FRAME_NET_GPU frame=64 gpu_ms=6.58848 tag=65 ready=1
FRAME_NET_GPU frame=65 gpu_ms=6.58867979 tag=66 ready=1
FRAME_NET_GPU frame=66 gpu_ms=6.60177994 tag=67 ready=1
FRAME_NET_GPU frame=67 gpu_ms=6.59929991 tag=68 ready=1
FRAME_NET_GPU frame=68 gpu_ms=6.54723978 tag=69 ready=1
FRAME_NET_GPU frame=69 gpu_ms=6.6434598 tag=70 ready=1
FRAME_NET_GPU frame=70 gpu_ms=6.59246016 tag=71 ready=1
FRAME_NET_GPU frame=71 gpu_ms=6.47340012 tag=72 ready=1
FRAME_NET_GPU frame=72 gpu_ms=6.69324017 tag=73 ready=1
FRAME_NET_GPU frame=73 gpu_ms=6.62678003 tag=74 ready=1
FRAME_NET_GPU frame=74 gpu_ms=6.55389977 tag=75 ready=1
FRAME_NET_GPU frame=75 gpu_ms=6.59272003 tag=76 ready=1
FRAME_NET_GPU frame=76 gpu_ms=6.61713982 tag=77 ready=1
FRAME_NET_GPU frame=77 gpu_ms=6.54644012 tag=78 ready=1
FRAME_NET_GPU frame=78 gpu_ms=6.56835985 tag=79 ready=1
FRAME_NET_GPU frame=79 gpu_ms=6.61144018 tag=80 ready=1
FRAME_NET_GPU frame=80 gpu_ms=6.55372 tag=81 ready=1
FRAME_NET_GPU frame=81 gpu_ms=6.51293993 tag=82 ready=1
FRAME_NET_GPU frame=82 gpu_ms=6.60591984 tag=83 ready=1
FRAME_NET_GPU frame=83 gpu_ms=6.57702017 tag=84 ready=1
FRAME_NET_GPU frame=84 gpu_ms=6.54820013 tag=85 ready=1
FRAME_NET_GPU frame=85 gpu_ms=6.66156006 tag=86 ready=1
FRAME_NET_GPU frame=86 gpu_ms=6.61723995 tag=87 ready=1
FRAME_NET_GPU frame=87 gpu_ms=6.60234022 tag=88 ready=1
FRAME_NET_GPU frame=88 gpu_ms=6.57219982 tag=89 ready=1
FRAME_NET_GPU frame=89 gpu_ms=6.61331987 tag=90 ready=1
FRAME_NET_GPU frame=90 gpu_ms=6.58786011 tag=91 ready=1
FRAME_NET_GPU frame=91 gpu_ms=6.51071978 tag=92 ready=1
FRAME_NET_GPU frame=92 gpu_ms=6.53036022 tag=93 ready=1
FRAME_NET_GPU frame=93 gpu_ms=6.59393978 tag=94 ready=1
FRAME_NET_GPU frame=94 gpu_ms=6.58464003 tag=95 ready=1
FRAME_NET_GPU frame=95 gpu_ms=6.62654018 tag=96 ready=1
FRAME_NET_GPU frame=96 gpu_ms=6.56156015 tag=97 ready=1
FRAME_NET_GPU frame=97 gpu_ms=6.5425601 tag=98 ready=1
FRAME_NET_GPU frame=98 gpu_ms=6.55138016 tag=99 ready=1
FRAME_NET_GPU frame=99 gpu_ms=6.53219986 tag=100 ready=1
FRAME_NET_GPU frame=100 gpu_ms=6.61859989 tag=101 ready=1
FRAME_NET_GPU frame=101 gpu_ms=6.58237982 tag=102 ready=1
FRAME_NET_GPU frame=102 gpu_ms=6.64272022 tag=103 ready=1
FRAME_NET_GPU frame=103 gpu_ms=6.60833979 tag=104 ready=1
FRAME_NET_GPU frame=104 gpu_ms=6.64294004 tag=105 ready=1
FRAME_NET_GPU frame=105 gpu_ms=6.6357398 tag=106 ready=1
FRAME_NET_GPU frame=106 gpu_ms=6.63269997 tag=107 ready=1
FRAME_NET_GPU frame=107 gpu_ms=6.61636019 tag=108 ready=1
FRAME_NET_GPU frame=108 gpu_ms=6.53420019 tag=109 ready=1
FRAME_NET_GPU frame=109 gpu_ms=6.52052021 tag=110 ready=1
FRAME_NET_GPU frame=110 gpu_ms=6.62169981 tag=111 ready=1
FRAME_NET_GPU frame=111 gpu_ms=6.52417994 tag=112 ready=1
FRAME_NET_GPU frame=112 gpu_ms=6.55834007 tag=113 ready=1
FRAME_NET_GPU frame=113 gpu_ms=6.58803988 tag=114 ready=1
FRAME_NET_GPU frame=114 gpu_ms=6.66478014 tag=115 ready=1
FRAME_NET_GPU frame=115 gpu_ms=6.39504004 tag=116 ready=1
FRAME_NET_GPU frame=116 gpu_ms=6.5948 tag=117 ready=1
FRAME_NET_GPU frame=117 gpu_ms=6.59613991 tag=118 ready=1
FRAME_NET_GPU frame=118 gpu_ms=6.55624008 tag=119 ready=1
FRAME_NET_GPU frame=119 gpu_ms=6.53382015 tag=120 ready=1
FRAME_NET_GPU frame=120 gpu_ms=6.48581982 tag=121 ready=1
FRAME_NET_GPU frame=121 gpu_ms=6.7327199 tag=122 ready=1
FRAME_NET_GPU frame=122 gpu_ms=6.46632004 tag=123 ready=1
FRAME_NET_GPU frame=123 gpu_ms=6.62213993 tag=124 ready=1
FRAME_NET_GPU frame=124 gpu_ms=6.62525988 tag=125 ready=1
FRAME_NET_GPU frame=125 gpu_ms=6.57297993 tag=126 ready=1
FRAME_NET_GPU frame=126 gpu_ms=6.55641985 tag=127 ready=1
FRAME_NET_GPU frame=127 gpu_ms=6.58061981 tag=128 ready=1
FRAME_NET_GPU frame=128 gpu_ms=6.61846018 tag=129 ready=1
FRAME_NET_GPU frame=129 gpu_ms=6.5486002 tag=130 ready=1
FRAME_NET_GPU frame=130 gpu_ms=6.37992001 tag=131 ready=1
FRAME_NET_GPU frame=131 gpu_ms=6.72529984 tag=132 ready=1
FRAME_NET_GPU frame=132 gpu_ms=6.41758013 tag=133 ready=1
FRAME_NET_GPU frame=133 gpu_ms=6.61636019 tag=134 ready=1
FRAME_NET_GPU frame=134 gpu_ms=6.40004015 tag=135 ready=1
FRAME_NET_GPU frame=135 gpu_ms=6.61174011 tag=136 ready=1
FRAME_NET_GPU frame=136 gpu_ms=6.39714003 tag=137 ready=1
FRAME_NET_GPU frame=137 gpu_ms=6.57889986 tag=138 ready=1
FRAME_NET_GPU frame=138 gpu_ms=6.58744001 tag=139 ready=1
FRAME_NET_GPU frame=139 gpu_ms=6.7417202 tag=140 ready=1
FRAME_NET_GPU frame=140 gpu_ms=6.53739977 tag=141 ready=1
FRAME_NET_GPU frame=141 gpu_ms=6.55709982 tag=142 ready=1
FRAME_NET_GPU frame=142 gpu_ms=6.54165983 tag=143 ready=1
FRAME_NET_GPU frame=143 gpu_ms=6.45274019 tag=144 ready=1
FRAME_NET_GPU frame=144 gpu_ms=6.52108002 tag=145 ready=1
FRAME_NET_GPU frame=145 gpu_ms=6.52551985 tag=146 ready=1
FRAME_NET_GPU frame=146 gpu_ms=6.56296015 tag=147 ready=1
FRAME_NET_GPU frame=147 gpu_ms=6.64803982 tag=148 ready=1
FRAME_NET_GPU frame=148 gpu_ms=6.53259993 tag=149 ready=1
FRAME_NET_GPU frame=149 gpu_ms=6.68166018 tag=150 ready=1
FRAME_NET_GPU frame=150 gpu_ms=6.63800001 tag=151 ready=1
FRAME_NET_GPU frame=151 gpu_ms=6.29421997 tag=152 ready=1
FRAME_NET_GPU frame=152 gpu_ms=6.53247976 tag=153 ready=1
FRAME_NET_GPU frame=153 gpu_ms=6.57026005 tag=154 ready=1
FRAME_NET_GPU frame=154 gpu_ms=6.58086014 tag=155 ready=1
FRAME_NET_GPU frame=155 gpu_ms=6.55376005 tag=156 ready=1
FRAME_NET_GPU frame=156 gpu_ms=6.51870012 tag=157 ready=1
FRAME_NET_GPU frame=157 gpu_ms=6.47872019 tag=158 ready=1
FRAME_NET_GPU frame=158 gpu_ms=6.54657984 tag=159 ready=1
FRAME_NET_GPU frame=159 gpu_ms=6.53486013 tag=160 ready=1
FRAME_NET_GPU frame=160 gpu_ms=6.88028002 tag=161 ready=1
FRAME_NET_GPU frame=161 gpu_ms=6.5822401 tag=162 ready=1
FRAME_NET_GPU frame=162 gpu_ms=6.62279987 tag=163 ready=1
FRAME_NET_GPU frame=163 gpu_ms=6.52530003 tag=164 ready=1
FRAME_NET_GPU frame=164 gpu_ms=6.40445995 tag=165 ready=1
FRAME_NET_GPU frame=165 gpu_ms=6.61955976 tag=166 ready=1
FRAME_NET_GPU frame=166 gpu_ms=6.46797991 tag=167 ready=1
FRAME_NET_GPU frame=167 gpu_ms=6.41438007 tag=168 ready=1
FRAME_NET_GPU frame=168 gpu_ms=6.58430004 tag=169 ready=1
FRAME_NET_GPU frame=169 gpu_ms=6.59286022 tag=170 ready=1
FRAME_NET_GPU frame=170 gpu_ms=6.55874014 tag=171 ready=1
FRAME_NET_GPU frame=171 gpu_ms=6.59980011 tag=172 ready=1
FRAME_NET_GPU frame=172 gpu_ms=6.51134014 tag=173 ready=1
FRAME_NET_GPU frame=173 gpu_ms=6.58724022 tag=174 ready=1
FRAME_NET_GPU frame=174 gpu_ms=6.62709999 tag=175 ready=1
FRAME_NET_GPU frame=175 gpu_ms=6.55959988 tag=176 ready=1
FRAME_NET_GPU frame=176 gpu_ms=6.47552013 tag=177 ready=1
FRAME_NET_GPU frame=177 gpu_ms=6.49611998 tag=178 ready=1
FRAME_NET_GPU frame=178 gpu_ms=6.52108002 tag=179 ready=1
FRAME_NET_GPU frame=179 gpu_ms=6.51603985 tag=180 ready=1
FRAME_NET_GPU frame=180 gpu_ms=6.56824017 tag=181 ready=1
FRAME_NET_GPU frame=181 gpu_ms=6.53618002 tag=182 ready=1
FRAME_NET_GPU frame=182 gpu_ms=6.58720016 tag=183 ready=1
FRAME_NET_GPU frame=183 gpu_ms=6.41391993 tag=184 ready=1
FRAME_NET_GPU frame=184 gpu_ms=6.53893995 tag=185 ready=1
FRAME_NET_GPU frame=185 gpu_ms=6.53253984 tag=186 ready=1
FRAME_NET_GPU frame=186 gpu_ms=6.54621983 tag=187 ready=1
FRAME_NET_GPU frame=187 gpu_ms=6.4893198 tag=188 ready=1
FRAME_NET_GPU frame=188 gpu_ms=6.57859993 tag=189 ready=1
FRAME_NET_GPU frame=189 gpu_ms=6.58105993 tag=190 ready=1
FRAME_NET_GPU frame=190 gpu_ms=6.50922012 tag=191 ready=1
FRAME_NET_GPU frame=191 gpu_ms=6.72274017 tag=192 ready=1
FRAME_NET_GPU frame=192 gpu_ms=6.58549976 tag=193 ready=1
FRAME_NET_GPU frame=193 gpu_ms=6.50479984 tag=194 ready=1
FRAME_NET_GPU frame=194 gpu_ms=6.60491991 tag=195 ready=1
FRAME_NET_GPU frame=195 gpu_ms=6.54415989 tag=196 ready=1
FRAME_NET_GPU frame=196 gpu_ms=6.58006001 tag=197 ready=1
FRAME_NET_GPU frame=197 gpu_ms=6.55316019 tag=198 ready=1
FRAME_NET_GPU frame=198 gpu_ms=6.37404013 tag=199 ready=1
FRAME_NET_GPU frame=199 gpu_ms=6.54663992 tag=200 ready=1
FRAME_NET_GPU frame=200 gpu_ms=6.6055398 tag=201 ready=1
FRAME_NET_GPU frame=201 gpu_ms=6.54281998 tag=202 ready=1
FRAME_NET_GPU frame=202 gpu_ms=6.4686799 tag=203 ready=1
FRAME_NET_GPU frame=203 gpu_ms=6.5749402 tag=204 ready=1
FRAME_NET_GPU frame=204 gpu_ms=6.42994022 tag=205 ready=1
FRAME_NET_GPU frame=205 gpu_ms=6.59047985 tag=206 ready=1
FRAME_NET_GPU frame=206 gpu_ms=6.61768007 tag=207 ready=1
FRAME_NET_GPU frame=207 gpu_ms=6.35775995 tag=208 ready=1
FRAME_NET_GPU frame=208 gpu_ms=6.56572008 tag=209 ready=1
FRAME_NET_GPU frame=209 gpu_ms=6.62298012 tag=210 ready=1
FRAME_NET_GPU frame=210 gpu_ms=6.49276018 tag=211 ready=1
FRAME_NET_GPU frame=211 gpu_ms=6.56264019 tag=212 ready=1
FRAME_NET_GPU frame=212 gpu_ms=6.53914022 tag=213 ready=1
FRAME_NET_GPU frame=213 gpu_ms=6.48733997 tag=214 ready=1
FRAME_NET_GPU frame=214 gpu_ms=6.62166023 tag=215 ready=1
FRAME_NET_GPU frame=215 gpu_ms=6.51554012 tag=216 ready=1
FRAME_NET_GPU frame=216 gpu_ms=6.53092003 tag=217 ready=1
FRAME_NET_GPU frame=217 gpu_ms=6.5041399 tag=218 ready=1
FRAME_NET_GPU frame=218 gpu_ms=6.50091982 tag=219 ready=1
FRAME_NET_GPU frame=219 gpu_ms=6.47828007 tag=220 ready=1
FRAME_NET_GPU frame=220 gpu_ms=6.61272001 tag=221 ready=1
FRAME_NET_GPU frame=221 gpu_ms=6.56998014 tag=222 ready=1
FRAME_NET_GPU frame=222 gpu_ms=6.56869984 tag=223 ready=1
FRAME_NET_GPU frame=223 gpu_ms=6.60527992 tag=224 ready=1
FRAME_NET_GPU frame=224 gpu_ms=6.57246017 tag=225 ready=1
FRAME_NET_GPU frame=225 gpu_ms=6.58008003 tag=226 ready=1
FRAME_NET_GPU frame=226 gpu_ms=6.57250023 tag=227 ready=1
FRAME_NET_GPU frame=227 gpu_ms=6.49414015 tag=228 ready=1
FRAME_NET_GPU frame=228 gpu_ms=6.5328598 tag=229 ready=1
FRAME_NET_GPU frame=229 gpu_ms=6.63844013 tag=230 ready=1
FRAME_NET_GPU frame=230 gpu_ms=6.46596003 tag=231 ready=1
FRAME_NET_GPU frame=231 gpu_ms=6.46591997 tag=232 ready=1
FRAME_NET_GPU frame=232 gpu_ms=6.62404013 tag=233 ready=1
FRAME_NET_GPU frame=233 gpu_ms=6.63562012 tag=234 ready=1
FRAME_NET_GPU frame=234 gpu_ms=6.62343979 tag=235 ready=1
FRAME_NET_GPU frame=235 gpu_ms=6.67165995 tag=236 ready=1
FRAME_NET_GPU frame=236 gpu_ms=6.6707201 tag=237 ready=1
FRAME_NET_GPU frame=237 gpu_ms=6.66198015 tag=238 ready=1
FRAME_NET_GPU frame=238 gpu_ms=6.50733995 tag=239 ready=1
FRAME_NET_GPU frame=239 gpu_ms=6.59564018 tag=240 ready=1
FRAME_NET_GPU frame=240 gpu_ms=6.76020002 tag=241 ready=1
FRAME_NET_GPU frame=241 gpu_ms=6.60358 tag=242 ready=1
FRAME_NET_GPU frame=242 gpu_ms=6.70501995 tag=243 ready=1
FRAME_NET_GPU frame=243 gpu_ms=6.52528 tag=244 ready=1
FRAME_NET_GPU frame=244 gpu_ms=6.57458019 tag=245 ready=1
FRAME_NET_GPU frame=245 gpu_ms=6.51467991 tag=246 ready=1
FRAME_NET_GPU frame=246 gpu_ms=6.54780006 tag=247 ready=1
FRAME_NET_GPU frame=247 gpu_ms=6.56954002 tag=248 ready=1
FRAME_NET_GPU frame=248 gpu_ms=6.68077993 tag=249 ready=1
FRAME_NET_GPU frame=249 gpu_ms=6.43151999 tag=250 ready=1
FRAME_NET_GPU frame=250 gpu_ms=6.56483984 tag=251 ready=1
FRAME_NET_GPU frame=251 gpu_ms=6.60375977 tag=252 ready=1
FRAME_NET_GPU frame=252 gpu_ms=6.41353989 tag=253 ready=1
FRAME_NET_GPU frame=253 gpu_ms=6.56383991 tag=254 ready=1
FRAME_NET_GPU frame=254 gpu_ms=6.51656008 tag=255 ready=1
FRAME_NET_GPU frame=255 gpu_ms=6.61261988 tag=256 ready=1
FRAME_NET_GPU frame=256 gpu_ms=6.5323801 tag=257 ready=1
FRAME_NET_GPU frame=257 gpu_ms=6.63049984 tag=258 ready=1
FRAME_NET_GPU frame=258 gpu_ms=6.51968002 tag=259 ready=1
FRAME_NET_GPU frame=259 gpu_ms=6.60828018 tag=260 ready=1
FRAME_NET_GPU frame=260 gpu_ms=6.52354002 tag=261 ready=1
FRAME_NET_GPU frame=261 gpu_ms=6.51592016 tag=262 ready=1
FRAME_NET_GPU frame=262 gpu_ms=6.47911978 tag=263 ready=1
FRAME_NET_GPU frame=263 gpu_ms=6.56303978 tag=264 ready=1
FRAME_NET_GPU frame=264 gpu_ms=6.49104023 tag=265 ready=1
FRAME_NET_GPU frame=265 gpu_ms=6.52837992 tag=266 ready=1
FRAME_NET_GPU frame=266 gpu_ms=6.54587984 tag=267 ready=1
FRAME_NET_GPU frame=267 gpu_ms=6.53719997 tag=268 ready=1
FRAME_NET_GPU frame=268 gpu_ms=6.51567984 tag=269 ready=1
FRAME_NET_GPU frame=269 gpu_ms=6.58612013 tag=270 ready=1
FRAME_NET_GPU frame=270 gpu_ms=6.46362019 tag=271 ready=1
FRAME_NET_GPU frame=271 gpu_ms=6.52769995 tag=272 ready=1
FRAME_NET_GPU frame=272 gpu_ms=6.71532011 tag=273 ready=1
FRAME_NET_GPU frame=273 gpu_ms=6.58584023 tag=274 ready=1
FRAME_NET_GPU frame=274 gpu_ms=6.53639984 tag=275 ready=1
FRAME_NET_GPU frame=275 gpu_ms=6.55178022 tag=276 ready=1
FRAME_NET_GPU frame=276 gpu_ms=6.51442003 tag=277 ready=1
FRAME_NET_GPU frame=277 gpu_ms=6.5377202 tag=278 ready=1
FRAME_NET_GPU frame=278 gpu_ms=6.59176016 tag=279 ready=1
FRAME_NET_GPU frame=279 gpu_ms=6.60419989 tag=280 ready=1
FRAME_NET_GPU frame=280 gpu_ms=6.3800602 tag=281 ready=1
FRAME_NET_GPU frame=281 gpu_ms=6.49815989 tag=282 ready=1
FRAME_NET_GPU frame=282 gpu_ms=6.58192015 tag=283 ready=1
FRAME_NET_GPU frame=283 gpu_ms=6.49325991 tag=284 ready=1
FRAME_NET_GPU frame=284 gpu_ms=6.75678015 tag=285 ready=1
FRAME_NET_GPU frame=285 gpu_ms=6.48280001 tag=286 ready=1
FRAME_NET_GPU frame=286 gpu_ms=6.77901983 tag=287 ready=1
FRAME_NET_GPU frame=287 gpu_ms=6.43419981 tag=288 ready=1
FRAME_NET_GPU frame=288 gpu_ms=6.55357981 tag=289 ready=1
FRAME_NET_GPU frame=289 gpu_ms=6.53747988 tag=290 ready=1
FRAME_NET_GPU frame=290 gpu_ms=6.67541981 tag=291 ready=1
FRAME_NET_GPU frame=291 gpu_ms=6.51355982 tag=292 ready=1
FRAME_NET_GPU frame=292 gpu_ms=6.61303997 tag=293 ready=1
FRAME_NET_GPU frame=293 gpu_ms=6.55049992 tag=294 ready=1
FRAME_NET_GPU frame=294 gpu_ms=6.49758005 tag=295 ready=1
FRAME_NET_GPU frame=295 gpu_ms=6.59060001 tag=296 ready=1
FRAME_NET_GPU frame=296 gpu_ms=6.62603998 tag=297 ready=1
FRAME_NET_GPU frame=297 gpu_ms=6.55463982 tag=298 ready=1
FRAME_NET_GPU frame=298 gpu_ms=6.72527981 tag=299 ready=1
FRAME_NET_GPU frame=299 gpu_ms=6.40216017 tag=300 ready=1
FRAME_NET_GPU frame=300 gpu_ms=6.52742004 tag=301 ready=1
FRAME_NET_GPU frame=301 gpu_ms=6.55198002 tag=302 ready=1
FRAME_NET_GPU frame=302 gpu_ms=6.53673983 tag=303 ready=1
FRAME_NET_GPU frame=303 gpu_ms=6.73167992 tag=304 ready=1
FRAME_NET_GPU frame=304 gpu_ms=6.58394003 tag=305 ready=1
FRAME_NET_GPU frame=305 gpu_ms=6.4791398 tag=306 ready=1
FRAME_NET_GPU frame=306 gpu_ms=6.6434598 tag=307 ready=1
FRAME_NET_GPU frame=307 gpu_ms=6.59463978 tag=308 ready=1
FRAME_NET_GPU frame=308 gpu_ms=6.46165991 tag=309 ready=1
FRAME_NET_GPU frame=309 gpu_ms=6.56135988 tag=310 ready=1
FRAME_NET_GPU frame=310 gpu_ms=6.52795982 tag=311 ready=1
FRAME_NET_GPU frame=311 gpu_ms=6.69422007 tag=312 ready=1
FRAME_NET_GPU frame=312 gpu_ms=6.7154398 tag=313 ready=1
FRAME_NET_GPU frame=313 gpu_ms=6.55166006 tag=314 ready=1
FRAME_NET_GPU frame=314 gpu_ms=6.62317991 tag=315 ready=1
FRAME_NET_GPU frame=315 gpu_ms=6.55041981 tag=316 ready=1
FRAME_NET_GPU frame=316 gpu_ms=6.6237998 tag=317 ready=1
FRAME_NET_GPU frame=317 gpu_ms=6.56597996 tag=318 ready=1
FRAME_NET_GPU frame=318 gpu_ms=6.72758007 tag=319 ready=1
FRAME_NET_GPU frame=319 gpu_ms=6.50536013 tag=320 ready=1
frame=319 reset=1 wall_ms=7.032 invalid=0 luma=0.01311046 roi=0.01994696 dark=808529 roi_dark=258288 changed_first=0 maxabs_first=0
SP_STATS runs=640 fallback=0 rollover=0 jobs=399360 disabled=0 errors=0
RESULT frames=320 temporal=0 mean_wall_ms=10.999 invalid_total=0 restored_capture_every_frame=1 HDR_preserved=1

