MEM stage=prepared recreate=0 vram=1739.996 tracked=2
MEM stage=prepared recreate=0 vram=1755.746 tracked=2
round=0 size=1920x1080 mean_ms=776.792 hash=5f58c6763129daf6 vram_mib=1755 status=lmxxf modules_ok=58 hip=1 net=1920x1080 color_job=1920x1080 weights=1 recreates=0 wave_owned=1/1 c512_m32=1/1 vit_proj_n64=1/1 pdl=1 skip=3 | flags: D:\DLSSNR-Lab\re9-runtime-flags-20260926\new\DLSS5-AMD\native-game-flags.txt applied=13 env_kept=2
MEM stage=before-bridge-delete recreate=1 vram=1763.246 tracked=2
MEM stage=after-bridge-delete recreate=1 vram=1443.246 tracked=2
MEM stage=after-codec-delete recreate=1 vram=1311.746 tracked=0
MEM stage=prepared recreate=1 vram=1892.871 tracked=0
MEM stage=prepared recreate=1 vram=1892.871 tracked=0
round=0 size=1280x720 mean_ms=658.843 hash=1041b80449791547 vram_mib=1892 status=lmxxf modules_ok=58 hip=1 net=1280x720 color_job=1280x720 weights=1 recreates=1 wave_owned=1/1 c512_m32=1/1 vit_proj_n64=1/1 pdl=1 skip=3 | flags: D:\DLSSNR-Lab\re9-runtime-flags-20260926\new\DLSS5-AMD\native-game-flags.txt applied=13 env_kept=2
MEM stage=before-bridge-delete recreate=2 vram=1906.871 tracked=0
MEM stage=after-bridge-delete recreate=2 vram=1522.871 tracked=0
MEM stage=after-codec-delete recreate=2 vram=1462.871 tracked=0
MEM stage=prepared recreate=2 vram=2006.621 tracked=0
MEM stage=prepared recreate=2 vram=2012.496 tracked=0
round=0 size=1707x961 mean_ms=756.903 hash=082162677c863395 vram_mib=2012 status=lmxxf modules_ok=58 hip=1 net=1600x900 color_job=1707x961 weights=1 recreates=2 wave_owned=1/1 c512_m32=1/1 vit_proj_n64=1/1 pdl=1 skip=3 | flags: D:\DLSSNR-Lab\re9-runtime-flags-20260926\new\DLSS5-AMD\native-game-flags.txt applied=13 env_kept=2
MEM stage=before-bridge-delete recreate=3 vram=2028.496 tracked=0
MEM stage=after-bridge-delete recreate=3 vram=1708.496 tracked=0
MEM stage=after-codec-delete recreate=3 vram=1608.996 tracked=0
MEM stage=prepared recreate=3 vram=2172.309 tracked=2
MEM stage=prepared recreate=3 vram=2179.371 tracked=2
round=1 size=1920x1080 mean_ms=760.445 hash=5f58c6763129daf6 vram_mib=2179 status=lmxxf modules_ok=58 hip=1 net=1920x1080 color_job=1920x1080 weights=1 recreates=3 wave_owned=1/1 c512_m32=1/1 vit_proj_n64=1/1 pdl=1 skip=3 | flags: D:\DLSSNR-Lab\re9-runtime-flags-20260926\new\DLSS5-AMD\native-game-flags.txt applied=13 env_kept=2
MEM stage=before-bridge-delete recreate=4 vram=2186.871 tracked=2
MEM stage=after-bridge-delete recreate=4 vram=1866.871 tracked=2
MEM stage=after-codec-delete recreate=4 vram=1735.371 tracked=0
MEM stage=prepared recreate=4 vram=2187.934 tracked=0
MEM stage=prepared recreate=4 vram=2187.934 tracked=0
round=1 size=1280x720 mean_ms=748.770 hash=1041b80449791547 vram_mib=2187 status=lmxxf modules_ok=58 hip=1 net=1280x720 color_job=1280x720 weights=1 recreates=4 wave_owned=1/1 c512_m32=1/1 vit_proj_n64=1/1 pdl=1 skip=3 | flags: D:\DLSSNR-Lab\re9-runtime-flags-20260926\new\DLSS5-AMD\native-game-flags.txt applied=13 env_kept=2
MEM stage=before-bridge-delete recreate=5 vram=2201.934 tracked=0
MEM stage=after-bridge-delete recreate=5 vram=1817.934 tracked=0
MEM stage=after-codec-delete recreate=5 vram=1757.934 tracked=0
MEM stage=prepared recreate=5 vram=2163.434 tracked=0
MEM stage=prepared recreate=5 vram=2163.434 tracked=0
round=1 size=1707x961 mean_ms=743.082 hash=082162677c863395 vram_mib=2163 status=lmxxf modules_ok=58 hip=1 net=1600x900 color_job=1707x961 weights=1 recreates=5 wave_owned=1/1 c512_m32=1/1 vit_proj_n64=1/1 pdl=1 skip=3 | flags: D:\DLSSNR-Lab\re9-runtime-flags-20260926\new\DLSS5-AMD\native-game-flags.txt applied=13 env_kept=2
MEM stage=before-bridge-delete recreate=6 vram=2179.434 tracked=0
MEM stage=after-bridge-delete recreate=6 vram=1859.434 tracked=0
MEM stage=after-codec-delete recreate=6 vram=1759.934 tracked=0
MEM stage=prepared recreate=6 vram=2233.621 tracked=2
MEM stage=prepared recreate=6 vram=2240.684 tracked=2
round=2 size=1920x1080 mean_ms=764.419 hash=5f58c6763129daf6 vram_mib=2240 status=lmxxf modules_ok=58 hip=1 net=1920x1080 color_job=1920x1080 weights=1 recreates=6 wave_owned=1/1 c512_m32=1/1 vit_proj_n64=1/1 pdl=1 skip=3 | flags: D:\DLSSNR-Lab\re9-runtime-flags-20260926\new\DLSS5-AMD\native-game-flags.txt applied=13 env_kept=2
MEM stage=before-bridge-delete recreate=7 vram=2248.184 tracked=2
MEM stage=after-bridge-delete recreate=7 vram=1928.184 tracked=2
MEM stage=after-codec-delete recreate=7 vram=1796.684 tracked=0
MEM stage=prepared recreate=7 vram=2249.246 tracked=0
MEM stage=prepared recreate=7 vram=2249.246 tracked=0
round=2 size=1280x720 mean_ms=741.630 hash=1041b80449791547 vram_mib=2249 status=lmxxf modules_ok=58 hip=1 net=1280x720 color_job=1280x720 weights=1 recreates=7 wave_owned=1/1 c512_m32=1/1 vit_proj_n64=1/1 pdl=1 skip=3 | flags: D:\DLSSNR-Lab\re9-runtime-flags-20260926\new\DLSS5-AMD\native-game-flags.txt applied=13 env_kept=2
MEM stage=before-bridge-delete recreate=8 vram=2263.246 tracked=0
MEM stage=after-bridge-delete recreate=8 vram=1879.246 tracked=0
MEM stage=after-codec-delete recreate=8 vram=1819.246 tracked=0
MEM stage=prepared recreate=8 vram=2224.746 tracked=0
MEM stage=prepared recreate=8 vram=2224.746 tracked=0
round=2 size=1707x961 mean_ms=755.189 hash=082162677c863395 vram_mib=2224 status=lmxxf modules_ok=58 hip=1 net=1600x900 color_job=1707x961 weights=1 recreates=8 wave_owned=1/1 c512_m32=1/1 vit_proj_n64=1/1 pdl=1 skip=3 | flags: D:\DLSSNR-Lab\re9-runtime-flags-20260926\new\DLSS5-AMD\native-game-flags.txt applied=13 env_kept=2
MEM stage=before-bridge-delete recreate=9 vram=2240.746 tracked=0
MEM stage=after-bridge-delete recreate=9 vram=1920.746 tracked=0
MEM stage=after-codec-delete recreate=9 vram=1821.246 tracked=0
MEM stage=prepared recreate=9 vram=2266.746 tracked=2
MEM stage=prepared recreate=9 vram=2273.809 tracked=2
round=3 size=1920x1080 mean_ms=754.857 hash=5f58c6763129daf6 vram_mib=2273 status=lmxxf modules_ok=58 hip=1 net=1920x1080 color_job=1920x1080 weights=1 recreates=9 wave_owned=1/1 c512_m32=1/1 vit_proj_n64=1/1 pdl=1 skip=3 | flags: D:\DLSSNR-Lab\re9-runtime-flags-20260926\new\DLSS5-AMD\native-game-flags.txt applied=13 env_kept=2
MEM stage=before-bridge-delete recreate=10 vram=2281.309 tracked=2
MEM stage=after-bridge-delete recreate=10 vram=1961.309 tracked=2
MEM stage=after-codec-delete recreate=10 vram=1829.809 tracked=0
MEM stage=prepared recreate=10 vram=2266.309 tracked=0
MEM stage=prepared recreate=10 vram=2266.309 tracked=0
round=3 size=1280x720 mean_ms=745.143 hash=1041b80449791547 vram_mib=2266 status=lmxxf modules_ok=58 hip=1 net=1280x720 color_job=1280x720 weights=1 recreates=10 wave_owned=1/1 c512_m32=1/1 vit_proj_n64=1/1 pdl=1 skip=3 | flags: D:\DLSSNR-Lab\re9-runtime-flags-20260926\new\DLSS5-AMD\native-game-flags.txt applied=13 env_kept=2
MEM stage=before-bridge-delete recreate=11 vram=2280.309 tracked=0
MEM stage=after-bridge-delete recreate=11 vram=1896.309 tracked=0
MEM stage=after-codec-delete recreate=11 vram=1836.309 tracked=0
MEM stage=prepared recreate=11 vram=2241.809 tracked=0
MEM stage=prepared recreate=11 vram=2241.809 tracked=0
round=3 size=1707x961 mean_ms=750.863 hash=082162677c863395 vram_mib=2241 status=lmxxf modules_ok=58 hip=1 net=1600x900 color_job=1707x961 weights=1 recreates=11 wave_owned=1/1 c512_m32=1/1 vit_proj_n64=1/1 pdl=1 skip=3 | flags: D:\DLSSNR-Lab\re9-runtime-flags-20260926\new\DLSS5-AMD\native-game-flags.txt applied=13 env_kept=2
MEM stage=before-bridge-delete recreate=12 vram=2257.809 tracked=0
MEM stage=after-bridge-delete recreate=12 vram=1937.809 tracked=0
MEM stage=after-codec-delete recreate=12 vram=1838.309 tracked=0
MEM stage=prepared recreate=12 vram=2278.809 tracked=2
MEM stage=prepared recreate=12 vram=2285.871 tracked=2
round=4 size=1920x1080 mean_ms=755.550 hash=5f58c6763129daf6 vram_mib=2285 status=lmxxf modules_ok=58 hip=1 net=1920x1080 color_job=1920x1080 weights=1 recreates=12 wave_owned=1/1 c512_m32=1/1 vit_proj_n64=1/1 pdl=1 skip=3 | flags: D:\DLSSNR-Lab\re9-runtime-flags-20260926\new\DLSS5-AMD\native-game-flags.txt applied=13 env_kept=2
MEM stage=before-bridge-delete recreate=13 vram=2293.371 tracked=2
MEM stage=after-bridge-delete recreate=13 vram=1973.371 tracked=2
MEM stage=after-codec-delete recreate=13 vram=1841.871 tracked=0
MEM stage=prepared recreate=13 vram=2278.371 tracked=0
MEM stage=prepared recreate=13 vram=2278.371 tracked=0
round=4 size=1280x720 mean_ms=740.400 hash=1041b80449791547 vram_mib=2278 status=lmxxf modules_ok=58 hip=1 net=1280x720 color_job=1280x720 weights=1 recreates=13 wave_owned=1/1 c512_m32=1/1 vit_proj_n64=1/1 pdl=1 skip=3 | flags: D:\DLSSNR-Lab\re9-runtime-flags-20260926\new\DLSS5-AMD\native-game-flags.txt applied=13 env_kept=2
MEM stage=before-bridge-delete recreate=14 vram=2292.371 tracked=0
MEM stage=after-bridge-delete recreate=14 vram=1908.371 tracked=0
MEM stage=after-codec-delete recreate=14 vram=1848.371 tracked=0
MEM stage=prepared recreate=14 vram=2253.871 tracked=0
MEM stage=prepared recreate=14 vram=2253.871 tracked=0
round=4 size=1707x961 mean_ms=748.454 hash=082162677c863395 vram_mib=2253 status=lmxxf modules_ok=58 hip=1 net=1600x900 color_job=1707x961 weights=1 recreates=14 wave_owned=1/1 c512_m32=1/1 vit_proj_n64=1/1 pdl=1 skip=3 | flags: D:\DLSSNR-Lab\re9-runtime-flags-20260926\new\DLSS5-AMD\native-game-flags.txt applied=13 env_kept=2
MEM stage=before-bridge-delete recreate=15 vram=2269.871 tracked=0
MEM stage=after-bridge-delete recreate=15 vram=1949.871 tracked=0
MEM stage=after-codec-delete recreate=15 vram=1850.371 tracked=0
MEM stage=prepared recreate=15 vram=2290.871 tracked=2
MEM stage=prepared recreate=15 vram=2297.934 tracked=2
round=5 size=1920x1080 mean_ms=756.491 hash=5f58c6763129daf6 vram_mib=2297 status=lmxxf modules_ok=58 hip=1 net=1920x1080 color_job=1920x1080 weights=1 recreates=15 wave_owned=1/1 c512_m32=1/1 vit_proj_n64=1/1 pdl=1 skip=3 | flags: D:\DLSSNR-Lab\re9-runtime-flags-20260926\new\DLSS5-AMD\native-game-flags.txt applied=13 env_kept=2
MEM stage=before-bridge-delete recreate=16 vram=2305.434 tracked=2
MEM stage=after-bridge-delete recreate=16 vram=1985.434 tracked=2
MEM stage=after-codec-delete recreate=16 vram=1853.934 tracked=0
MEM stage=prepared recreate=16 vram=2290.434 tracked=0
MEM stage=prepared recreate=16 vram=2290.434 tracked=0
round=5 size=1280x720 mean_ms=742.049 hash=1041b80449791547 vram_mib=2290 status=lmxxf modules_ok=58 hip=1 net=1280x720 color_job=1280x720 weights=1 recreates=16 wave_owned=1/1 c512_m32=1/1 vit_proj_n64=1/1 pdl=1 skip=3 | flags: D:\DLSSNR-Lab\re9-runtime-flags-20260926\new\DLSS5-AMD\native-game-flags.txt applied=13 env_kept=2
MEM stage=before-bridge-delete recreate=17 vram=2304.434 tracked=0
MEM stage=after-bridge-delete recreate=17 vram=1920.434 tracked=0
MEM stage=after-codec-delete recreate=17 vram=1860.434 tracked=0
MEM stage=prepared recreate=17 vram=2265.934 tracked=0
MEM stage=prepared recreate=17 vram=2265.934 tracked=0
round=5 size=1707x961 mean_ms=745.547 hash=082162677c863395 vram_mib=2265 status=lmxxf modules_ok=58 hip=1 net=1600x900 color_job=1707x961 weights=1 recreates=17 wave_owned=1/1 c512_m32=1/1 vit_proj_n64=1/1 pdl=1 skip=3 | flags: D:\DLSSNR-Lab\re9-runtime-flags-20260926\new\DLSS5-AMD\native-game-flags.txt applied=13 env_kept=2
MEM stage=before-bridge-delete recreate=18 vram=2281.934 tracked=0
MEM stage=after-bridge-delete recreate=18 vram=1961.934 tracked=0
MEM stage=after-codec-delete recreate=18 vram=1862.434 tracked=0
MEM stage=prepared recreate=18 vram=2297.934 tracked=2
MEM stage=prepared recreate=18 vram=2304.996 tracked=2
round=6 size=1920x1080 mean_ms=757.039 hash=5f58c6763129daf6 vram_mib=2304 status=lmxxf modules_ok=58 hip=1 net=1920x1080 color_job=1920x1080 weights=1 recreates=18 wave_owned=1/1 c512_m32=1/1 vit_proj_n64=1/1 pdl=1 skip=3 | flags: D:\DLSSNR-Lab\re9-runtime-flags-20260926\new\DLSS5-AMD\native-game-flags.txt applied=13 env_kept=2
MEM stage=before-bridge-delete recreate=19 vram=2312.496 tracked=2
MEM stage=after-bridge-delete recreate=19 vram=1992.496 tracked=2
MEM stage=after-codec-delete recreate=19 vram=1860.996 tracked=0
MEM stage=prepared recreate=19 vram=2313.559 tracked=0
MEM stage=prepared recreate=19 vram=2313.559 tracked=0
round=6 size=1280x720 mean_ms=743.807 hash=1041b80449791547 vram_mib=2313 status=lmxxf modules_ok=58 hip=1 net=1280x720 color_job=1280x720 weights=1 recreates=19 wave_owned=1/1 c512_m32=1/1 vit_proj_n64=1/1 pdl=1 skip=3 | flags: D:\DLSSNR-Lab\re9-runtime-flags-20260926\new\DLSS5-AMD\native-game-flags.txt applied=13 env_kept=2
MEM stage=before-bridge-delete recreate=20 vram=2327.559 tracked=0
MEM stage=after-bridge-delete recreate=20 vram=1943.559 tracked=0
MEM stage=after-codec-delete recreate=20 vram=1883.559 tracked=0
MEM stage=prepared recreate=20 vram=2289.059 tracked=0
MEM stage=prepared recreate=20 vram=2289.059 tracked=0
round=6 size=1707x961 mean_ms=749.320 hash=082162677c863395 vram_mib=2289 status=lmxxf modules_ok=58 hip=1 net=1600x900 color_job=1707x961 weights=1 recreates=20 wave_owned=1/1 c512_m32=1/1 vit_proj_n64=1/1 pdl=1 skip=3 | flags: D:\DLSSNR-Lab\re9-runtime-flags-20260926\new\DLSS5-AMD\native-game-flags.txt applied=13 env_kept=2
MEM stage=before-bridge-delete recreate=21 vram=2305.059 tracked=0
MEM stage=after-bridge-delete recreate=21 vram=1985.059 tracked=0
MEM stage=after-codec-delete recreate=21 vram=1885.559 tracked=0
MEM stage=prepared recreate=21 vram=2321.059 tracked=2
MEM stage=prepared recreate=21 vram=2328.121 tracked=2
round=7 size=1920x1080 mean_ms=748.836 hash=5f58c6763129daf6 vram_mib=2328 status=lmxxf modules_ok=58 hip=1 net=1920x1080 color_job=1920x1080 weights=1 recreates=21 wave_owned=1/1 c512_m32=1/1 vit_proj_n64=1/1 pdl=1 skip=3 | flags: D:\DLSSNR-Lab\re9-runtime-flags-20260926\new\DLSS5-AMD\native-game-flags.txt applied=13 env_kept=2
MEM stage=before-bridge-delete recreate=22 vram=2335.621 tracked=2
MEM stage=after-bridge-delete recreate=22 vram=2015.621 tracked=2
MEM stage=after-codec-delete recreate=22 vram=1884.121 tracked=0
MEM stage=prepared recreate=22 vram=2320.621 tracked=0
MEM stage=prepared recreate=22 vram=2320.621 tracked=0
round=7 size=1280x720 mean_ms=738.605 hash=1041b80449791547 vram_mib=2320 status=lmxxf modules_ok=58 hip=1 net=1280x720 color_job=1280x720 weights=1 recreates=22 wave_owned=1/1 c512_m32=1/1 vit_proj_n64=1/1 pdl=1 skip=3 | flags: D:\DLSSNR-Lab\re9-runtime-flags-20260926\new\DLSS5-AMD\native-game-flags.txt applied=13 env_kept=2
MEM stage=before-bridge-delete recreate=23 vram=2334.621 tracked=0
MEM stage=after-bridge-delete recreate=23 vram=1950.621 tracked=0
MEM stage=after-codec-delete recreate=23 vram=1890.621 tracked=0
MEM stage=prepared recreate=23 vram=2296.121 tracked=0
MEM stage=prepared recreate=23 vram=2296.121 tracked=0
round=7 size=1707x961 mean_ms=749.101 hash=082162677c863395 vram_mib=2296 status=lmxxf modules_ok=58 hip=1 net=1600x900 color_job=1707x961 weights=1 recreates=23 wave_owned=1/1 c512_m32=1/1 vit_proj_n64=1/1 pdl=1 skip=3 | flags: D:\DLSSNR-Lab\re9-runtime-flags-20260926\new\DLSS5-AMD\native-game-flags.txt applied=13 env_kept=2
MEM stage=before-bridge-delete recreate=23 vram=2296.121 tracked=0
MEM stage=after-bridge-delete recreate=23 vram=1976.121 tracked=0
rt_bench: ok
