MODULES D:\DLSSNR-Lab\c512-direct-whole-20261004\flat-A C32=D3FC3B577F9D2F274C979AEF46D077AF1DB0C3F459FC797B9B70826DB1A6D328 C64=EB4A486EA073D2057EB4989F2E9952221069B6262050F777243DC7FEB9E84335
{"tag":"900-static-False","mean_ms":11.203545454545456,"sha":"D936137C46D43AE7FC94B288218680316771E4E052E5212715A250EC30E57A30"}
MODULES D:\DLSSNR-Lab\c512-direct-whole-20261004\flat-N C32=D3FC3B577F9D2F274C979AEF46D077AF1DB0C3F459FC797B9B70826DB1A6D328 C64=EB4A486EA073D2057EB4989F2E9952221069B6262050F777243DC7FEB9E84335
{"tag":"900-static-True","mean_ms":9.79890909090909,"sha":"D936137C46D43AE7FC94B288218680316771E4E052E5212715A250EC30E57A30"}
SAME 900-static-False 900-static-True
MODULES D:\DLSSNR-Lab\c512-direct-whole-20261004\flat-A C32=D3FC3B577F9D2F274C979AEF46D077AF1DB0C3F459FC797B9B70826DB1A6D328 C64=EB4A486EA073D2057EB4989F2E9952221069B6262050F777243DC7FEB9E84335
{"tag":"900-motion-False","mean_ms":8.554636363636364,"sha":"E2A3A1E953057EB5A1B3FD9AE01D92ACFE166F4E21754554A3F7E67694AB25C1"}
MODULES D:\DLSSNR-Lab\c512-direct-whole-20261004\flat-N C32=D3FC3B577F9D2F274C979AEF46D077AF1DB0C3F459FC797B9B70826DB1A6D328 C64=EB4A486EA073D2057EB4989F2E9952221069B6262050F777243DC7FEB9E84335
{"tag":"900-motion-True","mean_ms":10.189454545454545,"sha":"E2A3A1E953057EB5A1B3FD9AE01D92ACFE166F4E21754554A3F7E67694AB25C1"}
SAME 900-motion-False 900-motion-True
MODULES D:\DLSSNR-Lab\c512-direct-whole-20261004\flat-A C32=D3FC3B577F9D2F274C979AEF46D077AF1DB0C3F459FC797B9B70826DB1A6D328 C64=EB4A486EA073D2057EB4989F2E9952221069B6262050F777243DC7FEB9E84335
{"tag":"1080-static-False","mean_ms":12.086818181818181,"sha":"FDBAE1D5CD6F06FDEC6BBE9CD8DE30190C2F6F5873A582A994B8F50DE120FE77"}
MODULES D:\DLSSNR-Lab\c512-direct-whole-20261004\flat-N C32=D3FC3B577F9D2F274C979AEF46D077AF1DB0C3F459FC797B9B70826DB1A6D328 C64=EB4A486EA073D2057EB4989F2E9952221069B6262050F777243DC7FEB9E84335
{"tag":"1080-static-True","mean_ms":13.347636363636365,"sha":"FDBAE1D5CD6F06FDEC6BBE9CD8DE30190C2F6F5873A582A994B8F50DE120FE77"}
SAME 1080-static-False 1080-static-True
MODULES D:\DLSSNR-Lab\c512-direct-whole-20261004\flat-A C32=D3FC3B577F9D2F274C979AEF46D077AF1DB0C3F459FC797B9B70826DB1A6D328 C64=EB4A486EA073D2057EB4989F2E9952221069B6262050F777243DC7FEB9E84335
{"tag":"1080-motion-False","mean_ms":12.329636363636361,"sha":"6BC39700F6CD670F4359E674A23B06F1C8EC91499B258E7E1644588709AE322E"}
MODULES D:\DLSSNR-Lab\c512-direct-whole-20261004\flat-N C32=D3FC3B577F9D2F274C979AEF46D077AF1DB0C3F459FC797B9B70826DB1A6D328 C64=EB4A486EA073D2057EB4989F2E9952221069B6262050F777243DC7FEB9E84335
{"tag":"1080-motion-True","mean_ms":12.769363636363636,"sha":"6BC39700F6CD670F4359E674A23B06F1C8EC91499B258E7E1644588709AE322E"}
SAME 1080-motion-False 1080-motion-True
MODULES D:\DLSSNR-Lab\c512-direct-whole-20261004\flat-A C32=D3FC3B577F9D2F274C979AEF46D077AF1DB0C3F459FC797B9B70826DB1A6D328 C64=EB4A486EA073D2057EB4989F2E9952221069B6262050F777243DC7FEB9E84335
{"tag":"720-motion-False","mean_ms":10.168272727272729,"sha":"C2F64390FB8B2E7F737F9AE2F5FD1AD248A5961965328E2B8D50679C08A8C1C0"}
MODULES D:\DLSSNR-Lab\c512-direct-whole-20261004\flat-N C32=D3FC3B577F9D2F274C979AEF46D077AF1DB0C3F459FC797B9B70826DB1A6D328 C64=EB4A486EA073D2057EB4989F2E9952221069B6262050F777243DC7FEB9E84335
{"tag":"720-motion-True","mean_ms":8.50190909090909,"sha":"C2F64390FB8B2E7F737F9AE2F5FD1AD248A5961965328E2B8D50679C08A8C1C0"}
SAME 720-motion-False 720-motion-True
MODULES D:\DLSSNR-Lab\c512-direct-whole-20261004\flat-A C32=D3FC3B577F9D2F274C979AEF46D077AF1DB0C3F459FC797B9B70826DB1A6D328 C64=EB4A486EA073D2057EB4989F2E9952221069B6262050F777243DC7FEB9E84335
{"tag":"900-history-False","mean_ms":10.358636363636363,"sha":"6FCA9E209B0A926EF67DA4B195C8E12AAF8BEFDEBCCA1F2BD298533467B8A972"}
MODULES D:\DLSSNR-Lab\c512-direct-whole-20261004\flat-N C32=D3FC3B577F9D2F274C979AEF46D077AF1DB0C3F459FC797B9B70826DB1A6D328 C64=EB4A486EA073D2057EB4989F2E9952221069B6262050F777243DC7FEB9E84335
{"tag":"900-history-True","mean_ms":12.028090909090908,"sha":"6FCA9E209B0A926EF67DA4B195C8E12AAF8BEFDEBCCA1F2BD298533467B8A972"}
SAME 900-history-False 900-history-True
MODULES D:\DLSSNR-Lab\c512-direct-whole-20261004\flat-A C32=D3FC3B577F9D2F274C979AEF46D077AF1DB0C3F459FC797B9B70826DB1A6D328 C64=EB4A486EA073D2057EB4989F2E9952221069B6262050F777243DC7FEB9E84335
{"tag":"1080-history-False","mean_ms":15.188727272727276,"sha":"764B9176C81E0ADA2A948523716ABFFFC6AE9F6C4160B7DAC4BFDC12D4FEBD49"}
MODULES D:\DLSSNR-Lab\c512-direct-whole-20261004\flat-N C32=D3FC3B577F9D2F274C979AEF46D077AF1DB0C3F459FC797B9B70826DB1A6D328 C64=EB4A486EA073D2057EB4989F2E9952221069B6262050F777243DC7FEB9E84335
{"tag":"1080-history-True","mean_ms":13.111818181818183,"sha":"764B9176C81E0ADA2A948523716ABFFFC6AE9F6C4160B7DAC4BFDC12D4FEBD49"}
SAME 1080-history-False 1080-history-True
