seed=1 pattern=0
input format=RGBA16_FLOAT W=2560 H=1440 invalid=0 min=0 max=1 luma=0.357899353 roi_luma=0.389746571
adapter=AMD Radeon RX 9070 XT
NET frame=0 gpu_ms=1173.372559
GEOMETRY valid=2560x1440 processing=2560x1472 tokens=960
frame=0 reset=1 wall_ms=1179.275 invalid=0 luma=0.3596833 roi=0.4035345 dark=1325 roi_dark=232 changed_first=0 maxabs_first=0
NET frame=1 gpu_ms=19.009800
NET frame=2 gpu_ms=15.650000
NET frame=3 gpu_ms=15.461600
NET frame=4 gpu_ms=15.363900
NET frame=5 gpu_ms=15.422100
NET frame=6 gpu_ms=15.292800
NET frame=7 gpu_ms=15.273200
NET frame=8 gpu_ms=15.460500
NET frame=9 gpu_ms=15.424200
NET frame=10 gpu_ms=15.408400
NET frame=11 gpu_ms=15.291200
NET frame=12 gpu_ms=15.383300
NET frame=13 gpu_ms=15.417700
NET frame=14 gpu_ms=15.449100
NET frame=15 gpu_ms=15.423600
NET frame=16 gpu_ms=15.550900
NET frame=17 gpu_ms=15.633200
NET frame=18 gpu_ms=15.562000
NET frame=19 gpu_ms=15.390100
NET frame=20 gpu_ms=15.603700
NET frame=21 gpu_ms=15.525500
NET frame=22 gpu_ms=15.441500
NET frame=23 gpu_ms=15.449800
NET frame=24 gpu_ms=15.435700
NET frame=25 gpu_ms=15.574900
NET frame=26 gpu_ms=15.495600
NET frame=27 gpu_ms=15.460200
NET frame=28 gpu_ms=15.481700
NET frame=29 gpu_ms=15.468600
NET frame=30 gpu_ms=15.492600
NET frame=31 gpu_ms=15.499700
NET frame=32 gpu_ms=15.408600
NET frame=33 gpu_ms=15.636800
NET frame=34 gpu_ms=15.598900
NET frame=35 gpu_ms=15.541080
NET frame=36 gpu_ms=15.589000
NET frame=37 gpu_ms=15.551360
NET frame=38 gpu_ms=15.491700
NET frame=39 gpu_ms=15.539200
NET frame=40 gpu_ms=15.482200
NET frame=41 gpu_ms=15.674820
NET frame=42 gpu_ms=15.623700
NET frame=43 gpu_ms=15.636400
NET frame=44 gpu_ms=15.609700
NET frame=45 gpu_ms=15.556300
NET frame=46 gpu_ms=15.620200
NET frame=47 gpu_ms=15.766600
NET frame=48 gpu_ms=15.496100
NET frame=49 gpu_ms=15.528520
NET frame=50 gpu_ms=15.557520
NET frame=51 gpu_ms=15.541980
NET frame=52 gpu_ms=15.750800
NET frame=53 gpu_ms=15.706900
NET frame=54 gpu_ms=15.559300
NET frame=55 gpu_ms=15.749600
NET frame=56 gpu_ms=15.395060
NET frame=57 gpu_ms=15.561480
NET frame=58 gpu_ms=15.454460
NET frame=59 gpu_ms=15.645100
NET frame=60 gpu_ms=15.684500
NET frame=61 gpu_ms=15.658200
NET frame=62 gpu_ms=15.472520
NET frame=63 gpu_ms=15.596700
NET frame=64 gpu_ms=15.524000
NET frame=65 gpu_ms=15.296620
NET frame=66 gpu_ms=15.683600
NET frame=67 gpu_ms=15.565500
NET frame=68 gpu_ms=15.615200
NET frame=69 gpu_ms=15.762800
NET frame=70 gpu_ms=15.576600
NET frame=71 gpu_ms=15.500600
NET frame=72 gpu_ms=15.534500
NET frame=73 gpu_ms=15.645400
NET frame=74 gpu_ms=15.581840
NET frame=75 gpu_ms=15.644500
NET frame=76 gpu_ms=15.519100
NET frame=77 gpu_ms=15.696200
NET frame=78 gpu_ms=15.726700
NET frame=79 gpu_ms=15.659900
NET frame=80 gpu_ms=15.690100
NET frame=81 gpu_ms=15.686100
NET frame=82 gpu_ms=15.625600
NET frame=83 gpu_ms=15.528300
NET frame=84 gpu_ms=15.582900
NET frame=85 gpu_ms=15.600600
NET frame=86 gpu_ms=15.526560
NET frame=87 gpu_ms=15.509200
NET frame=88 gpu_ms=15.500400
NET frame=89 gpu_ms=15.619600
NET frame=90 gpu_ms=15.602500
NET frame=91 gpu_ms=15.558100
NET frame=92 gpu_ms=15.655100
NET frame=93 gpu_ms=15.497200
NET frame=94 gpu_ms=15.596500
NET frame=95 gpu_ms=15.621600
NET frame=96 gpu_ms=15.829500
NET frame=97 gpu_ms=15.668800
NET frame=98 gpu_ms=15.648600
NET frame=99 gpu_ms=15.705000
NET frame=100 gpu_ms=15.447620
NET frame=101 gpu_ms=15.518600
NET frame=102 gpu_ms=15.738700
NET frame=103 gpu_ms=15.619100
NET frame=104 gpu_ms=15.617300
NET frame=105 gpu_ms=15.454300
NET frame=106 gpu_ms=15.526000
NET frame=107 gpu_ms=15.596900
NET frame=108 gpu_ms=15.646100
NET frame=109 gpu_ms=15.618200
NET frame=110 gpu_ms=15.609900
NET frame=111 gpu_ms=15.612000
NET frame=112 gpu_ms=15.657700
NET frame=113 gpu_ms=15.633400
NET frame=114 gpu_ms=15.553500
NET frame=115 gpu_ms=15.596700
NET frame=116 gpu_ms=15.462200
NET frame=117 gpu_ms=15.707460
NET frame=118 gpu_ms=15.717500
NET frame=119 gpu_ms=15.652100
NET frame=120 gpu_ms=15.633000
NET frame=121 gpu_ms=15.562880
NET frame=122 gpu_ms=15.637900
NET frame=123 gpu_ms=15.715400
NET frame=124 gpu_ms=15.452680
NET frame=125 gpu_ms=15.434480
NET frame=126 gpu_ms=15.596400
NET frame=127 gpu_ms=15.525220
NET frame=128 gpu_ms=15.405380
NET frame=129 gpu_ms=15.396880
NET frame=130 gpu_ms=15.629400
NET frame=131 gpu_ms=15.564200
NET frame=132 gpu_ms=15.610600
NET frame=133 gpu_ms=15.538500
NET frame=134 gpu_ms=15.478100
NET frame=135 gpu_ms=15.539400
NET frame=136 gpu_ms=15.636000
NET frame=137 gpu_ms=15.503580
NET frame=138 gpu_ms=15.556700
NET frame=139 gpu_ms=15.574400
NET frame=140 gpu_ms=15.710300
NET frame=141 gpu_ms=15.581400
NET frame=142 gpu_ms=15.567600
NET frame=143 gpu_ms=15.397700
NET frame=144 gpu_ms=15.454800
NET frame=145 gpu_ms=15.542900
NET frame=146 gpu_ms=15.536300
NET frame=147 gpu_ms=15.685100
NET frame=148 gpu_ms=15.710800
NET frame=149 gpu_ms=15.588160
NET frame=150 gpu_ms=15.580100
NET frame=151 gpu_ms=15.633800
NET frame=152 gpu_ms=15.549000
NET frame=153 gpu_ms=15.385700
NET frame=154 gpu_ms=15.482100
NET frame=155 gpu_ms=15.834100
NET frame=156 gpu_ms=15.606700
NET frame=157 gpu_ms=15.604480
NET frame=158 gpu_ms=15.724100
NET frame=159 gpu_ms=15.584300
NET frame=160 gpu_ms=15.708800
NET frame=161 gpu_ms=15.374080
NET frame=162 gpu_ms=15.536700
NET frame=163 gpu_ms=15.657600
NET frame=164 gpu_ms=15.627900
NET frame=165 gpu_ms=15.461000
NET frame=166 gpu_ms=15.760500
NET frame=167 gpu_ms=15.543500
NET frame=168 gpu_ms=15.595300
NET frame=169 gpu_ms=15.593700
NET frame=170 gpu_ms=15.524300
NET frame=171 gpu_ms=15.548800
NET frame=172 gpu_ms=15.660500
NET frame=173 gpu_ms=15.652800
NET frame=174 gpu_ms=15.708600
NET frame=175 gpu_ms=15.458600
NET frame=176 gpu_ms=15.529000
NET frame=177 gpu_ms=15.469480
NET frame=178 gpu_ms=15.593100
NET frame=179 gpu_ms=15.544600
NET frame=180 gpu_ms=15.597920
NET frame=181 gpu_ms=15.613900
NET frame=182 gpu_ms=15.623000
NET frame=183 gpu_ms=15.714300
NET frame=184 gpu_ms=15.485600
NET frame=185 gpu_ms=15.486600
NET frame=186 gpu_ms=15.507100
NET frame=187 gpu_ms=15.655800
NET frame=188 gpu_ms=15.540000
NET frame=189 gpu_ms=15.531800
NET frame=190 gpu_ms=15.661500
NET frame=191 gpu_ms=15.515600
NET frame=192 gpu_ms=15.602700
NET frame=193 gpu_ms=15.647600
NET frame=194 gpu_ms=15.690300
NET frame=195 gpu_ms=15.673800
NET frame=196 gpu_ms=15.496600
NET frame=197 gpu_ms=15.642500
NET frame=198 gpu_ms=15.655500
NET frame=199 gpu_ms=15.499500
frame=199 reset=1 wall_ms=16.921 invalid=0 luma=0.3596833 roi=0.4035345 dark=1325 roi_dark=232 changed_first=0 maxabs_first=0
SP_STATS runs=0 fallback=0 rollover=0 jobs=0 disabled=0 errors=0
RESULT frames=200 temporal=0 mean_wall_ms=22.857 invalid_total=0 restored_capture_every_frame=1 HDR_preserved=1
