seed=1 pattern=0
input format=RGBA16_FLOAT W=2560 H=1440 invalid=0 min=0 max=1 luma=0.357899353 roi_luma=0.389746571
adapter=AMD Radeon RX 9070 XT
NET frame=0 gpu_ms=1162.578003
GEOMETRY valid=2560x1440 processing=2560x1472 tokens=960
frame=0 reset=1 wall_ms=1169.894 invalid=0 luma=0.3597704 roi=0.4268046 dark=101219 roi_dark=9829 changed_first=0 maxabs_first=0
NET frame=1 gpu_ms=37.955601
frame=1 reset=0 wall_ms=41.053 invalid=0 luma=0.368047 roi=0.4455446 dark=71900 roi_dark=10525 changed_first=10973274 maxabs_first=0.9588318
NET frame=2 gpu_ms=33.127998
frame=2 reset=0 wall_ms=35.687 invalid=0 luma=0.37115 roi=0.4531873 dark=93435 roi_dark=10268 changed_first=10992065 maxabs_first=0.9965804
NET frame=3 gpu_ms=34.120899
frame=3 reset=0 wall_ms=36.902 invalid=0 luma=0.3737079 roi=0.4571536 dark=122879 roi_dark=11248 changed_first=10993411 maxabs_first=0.9995117
NET frame=4 gpu_ms=33.162399
frame=4 reset=0 wall_ms=36.072 invalid=0 luma=0.3777792 roi=0.4627689 dark=143248 roi_dark=11884 changed_first=10997482 maxabs_first=0.9995117
NET frame=5 gpu_ms=35.714600
frame=5 reset=0 wall_ms=38.532 invalid=0 luma=0.3789004 roi=0.4659022 dark=142923 roi_dark=13707 changed_first=10999594 maxabs_first=0.9995117
NET frame=6 gpu_ms=37.067402
frame=6 reset=0 wall_ms=39.937 invalid=0 luma=0.3814095 roi=0.4711125 dark=142556 roi_dark=12739 changed_first=11000117 maxabs_first=0.9995117
NET frame=7 gpu_ms=36.386398
frame=7 reset=0 wall_ms=39.323 invalid=0 luma=0.3819702 roi=0.4748898 dark=156902 roi_dark=11394 changed_first=11009709 maxabs_first=0.9995117
NET frame=8 gpu_ms=33.200001
frame=8 reset=0 wall_ms=35.754 invalid=0 luma=0.3823764 roi=0.4792938 dark=152446 roi_dark=12226 changed_first=11010307 maxabs_first=0.9995117
NET frame=9 gpu_ms=33.419498
frame=9 reset=0 wall_ms=36.138 invalid=0 luma=0.3820495 roi=0.4826011 dark=169502 roi_dark=13353 changed_first=11013690 maxabs_first=0.9995117
NET frame=10 gpu_ms=44.135300
frame=10 reset=0 wall_ms=46.950 invalid=0 luma=0.3786546 roi=0.4814568 dark=175169 roi_dark=14148 changed_first=11012450 maxabs_first=0.9995117
NET frame=11 gpu_ms=33.257599
frame=11 reset=0 wall_ms=36.008 invalid=0 luma=0.3755061 roi=0.4766078 dark=149482 roi_dark=12935 changed_first=11010204 maxabs_first=0.9995117
RAW floats=11304960 invalid=0
SP_STATS runs=0 fallback=0 rollover=0 jobs=0 disabled=0 errors=0
RESULT frames=12 temporal=1 mean_wall_ms=132.688 invalid_total=0 restored_capture_every_frame=1 HDR_preserved=1
