seed=0 pattern=0
input format=RGBA16_FLOAT W=1296 H=720 invalid=0 min=0 max=34.53125 luma=0.0157641119 roi_luma=0.0250669576
adapter=AMD Radeon RX 9070 XT
SP_PLAN c=256 first=16 layers=6 tasks=624 initial=104 state_bytes=7504 w16=1
SP_PLAN c=256 first=49 layers=6 tasks=624 initial=104 state_bytes=7504 w16=1
FRAME_NET_GPU frame=0 gpu_ms=1121.76001
frame=0 reset=1 wall_ms=1131.293 invalid=0 luma=0.01311046 roi=0.01994696 dark=808529 roi_dark=258288 changed_first=0 maxabs_first=0
FRAME_NET_GPU frame=1 gpu_ms=7.95095015
FRAME_NET_GPU frame=2 gpu_ms=4.93902016
FRAME_NET_GPU frame=3 gpu_ms=6.88689995
FRAME_NET_GPU frame=4 gpu_ms=6.8263998
FRAME_NET_GPU frame=5 gpu_ms=6.57730007
FRAME_NET_GPU frame=6 gpu_ms=6.35820007
FRAME_NET_GPU frame=7 gpu_ms=6.4046998
FRAME_NET_GPU frame=8 gpu_ms=6.38859987
FRAME_NET_GPU frame=9 gpu_ms=6.39370012
FRAME_NET_GPU frame=10 gpu_ms=6.4282999
FRAME_NET_GPU frame=11 gpu_ms=6.35029984
FRAME_NET_GPU frame=12 gpu_ms=6.43830013
FRAME_NET_GPU frame=13 gpu_ms=6.38940001
FRAME_NET_GPU frame=14 gpu_ms=6.36679983
FRAME_NET_GPU frame=15 gpu_ms=6.38170004
FRAME_NET_GPU frame=16 gpu_ms=6.29778004
FRAME_NET_GPU frame=17 gpu_ms=6.40284014
FRAME_NET_GPU frame=18 gpu_ms=6.36127996
FRAME_NET_GPU frame=19 gpu_ms=6.48072004
FRAME_NET_GPU frame=20 gpu_ms=6.37039995
FRAME_NET_GPU frame=21 gpu_ms=6.40812016
FRAME_NET_GPU frame=22 gpu_ms=6.32859993
FRAME_NET_GPU frame=23 gpu_ms=6.29856014
FRAME_NET_GPU frame=24 gpu_ms=6.24798012
FRAME_NET_GPU frame=25 gpu_ms=6.34639978
FRAME_NET_GPU frame=26 gpu_ms=6.41879988
FRAME_NET_GPU frame=27 gpu_ms=6.35294008
FRAME_NET_GPU frame=28 gpu_ms=6.37027979
FRAME_NET_GPU frame=29 gpu_ms=6.3563199
FRAME_NET_GPU frame=30 gpu_ms=6.35215998
FRAME_NET_GPU frame=31 gpu_ms=6.38607979
FRAME_NET_GPU frame=32 gpu_ms=6.4107399
FRAME_NET_GPU frame=33 gpu_ms=6.34041977
FRAME_NET_GPU frame=34 gpu_ms=6.37181997
FRAME_NET_GPU frame=35 gpu_ms=6.36800003
FRAME_NET_GPU frame=36 gpu_ms=6.34117985
FRAME_NET_GPU frame=37 gpu_ms=6.39779997
FRAME_NET_GPU frame=38 gpu_ms=6.45845985
FRAME_NET_GPU frame=39 gpu_ms=6.41219997
FRAME_NET_GPU frame=40 gpu_ms=6.37470007
FRAME_NET_GPU frame=41 gpu_ms=6.38899994
FRAME_NET_GPU frame=42 gpu_ms=6.44952011
FRAME_NET_GPU frame=43 gpu_ms=6.41784
FRAME_NET_GPU frame=44 gpu_ms=6.54663992
FRAME_NET_GPU frame=45 gpu_ms=6.53862
FRAME_NET_GPU frame=46 gpu_ms=6.49092007
FRAME_NET_GPU frame=47 gpu_ms=6.49166012
FRAME_NET_GPU frame=48 gpu_ms=6.41616011
FRAME_NET_GPU frame=49 gpu_ms=6.51641989
FRAME_NET_GPU frame=50 gpu_ms=6.59717989
FRAME_NET_GPU frame=51 gpu_ms=6.50746012
FRAME_NET_GPU frame=52 gpu_ms=6.46155977
FRAME_NET_GPU frame=53 gpu_ms=6.48182011
FRAME_NET_GPU frame=54 gpu_ms=6.59492016
FRAME_NET_GPU frame=55 gpu_ms=6.55202007
FRAME_NET_GPU frame=56 gpu_ms=6.44373989
FRAME_NET_GPU frame=57 gpu_ms=6.53571987
FRAME_NET_GPU frame=58 gpu_ms=6.5707202
FRAME_NET_GPU frame=59 gpu_ms=6.46131992
FRAME_NET_GPU frame=60 gpu_ms=6.51128006
FRAME_NET_GPU frame=61 gpu_ms=6.49739981
FRAME_NET_GPU frame=62 gpu_ms=6.42214012
FRAME_NET_GPU frame=63 gpu_ms=6.51219988
FRAME_NET_GPU frame=64 gpu_ms=6.47217989
FRAME_NET_GPU frame=65 gpu_ms=6.55904007
FRAME_NET_GPU frame=66 gpu_ms=6.4812398
FRAME_NET_GPU frame=67 gpu_ms=6.43228006
FRAME_NET_GPU frame=68 gpu_ms=6.43349981
FRAME_NET_GPU frame=69 gpu_ms=6.48449993
FRAME_NET_GPU frame=70 gpu_ms=6.51925993
FRAME_NET_GPU frame=71 gpu_ms=6.50099993
FRAME_NET_GPU frame=72 gpu_ms=6.4489398
FRAME_NET_GPU frame=73 gpu_ms=6.54841995
FRAME_NET_GPU frame=74 gpu_ms=6.52354002
FRAME_NET_GPU frame=75 gpu_ms=6.48017979
FRAME_NET_GPU frame=76 gpu_ms=6.47192001
FRAME_NET_GPU frame=77 gpu_ms=6.52519989
FRAME_NET_GPU frame=78 gpu_ms=6.4893198
FRAME_NET_GPU frame=79 gpu_ms=6.52858019
FRAME_NET_GPU frame=80 gpu_ms=6.52897978
FRAME_NET_GPU frame=81 gpu_ms=6.421
FRAME_NET_GPU frame=82 gpu_ms=6.45291996
FRAME_NET_GPU frame=83 gpu_ms=6.53450012
FRAME_NET_GPU frame=84 gpu_ms=6.51423979
FRAME_NET_GPU frame=85 gpu_ms=6.53002024
FRAME_NET_GPU frame=86 gpu_ms=6.52171993
FRAME_NET_GPU frame=87 gpu_ms=6.49185991
FRAME_NET_GPU frame=88 gpu_ms=6.45915985
FRAME_NET_GPU frame=89 gpu_ms=6.44123983
FRAME_NET_GPU frame=90 gpu_ms=6.51840019
FRAME_NET_GPU frame=91 gpu_ms=6.40231991
FRAME_NET_GPU frame=92 gpu_ms=6.50846004
FRAME_NET_GPU frame=93 gpu_ms=6.52483988
FRAME_NET_GPU frame=94 gpu_ms=6.50795984
FRAME_NET_GPU frame=95 gpu_ms=6.48472023
FRAME_NET_GPU frame=96 gpu_ms=6.44782019
FRAME_NET_GPU frame=97 gpu_ms=6.58120012
FRAME_NET_GPU frame=98 gpu_ms=6.50665998
FRAME_NET_GPU frame=99 gpu_ms=6.51047993
FRAME_NET_GPU frame=100 gpu_ms=6.48962021
FRAME_NET_GPU frame=101 gpu_ms=6.41031981
FRAME_NET_GPU frame=102 gpu_ms=6.46314001
FRAME_NET_GPU frame=103 gpu_ms=6.54674006
FRAME_NET_GPU frame=104 gpu_ms=6.47257996
FRAME_NET_GPU frame=105 gpu_ms=6.51703978
FRAME_NET_GPU frame=106 gpu_ms=6.50235987
FRAME_NET_GPU frame=107 gpu_ms=6.46294022
FRAME_NET_GPU frame=108 gpu_ms=6.4858799
FRAME_NET_GPU frame=109 gpu_ms=6.48888016
FRAME_NET_GPU frame=110 gpu_ms=6.51160002
FRAME_NET_GPU frame=111 gpu_ms=6.58107996
FRAME_NET_GPU frame=112 gpu_ms=6.43332005
FRAME_NET_GPU frame=113 gpu_ms=6.45682001
FRAME_NET_GPU frame=114 gpu_ms=6.55208015
FRAME_NET_GPU frame=115 gpu_ms=6.44825983
FRAME_NET_GPU frame=116 gpu_ms=6.42161989
FRAME_NET_GPU frame=117 gpu_ms=6.49813986
FRAME_NET_GPU frame=118 gpu_ms=6.40201998
FRAME_NET_GPU frame=119 gpu_ms=6.50409985
FRAME_NET_GPU frame=120 gpu_ms=6.5260601
FRAME_NET_GPU frame=121 gpu_ms=6.48733997
FRAME_NET_GPU frame=122 gpu_ms=6.53704023
FRAME_NET_GPU frame=123 gpu_ms=6.42303991
FRAME_NET_GPU frame=124 gpu_ms=6.47512007
FRAME_NET_GPU frame=125 gpu_ms=6.51550007
FRAME_NET_GPU frame=126 gpu_ms=6.43143988
FRAME_NET_GPU frame=127 gpu_ms=6.52048016
FRAME_NET_GPU frame=128 gpu_ms=6.51308012
FRAME_NET_GPU frame=129 gpu_ms=6.3952198
FRAME_NET_GPU frame=130 gpu_ms=6.45206022
FRAME_NET_GPU frame=131 gpu_ms=6.44119978
FRAME_NET_GPU frame=132 gpu_ms=6.50988007
FRAME_NET_GPU frame=133 gpu_ms=6.48577976
FRAME_NET_GPU frame=134 gpu_ms=6.60958004
FRAME_NET_GPU frame=135 gpu_ms=6.45255995
FRAME_NET_GPU frame=136 gpu_ms=6.5179801
FRAME_NET_GPU frame=137 gpu_ms=6.49739981
FRAME_NET_GPU frame=138 gpu_ms=6.4526
FRAME_NET_GPU frame=139 gpu_ms=6.46646023
FRAME_NET_GPU frame=140 gpu_ms=6.43673992
FRAME_NET_GPU frame=141 gpu_ms=6.51270008
FRAME_NET_GPU frame=142 gpu_ms=6.50695992
FRAME_NET_GPU frame=143 gpu_ms=6.36295986
FRAME_NET_GPU frame=144 gpu_ms=6.55991983
FRAME_NET_GPU frame=145 gpu_ms=6.54852009
FRAME_NET_GPU frame=146 gpu_ms=6.42933989
FRAME_NET_GPU frame=147 gpu_ms=6.58445978
FRAME_NET_GPU frame=148 gpu_ms=6.36320019
FRAME_NET_GPU frame=149 gpu_ms=6.69702005
FRAME_NET_GPU frame=150 gpu_ms=6.53361988
FRAME_NET_GPU frame=151 gpu_ms=6.34146023
FRAME_NET_GPU frame=152 gpu_ms=6.41800022
FRAME_NET_GPU frame=153 gpu_ms=6.55009985
FRAME_NET_GPU frame=154 gpu_ms=6.31334019
FRAME_NET_GPU frame=155 gpu_ms=6.47650003
FRAME_NET_GPU frame=156 gpu_ms=6.55075979
FRAME_NET_GPU frame=157 gpu_ms=6.50839996
FRAME_NET_GPU frame=158 gpu_ms=6.50235987
FRAME_NET_GPU frame=159 gpu_ms=6.45716
frame=159 reset=1 wall_ms=6.917 invalid=0 luma=0.01311046 roi=0.01994696 dark=808529 roi_dark=258288 changed_first=0 maxabs_first=0
SP_STATS runs=320 fallback=0 rollover=0 jobs=199680 disabled=0 errors=0
RESULT frames=160 temporal=0 mean_wall_ms=13.985 invalid_total=0 restored_capture_every_frame=1 HDR_preserved=1

