seed=1 pattern=0
input format=RGBA16_FLOAT W=2560 H=1440 invalid=0 min=0 max=1 luma=0.357899353 roi_luma=0.389746571
adapter=AMD Radeon RX 9070 XT
GEOMETRY valid=2560x1440 processing=2560x1472 tokens=960
frame=0 reset=1 wall_ms=1122.210 invalid=0 luma=0.3596833 roi=0.4035345 dark=1325 roi_dark=232 changed_first=0 maxabs_first=0
frame=1 reset=1 wall_ms=18.813 invalid=0 luma=0.3596833 roi=0.4035345 dark=1325 roi_dark=232 changed_first=0 maxabs_first=0
frame=2 reset=1 wall_ms=18.234 invalid=0 luma=0.3596833 roi=0.4035345 dark=1325 roi_dark=232 changed_first=0 maxabs_first=0
frame=3 reset=1 wall_ms=18.418 invalid=0 luma=0.3596833 roi=0.4035345 dark=1325 roi_dark=232 changed_first=0 maxabs_first=0
frame=4 reset=1 wall_ms=18.957 invalid=0 luma=0.3596833 roi=0.4035345 dark=1325 roi_dark=232 changed_first=0 maxabs_first=0
frame=5 reset=1 wall_ms=18.847 invalid=0 luma=0.3596833 roi=0.4035345 dark=1325 roi_dark=232 changed_first=0 maxabs_first=0
frame=6 reset=1 wall_ms=18.486 invalid=0 luma=0.3596833 roi=0.4035345 dark=1325 roi_dark=232 changed_first=0 maxabs_first=0
frame=7 reset=1 wall_ms=18.620 invalid=0 luma=0.3596833 roi=0.4035345 dark=1325 roi_dark=232 changed_first=0 maxabs_first=0
frame=8 reset=1 wall_ms=21.590 invalid=0 luma=0.3596833 roi=0.4035345 dark=1325 roi_dark=232 changed_first=0 maxabs_first=0
frame=9 reset=1 wall_ms=18.525 invalid=0 luma=0.3596833 roi=0.4035345 dark=1325 roi_dark=232 changed_first=0 maxabs_first=0
frame=10 reset=1 wall_ms=18.380 invalid=0 luma=0.3596833 roi=0.4035345 dark=1325 roi_dark=232 changed_first=0 maxabs_first=0
frame=11 reset=1 wall_ms=18.696 invalid=0 luma=0.3596833 roi=0.4035345 dark=1325 roi_dark=232 changed_first=0 maxabs_first=0
frame=12 reset=1 wall_ms=19.216 invalid=0 luma=0.3596833 roi=0.4035345 dark=1325 roi_dark=232 changed_first=0 maxabs_first=0
frame=13 reset=1 wall_ms=18.624 invalid=0 luma=0.3596833 roi=0.4035345 dark=1325 roi_dark=232 changed_first=0 maxabs_first=0
frame=14 reset=1 wall_ms=18.698 invalid=0 luma=0.3596833 roi=0.4035345 dark=1325 roi_dark=232 changed_first=0 maxabs_first=0
frame=15 reset=1 wall_ms=18.771 invalid=0 luma=0.3596833 roi=0.4035345 dark=1325 roi_dark=232 changed_first=0 maxabs_first=0
frame=16 reset=1 wall_ms=17.949 invalid=0 luma=0.3596833 roi=0.4035345 dark=1325 roi_dark=232 changed_first=0 maxabs_first=0
frame=17 reset=1 wall_ms=18.357 invalid=0 luma=0.3596833 roi=0.4035345 dark=1325 roi_dark=232 changed_first=0 maxabs_first=0
frame=18 reset=1 wall_ms=18.374 invalid=0 luma=0.3596833 roi=0.4035345 dark=1325 roi_dark=232 changed_first=0 maxabs_first=0
frame=19 reset=1 wall_ms=18.436 invalid=0 luma=0.3596833 roi=0.4035345 dark=1325 roi_dark=232 changed_first=0 maxabs_first=0
frame=20 reset=1 wall_ms=20.129 invalid=0 luma=0.3596833 roi=0.4035345 dark=1325 roi_dark=232 changed_first=0 maxabs_first=0
frame=21 reset=1 wall_ms=18.978 invalid=0 luma=0.3596833 roi=0.4035345 dark=1325 roi_dark=232 changed_first=0 maxabs_first=0
frame=22 reset=1 wall_ms=18.500 invalid=0 luma=0.3596833 roi=0.4035345 dark=1325 roi_dark=232 changed_first=0 maxabs_first=0
frame=23 reset=1 wall_ms=18.299 invalid=0 luma=0.3596833 roi=0.4035345 dark=1325 roi_dark=232 changed_first=0 maxabs_first=0
frame=24 reset=1 wall_ms=18.085 invalid=0 luma=0.3596833 roi=0.4035345 dark=1325 roi_dark=232 changed_first=0 maxabs_first=0
frame=25 reset=1 wall_ms=23.151 invalid=0 luma=0.3596833 roi=0.4035345 dark=1325 roi_dark=232 changed_first=0 maxabs_first=0
frame=26 reset=1 wall_ms=19.496 invalid=0 luma=0.3596833 roi=0.4035345 dark=1325 roi_dark=232 changed_first=0 maxabs_first=0
frame=27 reset=1 wall_ms=27.678 invalid=0 luma=0.3596833 roi=0.4035345 dark=1325 roi_dark=232 changed_first=0 maxabs_first=0
frame=28 reset=1 wall_ms=19.180 invalid=0 luma=0.3596833 roi=0.4035345 dark=1325 roi_dark=232 changed_first=0 maxabs_first=0
frame=29 reset=1 wall_ms=20.739 invalid=0 luma=0.3596833 roi=0.4035345 dark=1325 roi_dark=232 changed_first=0 maxabs_first=0
frame=30 reset=1 wall_ms=18.112 invalid=0 luma=0.3596833 roi=0.4035345 dark=1325 roi_dark=232 changed_first=0 maxabs_first=0
frame=31 reset=1 wall_ms=18.244 invalid=0 luma=0.3596833 roi=0.4035345 dark=1325 roi_dark=232 changed_first=0 maxabs_first=0
frame=32 reset=1 wall_ms=18.119 invalid=0 luma=0.3596833 roi=0.4035345 dark=1325 roi_dark=232 changed_first=0 maxabs_first=0
frame=33 reset=1 wall_ms=19.146 invalid=0 luma=0.3596833 roi=0.4035345 dark=1325 roi_dark=232 changed_first=0 maxabs_first=0
frame=34 reset=1 wall_ms=19.369 invalid=0 luma=0.3596833 roi=0.4035345 dark=1325 roi_dark=232 changed_first=0 maxabs_first=0
frame=35 reset=1 wall_ms=18.216 invalid=0 luma=0.3596833 roi=0.4035345 dark=1325 roi_dark=232 changed_first=0 maxabs_first=0
frame=36 reset=1 wall_ms=18.053 invalid=0 luma=0.3596833 roi=0.4035345 dark=1325 roi_dark=232 changed_first=0 maxabs_first=0
frame=37 reset=1 wall_ms=19.412 invalid=0 luma=0.3596833 roi=0.4035345 dark=1325 roi_dark=232 changed_first=0 maxabs_first=0
frame=38 reset=1 wall_ms=18.025 invalid=0 luma=0.3596833 roi=0.4035345 dark=1325 roi_dark=232 changed_first=0 maxabs_first=0
frame=39 reset=1 wall_ms=18.141 invalid=0 luma=0.3596833 roi=0.4035345 dark=1325 roi_dark=232 changed_first=0 maxabs_first=0
frame=40 reset=1 wall_ms=18.207 invalid=0 luma=0.3596833 roi=0.4035345 dark=1325 roi_dark=232 changed_first=0 maxabs_first=0
frame=41 reset=1 wall_ms=18.254 invalid=0 luma=0.3596833 roi=0.4035345 dark=1325 roi_dark=232 changed_first=0 maxabs_first=0
frame=42 reset=1 wall_ms=18.143 invalid=0 luma=0.3596833 roi=0.4035345 dark=1325 roi_dark=232 changed_first=0 maxabs_first=0
frame=43 reset=1 wall_ms=18.720 invalid=0 luma=0.3596833 roi=0.4035345 dark=1325 roi_dark=232 changed_first=0 maxabs_first=0
frame=44 reset=1 wall_ms=17.957 invalid=0 luma=0.3596833 roi=0.4035345 dark=1325 roi_dark=232 changed_first=0 maxabs_first=0
frame=45 reset=1 wall_ms=18.083 invalid=0 luma=0.3596833 roi=0.4035345 dark=1325 roi_dark=232 changed_first=0 maxabs_first=0
frame=46 reset=1 wall_ms=18.080 invalid=0 luma=0.3596833 roi=0.4035345 dark=1325 roi_dark=232 changed_first=0 maxabs_first=0
frame=47 reset=1 wall_ms=19.490 invalid=0 luma=0.3596833 roi=0.4035345 dark=1325 roi_dark=232 changed_first=0 maxabs_first=0
frame=48 reset=1 wall_ms=18.943 invalid=0 luma=0.3596833 roi=0.4035345 dark=1325 roi_dark=232 changed_first=0 maxabs_first=0
frame=49 reset=1 wall_ms=18.029 invalid=0 luma=0.3596833 roi=0.4035345 dark=1325 roi_dark=232 changed_first=0 maxabs_first=0
frame=50 reset=1 wall_ms=18.583 invalid=0 luma=0.3596833 roi=0.4035345 dark=1325 roi_dark=232 changed_first=0 maxabs_first=0
frame=51 reset=1 wall_ms=18.404 invalid=0 luma=0.3596833 roi=0.4035345 dark=1325 roi_dark=232 changed_first=0 maxabs_first=0
frame=52 reset=1 wall_ms=18.102 invalid=0 luma=0.3596833 roi=0.4035345 dark=1325 roi_dark=232 changed_first=0 maxabs_first=0
frame=53 reset=1 wall_ms=18.822 invalid=0 luma=0.3596833 roi=0.4035345 dark=1325 roi_dark=232 changed_first=0 maxabs_first=0
frame=54 reset=1 wall_ms=18.245 invalid=0 luma=0.3596833 roi=0.4035345 dark=1325 roi_dark=232 changed_first=0 maxabs_first=0
frame=55 reset=1 wall_ms=18.175 invalid=0 luma=0.3596833 roi=0.4035345 dark=1325 roi_dark=232 changed_first=0 maxabs_first=0
frame=56 reset=1 wall_ms=18.379 invalid=0 luma=0.3596833 roi=0.4035345 dark=1325 roi_dark=232 changed_first=0 maxabs_first=0
frame=57 reset=1 wall_ms=18.638 invalid=0 luma=0.3596833 roi=0.4035345 dark=1325 roi_dark=232 changed_first=0 maxabs_first=0
frame=58 reset=1 wall_ms=18.381 invalid=0 luma=0.3596833 roi=0.4035345 dark=1325 roi_dark=232 changed_first=0 maxabs_first=0
frame=59 reset=1 wall_ms=18.290 invalid=0 luma=0.3596833 roi=0.4035345 dark=1325 roi_dark=232 changed_first=0 maxabs_first=0
frame=60 reset=1 wall_ms=18.062 invalid=0 luma=0.3596833 roi=0.4035345 dark=1325 roi_dark=232 changed_first=0 maxabs_first=0
frame=61 reset=1 wall_ms=18.747 invalid=0 luma=0.3596833 roi=0.4035345 dark=1325 roi_dark=232 changed_first=0 maxabs_first=0
frame=62 reset=1 wall_ms=19.558 invalid=0 luma=0.3596833 roi=0.4035345 dark=1325 roi_dark=232 changed_first=0 maxabs_first=0
frame=63 reset=1 wall_ms=27.402 invalid=0 luma=0.3596833 roi=0.4035345 dark=1325 roi_dark=232 changed_first=0 maxabs_first=0
frame=64 reset=1 wall_ms=19.418 invalid=0 luma=0.3596833 roi=0.4035345 dark=1325 roi_dark=232 changed_first=0 maxabs_first=0
frame=65 reset=1 wall_ms=18.363 invalid=0 luma=0.3596833 roi=0.4035345 dark=1325 roi_dark=232 changed_first=0 maxabs_first=0
frame=66 reset=1 wall_ms=19.215 invalid=0 luma=0.3596833 roi=0.4035345 dark=1325 roi_dark=232 changed_first=0 maxabs_first=0
frame=67 reset=1 wall_ms=18.105 invalid=0 luma=0.3596833 roi=0.4035345 dark=1325 roi_dark=232 changed_first=0 maxabs_first=0
frame=68 reset=1 wall_ms=18.818 invalid=0 luma=0.3596833 roi=0.4035345 dark=1325 roi_dark=232 changed_first=0 maxabs_first=0
frame=69 reset=1 wall_ms=18.551 invalid=0 luma=0.3596833 roi=0.4035345 dark=1325 roi_dark=232 changed_first=0 maxabs_first=0
frame=70 reset=1 wall_ms=18.473 invalid=0 luma=0.3596833 roi=0.4035345 dark=1325 roi_dark=232 changed_first=0 maxabs_first=0
frame=71 reset=1 wall_ms=18.342 invalid=0 luma=0.3596833 roi=0.4035345 dark=1325 roi_dark=232 changed_first=0 maxabs_first=0
frame=72 reset=1 wall_ms=17.997 invalid=0 luma=0.3596833 roi=0.4035345 dark=1325 roi_dark=232 changed_first=0 maxabs_first=0
frame=73 reset=1 wall_ms=18.439 invalid=0 luma=0.3596833 roi=0.4035345 dark=1325 roi_dark=232 changed_first=0 maxabs_first=0
frame=74 reset=1 wall_ms=19.666 invalid=0 luma=0.3596833 roi=0.4035345 dark=1325 roi_dark=232 changed_first=0 maxabs_first=0
frame=75 reset=1 wall_ms=19.285 invalid=0 luma=0.3596833 roi=0.4035345 dark=1325 roi_dark=232 changed_first=0 maxabs_first=0
frame=76 reset=1 wall_ms=18.075 invalid=0 luma=0.3596833 roi=0.4035345 dark=1325 roi_dark=232 changed_first=0 maxabs_first=0
frame=77 reset=1 wall_ms=18.896 invalid=0 luma=0.3596833 roi=0.4035345 dark=1325 roi_dark=232 changed_first=0 maxabs_first=0
frame=78 reset=1 wall_ms=19.052 invalid=0 luma=0.3596833 roi=0.4035345 dark=1325 roi_dark=232 changed_first=0 maxabs_first=0
frame=79 reset=1 wall_ms=18.422 invalid=0 luma=0.3596833 roi=0.4035345 dark=1325 roi_dark=232 changed_first=0 maxabs_first=0
frame=80 reset=1 wall_ms=18.254 invalid=0 luma=0.3596833 roi=0.4035345 dark=1325 roi_dark=232 changed_first=0 maxabs_first=0
frame=81 reset=1 wall_ms=19.017 invalid=0 luma=0.3596833 roi=0.4035345 dark=1325 roi_dark=232 changed_first=0 maxabs_first=0
frame=82 reset=1 wall_ms=19.350 invalid=0 luma=0.3596833 roi=0.4035345 dark=1325 roi_dark=232 changed_first=0 maxabs_first=0
frame=83 reset=1 wall_ms=18.370 invalid=0 luma=0.3596833 roi=0.4035345 dark=1325 roi_dark=232 changed_first=0 maxabs_first=0
frame=84 reset=1 wall_ms=22.600 invalid=0 luma=0.3596833 roi=0.4035345 dark=1325 roi_dark=232 changed_first=0 maxabs_first=0
frame=85 reset=1 wall_ms=19.199 invalid=0 luma=0.3596833 roi=0.4035345 dark=1325 roi_dark=232 changed_first=0 maxabs_first=0
frame=86 reset=1 wall_ms=18.925 invalid=0 luma=0.3596833 roi=0.4035345 dark=1325 roi_dark=232 changed_first=0 maxabs_first=0
frame=87 reset=1 wall_ms=18.352 invalid=0 luma=0.3596833 roi=0.4035345 dark=1325 roi_dark=232 changed_first=0 maxabs_first=0
frame=88 reset=1 wall_ms=18.504 invalid=0 luma=0.3596833 roi=0.4035345 dark=1325 roi_dark=232 changed_first=0 maxabs_first=0
frame=89 reset=1 wall_ms=18.515 invalid=0 luma=0.3596833 roi=0.4035345 dark=1325 roi_dark=232 changed_first=0 maxabs_first=0
frame=90 reset=1 wall_ms=18.259 invalid=0 luma=0.3596833 roi=0.4035345 dark=1325 roi_dark=232 changed_first=0 maxabs_first=0
frame=91 reset=1 wall_ms=25.429 invalid=0 luma=0.3596833 roi=0.4035345 dark=1325 roi_dark=232 changed_first=0 maxabs_first=0
frame=92 reset=1 wall_ms=19.583 invalid=0 luma=0.3596833 roi=0.4035345 dark=1325 roi_dark=232 changed_first=0 maxabs_first=0
frame=93 reset=1 wall_ms=18.439 invalid=0 luma=0.3596833 roi=0.4035345 dark=1325 roi_dark=232 changed_first=0 maxabs_first=0
frame=94 reset=1 wall_ms=19.905 invalid=0 luma=0.3596833 roi=0.4035345 dark=1325 roi_dark=232 changed_first=0 maxabs_first=0
frame=95 reset=1 wall_ms=23.046 invalid=0 luma=0.3596833 roi=0.4035345 dark=1325 roi_dark=232 changed_first=0 maxabs_first=0
frame=96 reset=1 wall_ms=18.286 invalid=0 luma=0.3596833 roi=0.4035345 dark=1325 roi_dark=232 changed_first=0 maxabs_first=0
frame=97 reset=1 wall_ms=18.209 invalid=0 luma=0.3596833 roi=0.4035345 dark=1325 roi_dark=232 changed_first=0 maxabs_first=0
frame=98 reset=1 wall_ms=19.309 invalid=0 luma=0.3596833 roi=0.4035345 dark=1325 roi_dark=232 changed_first=0 maxabs_first=0
frame=99 reset=1 wall_ms=26.208 invalid=0 luma=0.3596833 roi=0.4035345 dark=1325 roi_dark=232 changed_first=0 maxabs_first=0
frame=100 reset=1 wall_ms=18.172 invalid=0 luma=0.3596833 roi=0.4035345 dark=1325 roi_dark=232 changed_first=0 maxabs_first=0
frame=101 reset=1 wall_ms=19.759 invalid=0 luma=0.3596833 roi=0.4035345 dark=1325 roi_dark=232 changed_first=0 maxabs_first=0
frame=102 reset=1 wall_ms=18.209 invalid=0 luma=0.3596833 roi=0.4035345 dark=1325 roi_dark=232 changed_first=0 maxabs_first=0
frame=103 reset=1 wall_ms=18.266 invalid=0 luma=0.3596833 roi=0.4035345 dark=1325 roi_dark=232 changed_first=0 maxabs_first=0
frame=104 reset=1 wall_ms=18.102 invalid=0 luma=0.3596833 roi=0.4035345 dark=1325 roi_dark=232 changed_first=0 maxabs_first=0
frame=105 reset=1 wall_ms=18.141 invalid=0 luma=0.3596833 roi=0.4035345 dark=1325 roi_dark=232 changed_first=0 maxabs_first=0
frame=106 reset=1 wall_ms=19.065 invalid=0 luma=0.3596833 roi=0.4035345 dark=1325 roi_dark=232 changed_first=0 maxabs_first=0
frame=107 reset=1 wall_ms=18.928 invalid=0 luma=0.3596833 roi=0.4035345 dark=1325 roi_dark=232 changed_first=0 maxabs_first=0
frame=108 reset=1 wall_ms=18.030 invalid=0 luma=0.3596833 roi=0.4035345 dark=1325 roi_dark=232 changed_first=0 maxabs_first=0
frame=109 reset=1 wall_ms=18.849 invalid=0 luma=0.3596833 roi=0.4035345 dark=1325 roi_dark=232 changed_first=0 maxabs_first=0
frame=110 reset=1 wall_ms=18.345 invalid=0 luma=0.3596833 roi=0.4035345 dark=1325 roi_dark=232 changed_first=0 maxabs_first=0
frame=111 reset=1 wall_ms=18.476 invalid=0 luma=0.3596833 roi=0.4035345 dark=1325 roi_dark=232 changed_first=0 maxabs_first=0
frame=112 reset=1 wall_ms=19.756 invalid=0 luma=0.3596833 roi=0.4035345 dark=1325 roi_dark=232 changed_first=0 maxabs_first=0
frame=113 reset=1 wall_ms=18.203 invalid=0 luma=0.3596833 roi=0.4035345 dark=1325 roi_dark=232 changed_first=0 maxabs_first=0
frame=114 reset=1 wall_ms=19.305 invalid=0 luma=0.3596833 roi=0.4035345 dark=1325 roi_dark=232 changed_first=0 maxabs_first=0
frame=115 reset=1 wall_ms=18.276 invalid=0 luma=0.3596833 roi=0.4035345 dark=1325 roi_dark=232 changed_first=0 maxabs_first=0
frame=116 reset=1 wall_ms=22.633 invalid=0 luma=0.3596833 roi=0.4035345 dark=1325 roi_dark=232 changed_first=0 maxabs_first=0
frame=117 reset=1 wall_ms=19.262 invalid=0 luma=0.3596833 roi=0.4035345 dark=1325 roi_dark=232 changed_first=0 maxabs_first=0
frame=118 reset=1 wall_ms=20.156 invalid=0 luma=0.3596833 roi=0.4035345 dark=1325 roi_dark=232 changed_first=0 maxabs_first=0
frame=119 reset=1 wall_ms=19.387 invalid=0 luma=0.3596833 roi=0.4035345 dark=1325 roi_dark=232 changed_first=0 maxabs_first=0
frame=120 reset=1 wall_ms=18.345 invalid=0 luma=0.3596833 roi=0.4035345 dark=1325 roi_dark=232 changed_first=0 maxabs_first=0
frame=121 reset=1 wall_ms=18.282 invalid=0 luma=0.3596833 roi=0.4035345 dark=1325 roi_dark=232 changed_first=0 maxabs_first=0
frame=122 reset=1 wall_ms=18.370 invalid=0 luma=0.3596833 roi=0.4035345 dark=1325 roi_dark=232 changed_first=0 maxabs_first=0
frame=123 reset=1 wall_ms=18.582 invalid=0 luma=0.3596833 roi=0.4035345 dark=1325 roi_dark=232 changed_first=0 maxabs_first=0
frame=124 reset=1 wall_ms=19.242 invalid=0 luma=0.3596833 roi=0.4035345 dark=1325 roi_dark=232 changed_first=0 maxabs_first=0
frame=125 reset=1 wall_ms=18.177 invalid=0 luma=0.3596833 roi=0.4035345 dark=1325 roi_dark=232 changed_first=0 maxabs_first=0
frame=126 reset=1 wall_ms=18.234 invalid=0 luma=0.3596833 roi=0.4035345 dark=1325 roi_dark=232 changed_first=0 maxabs_first=0
frame=127 reset=1 wall_ms=18.351 invalid=0 luma=0.3596833 roi=0.4035345 dark=1325 roi_dark=232 changed_first=0 maxabs_first=0
frame=128 reset=1 wall_ms=18.496 invalid=0 luma=0.3596833 roi=0.4035345 dark=1325 roi_dark=232 changed_first=0 maxabs_first=0
frame=129 reset=1 wall_ms=18.032 invalid=0 luma=0.3596833 roi=0.4035345 dark=1325 roi_dark=232 changed_first=0 maxabs_first=0
frame=130 reset=1 wall_ms=18.228 invalid=0 luma=0.3596833 roi=0.4035345 dark=1325 roi_dark=232 changed_first=0 maxabs_first=0
frame=131 reset=1 wall_ms=18.832 invalid=0 luma=0.3596833 roi=0.4035345 dark=1325 roi_dark=232 changed_first=0 maxabs_first=0
frame=132 reset=1 wall_ms=19.299 invalid=0 luma=0.3596833 roi=0.4035345 dark=1325 roi_dark=232 changed_first=0 maxabs_first=0
frame=133 reset=1 wall_ms=23.849 invalid=0 luma=0.3596833 roi=0.4035345 dark=1325 roi_dark=232 changed_first=0 maxabs_first=0
frame=134 reset=1 wall_ms=18.353 invalid=0 luma=0.3596833 roi=0.4035345 dark=1325 roi_dark=232 changed_first=0 maxabs_first=0
frame=135 reset=1 wall_ms=18.366 invalid=0 luma=0.3596833 roi=0.4035345 dark=1325 roi_dark=232 changed_first=0 maxabs_first=0
frame=136 reset=1 wall_ms=18.246 invalid=0 luma=0.3596833 roi=0.4035345 dark=1325 roi_dark=232 changed_first=0 maxabs_first=0
frame=137 reset=1 wall_ms=18.514 invalid=0 luma=0.3596833 roi=0.4035345 dark=1325 roi_dark=232 changed_first=0 maxabs_first=0
frame=138 reset=1 wall_ms=18.306 invalid=0 luma=0.3596833 roi=0.4035345 dark=1325 roi_dark=232 changed_first=0 maxabs_first=0
frame=139 reset=1 wall_ms=18.176 invalid=0 luma=0.3596833 roi=0.4035345 dark=1325 roi_dark=232 changed_first=0 maxabs_first=0
frame=140 reset=1 wall_ms=18.224 invalid=0 luma=0.3596833 roi=0.4035345 dark=1325 roi_dark=232 changed_first=0 maxabs_first=0
frame=141 reset=1 wall_ms=19.807 invalid=0 luma=0.3596833 roi=0.4035345 dark=1325 roi_dark=232 changed_first=0 maxabs_first=0
frame=142 reset=1 wall_ms=26.285 invalid=0 luma=0.3596833 roi=0.4035345 dark=1325 roi_dark=232 changed_first=0 maxabs_first=0
frame=143 reset=1 wall_ms=19.077 invalid=0 luma=0.3596833 roi=0.4035345 dark=1325 roi_dark=232 changed_first=0 maxabs_first=0
frame=144 reset=1 wall_ms=18.151 invalid=0 luma=0.3596833 roi=0.4035345 dark=1325 roi_dark=232 changed_first=0 maxabs_first=0
frame=145 reset=1 wall_ms=18.154 invalid=0 luma=0.3596833 roi=0.4035345 dark=1325 roi_dark=232 changed_first=0 maxabs_first=0
frame=146 reset=1 wall_ms=18.251 invalid=0 luma=0.3596833 roi=0.4035345 dark=1325 roi_dark=232 changed_first=0 maxabs_first=0
frame=147 reset=1 wall_ms=18.275 invalid=0 luma=0.3596833 roi=0.4035345 dark=1325 roi_dark=232 changed_first=0 maxabs_first=0
frame=148 reset=1 wall_ms=19.732 invalid=0 luma=0.3596833 roi=0.4035345 dark=1325 roi_dark=232 changed_first=0 maxabs_first=0
frame=149 reset=1 wall_ms=18.222 invalid=0 luma=0.3596833 roi=0.4035345 dark=1325 roi_dark=232 changed_first=0 maxabs_first=0
frame=150 reset=1 wall_ms=25.377 invalid=0 luma=0.3596833 roi=0.4035345 dark=1325 roi_dark=232 changed_first=0 maxabs_first=0
frame=151 reset=1 wall_ms=19.535 invalid=0 luma=0.3596833 roi=0.4035345 dark=1325 roi_dark=232 changed_first=0 maxabs_first=0
frame=152 reset=1 wall_ms=18.341 invalid=0 luma=0.3596833 roi=0.4035345 dark=1325 roi_dark=232 changed_first=0 maxabs_first=0
frame=153 reset=1 wall_ms=19.704 invalid=0 luma=0.3596833 roi=0.4035345 dark=1325 roi_dark=232 changed_first=0 maxabs_first=0
frame=154 reset=1 wall_ms=23.675 invalid=0 luma=0.3596833 roi=0.4035345 dark=1325 roi_dark=232 changed_first=0 maxabs_first=0
frame=155 reset=1 wall_ms=19.140 invalid=0 luma=0.3596833 roi=0.4035345 dark=1325 roi_dark=232 changed_first=0 maxabs_first=0
frame=156 reset=1 wall_ms=18.495 invalid=0 luma=0.3596833 roi=0.4035345 dark=1325 roi_dark=232 changed_first=0 maxabs_first=0
frame=157 reset=1 wall_ms=18.236 invalid=0 luma=0.3596833 roi=0.4035345 dark=1325 roi_dark=232 changed_first=0 maxabs_first=0
frame=158 reset=1 wall_ms=19.272 invalid=0 luma=0.3596833 roi=0.4035345 dark=1325 roi_dark=232 changed_first=0 maxabs_first=0
frame=159 reset=1 wall_ms=18.545 invalid=0 luma=0.3596833 roi=0.4035345 dark=1325 roi_dark=232 changed_first=0 maxabs_first=0
frame=160 reset=1 wall_ms=18.832 invalid=0 luma=0.3596833 roi=0.4035345 dark=1325 roi_dark=232 changed_first=0 maxabs_first=0
frame=161 reset=1 wall_ms=18.687 invalid=0 luma=0.3596833 roi=0.4035345 dark=1325 roi_dark=232 changed_first=0 maxabs_first=0
frame=162 reset=1 wall_ms=20.385 invalid=0 luma=0.3596833 roi=0.4035345 dark=1325 roi_dark=232 changed_first=0 maxabs_first=0
frame=163 reset=1 wall_ms=18.381 invalid=0 luma=0.3596833 roi=0.4035345 dark=1325 roi_dark=232 changed_first=0 maxabs_first=0
frame=164 reset=1 wall_ms=18.236 invalid=0 luma=0.3596833 roi=0.4035345 dark=1325 roi_dark=232 changed_first=0 maxabs_first=0
frame=165 reset=1 wall_ms=19.557 invalid=0 luma=0.3596833 roi=0.4035345 dark=1325 roi_dark=232 changed_first=0 maxabs_first=0
frame=166 reset=1 wall_ms=18.565 invalid=0 luma=0.3596833 roi=0.4035345 dark=1325 roi_dark=232 changed_first=0 maxabs_first=0
frame=167 reset=1 wall_ms=18.470 invalid=0 luma=0.3596833 roi=0.4035345 dark=1325 roi_dark=232 changed_first=0 maxabs_first=0
frame=168 reset=1 wall_ms=18.679 invalid=0 luma=0.3596833 roi=0.4035345 dark=1325 roi_dark=232 changed_first=0 maxabs_first=0
frame=169 reset=1 wall_ms=18.568 invalid=0 luma=0.3596833 roi=0.4035345 dark=1325 roi_dark=232 changed_first=0 maxabs_first=0
frame=170 reset=1 wall_ms=18.891 invalid=0 luma=0.3596833 roi=0.4035345 dark=1325 roi_dark=232 changed_first=0 maxabs_first=0
frame=171 reset=1 wall_ms=19.322 invalid=0 luma=0.3596833 roi=0.4035345 dark=1325 roi_dark=232 changed_first=0 maxabs_first=0
frame=172 reset=1 wall_ms=20.496 invalid=0 luma=0.3596833 roi=0.4035345 dark=1325 roi_dark=232 changed_first=0 maxabs_first=0
frame=173 reset=1 wall_ms=19.858 invalid=0 luma=0.3596833 roi=0.4035345 dark=1325 roi_dark=232 changed_first=0 maxabs_first=0
frame=174 reset=1 wall_ms=18.373 invalid=0 luma=0.3596833 roi=0.4035345 dark=1325 roi_dark=232 changed_first=0 maxabs_first=0
frame=175 reset=1 wall_ms=25.363 invalid=0 luma=0.3596833 roi=0.4035345 dark=1325 roi_dark=232 changed_first=0 maxabs_first=0
frame=176 reset=1 wall_ms=18.986 invalid=0 luma=0.3596833 roi=0.4035345 dark=1325 roi_dark=232 changed_first=0 maxabs_first=0
frame=177 reset=1 wall_ms=18.288 invalid=0 luma=0.3596833 roi=0.4035345 dark=1325 roi_dark=232 changed_first=0 maxabs_first=0
frame=178 reset=1 wall_ms=25.140 invalid=0 luma=0.3596833 roi=0.4035345 dark=1325 roi_dark=232 changed_first=0 maxabs_first=0
frame=179 reset=1 wall_ms=19.108 invalid=0 luma=0.3596833 roi=0.4035345 dark=1325 roi_dark=232 changed_first=0 maxabs_first=0
frame=180 reset=1 wall_ms=18.254 invalid=0 luma=0.3596833 roi=0.4035345 dark=1325 roi_dark=232 changed_first=0 maxabs_first=0
frame=181 reset=1 wall_ms=18.303 invalid=0 luma=0.3596833 roi=0.4035345 dark=1325 roi_dark=232 changed_first=0 maxabs_first=0
frame=182 reset=1 wall_ms=18.408 invalid=0 luma=0.3596833 roi=0.4035345 dark=1325 roi_dark=232 changed_first=0 maxabs_first=0
frame=183 reset=1 wall_ms=18.555 invalid=0 luma=0.3596833 roi=0.4035345 dark=1325 roi_dark=232 changed_first=0 maxabs_first=0
frame=184 reset=1 wall_ms=20.694 invalid=0 luma=0.3596833 roi=0.4035345 dark=1325 roi_dark=232 changed_first=0 maxabs_first=0
frame=185 reset=1 wall_ms=19.110 invalid=0 luma=0.3596833 roi=0.4035345 dark=1325 roi_dark=232 changed_first=0 maxabs_first=0
frame=186 reset=1 wall_ms=18.969 invalid=0 luma=0.3596833 roi=0.4035345 dark=1325 roi_dark=232 changed_first=0 maxabs_first=0
frame=187 reset=1 wall_ms=18.553 invalid=0 luma=0.3596833 roi=0.4035345 dark=1325 roi_dark=232 changed_first=0 maxabs_first=0
frame=188 reset=1 wall_ms=20.169 invalid=0 luma=0.3596833 roi=0.4035345 dark=1325 roi_dark=232 changed_first=0 maxabs_first=0
frame=189 reset=1 wall_ms=18.385 invalid=0 luma=0.3596833 roi=0.4035345 dark=1325 roi_dark=232 changed_first=0 maxabs_first=0
frame=190 reset=1 wall_ms=18.460 invalid=0 luma=0.3596833 roi=0.4035345 dark=1325 roi_dark=232 changed_first=0 maxabs_first=0
frame=191 reset=1 wall_ms=20.001 invalid=0 luma=0.3596833 roi=0.4035345 dark=1325 roi_dark=232 changed_first=0 maxabs_first=0
frame=192 reset=1 wall_ms=19.082 invalid=0 luma=0.3596833 roi=0.4035345 dark=1325 roi_dark=232 changed_first=0 maxabs_first=0
frame=193 reset=1 wall_ms=18.438 invalid=0 luma=0.3596833 roi=0.4035345 dark=1325 roi_dark=232 changed_first=0 maxabs_first=0
frame=194 reset=1 wall_ms=18.343 invalid=0 luma=0.3596833 roi=0.4035345 dark=1325 roi_dark=232 changed_first=0 maxabs_first=0
frame=195 reset=1 wall_ms=21.104 invalid=0 luma=0.3596833 roi=0.4035345 dark=1325 roi_dark=232 changed_first=0 maxabs_first=0
frame=196 reset=1 wall_ms=18.310 invalid=0 luma=0.3596833 roi=0.4035345 dark=1325 roi_dark=232 changed_first=0 maxabs_first=0
frame=197 reset=1 wall_ms=19.200 invalid=0 luma=0.3596833 roi=0.4035345 dark=1325 roi_dark=232 changed_first=0 maxabs_first=0
frame=198 reset=1 wall_ms=18.231 invalid=0 luma=0.3596833 roi=0.4035345 dark=1325 roi_dark=232 changed_first=0 maxabs_first=0
frame=199 reset=1 wall_ms=26.232 invalid=0 luma=0.3596833 roi=0.4035345 dark=1325 roi_dark=232 changed_first=0 maxabs_first=0
SP_STATS runs=0 fallback=0 rollover=0 jobs=0 disabled=0 errors=0
RESULT frames=200 temporal=0 mean_wall_ms=24.715 invalid_total=0 restored_capture_every_frame=1 HDR_preserved=1
