seed=0 pattern=0
input format=RGBA16_FLOAT W=1296 H=720 invalid=0 min=0 max=34.53125 luma=0.0157641119 roi_luma=0.0250669576
adapter=AMD Radeon RX 9070 XT
SP_PLAN c=256 first=16 layers=6 tasks=893 initial=160 state_bytes=10732
SP_DONE c=256 first=16 tasks=893 base=0 ms=1.574
SP_PLAN c=256 first=49 layers=6 tasks=893 initial=160 state_bytes=10732
SP_DONE c=256 first=49 tasks=893 base=0 ms=0.766
SP_PLAN c=64 first=63 layers=2 tasks=4453 initial=2257 state_bytes=53452
SP_DONE c=64 first=63 tasks=4453 base=0 ms=0.446
frame=0 reset=1 wall_ms=1311.696 invalid=0 luma=0.01043502 roi=0.01611849 dark=837589 roi_dark=271139 changed_first=0 maxabs_first=0
SP_DONE c=256 first=16 tasks=893 base=893 ms=6.743
SP_DONE c=256 first=49 tasks=893 base=893 ms=1.480
SP_DONE c=64 first=63 tasks=4453 base=4453 ms=1.425
frame=1 reset=1 wall_ms=18.923 invalid=0 luma=0.01043502 roi=0.01611849 dark=837589 roi_dark=271139 changed_first=0 maxabs_first=0
SP_DONE c=256 first=16 tasks=893 base=1786 ms=7.643
SP_DONE c=256 first=49 tasks=893 base=1786 ms=1.396
SP_DONE c=64 first=63 tasks=4453 base=8906 ms=1.450
frame=2 reset=1 wall_ms=16.711 invalid=0 luma=0.01043502 roi=0.01611849 dark=837589 roi_dark=271139 changed_first=0 maxabs_first=0
SP_DONE c=256 first=16 tasks=893 base=2679 ms=4.544
SP_DONE c=256 first=49 tasks=893 base=2679 ms=1.410
SP_DONE c=64 first=63 tasks=4453 base=13359 ms=1.460
frame=3 reset=1 wall_ms=13.623 invalid=0 luma=0.01043502 roi=0.01611849 dark=837589 roi_dark=271139 changed_first=0 maxabs_first=0
SP_DONE c=256 first=16 tasks=893 base=3572 ms=5.274
SP_DONE c=256 first=49 tasks=893 base=3572 ms=1.454
SP_DONE c=64 first=63 tasks=4453 base=17812 ms=1.566
frame=4 reset=1 wall_ms=14.550 invalid=0 luma=0.01043502 roi=0.01611849 dark=837589 roi_dark=271139 changed_first=0 maxabs_first=0
SP_DONE c=256 first=16 tasks=893 base=4465 ms=5.005
SP_DONE c=256 first=49 tasks=893 base=4465 ms=1.666
SP_DONE c=64 first=63 tasks=4453 base=22265 ms=1.518
frame=5 reset=1 wall_ms=14.891 invalid=0 luma=0.01043502 roi=0.01611849 dark=837589 roi_dark=271139 changed_first=0 maxabs_first=0
SP_DONE c=256 first=16 tasks=893 base=5358 ms=4.826
SP_DONE c=256 first=49 tasks=893 base=5358 ms=1.397
SP_DONE c=64 first=63 tasks=4453 base=26718 ms=1.429
frame=6 reset=1 wall_ms=13.948 invalid=0 luma=0.01043502 roi=0.01611849 dark=837589 roi_dark=271139 changed_first=0 maxabs_first=0
SP_DONE c=256 first=16 tasks=893 base=6251 ms=5.252
SP_DONE c=256 first=49 tasks=893 base=6251 ms=1.402
SP_DONE c=64 first=63 tasks=4453 base=31171 ms=1.457
frame=7 reset=1 wall_ms=14.359 invalid=0 luma=0.01043502 roi=0.01611849 dark=837589 roi_dark=271139 changed_first=0 maxabs_first=0
SP_DONE c=256 first=16 tasks=893 base=7144 ms=4.762
SP_DONE c=256 first=49 tasks=893 base=7144 ms=1.429
SP_DONE c=64 first=63 tasks=4453 base=35624 ms=1.485
frame=8 reset=1 wall_ms=13.969 invalid=0 luma=0.01043502 roi=0.01611849 dark=837589 roi_dark=271139 changed_first=0 maxabs_first=0
SP_DONE c=256 first=16 tasks=893 base=8037 ms=4.701
SP_DONE c=256 first=49 tasks=893 base=8037 ms=1.395
SP_DONE c=64 first=63 tasks=4453 base=40077 ms=1.466
frame=9 reset=1 wall_ms=15.451 invalid=0 luma=0.01043502 roi=0.01611849 dark=837589 roi_dark=271139 changed_first=0 maxabs_first=0
SP_DONE c=256 first=16 tasks=893 base=8930 ms=4.616
SP_DONE c=256 first=49 tasks=893 base=8930 ms=1.633
SP_DONE c=64 first=63 tasks=4453 base=44530 ms=1.746
frame=10 reset=1 wall_ms=16.214 invalid=0 luma=0.01043502 roi=0.01611849 dark=837589 roi_dark=271139 changed_first=0 maxabs_first=0
SP_DONE c=256 first=16 tasks=893 base=9823 ms=4.621
SP_DONE c=256 first=49 tasks=893 base=9823 ms=1.575
SP_DONE c=64 first=63 tasks=4453 base=48983 ms=1.564
frame=11 reset=1 wall_ms=15.887 invalid=0 luma=0.01043502 roi=0.01611849 dark=837589 roi_dark=271139 changed_first=0 maxabs_first=0
SP_STATS runs=36 fallback=0 rollover=0 jobs=74868 disabled=0 errors=0
RESULT frames=12 temporal=0 mean_wall_ms=123.352 invalid_total=0 restored_capture_every_frame=1 HDR_preserved=1
