seed=1 pattern=0
input format=RGBA16_FLOAT W=2560 H=1440 invalid=0 min=0 max=1 luma=0.357899353 roi_luma=0.389746571
adapter=AMD Radeon RX 9070 XT
NET frame=0 gpu_ms=1087.857910
GEOMETRY valid=2560x1440 processing=2560x1472 tokens=960
frame=0 reset=1 wall_ms=1094.329 invalid=0 luma=0.3597704 roi=0.4268046 dark=101219 roi_dark=9829 changed_first=0 maxabs_first=0
NET frame=1 gpu_ms=41.957802
NET frame=2 gpu_ms=30.734320
NET frame=3 gpu_ms=31.345600
NET frame=4 gpu_ms=31.900900
NET frame=5 gpu_ms=31.955601
NET frame=6 gpu_ms=31.806959
NET frame=7 gpu_ms=31.703400
NET frame=8 gpu_ms=31.796061
NET frame=9 gpu_ms=31.734760
NET frame=10 gpu_ms=31.711901
NET frame=11 gpu_ms=31.839140
NET frame=12 gpu_ms=31.775560
NET frame=13 gpu_ms=31.522141
NET frame=14 gpu_ms=31.880140
NET frame=15 gpu_ms=31.346220
NET frame=16 gpu_ms=31.632879
NET frame=17 gpu_ms=31.727859
NET frame=18 gpu_ms=31.724060
NET frame=19 gpu_ms=31.658779
NET frame=20 gpu_ms=31.750799
NET frame=21 gpu_ms=31.727180
NET frame=22 gpu_ms=31.593300
NET frame=23 gpu_ms=31.650299
NET frame=24 gpu_ms=32.053398
NET frame=25 gpu_ms=31.662600
NET frame=26 gpu_ms=31.691620
NET frame=27 gpu_ms=31.624840
NET frame=28 gpu_ms=31.759939
NET frame=29 gpu_ms=31.698280
NET frame=30 gpu_ms=31.949301
NET frame=31 gpu_ms=31.615299
NET frame=32 gpu_ms=31.780800
NET frame=33 gpu_ms=31.889839
NET frame=34 gpu_ms=31.631041
NET frame=35 gpu_ms=31.866220
NET frame=36 gpu_ms=31.781361
NET frame=37 gpu_ms=31.930519
NET frame=38 gpu_ms=31.787041
NET frame=39 gpu_ms=31.661900
NET frame=40 gpu_ms=31.656500
NET frame=41 gpu_ms=31.925060
NET frame=42 gpu_ms=31.877880
NET frame=43 gpu_ms=31.740740
NET frame=44 gpu_ms=31.718740
NET frame=45 gpu_ms=31.796761
NET frame=46 gpu_ms=31.774799
NET frame=47 gpu_ms=31.764460
NET frame=48 gpu_ms=31.733681
NET frame=49 gpu_ms=31.907619
NET frame=50 gpu_ms=31.618500
NET frame=51 gpu_ms=31.807541
NET frame=52 gpu_ms=31.681620
NET frame=53 gpu_ms=31.741360
NET frame=54 gpu_ms=31.849199
NET frame=55 gpu_ms=31.909559
NET frame=56 gpu_ms=31.608459
NET frame=57 gpu_ms=31.876440
NET frame=58 gpu_ms=31.872040
NET frame=59 gpu_ms=31.747120
NET frame=60 gpu_ms=32.006439
NET frame=61 gpu_ms=31.614519
NET frame=62 gpu_ms=31.700581
NET frame=63 gpu_ms=31.867979
NET frame=64 gpu_ms=31.594521
NET frame=65 gpu_ms=31.955940
NET frame=66 gpu_ms=31.799740
NET frame=67 gpu_ms=31.819660
NET frame=68 gpu_ms=31.816320
NET frame=69 gpu_ms=31.869341
NET frame=70 gpu_ms=31.972000
NET frame=71 gpu_ms=31.751640
NET frame=72 gpu_ms=31.994261
NET frame=73 gpu_ms=31.774260
NET frame=74 gpu_ms=31.431440
NET frame=75 gpu_ms=31.880239
NET frame=76 gpu_ms=31.803440
NET frame=77 gpu_ms=31.702181
NET frame=78 gpu_ms=31.836260
NET frame=79 gpu_ms=31.747520
NET frame=80 gpu_ms=31.911060
NET frame=81 gpu_ms=31.734261
NET frame=82 gpu_ms=31.709120
NET frame=83 gpu_ms=31.843781
NET frame=84 gpu_ms=31.919580
NET frame=85 gpu_ms=31.775660
NET frame=86 gpu_ms=31.762640
NET frame=87 gpu_ms=31.652880
NET frame=88 gpu_ms=31.905161
NET frame=89 gpu_ms=31.738600
NET frame=90 gpu_ms=31.604679
NET frame=91 gpu_ms=32.081020
NET frame=92 gpu_ms=31.730339
NET frame=93 gpu_ms=31.617140
NET frame=94 gpu_ms=31.894920
NET frame=95 gpu_ms=31.789740
NET frame=96 gpu_ms=31.895300
NET frame=97 gpu_ms=31.534300
NET frame=98 gpu_ms=31.722019
NET frame=99 gpu_ms=31.971960
NET frame=100 gpu_ms=31.481899
NET frame=101 gpu_ms=31.978701
NET frame=102 gpu_ms=31.949499
NET frame=103 gpu_ms=31.584261
NET frame=104 gpu_ms=31.917561
NET frame=105 gpu_ms=31.766859
NET frame=106 gpu_ms=31.725281
NET frame=107 gpu_ms=31.882380
NET frame=108 gpu_ms=31.668819
NET frame=109 gpu_ms=31.836941
NET frame=110 gpu_ms=31.848680
NET frame=111 gpu_ms=31.783220
NET frame=112 gpu_ms=31.949579
NET frame=113 gpu_ms=31.720739
NET frame=114 gpu_ms=31.758039
NET frame=115 gpu_ms=31.813400
NET frame=116 gpu_ms=31.792641
NET frame=117 gpu_ms=31.804779
NET frame=118 gpu_ms=31.693880
NET frame=119 gpu_ms=31.729000
NET frame=120 gpu_ms=31.889200
NET frame=121 gpu_ms=31.807541
NET frame=122 gpu_ms=31.780861
NET frame=123 gpu_ms=31.856440
NET frame=124 gpu_ms=31.586180
NET frame=125 gpu_ms=32.109581
NET frame=126 gpu_ms=31.677959
NET frame=127 gpu_ms=31.695419
NET frame=128 gpu_ms=32.076321
NET frame=129 gpu_ms=31.725460
NET frame=130 gpu_ms=31.819839
NET frame=131 gpu_ms=31.735479
NET frame=132 gpu_ms=31.894760
NET frame=133 gpu_ms=31.742540
NET frame=134 gpu_ms=31.974720
NET frame=135 gpu_ms=31.779961
NET frame=136 gpu_ms=31.834339
NET frame=137 gpu_ms=31.995239
NET frame=138 gpu_ms=31.809420
NET frame=139 gpu_ms=31.949039
NET frame=140 gpu_ms=31.838421
NET frame=141 gpu_ms=31.877741
NET frame=142 gpu_ms=31.738720
NET frame=143 gpu_ms=31.943621
NET frame=144 gpu_ms=31.818380
NET frame=145 gpu_ms=31.738760
NET frame=146 gpu_ms=31.844620
NET frame=147 gpu_ms=31.619961
NET frame=148 gpu_ms=31.854481
NET frame=149 gpu_ms=32.078800
NET frame=150 gpu_ms=31.587700
NET frame=151 gpu_ms=31.847799
NET frame=152 gpu_ms=31.952700
NET frame=153 gpu_ms=31.951559
NET frame=154 gpu_ms=31.890640
NET frame=155 gpu_ms=31.788740
NET frame=156 gpu_ms=31.925039
NET frame=157 gpu_ms=31.773041
NET frame=158 gpu_ms=31.699600
NET frame=159 gpu_ms=31.778999
NET frame=160 gpu_ms=31.914940
NET frame=161 gpu_ms=31.896860
NET frame=162 gpu_ms=31.587721
NET frame=163 gpu_ms=31.891159
NET frame=164 gpu_ms=31.954121
NET frame=165 gpu_ms=31.821939
NET frame=166 gpu_ms=31.692499
NET frame=167 gpu_ms=32.027020
NET frame=168 gpu_ms=31.555519
NET frame=169 gpu_ms=32.068100
NET frame=170 gpu_ms=31.755260
NET frame=171 gpu_ms=31.860241
NET frame=172 gpu_ms=31.816780
NET frame=173 gpu_ms=31.708561
NET frame=174 gpu_ms=31.973419
NET frame=175 gpu_ms=31.861719
NET frame=176 gpu_ms=31.833860
NET frame=177 gpu_ms=31.860500
NET frame=178 gpu_ms=31.958981
NET frame=179 gpu_ms=31.826080
NET frame=180 gpu_ms=31.830799
NET frame=181 gpu_ms=31.819040
NET frame=182 gpu_ms=31.817020
NET frame=183 gpu_ms=31.692720
NET frame=184 gpu_ms=31.892941
NET frame=185 gpu_ms=31.930799
NET frame=186 gpu_ms=32.039059
NET frame=187 gpu_ms=31.600901
NET frame=188 gpu_ms=31.904520
NET frame=189 gpu_ms=31.799179
NET frame=190 gpu_ms=31.762360
NET frame=191 gpu_ms=31.922260
NET frame=192 gpu_ms=31.818840
NET frame=193 gpu_ms=31.819759
NET frame=194 gpu_ms=31.714439
NET frame=195 gpu_ms=31.844360
NET frame=196 gpu_ms=31.621740
NET frame=197 gpu_ms=32.061420
NET frame=198 gpu_ms=31.690319
NET frame=199 gpu_ms=32.002880
frame=199 reset=1 wall_ms=33.567 invalid=0 luma=0.3597704 roi=0.4268046 dark=101219 roi_dark=9829 changed_first=0 maxabs_first=0
SP_STATS runs=0 fallback=0 rollover=0 jobs=0 disabled=0 errors=0
RESULT frames=200 temporal=0 mean_wall_ms=38.799 invalid_total=0 restored_capture_every_frame=1 HDR_preserved=1
