seed=1 pattern=0
input format=RGBA16_FLOAT W=2560 H=1440 invalid=0 min=0 max=1 luma=0.357899353 roi_luma=0.389746571
adapter=AMD Radeon RX 9070 XT
NET frame=0 gpu_ms=1154.990845
GEOMETRY valid=2560x1440 processing=2560x1472 tokens=960
frame=0 reset=1 wall_ms=1160.936 invalid=0 luma=0.3596833 roi=0.4035345 dark=1325 roi_dark=232 changed_first=0 maxabs_first=0
NET frame=1 gpu_ms=17.107401
NET frame=2 gpu_ms=15.895600
NET frame=3 gpu_ms=15.322200
NET frame=4 gpu_ms=13.000900
NET frame=5 gpu_ms=15.307300
NET frame=6 gpu_ms=15.369200
NET frame=7 gpu_ms=15.316200
NET frame=8 gpu_ms=15.342300
NET frame=9 gpu_ms=15.543400
NET frame=10 gpu_ms=15.727600
NET frame=11 gpu_ms=15.508600
NET frame=12 gpu_ms=15.503900
NET frame=13 gpu_ms=15.496500
NET frame=14 gpu_ms=15.583200
NET frame=15 gpu_ms=15.472300
NET frame=16 gpu_ms=15.565600
NET frame=17 gpu_ms=15.467400
NET frame=18 gpu_ms=15.548700
NET frame=19 gpu_ms=15.387700
NET frame=20 gpu_ms=15.507200
NET frame=21 gpu_ms=15.442600
NET frame=22 gpu_ms=15.442100
NET frame=23 gpu_ms=15.498600
NET frame=24 gpu_ms=15.526600
NET frame=25 gpu_ms=15.526700
NET frame=26 gpu_ms=15.560000
NET frame=27 gpu_ms=15.561400
NET frame=28 gpu_ms=15.455900
NET frame=29 gpu_ms=15.409900
NET frame=30 gpu_ms=15.489500
NET frame=31 gpu_ms=15.540700
NET frame=32 gpu_ms=15.456200
NET frame=33 gpu_ms=15.552500
NET frame=34 gpu_ms=15.569000
NET frame=35 gpu_ms=15.422000
NET frame=36 gpu_ms=15.588700
NET frame=37 gpu_ms=15.616300
NET frame=38 gpu_ms=15.593500
NET frame=39 gpu_ms=15.643000
NET frame=40 gpu_ms=15.398200
NET frame=41 gpu_ms=15.569800
NET frame=42 gpu_ms=15.657700
NET frame=43 gpu_ms=15.648200
NET frame=44 gpu_ms=15.553800
NET frame=45 gpu_ms=15.499900
NET frame=46 gpu_ms=15.625400
NET frame=47 gpu_ms=15.518800
NET frame=48 gpu_ms=15.616000
NET frame=49 gpu_ms=15.557200
NET frame=50 gpu_ms=15.586000
NET frame=51 gpu_ms=15.529700
NET frame=52 gpu_ms=15.658500
NET frame=53 gpu_ms=15.793000
NET frame=54 gpu_ms=15.456700
NET frame=55 gpu_ms=15.772200
NET frame=56 gpu_ms=15.607600
NET frame=57 gpu_ms=15.532760
NET frame=58 gpu_ms=15.598500
NET frame=59 gpu_ms=15.491800
NET frame=60 gpu_ms=15.529320
NET frame=61 gpu_ms=15.622600
NET frame=62 gpu_ms=15.467900
NET frame=63 gpu_ms=15.499860
NET frame=64 gpu_ms=15.358700
NET frame=65 gpu_ms=15.579740
NET frame=66 gpu_ms=15.515980
NET frame=67 gpu_ms=15.474980
NET frame=68 gpu_ms=15.494800
NET frame=69 gpu_ms=15.535340
NET frame=70 gpu_ms=15.496340
NET frame=71 gpu_ms=15.727200
NET frame=72 gpu_ms=15.387260
NET frame=73 gpu_ms=15.552900
NET frame=74 gpu_ms=15.555900
NET frame=75 gpu_ms=15.671600
NET frame=76 gpu_ms=15.388660
NET frame=77 gpu_ms=15.573000
NET frame=78 gpu_ms=15.459900
NET frame=79 gpu_ms=15.505600
NET frame=80 gpu_ms=15.756300
NET frame=81 gpu_ms=15.663800
NET frame=82 gpu_ms=15.580700
NET frame=83 gpu_ms=15.746300
NET frame=84 gpu_ms=15.565100
NET frame=85 gpu_ms=15.565500
NET frame=86 gpu_ms=15.714900
NET frame=87 gpu_ms=15.637100
NET frame=88 gpu_ms=15.523600
NET frame=89 gpu_ms=15.623800
NET frame=90 gpu_ms=15.415960
NET frame=91 gpu_ms=15.554000
NET frame=92 gpu_ms=15.554100
NET frame=93 gpu_ms=15.559000
NET frame=94 gpu_ms=15.634900
NET frame=95 gpu_ms=15.447900
NET frame=96 gpu_ms=15.500800
NET frame=97 gpu_ms=15.580800
NET frame=98 gpu_ms=15.572000
NET frame=99 gpu_ms=15.460600
NET frame=100 gpu_ms=15.728200
NET frame=101 gpu_ms=15.701000
NET frame=102 gpu_ms=15.427800
NET frame=103 gpu_ms=15.691900
NET frame=104 gpu_ms=15.527980
NET frame=105 gpu_ms=15.479780
NET frame=106 gpu_ms=15.450960
NET frame=107 gpu_ms=15.605600
NET frame=108 gpu_ms=15.482460
NET frame=109 gpu_ms=15.536540
NET frame=110 gpu_ms=15.655100
NET frame=111 gpu_ms=15.479200
NET frame=112 gpu_ms=15.505980
NET frame=113 gpu_ms=15.673500
NET frame=114 gpu_ms=15.715200
NET frame=115 gpu_ms=15.428300
NET frame=116 gpu_ms=15.616600
NET frame=117 gpu_ms=15.666100
NET frame=118 gpu_ms=15.578200
NET frame=119 gpu_ms=15.667600
NET frame=120 gpu_ms=15.686700
NET frame=121 gpu_ms=15.655900
NET frame=122 gpu_ms=15.669100
NET frame=123 gpu_ms=15.782300
NET frame=124 gpu_ms=15.338840
NET frame=125 gpu_ms=15.666200
NET frame=126 gpu_ms=15.689500
NET frame=127 gpu_ms=15.642500
NET frame=128 gpu_ms=15.621600
NET frame=129 gpu_ms=15.737100
NET frame=130 gpu_ms=15.476500
NET frame=131 gpu_ms=15.732100
NET frame=132 gpu_ms=15.560700
NET frame=133 gpu_ms=15.692500
NET frame=134 gpu_ms=15.467900
NET frame=135 gpu_ms=15.481000
NET frame=136 gpu_ms=15.703600
NET frame=137 gpu_ms=15.656200
NET frame=138 gpu_ms=15.678380
NET frame=139 gpu_ms=15.685800
NET frame=140 gpu_ms=15.626500
NET frame=141 gpu_ms=15.482700
NET frame=142 gpu_ms=15.502500
NET frame=143 gpu_ms=15.632900
NET frame=144 gpu_ms=15.603700
NET frame=145 gpu_ms=15.839900
NET frame=146 gpu_ms=15.634000
NET frame=147 gpu_ms=15.567000
NET frame=148 gpu_ms=15.580100
NET frame=149 gpu_ms=15.531000
NET frame=150 gpu_ms=15.505100
NET frame=151 gpu_ms=15.559800
NET frame=152 gpu_ms=15.540500
NET frame=153 gpu_ms=15.449800
NET frame=154 gpu_ms=15.431780
NET frame=155 gpu_ms=15.730200
NET frame=156 gpu_ms=15.663500
NET frame=157 gpu_ms=15.601600
NET frame=158 gpu_ms=15.642400
NET frame=159 gpu_ms=15.734300
NET frame=160 gpu_ms=15.616400
NET frame=161 gpu_ms=15.395320
NET frame=162 gpu_ms=15.596300
NET frame=163 gpu_ms=15.530300
NET frame=164 gpu_ms=15.789900
NET frame=165 gpu_ms=15.473420
NET frame=166 gpu_ms=15.678300
NET frame=167 gpu_ms=15.759300
NET frame=168 gpu_ms=15.488900
NET frame=169 gpu_ms=15.742500
NET frame=170 gpu_ms=15.817500
NET frame=171 gpu_ms=15.620000
NET frame=172 gpu_ms=15.432100
NET frame=173 gpu_ms=15.588200
NET frame=174 gpu_ms=15.700400
NET frame=175 gpu_ms=15.644400
NET frame=176 gpu_ms=15.539400
NET frame=177 gpu_ms=15.719500
NET frame=178 gpu_ms=15.525500
NET frame=179 gpu_ms=15.418680
NET frame=180 gpu_ms=15.614900
NET frame=181 gpu_ms=15.683900
NET frame=182 gpu_ms=15.629700
NET frame=183 gpu_ms=15.706200
NET frame=184 gpu_ms=15.673000
NET frame=185 gpu_ms=15.339140
NET frame=186 gpu_ms=15.640500
NET frame=187 gpu_ms=15.564600
NET frame=188 gpu_ms=15.673200
NET frame=189 gpu_ms=15.538800
NET frame=190 gpu_ms=15.698600
NET frame=191 gpu_ms=15.741200
NET frame=192 gpu_ms=15.723400
NET frame=193 gpu_ms=15.612400
NET frame=194 gpu_ms=15.507200
NET frame=195 gpu_ms=15.599200
NET frame=196 gpu_ms=15.585100
NET frame=197 gpu_ms=15.681000
NET frame=198 gpu_ms=15.511300
NET frame=199 gpu_ms=15.653400
frame=199 reset=1 wall_ms=17.092 invalid=0 luma=0.3596833 roi=0.4035345 dark=1325 roi_dark=232 changed_first=0 maxabs_first=0
SP_STATS runs=0 fallback=0 rollover=0 jobs=0 disabled=0 errors=0
RESULT frames=200 temporal=0 mean_wall_ms=22.753 invalid_total=0 restored_capture_every_frame=1 HDR_preserved=1
