seed=1 pattern=0
input format=RGBA16_FLOAT W=2560 H=1440 invalid=0 min=0 max=1 luma=0.357899353 roi_luma=0.389746571
adapter=AMD Radeon RX 9070 XT
NET frame=0 gpu_ms=1198.181152
GEOMETRY valid=2560x1440 processing=2560x1472 tokens=960
frame=0 reset=1 wall_ms=1203.815 invalid=0 luma=0.3596833 roi=0.4035345 dark=1325 roi_dark=232 changed_first=0 maxabs_first=0
NET frame=1 gpu_ms=21.359020
NET frame=2 gpu_ms=16.349100
NET frame=3 gpu_ms=15.741100
NET frame=4 gpu_ms=15.791100
NET frame=5 gpu_ms=15.636180
NET frame=6 gpu_ms=15.715500
NET frame=7 gpu_ms=15.628200
NET frame=8 gpu_ms=15.785800
NET frame=9 gpu_ms=15.748100
NET frame=10 gpu_ms=15.949900
NET frame=11 gpu_ms=16.015499
NET frame=12 gpu_ms=16.004400
NET frame=13 gpu_ms=15.885500
NET frame=14 gpu_ms=15.814800
NET frame=15 gpu_ms=15.929400
NET frame=16 gpu_ms=16.039900
NET frame=17 gpu_ms=16.047960
NET frame=18 gpu_ms=15.917300
NET frame=19 gpu_ms=15.948600
NET frame=20 gpu_ms=15.874800
NET frame=21 gpu_ms=15.954700
NET frame=22 gpu_ms=15.862800
NET frame=23 gpu_ms=15.923300
NET frame=24 gpu_ms=16.035400
NET frame=25 gpu_ms=15.930700
NET frame=26 gpu_ms=15.908700
NET frame=27 gpu_ms=15.928480
NET frame=28 gpu_ms=16.000500
NET frame=29 gpu_ms=15.950800
NET frame=30 gpu_ms=15.944900
NET frame=31 gpu_ms=15.990300
NET frame=32 gpu_ms=15.948680
NET frame=33 gpu_ms=16.062559
NET frame=34 gpu_ms=16.073400
NET frame=35 gpu_ms=16.153500
NET frame=36 gpu_ms=15.978800
NET frame=37 gpu_ms=15.808960
NET frame=38 gpu_ms=15.909600
NET frame=39 gpu_ms=16.056841
NET frame=40 gpu_ms=15.949820
NET frame=41 gpu_ms=15.922640
NET frame=42 gpu_ms=16.125099
NET frame=43 gpu_ms=16.002100
NET frame=44 gpu_ms=16.013399
NET frame=45 gpu_ms=15.949900
NET frame=46 gpu_ms=15.965900
NET frame=47 gpu_ms=16.085119
NET frame=48 gpu_ms=16.052561
NET frame=49 gpu_ms=15.982280
NET frame=50 gpu_ms=15.928300
NET frame=51 gpu_ms=15.815360
NET frame=52 gpu_ms=16.197880
NET frame=53 gpu_ms=15.825820
NET frame=54 gpu_ms=15.913120
NET frame=55 gpu_ms=15.919980
NET frame=56 gpu_ms=16.068800
NET frame=57 gpu_ms=15.935880
NET frame=58 gpu_ms=15.907200
NET frame=59 gpu_ms=15.929560
NET frame=60 gpu_ms=16.003759
NET frame=61 gpu_ms=15.947720
NET frame=62 gpu_ms=16.074800
NET frame=63 gpu_ms=15.998680
NET frame=64 gpu_ms=15.881400
NET frame=65 gpu_ms=15.936560
NET frame=66 gpu_ms=15.977580
NET frame=67 gpu_ms=15.720720
NET frame=68 gpu_ms=15.866480
NET frame=69 gpu_ms=15.933520
NET frame=70 gpu_ms=15.906900
NET frame=71 gpu_ms=16.015480
NET frame=72 gpu_ms=16.307100
NET frame=73 gpu_ms=16.134399
NET frame=74 gpu_ms=15.915760
NET frame=75 gpu_ms=16.118999
NET frame=76 gpu_ms=16.112801
NET frame=77 gpu_ms=16.010719
NET frame=78 gpu_ms=15.850620
NET frame=79 gpu_ms=15.846440
NET frame=80 gpu_ms=15.826100
NET frame=81 gpu_ms=16.131399
NET frame=82 gpu_ms=15.999660
NET frame=83 gpu_ms=15.948820
NET frame=84 gpu_ms=16.072500
NET frame=85 gpu_ms=15.853060
NET frame=86 gpu_ms=16.008320
NET frame=87 gpu_ms=15.874340
NET frame=88 gpu_ms=16.145399
NET frame=89 gpu_ms=16.041901
NET frame=90 gpu_ms=15.898020
NET frame=91 gpu_ms=15.984380
NET frame=92 gpu_ms=16.216200
NET frame=93 gpu_ms=16.174000
NET frame=94 gpu_ms=15.986660
NET frame=95 gpu_ms=15.808520
NET frame=96 gpu_ms=16.017900
NET frame=97 gpu_ms=15.805480
NET frame=98 gpu_ms=16.156639
NET frame=99 gpu_ms=16.076401
NET frame=100 gpu_ms=16.188400
NET frame=101 gpu_ms=16.051580
NET frame=102 gpu_ms=15.758900
NET frame=103 gpu_ms=16.139721
NET frame=104 gpu_ms=16.077600
NET frame=105 gpu_ms=15.816380
NET frame=106 gpu_ms=16.122900
NET frame=107 gpu_ms=15.984500
NET frame=108 gpu_ms=16.184500
NET frame=109 gpu_ms=15.917440
NET frame=110 gpu_ms=15.788580
NET frame=111 gpu_ms=16.092501
NET frame=112 gpu_ms=15.962040
NET frame=113 gpu_ms=16.036699
NET frame=114 gpu_ms=15.897940
NET frame=115 gpu_ms=16.007799
NET frame=116 gpu_ms=16.090200
NET frame=117 gpu_ms=16.169821
NET frame=118 gpu_ms=16.145420
NET frame=119 gpu_ms=16.026100
NET frame=120 gpu_ms=16.079201
NET frame=121 gpu_ms=16.160460
NET frame=122 gpu_ms=16.207300
NET frame=123 gpu_ms=15.830480
NET frame=124 gpu_ms=15.851800
NET frame=125 gpu_ms=16.121599
NET frame=126 gpu_ms=16.044760
NET frame=127 gpu_ms=15.961920
NET frame=128 gpu_ms=15.968160
NET frame=129 gpu_ms=15.900440
NET frame=130 gpu_ms=16.053101
NET frame=131 gpu_ms=16.257799
NET frame=132 gpu_ms=16.078300
NET frame=133 gpu_ms=15.821040
NET frame=134 gpu_ms=16.048599
NET frame=135 gpu_ms=16.019060
NET frame=136 gpu_ms=16.190399
NET frame=137 gpu_ms=15.962620
NET frame=138 gpu_ms=16.184900
NET frame=139 gpu_ms=16.184000
NET frame=140 gpu_ms=16.194500
NET frame=141 gpu_ms=15.963560
NET frame=142 gpu_ms=16.073641
NET frame=143 gpu_ms=16.033720
NET frame=144 gpu_ms=16.082300
NET frame=145 gpu_ms=16.077181
NET frame=146 gpu_ms=16.243900
NET frame=147 gpu_ms=15.834040
NET frame=148 gpu_ms=16.232321
NET frame=149 gpu_ms=16.100300
NET frame=150 gpu_ms=16.232559
NET frame=151 gpu_ms=15.877760
NET frame=152 gpu_ms=16.031080
NET frame=153 gpu_ms=15.975200
NET frame=154 gpu_ms=15.982200
NET frame=155 gpu_ms=16.041121
NET frame=156 gpu_ms=15.955000
NET frame=157 gpu_ms=15.946640
NET frame=158 gpu_ms=15.862420
NET frame=159 gpu_ms=16.034901
NET frame=160 gpu_ms=16.167000
NET frame=161 gpu_ms=15.950860
NET frame=162 gpu_ms=16.014759
NET frame=163 gpu_ms=16.149599
NET frame=164 gpu_ms=15.899800
NET frame=165 gpu_ms=15.954460
NET frame=166 gpu_ms=16.032640
NET frame=167 gpu_ms=15.927920
NET frame=168 gpu_ms=15.905400
NET frame=169 gpu_ms=15.947140
NET frame=170 gpu_ms=15.989260
NET frame=171 gpu_ms=16.080759
NET frame=172 gpu_ms=15.672480
NET frame=173 gpu_ms=15.959820
NET frame=174 gpu_ms=15.931600
NET frame=175 gpu_ms=15.957860
NET frame=176 gpu_ms=16.207800
NET frame=177 gpu_ms=16.092239
NET frame=178 gpu_ms=15.800380
NET frame=179 gpu_ms=16.166500
NET frame=180 gpu_ms=16.096380
NET frame=181 gpu_ms=16.062099
NET frame=182 gpu_ms=16.041361
NET frame=183 gpu_ms=15.994520
NET frame=184 gpu_ms=15.906960
NET frame=185 gpu_ms=16.009621
NET frame=186 gpu_ms=15.848180
NET frame=187 gpu_ms=15.953520
NET frame=188 gpu_ms=15.943900
NET frame=189 gpu_ms=16.004820
NET frame=190 gpu_ms=16.081100
NET frame=191 gpu_ms=16.166380
NET frame=192 gpu_ms=15.968580
NET frame=193 gpu_ms=15.730040
NET frame=194 gpu_ms=16.078039
NET frame=195 gpu_ms=16.010099
NET frame=196 gpu_ms=16.069361
NET frame=197 gpu_ms=15.967460
NET frame=198 gpu_ms=15.854600
NET frame=199 gpu_ms=16.117500
frame=199 reset=1 wall_ms=17.486 invalid=0 luma=0.3596833 roi=0.4035345 dark=1325 roi_dark=232 changed_first=0 maxabs_first=0
SP_STATS runs=0 fallback=0 rollover=0 jobs=0 disabled=0 errors=0
RESULT frames=200 temporal=0 mean_wall_ms=23.481 invalid_total=0 restored_capture_every_frame=1 HDR_preserved=1
