seed=0 pattern=0
input format=RGBA16_FLOAT W=1296 H=720 invalid=0 min=0 max=34.53125 luma=0.0157641119 roi_luma=0.0250669576
adapter=AMD Radeon RX 9070 XT
SP_PLAN c=256 first=16 layers=6 tasks=893 initial=160 state_bytes=10732
SP_DONE c=256 first=16 tasks=893 base=0 ms=1.710
SP_PLAN c=256 first=49 layers=6 tasks=893 initial=160 state_bytes=10732
SP_DONE c=256 first=49 tasks=893 base=0 ms=0.677
SP_PLAN c=128 first=57 layers=4 tasks=2257 initial=570 state_bytes=27100
SP_DONE c=128 first=57 tasks=2257 base=0 ms=0.532
frame=0 reset=1 wall_ms=1394.540 invalid=0 luma=0.01043502 roi=0.01611849 dark=837589 roi_dark=271139 changed_first=0 maxabs_first=0
SP_DONE c=256 first=16 tasks=893 base=893 ms=7.538
SP_DONE c=256 first=49 tasks=893 base=893 ms=1.582
SP_DONE c=128 first=57 tasks=2257 base=2257 ms=0.974
frame=1 reset=0 wall_ms=21.113 invalid=0 luma=0.01103854 roi=0.01706857 dark=833391 roi_dark=268977 changed_first=3674549 maxabs_first=15.56113
SP_DONE c=256 first=16 tasks=893 base=1786 ms=5.185
SP_DONE c=256 first=49 tasks=893 base=1786 ms=1.539
SP_DONE c=128 first=57 tasks=2257 base=4514 ms=0.919
frame=2 reset=0 wall_ms=17.333 invalid=0 luma=0.01150613 roi=0.01783123 dark=829052 roi_dark=266739 changed_first=3712159 maxabs_first=15.57192
SP_DONE c=256 first=16 tasks=893 base=2679 ms=7.201
SP_DONE c=256 first=49 tasks=893 base=2679 ms=1.553
SP_DONE c=128 first=57 tasks=2257 base=6771 ms=0.811
frame=3 reset=0 wall_ms=19.223 invalid=0 luma=0.01178046 roi=0.01831547 dark=826913 roi_dark=265560 changed_first=3724795 maxabs_first=15.57576
SP_DONE c=256 first=16 tasks=893 base=3572 ms=5.213
SP_DONE c=256 first=49 tasks=893 base=3572 ms=1.622
SP_DONE c=128 first=57 tasks=2257 base=9028 ms=0.906
frame=4 reset=0 wall_ms=17.310 invalid=0 luma=0.01179889 roi=0.01840152 dark=826864 roi_dark=265452 changed_first=3727565 maxabs_first=15.57611
SP_DONE c=256 first=16 tasks=893 base=4465 ms=5.204
SP_DONE c=256 first=49 tasks=893 base=4465 ms=1.627
SP_DONE c=128 first=57 tasks=2257 base=11285 ms=0.937
frame=5 reset=0 wall_ms=17.615 invalid=0 luma=0.01195839 roi=0.01873205 dark=825887 roi_dark=264740 changed_first=3729306 maxabs_first=15.57658
SP_DONE c=256 first=16 tasks=893 base=5358 ms=10.173
SP_DONE c=256 first=49 tasks=893 base=5358 ms=1.563
SP_DONE c=128 first=57 tasks=2257 base=13542 ms=1.005
frame=6 reset=0 wall_ms=22.683 invalid=0 luma=0.01198082 roi=0.01888853 dark=826118 roi_dark=264662 changed_first=3730016 maxabs_first=15.577
SP_DONE c=256 first=16 tasks=893 base=6251 ms=5.267
SP_DONE c=256 first=49 tasks=893 base=6251 ms=1.581
SP_DONE c=128 first=57 tasks=2257 base=15799 ms=0.886
frame=7 reset=0 wall_ms=15.746 invalid=0 luma=0.01197875 roi=0.01896414 dark=826337 roi_dark=264756 changed_first=3730213 maxabs_first=15.57514
SP_DONE c=256 first=16 tasks=893 base=7144 ms=11.821
SP_DONE c=256 first=49 tasks=893 base=7144 ms=1.586
SP_DONE c=128 first=57 tasks=2257 base=18056 ms=0.950
frame=8 reset=0 wall_ms=24.407 invalid=0 luma=0.01185332 roi=0.01878667 dark=826694 roi_dark=264804 changed_first=3730473 maxabs_first=15.57446
SP_DONE c=256 first=16 tasks=893 base=8037 ms=5.996
SP_DONE c=256 first=49 tasks=893 base=8037 ms=1.548
SP_DONE c=128 first=57 tasks=2257 base=20313 ms=0.889
frame=9 reset=0 wall_ms=17.965 invalid=0 luma=0.01182334 roi=0.01881591 dark=826548 roi_dark=264677 changed_first=3730809 maxabs_first=15.57565
SP_DONE c=256 first=16 tasks=893 base=8930 ms=6.260
SP_DONE c=256 first=49 tasks=893 base=8930 ms=1.525
SP_DONE c=128 first=57 tasks=2257 base=22570 ms=0.909
frame=10 reset=0 wall_ms=18.544 invalid=0 luma=0.01175181 roi=0.01876273 dark=827300 roi_dark=265052 changed_first=3730776 maxabs_first=15.57721
SP_DONE c=256 first=16 tasks=893 base=9823 ms=5.094
SP_DONE c=256 first=49 tasks=893 base=9823 ms=1.561
SP_DONE c=128 first=57 tasks=2257 base=24827 ms=1.006
frame=11 reset=0 wall_ms=17.288 invalid=0 luma=0.01182221 roi=0.01893322 dark=826586 roi_dark=264783 changed_first=3730897 maxabs_first=15.57678
SP_STATS runs=36 fallback=0 rollover=0 jobs=48516 disabled=0 errors=0
RESULT frames=12 temporal=1 mean_wall_ms=133.647 invalid_total=0 restored_capture_every_frame=1 HDR_preserved=1
