seed=0 pattern=0
input format=RGBA16_FLOAT W=1296 H=720 invalid=0 min=0 max=34.53125 luma=0.0157641119 roi_luma=0.0250669576
adapter=AMD Radeon RX 9070 XT
SP_PLAN c=256 first=16 layers=6 tasks=624 initial=104 state_bytes=7504 w16=1
SP_PLAN c=256 first=49 layers=6 tasks=624 initial=104 state_bytes=7504 w16=1
FRAME_NET_GPU frame=0 gpu_ms=1115.64099
frame=0 reset=1 wall_ms=1125.581 invalid=0 luma=0.01311046 roi=0.01994696 dark=808529 roi_dark=258288 changed_first=0 maxabs_first=0
FRAME_NET_GPU frame=1 gpu_ms=14.4147701
FRAME_NET_GPU frame=2 gpu_ms=4.57916021
FRAME_NET_GPU frame=3 gpu_ms=6.37061977
FRAME_NET_GPU frame=4 gpu_ms=6.39459991
FRAME_NET_GPU frame=5 gpu_ms=6.42980003
FRAME_NET_GPU frame=6 gpu_ms=6.37760019
FRAME_NET_GPU frame=7 gpu_ms=6.46080017
FRAME_NET_GPU frame=8 gpu_ms=6.48050022
FRAME_NET_GPU frame=9 gpu_ms=6.47440004
FRAME_NET_GPU frame=10 gpu_ms=6.37489986
FRAME_NET_GPU frame=11 gpu_ms=6.36560011
FRAME_NET_GPU frame=12 gpu_ms=6.46950006
FRAME_NET_GPU frame=13 gpu_ms=6.34719992
FRAME_NET_GPU frame=14 gpu_ms=6.42560005
FRAME_NET_GPU frame=15 gpu_ms=6.3757
FRAME_NET_GPU frame=16 gpu_ms=6.40740013
FRAME_NET_GPU frame=17 gpu_ms=6.55229998
FRAME_NET_GPU frame=18 gpu_ms=6.27277994
FRAME_NET_GPU frame=19 gpu_ms=6.25880003
FRAME_NET_GPU frame=20 gpu_ms=6.35769987
FRAME_NET_GPU frame=21 gpu_ms=6.36244011
FRAME_NET_GPU frame=22 gpu_ms=6.26331997
FRAME_NET_GPU frame=23 gpu_ms=6.37105989
FRAME_NET_GPU frame=24 gpu_ms=6.37743998
FRAME_NET_GPU frame=25 gpu_ms=6.41238022
FRAME_NET_GPU frame=26 gpu_ms=6.33392
FRAME_NET_GPU frame=27 gpu_ms=6.2733202
FRAME_NET_GPU frame=28 gpu_ms=6.30705976
FRAME_NET_GPU frame=29 gpu_ms=6.37635994
FRAME_NET_GPU frame=30 gpu_ms=6.38503981
FRAME_NET_GPU frame=31 gpu_ms=6.39468002
FRAME_NET_GPU frame=32 gpu_ms=6.26416016
FRAME_NET_GPU frame=33 gpu_ms=6.27159977
FRAME_NET_GPU frame=34 gpu_ms=6.57450008
FRAME_NET_GPU frame=35 gpu_ms=6.23468018
FRAME_NET_GPU frame=36 gpu_ms=6.3857398
FRAME_NET_GPU frame=37 gpu_ms=6.37440014
FRAME_NET_GPU frame=38 gpu_ms=6.41800022
FRAME_NET_GPU frame=39 gpu_ms=6.39663982
FRAME_NET_GPU frame=40 gpu_ms=6.52095985
FRAME_NET_GPU frame=41 gpu_ms=6.47177982
FRAME_NET_GPU frame=42 gpu_ms=6.46265984
FRAME_NET_GPU frame=43 gpu_ms=6.58010006
FRAME_NET_GPU frame=44 gpu_ms=6.48619986
FRAME_NET_GPU frame=45 gpu_ms=6.54269981
FRAME_NET_GPU frame=46 gpu_ms=6.5673399
FRAME_NET_GPU frame=47 gpu_ms=6.49113989
FRAME_NET_GPU frame=48 gpu_ms=6.47862005
FRAME_NET_GPU frame=49 gpu_ms=6.54336023
FRAME_NET_GPU frame=50 gpu_ms=6.50356007
FRAME_NET_GPU frame=51 gpu_ms=6.41943979
FRAME_NET_GPU frame=52 gpu_ms=6.45790005
FRAME_NET_GPU frame=53 gpu_ms=6.50489998
FRAME_NET_GPU frame=54 gpu_ms=6.44394016
FRAME_NET_GPU frame=55 gpu_ms=6.52252007
FRAME_NET_GPU frame=56 gpu_ms=6.44180012
FRAME_NET_GPU frame=57 gpu_ms=6.5177002
FRAME_NET_GPU frame=58 gpu_ms=6.4637599
FRAME_NET_GPU frame=59 gpu_ms=6.40704012
FRAME_NET_GPU frame=60 gpu_ms=6.44286013
FRAME_NET_GPU frame=61 gpu_ms=6.55541992
FRAME_NET_GPU frame=62 gpu_ms=6.49353981
FRAME_NET_GPU frame=63 gpu_ms=6.48706007
FRAME_NET_GPU frame=64 gpu_ms=6.53064013
FRAME_NET_GPU frame=65 gpu_ms=6.5535202
FRAME_NET_GPU frame=66 gpu_ms=6.44642019
FRAME_NET_GPU frame=67 gpu_ms=6.56131983
FRAME_NET_GPU frame=68 gpu_ms=6.43514013
FRAME_NET_GPU frame=69 gpu_ms=6.48328018
FRAME_NET_GPU frame=70 gpu_ms=6.49211979
FRAME_NET_GPU frame=71 gpu_ms=6.43277979
FRAME_NET_GPU frame=72 gpu_ms=6.53599977
FRAME_NET_GPU frame=73 gpu_ms=6.49399996
FRAME_NET_GPU frame=74 gpu_ms=6.48924017
FRAME_NET_GPU frame=75 gpu_ms=6.42013979
FRAME_NET_GPU frame=76 gpu_ms=6.57185984
FRAME_NET_GPU frame=77 gpu_ms=6.5158
FRAME_NET_GPU frame=78 gpu_ms=6.59284019
FRAME_NET_GPU frame=79 gpu_ms=6.46772003
FRAME_NET_GPU frame=80 gpu_ms=6.44545984
FRAME_NET_GPU frame=81 gpu_ms=6.45164013
FRAME_NET_GPU frame=82 gpu_ms=6.45760012
FRAME_NET_GPU frame=83 gpu_ms=6.55302
FRAME_NET_GPU frame=84 gpu_ms=6.47575998
FRAME_NET_GPU frame=85 gpu_ms=6.49666023
FRAME_NET_GPU frame=86 gpu_ms=6.54069996
FRAME_NET_GPU frame=87 gpu_ms=6.44138002
FRAME_NET_GPU frame=88 gpu_ms=6.50006008
FRAME_NET_GPU frame=89 gpu_ms=6.46237993
FRAME_NET_GPU frame=90 gpu_ms=6.50046015
FRAME_NET_GPU frame=91 gpu_ms=6.45885992
FRAME_NET_GPU frame=92 gpu_ms=6.4902401
FRAME_NET_GPU frame=93 gpu_ms=6.51255989
FRAME_NET_GPU frame=94 gpu_ms=6.47474003
FRAME_NET_GPU frame=95 gpu_ms=6.56103992
FRAME_NET_GPU frame=96 gpu_ms=6.47052002
FRAME_NET_GPU frame=97 gpu_ms=6.49872017
FRAME_NET_GPU frame=98 gpu_ms=6.41769981
FRAME_NET_GPU frame=99 gpu_ms=6.50239992
FRAME_NET_GPU frame=100 gpu_ms=6.55471992
FRAME_NET_GPU frame=101 gpu_ms=6.52670002
FRAME_NET_GPU frame=102 gpu_ms=6.41236019
FRAME_NET_GPU frame=103 gpu_ms=6.43332005
FRAME_NET_GPU frame=104 gpu_ms=6.52313995
FRAME_NET_GPU frame=105 gpu_ms=6.51843977
FRAME_NET_GPU frame=106 gpu_ms=6.48074007
FRAME_NET_GPU frame=107 gpu_ms=6.48788023
FRAME_NET_GPU frame=108 gpu_ms=6.53804016
FRAME_NET_GPU frame=109 gpu_ms=6.49312019
FRAME_NET_GPU frame=110 gpu_ms=6.4759798
FRAME_NET_GPU frame=111 gpu_ms=6.59694004
FRAME_NET_GPU frame=112 gpu_ms=6.48354006
FRAME_NET_GPU frame=113 gpu_ms=6.44587994
FRAME_NET_GPU frame=114 gpu_ms=6.47783995
FRAME_NET_GPU frame=115 gpu_ms=6.45436001
FRAME_NET_GPU frame=116 gpu_ms=6.41060019
FRAME_NET_GPU frame=117 gpu_ms=6.47594023
FRAME_NET_GPU frame=118 gpu_ms=6.54218006
FRAME_NET_GPU frame=119 gpu_ms=6.4707799
FRAME_NET_GPU frame=120 gpu_ms=6.55117989
FRAME_NET_GPU frame=121 gpu_ms=6.48810005
FRAME_NET_GPU frame=122 gpu_ms=6.47353983
FRAME_NET_GPU frame=123 gpu_ms=6.49096012
FRAME_NET_GPU frame=124 gpu_ms=6.50229979
FRAME_NET_GPU frame=125 gpu_ms=6.4644599
FRAME_NET_GPU frame=126 gpu_ms=6.4934001
FRAME_NET_GPU frame=127 gpu_ms=6.46413994
FRAME_NET_GPU frame=128 gpu_ms=6.40460014
FRAME_NET_GPU frame=129 gpu_ms=6.4572401
FRAME_NET_GPU frame=130 gpu_ms=6.48260021
FRAME_NET_GPU frame=131 gpu_ms=6.53465986
FRAME_NET_GPU frame=132 gpu_ms=6.45711994
FRAME_NET_GPU frame=133 gpu_ms=6.48831987
FRAME_NET_GPU frame=134 gpu_ms=6.48002005
FRAME_NET_GPU frame=135 gpu_ms=6.59711981
FRAME_NET_GPU frame=136 gpu_ms=6.40002012
FRAME_NET_GPU frame=137 gpu_ms=6.43762016
FRAME_NET_GPU frame=138 gpu_ms=6.58076
FRAME_NET_GPU frame=139 gpu_ms=6.45298004
FRAME_NET_GPU frame=140 gpu_ms=6.42027998
FRAME_NET_GPU frame=141 gpu_ms=6.64678001
FRAME_NET_GPU frame=142 gpu_ms=6.49298
FRAME_NET_GPU frame=143 gpu_ms=6.41338015
FRAME_NET_GPU frame=144 gpu_ms=6.5138402
FRAME_NET_GPU frame=145 gpu_ms=6.53318024
FRAME_NET_GPU frame=146 gpu_ms=6.53295994
FRAME_NET_GPU frame=147 gpu_ms=6.45703983
FRAME_NET_GPU frame=148 gpu_ms=6.3375001
FRAME_NET_GPU frame=149 gpu_ms=6.52209997
FRAME_NET_GPU frame=150 gpu_ms=6.52173996
FRAME_NET_GPU frame=151 gpu_ms=6.51830006
FRAME_NET_GPU frame=152 gpu_ms=6.56400013
FRAME_NET_GPU frame=153 gpu_ms=6.52080011
FRAME_NET_GPU frame=154 gpu_ms=6.49567986
FRAME_NET_GPU frame=155 gpu_ms=6.51234007
FRAME_NET_GPU frame=156 gpu_ms=6.47824001
FRAME_NET_GPU frame=157 gpu_ms=6.49455976
FRAME_NET_GPU frame=158 gpu_ms=6.47762012
FRAME_NET_GPU frame=159 gpu_ms=6.62665987
frame=159 reset=1 wall_ms=7.087 invalid=0 luma=0.01311046 roi=0.01994696 dark=808529 roi_dark=258288 changed_first=0 maxabs_first=0
SP_STATS runs=320 fallback=0 rollover=0 jobs=199680 disabled=0 errors=0
RESULT frames=160 temporal=0 mean_wall_ms=13.967 invalid_total=0 restored_capture_every_frame=1 HDR_preserved=1

