seed=1 pattern=0
input format=RGBA16_FLOAT W=2560 H=1440 invalid=0 min=0 max=1 luma=0.357899353 roi_luma=0.389746571
adapter=AMD Radeon RX 9070 XT
NET frame=0 gpu_ms=1093.816406
GEOMETRY valid=2560x1440 processing=2560x1472 tokens=960
frame=0 reset=1 wall_ms=1102.418 invalid=0 luma=0.3597704 roi=0.4268046 dark=101219 roi_dark=9829 changed_first=0 maxabs_first=0
NET frame=1 gpu_ms=37.473999
frame=1 reset=0 wall_ms=40.907 invalid=0 luma=0.368047 roi=0.4455446 dark=71900 roi_dark=10525 changed_first=10973274 maxabs_first=0.9588318
NET frame=2 gpu_ms=32.761700
frame=2 reset=0 wall_ms=35.473 invalid=0 luma=0.37115 roi=0.4531873 dark=93435 roi_dark=10268 changed_first=10992065 maxabs_first=0.9965804
NET frame=3 gpu_ms=32.638901
frame=3 reset=0 wall_ms=35.683 invalid=0 luma=0.3737079 roi=0.4571536 dark=122879 roi_dark=11248 changed_first=10993411 maxabs_first=0.9995117
NET frame=4 gpu_ms=32.531601
frame=4 reset=0 wall_ms=35.132 invalid=0 luma=0.3777792 roi=0.4627689 dark=143248 roi_dark=11884 changed_first=10997482 maxabs_first=0.9995117
NET frame=5 gpu_ms=32.705101
frame=5 reset=0 wall_ms=35.346 invalid=0 luma=0.3789004 roi=0.4659022 dark=142923 roi_dark=13707 changed_first=10999594 maxabs_first=0.9995117
NET frame=6 gpu_ms=32.733799
frame=6 reset=0 wall_ms=35.489 invalid=0 luma=0.3814095 roi=0.4711125 dark=142556 roi_dark=12739 changed_first=11000117 maxabs_first=0.9995117
NET frame=7 gpu_ms=36.291199
frame=7 reset=0 wall_ms=39.226 invalid=0 luma=0.3819702 roi=0.4748898 dark=156902 roi_dark=11394 changed_first=11009709 maxabs_first=0.9995117
NET frame=8 gpu_ms=32.629799
frame=8 reset=0 wall_ms=35.267 invalid=0 luma=0.3823764 roi=0.4792938 dark=152446 roi_dark=12226 changed_first=11010307 maxabs_first=0.9995117
NET frame=9 gpu_ms=33.241699
frame=9 reset=0 wall_ms=35.774 invalid=0 luma=0.3820495 roi=0.4826011 dark=169502 roi_dark=13353 changed_first=11013690 maxabs_first=0.9995117
NET frame=10 gpu_ms=33.242199
frame=10 reset=0 wall_ms=35.874 invalid=0 luma=0.3786546 roi=0.4814568 dark=175169 roi_dark=14148 changed_first=11012450 maxabs_first=0.9995117
NET frame=11 gpu_ms=32.770599
frame=11 reset=0 wall_ms=35.406 invalid=0 luma=0.3755061 roi=0.4766078 dark=149482 roi_dark=12935 changed_first=11010204 maxabs_first=0.9995117
RAW floats=11304960 invalid=0
SP_STATS runs=0 fallback=0 rollover=0 jobs=0 disabled=0 errors=0
RESULT frames=12 temporal=1 mean_wall_ms=125.166 invalid_total=0 restored_capture_every_frame=1 HDR_preserved=1
