seed=1 pattern=0
input format=RGBA16_FLOAT W=2560 H=1440 invalid=0 min=0 max=1 luma=0.357899353 roi_luma=0.389746571
adapter=AMD Radeon RX 9070 XT
NET frame=0 gpu_ms=1184.248169
GEOMETRY valid=2560x1440 processing=2560x1472 tokens=960
frame=0 reset=1 wall_ms=1190.457 invalid=0 luma=0.3596833 roi=0.4035345 dark=1325 roi_dark=232 changed_first=0 maxabs_first=0
NET frame=1 gpu_ms=18.418060
NET frame=2 gpu_ms=16.041599
NET frame=3 gpu_ms=15.813500
NET frame=4 gpu_ms=15.798300
NET frame=5 gpu_ms=15.729100
NET frame=6 gpu_ms=15.581900
NET frame=7 gpu_ms=15.850700
NET frame=8 gpu_ms=15.808700
NET frame=9 gpu_ms=15.806400
NET frame=10 gpu_ms=15.712500
NET frame=11 gpu_ms=15.825000
NET frame=12 gpu_ms=15.659400
NET frame=13 gpu_ms=16.082001
NET frame=14 gpu_ms=16.081200
NET frame=15 gpu_ms=15.797400
NET frame=16 gpu_ms=15.928400
NET frame=17 gpu_ms=15.934080
NET frame=18 gpu_ms=15.681680
NET frame=19 gpu_ms=15.826700
NET frame=20 gpu_ms=15.680660
NET frame=21 gpu_ms=15.884120
NET frame=22 gpu_ms=15.827620
NET frame=23 gpu_ms=15.829020
NET frame=24 gpu_ms=15.955000
NET frame=25 gpu_ms=16.014999
NET frame=26 gpu_ms=16.079700
NET frame=27 gpu_ms=15.945020
NET frame=28 gpu_ms=15.873220
NET frame=29 gpu_ms=15.831160
NET frame=30 gpu_ms=15.949800
NET frame=31 gpu_ms=15.841600
NET frame=32 gpu_ms=15.865000
NET frame=33 gpu_ms=15.952200
NET frame=34 gpu_ms=16.196199
NET frame=35 gpu_ms=16.034599
NET frame=36 gpu_ms=16.183599
NET frame=37 gpu_ms=16.080799
NET frame=38 gpu_ms=16.056141
NET frame=39 gpu_ms=15.806420
NET frame=40 gpu_ms=15.995400
NET frame=41 gpu_ms=16.032400
NET frame=42 gpu_ms=16.143700
NET frame=43 gpu_ms=16.058500
NET frame=44 gpu_ms=15.880380
NET frame=45 gpu_ms=16.071301
NET frame=46 gpu_ms=16.035000
NET frame=47 gpu_ms=15.759520
NET frame=48 gpu_ms=15.983700
NET frame=49 gpu_ms=15.907480
NET frame=50 gpu_ms=16.153500
NET frame=51 gpu_ms=15.832740
NET frame=52 gpu_ms=16.056299
NET frame=53 gpu_ms=15.842300
NET frame=54 gpu_ms=15.918400
NET frame=55 gpu_ms=15.956960
NET frame=56 gpu_ms=16.162121
NET frame=57 gpu_ms=15.584300
NET frame=58 gpu_ms=16.029360
NET frame=59 gpu_ms=15.845520
NET frame=60 gpu_ms=15.766580
NET frame=61 gpu_ms=15.946520
NET frame=62 gpu_ms=16.086040
NET frame=63 gpu_ms=16.036301
NET frame=64 gpu_ms=15.701120
NET frame=65 gpu_ms=15.968900
NET frame=66 gpu_ms=16.003099
NET frame=67 gpu_ms=15.956200
NET frame=68 gpu_ms=15.962100
NET frame=69 gpu_ms=15.967820
NET frame=70 gpu_ms=15.942680
NET frame=71 gpu_ms=16.046961
NET frame=72 gpu_ms=16.051680
NET frame=73 gpu_ms=15.957600
NET frame=74 gpu_ms=15.850080
NET frame=75 gpu_ms=15.976420
NET frame=76 gpu_ms=15.758620
NET frame=77 gpu_ms=15.868600
NET frame=78 gpu_ms=15.983080
NET frame=79 gpu_ms=16.085779
NET frame=80 gpu_ms=15.713180
NET frame=81 gpu_ms=15.978600
NET frame=82 gpu_ms=15.885460
NET frame=83 gpu_ms=15.862900
NET frame=84 gpu_ms=15.790380
NET frame=85 gpu_ms=15.901840
NET frame=86 gpu_ms=15.842940
NET frame=87 gpu_ms=15.896340
NET frame=88 gpu_ms=15.880300
NET frame=89 gpu_ms=15.979100
NET frame=90 gpu_ms=15.937800
NET frame=91 gpu_ms=15.972980
NET frame=92 gpu_ms=16.214500
NET frame=93 gpu_ms=15.992680
NET frame=94 gpu_ms=15.929160
NET frame=95 gpu_ms=15.853600
NET frame=96 gpu_ms=15.875080
NET frame=97 gpu_ms=15.878500
NET frame=98 gpu_ms=16.024960
NET frame=99 gpu_ms=15.956660
NET frame=100 gpu_ms=15.899360
NET frame=101 gpu_ms=15.806120
NET frame=102 gpu_ms=15.907200
NET frame=103 gpu_ms=15.928400
NET frame=104 gpu_ms=15.937420
NET frame=105 gpu_ms=15.897700
NET frame=106 gpu_ms=15.831160
NET frame=107 gpu_ms=15.966820
NET frame=108 gpu_ms=15.828820
NET frame=109 gpu_ms=15.886560
NET frame=110 gpu_ms=16.134701
NET frame=111 gpu_ms=15.974640
NET frame=112 gpu_ms=15.834720
NET frame=113 gpu_ms=16.109699
NET frame=114 gpu_ms=15.869660
NET frame=115 gpu_ms=16.064301
NET frame=116 gpu_ms=16.162600
NET frame=117 gpu_ms=15.942500
NET frame=118 gpu_ms=16.034760
NET frame=119 gpu_ms=15.785800
NET frame=120 gpu_ms=15.865100
NET frame=121 gpu_ms=16.074900
NET frame=122 gpu_ms=16.232401
NET frame=123 gpu_ms=16.268600
NET frame=124 gpu_ms=15.772400
NET frame=125 gpu_ms=15.818800
NET frame=126 gpu_ms=16.129299
NET frame=127 gpu_ms=15.813100
NET frame=128 gpu_ms=16.033960
NET frame=129 gpu_ms=16.186501
NET frame=130 gpu_ms=15.967480
NET frame=131 gpu_ms=16.017700
NET frame=132 gpu_ms=16.032640
NET frame=133 gpu_ms=15.972400
NET frame=134 gpu_ms=15.838980
NET frame=135 gpu_ms=15.845740
NET frame=136 gpu_ms=15.889720
NET frame=137 gpu_ms=16.143700
NET frame=138 gpu_ms=15.717180
NET frame=139 gpu_ms=15.846960
NET frame=140 gpu_ms=16.145500
NET frame=141 gpu_ms=15.999640
NET frame=142 gpu_ms=15.749080
NET frame=143 gpu_ms=15.974800
NET frame=144 gpu_ms=16.063900
NET frame=145 gpu_ms=16.137400
NET frame=146 gpu_ms=16.167900
NET frame=147 gpu_ms=15.915000
NET frame=148 gpu_ms=15.949380
NET frame=149 gpu_ms=15.704660
NET frame=150 gpu_ms=16.171101
NET frame=151 gpu_ms=15.936260
NET frame=152 gpu_ms=15.797420
NET frame=153 gpu_ms=16.040359
NET frame=154 gpu_ms=15.835440
NET frame=155 gpu_ms=15.905540
NET frame=156 gpu_ms=16.100100
NET frame=157 gpu_ms=16.134600
NET frame=158 gpu_ms=15.977400
NET frame=159 gpu_ms=16.122181
NET frame=160 gpu_ms=15.997920
NET frame=161 gpu_ms=16.070700
NET frame=162 gpu_ms=15.999400
NET frame=163 gpu_ms=16.006741
NET frame=164 gpu_ms=15.922100
NET frame=165 gpu_ms=16.052099
NET frame=166 gpu_ms=15.953340
NET frame=167 gpu_ms=15.812560
NET frame=168 gpu_ms=15.842100
NET frame=169 gpu_ms=15.884280
NET frame=170 gpu_ms=15.960000
NET frame=171 gpu_ms=16.003401
NET frame=172 gpu_ms=15.882320
NET frame=173 gpu_ms=15.758480
NET frame=174 gpu_ms=16.174440
NET frame=175 gpu_ms=15.926020
NET frame=176 gpu_ms=15.976660
NET frame=177 gpu_ms=15.785940
NET frame=178 gpu_ms=16.095461
NET frame=179 gpu_ms=15.896520
NET frame=180 gpu_ms=16.068541
NET frame=181 gpu_ms=16.000120
NET frame=182 gpu_ms=15.992940
NET frame=183 gpu_ms=16.020941
NET frame=184 gpu_ms=16.107500
NET frame=185 gpu_ms=15.920020
NET frame=186 gpu_ms=15.813020
NET frame=187 gpu_ms=16.071819
NET frame=188 gpu_ms=15.904500
NET frame=189 gpu_ms=16.079660
NET frame=190 gpu_ms=15.874980
NET frame=191 gpu_ms=16.032101
NET frame=192 gpu_ms=16.099400
NET frame=193 gpu_ms=16.127600
NET frame=194 gpu_ms=15.938500
NET frame=195 gpu_ms=16.252300
NET frame=196 gpu_ms=15.824480
NET frame=197 gpu_ms=15.907080
NET frame=198 gpu_ms=16.042101
NET frame=199 gpu_ms=16.017099
frame=199 reset=1 wall_ms=17.445 invalid=0 luma=0.3596833 roi=0.4035345 dark=1325 roi_dark=232 changed_first=0 maxabs_first=0
SP_STATS runs=0 fallback=0 rollover=0 jobs=0 disabled=0 errors=0
RESULT frames=200 temporal=0 mean_wall_ms=23.342 invalid_total=0 restored_capture_every_frame=1 HDR_preserved=1
