seed=1 pattern=0
input format=RGBA16_FLOAT W=2560 H=1440 invalid=0 min=0 max=1 luma=0.357899353 roi_luma=0.389746571
adapter=AMD Radeon RX 9070 XT
NET frame=0 gpu_ms=1139.643066
GEOMETRY valid=2560x1440 processing=2560x1472 tokens=960
frame=0 reset=1 wall_ms=1145.523 invalid=0 luma=0.3596833 roi=0.4035345 dark=1325 roi_dark=232 changed_first=0 maxabs_first=0
NET frame=1 gpu_ms=24.377501
NET frame=2 gpu_ms=15.577000
NET frame=3 gpu_ms=15.191600
NET frame=4 gpu_ms=15.143100
NET frame=5 gpu_ms=15.172800
NET frame=6 gpu_ms=15.105400
NET frame=7 gpu_ms=15.186900
NET frame=8 gpu_ms=15.113200
NET frame=9 gpu_ms=15.155300
NET frame=10 gpu_ms=15.211800
NET frame=11 gpu_ms=15.167600
NET frame=12 gpu_ms=15.155600
NET frame=13 gpu_ms=15.262500
NET frame=14 gpu_ms=15.465300
NET frame=15 gpu_ms=15.559600
NET frame=16 gpu_ms=15.481700
NET frame=17 gpu_ms=15.374900
NET frame=18 gpu_ms=15.519800
NET frame=19 gpu_ms=15.506300
NET frame=20 gpu_ms=15.475600
NET frame=21 gpu_ms=15.400160
NET frame=22 gpu_ms=15.508300
NET frame=23 gpu_ms=15.467900
NET frame=24 gpu_ms=15.476100
NET frame=25 gpu_ms=15.499800
NET frame=26 gpu_ms=15.273100
NET frame=27 gpu_ms=15.524500
NET frame=28 gpu_ms=15.477300
NET frame=29 gpu_ms=15.432500
NET frame=30 gpu_ms=15.358500
NET frame=31 gpu_ms=15.409800
NET frame=32 gpu_ms=15.416400
NET frame=33 gpu_ms=15.456800
NET frame=34 gpu_ms=15.609700
NET frame=35 gpu_ms=15.575200
NET frame=36 gpu_ms=15.521700
NET frame=37 gpu_ms=15.464200
NET frame=38 gpu_ms=15.480100
NET frame=39 gpu_ms=15.586200
NET frame=40 gpu_ms=15.521800
NET frame=41 gpu_ms=15.471200
NET frame=42 gpu_ms=15.534600
NET frame=43 gpu_ms=15.550700
NET frame=44 gpu_ms=15.736000
NET frame=45 gpu_ms=15.591400
NET frame=46 gpu_ms=15.477300
NET frame=47 gpu_ms=15.375200
NET frame=48 gpu_ms=15.603600
NET frame=49 gpu_ms=15.366260
NET frame=50 gpu_ms=15.490400
NET frame=51 gpu_ms=15.721300
NET frame=52 gpu_ms=15.505300
NET frame=53 gpu_ms=15.396780
NET frame=54 gpu_ms=15.638700
NET frame=55 gpu_ms=15.344040
NET frame=56 gpu_ms=15.464600
NET frame=57 gpu_ms=15.467980
NET frame=58 gpu_ms=15.736700
NET frame=59 gpu_ms=15.536700
NET frame=60 gpu_ms=15.538200
NET frame=61 gpu_ms=15.610300
NET frame=62 gpu_ms=15.440480
NET frame=63 gpu_ms=15.484500
NET frame=64 gpu_ms=15.497400
NET frame=65 gpu_ms=15.604400
NET frame=66 gpu_ms=15.674200
NET frame=67 gpu_ms=15.512100
NET frame=68 gpu_ms=15.419700
NET frame=69 gpu_ms=15.515400
NET frame=70 gpu_ms=15.630100
NET frame=71 gpu_ms=15.496300
frame=71 reset=1 wall_ms=16.845 invalid=0 luma=0.3596833 roi=0.4035345 dark=1325 roi_dark=232 changed_first=0 maxabs_first=0
SP_STATS runs=0 fallback=0 rollover=0 jobs=0 disabled=0 errors=0
RESULT frames=72 temporal=0 mean_wall_ms=32.746 invalid_total=0 restored_capture_every_frame=1 HDR_preserved=1
