seed=0 pattern=0
input format=RGBA16_FLOAT W=1296 H=720 invalid=0 min=0 max=34.53125 luma=0.0157641119 roi_luma=0.0250669576
adapter=AMD Radeon RX 9070 XT
SP_PLAN c=256 first=16 layers=6 tasks=893 initial=160 state_bytes=10732 w16=1
SP_PLAN c=256 first=49 layers=6 tasks=893 initial=160 state_bytes=10732 w16=1
FRAME_NET_GPU frame=0 gpu_ms=1209.95862 tag=1 ready=1
frame=0 reset=1 wall_ms=1218.552 invalid=0 luma=0.01307101 roi=0.01974189 dark=806206 roi_dark=258238 changed_first=0 maxabs_first=0
FRAME_NET_GPU frame=1 gpu_ms=19.4801998 tag=2 ready=1
FRAME_NET_GPU frame=2 gpu_ms=9.57209969 tag=3 ready=1
FRAME_NET_GPU frame=3 gpu_ms=9.10171986 tag=4 ready=1
FRAME_NET_GPU frame=4 gpu_ms=8.93179989 tag=5 ready=1
FRAME_NET_GPU frame=5 gpu_ms=9.01739979 tag=6 ready=1
FRAME_NET_GPU frame=6 gpu_ms=8.92300034 tag=7 ready=1
FRAME_NET_GPU frame=7 gpu_ms=8.99260044 tag=8 ready=1
FRAME_NET_GPU frame=8 gpu_ms=8.92070007 tag=9 ready=1
FRAME_NET_GPU frame=9 gpu_ms=8.96710014 tag=10 ready=1
FRAME_NET_GPU frame=10 gpu_ms=8.87090015 tag=11 ready=1
FRAME_NET_GPU frame=11 gpu_ms=8.93379974 tag=12 ready=1
FRAME_NET_GPU frame=12 gpu_ms=8.86929989 tag=13 ready=1
FRAME_NET_GPU frame=13 gpu_ms=8.84029961 tag=14 ready=1
FRAME_NET_GPU frame=14 gpu_ms=8.86520004 tag=15 ready=1
FRAME_NET_GPU frame=15 gpu_ms=8.99129963 tag=16 ready=1
FRAME_NET_GPU frame=16 gpu_ms=9.01432037 tag=17 ready=1
FRAME_NET_GPU frame=17 gpu_ms=9.09311962 tag=18 ready=1
FRAME_NET_GPU frame=18 gpu_ms=8.99090004 tag=19 ready=1
FRAME_NET_GPU frame=19 gpu_ms=9.08780003 tag=20 ready=1
FRAME_NET_GPU frame=20 gpu_ms=9.16357994 tag=21 ready=1
FRAME_NET_GPU frame=21 gpu_ms=9.03145981 tag=22 ready=1
FRAME_NET_GPU frame=22 gpu_ms=9.03544044 tag=23 ready=1
FRAME_NET_GPU frame=23 gpu_ms=9.11130047 tag=24 ready=1
FRAME_NET_GPU frame=24 gpu_ms=9.06130028 tag=25 ready=1
FRAME_NET_GPU frame=25 gpu_ms=9.20804024 tag=26 ready=1
FRAME_NET_GPU frame=26 gpu_ms=9.11668015 tag=27 ready=1
FRAME_NET_GPU frame=27 gpu_ms=9.19680023 tag=28 ready=1
FRAME_NET_GPU frame=28 gpu_ms=9.23974037 tag=29 ready=1
FRAME_NET_GPU frame=29 gpu_ms=9.24075985 tag=30 ready=1
FRAME_NET_GPU frame=30 gpu_ms=9.20785999 tag=31 ready=1
FRAME_NET_GPU frame=31 gpu_ms=9.20602036 tag=32 ready=1
FRAME_NET_GPU frame=32 gpu_ms=9.16952038 tag=33 ready=1
FRAME_NET_GPU frame=33 gpu_ms=9.25646019 tag=34 ready=1
FRAME_NET_GPU frame=34 gpu_ms=9.15606022 tag=35 ready=1
FRAME_NET_GPU frame=35 gpu_ms=9.21683979 tag=36 ready=1
FRAME_NET_GPU frame=36 gpu_ms=9.23132038 tag=37 ready=1
FRAME_NET_GPU frame=37 gpu_ms=9.21236038 tag=38 ready=1
FRAME_NET_GPU frame=38 gpu_ms=9.18148041 tag=39 ready=1
FRAME_NET_GPU frame=39 gpu_ms=9.15931988 tag=40 ready=1
FRAME_NET_GPU frame=40 gpu_ms=9.19536018 tag=41 ready=1
FRAME_NET_GPU frame=41 gpu_ms=9.23923969 tag=42 ready=1
FRAME_NET_GPU frame=42 gpu_ms=9.21366024 tag=43 ready=1
FRAME_NET_GPU frame=43 gpu_ms=9.22706032 tag=44 ready=1
FRAME_NET_GPU frame=44 gpu_ms=9.20201969 tag=45 ready=1
FRAME_NET_GPU frame=45 gpu_ms=9.17269993 tag=46 ready=1
FRAME_NET_GPU frame=46 gpu_ms=9.22988033 tag=47 ready=1
FRAME_NET_GPU frame=47 gpu_ms=9.2312603 tag=48 ready=1
FRAME_NET_GPU frame=48 gpu_ms=9.33102036 tag=49 ready=1
FRAME_NET_GPU frame=49 gpu_ms=9.17271996 tag=50 ready=1
FRAME_NET_GPU frame=50 gpu_ms=9.22688007 tag=51 ready=1
FRAME_NET_GPU frame=51 gpu_ms=9.20269966 tag=52 ready=1
FRAME_NET_GPU frame=52 gpu_ms=9.25201988 tag=53 ready=1
FRAME_NET_GPU frame=53 gpu_ms=9.15507984 tag=54 ready=1
FRAME_NET_GPU frame=54 gpu_ms=9.14852047 tag=55 ready=1
FRAME_NET_GPU frame=55 gpu_ms=9.25782013 tag=56 ready=1
FRAME_NET_GPU frame=56 gpu_ms=9.17152023 tag=57 ready=1
FRAME_NET_GPU frame=57 gpu_ms=9.17292023 tag=58 ready=1
FRAME_NET_GPU frame=58 gpu_ms=9.22916031 tag=59 ready=1
FRAME_NET_GPU frame=59 gpu_ms=9.21753979 tag=60 ready=1
FRAME_NET_GPU frame=60 gpu_ms=9.28575993 tag=61 ready=1
FRAME_NET_GPU frame=61 gpu_ms=9.21722031 tag=62 ready=1
FRAME_NET_GPU frame=62 gpu_ms=9.33584023 tag=63 ready=1
FRAME_NET_GPU frame=63 gpu_ms=9.13774014 tag=64 ready=1
FRAME_NET_GPU frame=64 gpu_ms=9.25809956 tag=65 ready=1
FRAME_NET_GPU frame=65 gpu_ms=9.2052002 tag=66 ready=1
FRAME_NET_GPU frame=66 gpu_ms=9.24687958 tag=67 ready=1
FRAME_NET_GPU frame=67 gpu_ms=9.1406002 tag=68 ready=1
FRAME_NET_GPU frame=68 gpu_ms=9.23488045 tag=69 ready=1
FRAME_NET_GPU frame=69 gpu_ms=9.27462006 tag=70 ready=1
FRAME_NET_GPU frame=70 gpu_ms=9.15081978 tag=71 ready=1
FRAME_NET_GPU frame=71 gpu_ms=9.17276001 tag=72 ready=1
FRAME_NET_GPU frame=72 gpu_ms=9.21020031 tag=73 ready=1
FRAME_NET_GPU frame=73 gpu_ms=9.26257992 tag=74 ready=1
FRAME_NET_GPU frame=74 gpu_ms=9.19657993 tag=75 ready=1
FRAME_NET_GPU frame=75 gpu_ms=9.21734047 tag=76 ready=1
FRAME_NET_GPU frame=76 gpu_ms=9.2302599 tag=77 ready=1
FRAME_NET_GPU frame=77 gpu_ms=9.40454006 tag=78 ready=1
FRAME_NET_GPU frame=78 gpu_ms=9.27495956 tag=79 ready=1
FRAME_NET_GPU frame=79 gpu_ms=9.07474041 tag=80 ready=1
FRAME_NET_GPU frame=80 gpu_ms=9.34138012 tag=81 ready=1
FRAME_NET_GPU frame=81 gpu_ms=9.15180016 tag=82 ready=1
FRAME_NET_GPU frame=82 gpu_ms=9.36382008 tag=83 ready=1
FRAME_NET_GPU frame=83 gpu_ms=9.06554031 tag=84 ready=1
FRAME_NET_GPU frame=84 gpu_ms=9.34519958 tag=85 ready=1
FRAME_NET_GPU frame=85 gpu_ms=9.14803982 tag=86 ready=1
FRAME_NET_GPU frame=86 gpu_ms=9.16592026 tag=87 ready=1
FRAME_NET_GPU frame=87 gpu_ms=9.10286045 tag=88 ready=1
FRAME_NET_GPU frame=88 gpu_ms=9.39330006 tag=89 ready=1
FRAME_NET_GPU frame=89 gpu_ms=9.2351799 tag=90 ready=1
FRAME_NET_GPU frame=90 gpu_ms=9.09092045 tag=91 ready=1
FRAME_NET_GPU frame=91 gpu_ms=9.32940006 tag=92 ready=1
FRAME_NET_GPU frame=92 gpu_ms=9.20388031 tag=93 ready=1
FRAME_NET_GPU frame=93 gpu_ms=9.15417957 tag=94 ready=1
FRAME_NET_GPU frame=94 gpu_ms=9.3088398 tag=95 ready=1
FRAME_NET_GPU frame=95 gpu_ms=9.27830029 tag=96 ready=1
FRAME_NET_GPU frame=96 gpu_ms=9.11917973 tag=97 ready=1
FRAME_NET_GPU frame=97 gpu_ms=9.10770035 tag=98 ready=1
FRAME_NET_GPU frame=98 gpu_ms=9.16197968 tag=99 ready=1
FRAME_NET_GPU frame=99 gpu_ms=9.12609959 tag=100 ready=1
FRAME_NET_GPU frame=100 gpu_ms=9.0457201 tag=101 ready=1
FRAME_NET_GPU frame=101 gpu_ms=9.39420033 tag=102 ready=1
FRAME_NET_GPU frame=102 gpu_ms=9.0387001 tag=103 ready=1
FRAME_NET_GPU frame=103 gpu_ms=9.23235989 tag=104 ready=1
FRAME_NET_GPU frame=104 gpu_ms=9.07384014 tag=105 ready=1
FRAME_NET_GPU frame=105 gpu_ms=9.27015972 tag=106 ready=1
FRAME_NET_GPU frame=106 gpu_ms=9.07868004 tag=107 ready=1
FRAME_NET_GPU frame=107 gpu_ms=9.08765984 tag=108 ready=1
FRAME_NET_GPU frame=108 gpu_ms=9.24687958 tag=109 ready=1
FRAME_NET_GPU frame=109 gpu_ms=9.13247967 tag=110 ready=1
FRAME_NET_GPU frame=110 gpu_ms=9.29852009 tag=111 ready=1
FRAME_NET_GPU frame=111 gpu_ms=9.21732044 tag=112 ready=1
FRAME_NET_GPU frame=112 gpu_ms=9.10834026 tag=113 ready=1
FRAME_NET_GPU frame=113 gpu_ms=9.25759983 tag=114 ready=1
FRAME_NET_GPU frame=114 gpu_ms=9.18377972 tag=115 ready=1
FRAME_NET_GPU frame=115 gpu_ms=9.16460037 tag=116 ready=1
FRAME_NET_GPU frame=116 gpu_ms=9.3183403 tag=117 ready=1
FRAME_NET_GPU frame=117 gpu_ms=9.34708023 tag=118 ready=1
FRAME_NET_GPU frame=118 gpu_ms=9.21430016 tag=119 ready=1
FRAME_NET_GPU frame=119 gpu_ms=9.11618042 tag=120 ready=1
FRAME_NET_GPU frame=120 gpu_ms=9.19892025 tag=121 ready=1
FRAME_NET_GPU frame=121 gpu_ms=9.15505981 tag=122 ready=1
FRAME_NET_GPU frame=122 gpu_ms=9.19272041 tag=123 ready=1
FRAME_NET_GPU frame=123 gpu_ms=9.25146008 tag=124 ready=1
FRAME_NET_GPU frame=124 gpu_ms=9.18418026 tag=125 ready=1
FRAME_NET_GPU frame=125 gpu_ms=9.33257961 tag=126 ready=1
FRAME_NET_GPU frame=126 gpu_ms=9.18389988 tag=127 ready=1
FRAME_NET_GPU frame=127 gpu_ms=9.15839958 tag=128 ready=1
FRAME_NET_GPU frame=128 gpu_ms=9.23894024 tag=129 ready=1
FRAME_NET_GPU frame=129 gpu_ms=9.0921402 tag=130 ready=1
FRAME_NET_GPU frame=130 gpu_ms=9.20713997 tag=131 ready=1
FRAME_NET_GPU frame=131 gpu_ms=9.20137978 tag=132 ready=1
FRAME_NET_GPU frame=132 gpu_ms=9.11464024 tag=133 ready=1
FRAME_NET_GPU frame=133 gpu_ms=9.08845997 tag=134 ready=1
FRAME_NET_GPU frame=134 gpu_ms=9.1661396 tag=135 ready=1
FRAME_NET_GPU frame=135 gpu_ms=9.20697975 tag=136 ready=1
FRAME_NET_GPU frame=136 gpu_ms=9.16524029 tag=137 ready=1
FRAME_NET_GPU frame=137 gpu_ms=9.16790009 tag=138 ready=1
FRAME_NET_GPU frame=138 gpu_ms=9.18453979 tag=139 ready=1
FRAME_NET_GPU frame=139 gpu_ms=9.40793991 tag=140 ready=1
FRAME_NET_GPU frame=140 gpu_ms=9.34529972 tag=141 ready=1
FRAME_NET_GPU frame=141 gpu_ms=9.01368046 tag=142 ready=1
FRAME_NET_GPU frame=142 gpu_ms=9.35159969 tag=143 ready=1
FRAME_NET_GPU frame=143 gpu_ms=9.11003971 tag=144 ready=1
FRAME_NET_GPU frame=144 gpu_ms=9.25932026 tag=145 ready=1
FRAME_NET_GPU frame=145 gpu_ms=9.14290047 tag=146 ready=1
FRAME_NET_GPU frame=146 gpu_ms=9.15480042 tag=147 ready=1
FRAME_NET_GPU frame=147 gpu_ms=9.27365971 tag=148 ready=1
FRAME_NET_GPU frame=148 gpu_ms=9.19365978 tag=149 ready=1
FRAME_NET_GPU frame=149 gpu_ms=9.28205967 tag=150 ready=1
FRAME_NET_GPU frame=150 gpu_ms=9.20164013 tag=151 ready=1
FRAME_NET_GPU frame=151 gpu_ms=9.0827198 tag=152 ready=1
FRAME_NET_GPU frame=152 gpu_ms=9.18482018 tag=153 ready=1
FRAME_NET_GPU frame=153 gpu_ms=9.26004028 tag=154 ready=1
FRAME_NET_GPU frame=154 gpu_ms=9.17156029 tag=155 ready=1
FRAME_NET_GPU frame=155 gpu_ms=9.25111961 tag=156 ready=1
FRAME_NET_GPU frame=156 gpu_ms=9.14960003 tag=157 ready=1
FRAME_NET_GPU frame=157 gpu_ms=9.24260044 tag=158 ready=1
FRAME_NET_GPU frame=158 gpu_ms=9.22358036 tag=159 ready=1
FRAME_NET_GPU frame=159 gpu_ms=9.62812042 tag=160 ready=1
frame=159 reset=1 wall_ms=10.138 invalid=0 luma=0.01307101 roi=0.01974189 dark=806206 roi_dark=258238 changed_first=0 maxabs_first=0
SP_STATS runs=320 fallback=0 rollover=0 jobs=285760 disabled=0 errors=0
RESULT frames=160 temporal=0 mean_wall_ms=17.398 invalid_total=0 restored_capture_every_frame=1 HDR_preserved=1

