seed=0 pattern=0
input format=RGBA16_FLOAT W=1296 H=720 invalid=0 min=0 max=34.53125 luma=0.0157641119 roi_luma=0.0250669576
adapter=AMD Radeon RX 9070 XT
SP_PLAN c=256 first=16 layers=6 tasks=893 initial=160 state_bytes=10732 w16=1
SP_PLAN c=256 first=49 layers=6 tasks=893 initial=160 state_bytes=10732 w16=1
FRAME_NET_GPU frame=0 gpu_ms=1268.771 tag=1 ready=1
frame=0 reset=1 wall_ms=1279.576 invalid=0 luma=0.01307101 roi=0.01974189 dark=806206 roi_dark=258238 changed_first=0 maxabs_first=0
FRAME_NET_GPU frame=1 gpu_ms=12.7773895 tag=2 ready=1
FRAME_NET_GPU frame=2 gpu_ms=9.57499981 tag=3 ready=1
FRAME_NET_GPU frame=3 gpu_ms=9.43350029 tag=4 ready=1
FRAME_NET_GPU frame=4 gpu_ms=8.9503603 tag=5 ready=1
FRAME_NET_GPU frame=5 gpu_ms=9.06892014 tag=6 ready=1
FRAME_NET_GPU frame=6 gpu_ms=9.02540016 tag=7 ready=1
FRAME_NET_GPU frame=7 gpu_ms=8.93700027 tag=8 ready=1
FRAME_NET_GPU frame=8 gpu_ms=9.00380039 tag=9 ready=1
FRAME_NET_GPU frame=9 gpu_ms=8.82859993 tag=10 ready=1
FRAME_NET_GPU frame=10 gpu_ms=8.95547962 tag=11 ready=1
FRAME_NET_GPU frame=11 gpu_ms=8.90135956 tag=12 ready=1
FRAME_NET_GPU frame=12 gpu_ms=9.03960037 tag=13 ready=1
FRAME_NET_GPU frame=13 gpu_ms=8.81221962 tag=14 ready=1
FRAME_NET_GPU frame=14 gpu_ms=8.91154003 tag=15 ready=1
FRAME_NET_GPU frame=15 gpu_ms=8.7658596 tag=16 ready=1
FRAME_NET_GPU frame=16 gpu_ms=8.9484396 tag=17 ready=1
FRAME_NET_GPU frame=17 gpu_ms=8.96092033 tag=18 ready=1
FRAME_NET_GPU frame=18 gpu_ms=9.02534008 tag=19 ready=1
FRAME_NET_GPU frame=19 gpu_ms=9.04232025 tag=20 ready=1
FRAME_NET_GPU frame=20 gpu_ms=8.94666004 tag=21 ready=1
FRAME_NET_GPU frame=21 gpu_ms=9.00463963 tag=22 ready=1
FRAME_NET_GPU frame=22 gpu_ms=8.95491982 tag=23 ready=1
FRAME_NET_GPU frame=23 gpu_ms=9.01049995 tag=24 ready=1
FRAME_NET_GPU frame=24 gpu_ms=9.22803974 tag=25 ready=1
FRAME_NET_GPU frame=25 gpu_ms=9.17288017 tag=26 ready=1
FRAME_NET_GPU frame=26 gpu_ms=9.10264015 tag=27 ready=1
FRAME_NET_GPU frame=27 gpu_ms=9.1125803 tag=28 ready=1
FRAME_NET_GPU frame=28 gpu_ms=9.2509203 tag=29 ready=1
FRAME_NET_GPU frame=29 gpu_ms=9.06307983 tag=30 ready=1
FRAME_NET_GPU frame=30 gpu_ms=9.19727993 tag=31 ready=1
FRAME_NET_GPU frame=31 gpu_ms=9.12209988 tag=32 ready=1
FRAME_NET_GPU frame=32 gpu_ms=9.23007965 tag=33 ready=1
FRAME_NET_GPU frame=33 gpu_ms=9.22609997 tag=34 ready=1
FRAME_NET_GPU frame=34 gpu_ms=9.12386036 tag=35 ready=1
FRAME_NET_GPU frame=35 gpu_ms=9.26362038 tag=36 ready=1
FRAME_NET_GPU frame=36 gpu_ms=9.1052599 tag=37 ready=1
FRAME_NET_GPU frame=37 gpu_ms=9.03522015 tag=38 ready=1
FRAME_NET_GPU frame=38 gpu_ms=9.20419979 tag=39 ready=1
FRAME_NET_GPU frame=39 gpu_ms=9.17881966 tag=40 ready=1
FRAME_NET_GPU frame=40 gpu_ms=9.15398026 tag=41 ready=1
FRAME_NET_GPU frame=41 gpu_ms=9.2979002 tag=42 ready=1
FRAME_NET_GPU frame=42 gpu_ms=9.03923988 tag=43 ready=1
FRAME_NET_GPU frame=43 gpu_ms=9.22533989 tag=44 ready=1
FRAME_NET_GPU frame=44 gpu_ms=9.12635994 tag=45 ready=1
FRAME_NET_GPU frame=45 gpu_ms=9.25286007 tag=46 ready=1
FRAME_NET_GPU frame=46 gpu_ms=9.29384041 tag=47 ready=1
FRAME_NET_GPU frame=47 gpu_ms=9.08403969 tag=48 ready=1
FRAME_NET_GPU frame=48 gpu_ms=9.12292004 tag=49 ready=1
FRAME_NET_GPU frame=49 gpu_ms=9.13914013 tag=50 ready=1
FRAME_NET_GPU frame=50 gpu_ms=9.09020042 tag=51 ready=1
FRAME_NET_GPU frame=51 gpu_ms=9.31237984 tag=52 ready=1
FRAME_NET_GPU frame=52 gpu_ms=9.18169975 tag=53 ready=1
FRAME_NET_GPU frame=53 gpu_ms=9.26366043 tag=54 ready=1
FRAME_NET_GPU frame=54 gpu_ms=9.24849987 tag=55 ready=1
FRAME_NET_GPU frame=55 gpu_ms=9.03958035 tag=56 ready=1
FRAME_NET_GPU frame=56 gpu_ms=9.19694042 tag=57 ready=1
FRAME_NET_GPU frame=57 gpu_ms=9.27622032 tag=58 ready=1
FRAME_NET_GPU frame=58 gpu_ms=9.14025974 tag=59 ready=1
FRAME_NET_GPU frame=59 gpu_ms=9.2201004 tag=60 ready=1
FRAME_NET_GPU frame=60 gpu_ms=9.15664005 tag=61 ready=1
FRAME_NET_GPU frame=61 gpu_ms=9.31912041 tag=62 ready=1
FRAME_NET_GPU frame=62 gpu_ms=9.08226013 tag=63 ready=1
FRAME_NET_GPU frame=63 gpu_ms=9.11190033 tag=64 ready=1
FRAME_NET_GPU frame=64 gpu_ms=9.28612041 tag=65 ready=1
FRAME_NET_GPU frame=65 gpu_ms=9.05506039 tag=66 ready=1
FRAME_NET_GPU frame=66 gpu_ms=9.21973991 tag=67 ready=1
FRAME_NET_GPU frame=67 gpu_ms=9.1001997 tag=68 ready=1
FRAME_NET_GPU frame=68 gpu_ms=9.16666031 tag=69 ready=1
FRAME_NET_GPU frame=69 gpu_ms=9.17389965 tag=70 ready=1
FRAME_NET_GPU frame=70 gpu_ms=9.30037975 tag=71 ready=1
FRAME_NET_GPU frame=71 gpu_ms=9.15962029 tag=72 ready=1
FRAME_NET_GPU frame=72 gpu_ms=9.21022034 tag=73 ready=1
FRAME_NET_GPU frame=73 gpu_ms=9.06433964 tag=74 ready=1
FRAME_NET_GPU frame=74 gpu_ms=9.17759991 tag=75 ready=1
FRAME_NET_GPU frame=75 gpu_ms=9.24654007 tag=76 ready=1
FRAME_NET_GPU frame=76 gpu_ms=9.23046017 tag=77 ready=1
FRAME_NET_GPU frame=77 gpu_ms=9.13251972 tag=78 ready=1
FRAME_NET_GPU frame=78 gpu_ms=9.08578014 tag=79 ready=1
FRAME_NET_GPU frame=79 gpu_ms=9.22017956 tag=80 ready=1
FRAME_NET_GPU frame=80 gpu_ms=9.30340004 tag=81 ready=1
FRAME_NET_GPU frame=81 gpu_ms=9.16322041 tag=82 ready=1
FRAME_NET_GPU frame=82 gpu_ms=9.24512005 tag=83 ready=1
FRAME_NET_GPU frame=83 gpu_ms=9.33353996 tag=84 ready=1
FRAME_NET_GPU frame=84 gpu_ms=9.21226025 tag=85 ready=1
FRAME_NET_GPU frame=85 gpu_ms=9.20518017 tag=86 ready=1
FRAME_NET_GPU frame=86 gpu_ms=9.11295986 tag=87 ready=1
FRAME_NET_GPU frame=87 gpu_ms=9.14089966 tag=88 ready=1
FRAME_NET_GPU frame=88 gpu_ms=9.11505985 tag=89 ready=1
FRAME_NET_GPU frame=89 gpu_ms=9.25516033 tag=90 ready=1
FRAME_NET_GPU frame=90 gpu_ms=9.20664024 tag=91 ready=1
FRAME_NET_GPU frame=91 gpu_ms=9.15184021 tag=92 ready=1
FRAME_NET_GPU frame=92 gpu_ms=9.17109966 tag=93 ready=1
FRAME_NET_GPU frame=93 gpu_ms=9.19536018 tag=94 ready=1
FRAME_NET_GPU frame=94 gpu_ms=9.1592598 tag=95 ready=1
FRAME_NET_GPU frame=95 gpu_ms=9.25041962 tag=96 ready=1
FRAME_NET_GPU frame=96 gpu_ms=9.28818035 tag=97 ready=1
FRAME_NET_GPU frame=97 gpu_ms=9.13617992 tag=98 ready=1
FRAME_NET_GPU frame=98 gpu_ms=9.30154037 tag=99 ready=1
FRAME_NET_GPU frame=99 gpu_ms=9.22496033 tag=100 ready=1
FRAME_NET_GPU frame=100 gpu_ms=9.16928005 tag=101 ready=1
FRAME_NET_GPU frame=101 gpu_ms=9.25024033 tag=102 ready=1
FRAME_NET_GPU frame=102 gpu_ms=9.10620022 tag=103 ready=1
FRAME_NET_GPU frame=103 gpu_ms=9.24590015 tag=104 ready=1
FRAME_NET_GPU frame=104 gpu_ms=9.08174038 tag=105 ready=1
FRAME_NET_GPU frame=105 gpu_ms=9.07256031 tag=106 ready=1
FRAME_NET_GPU frame=106 gpu_ms=9.12541962 tag=107 ready=1
FRAME_NET_GPU frame=107 gpu_ms=9.19692039 tag=108 ready=1
FRAME_NET_GPU frame=108 gpu_ms=9.18441963 tag=109 ready=1
FRAME_NET_GPU frame=109 gpu_ms=9.20073986 tag=110 ready=1
FRAME_NET_GPU frame=110 gpu_ms=9.34500027 tag=111 ready=1
FRAME_NET_GPU frame=111 gpu_ms=9.19046021 tag=112 ready=1
FRAME_NET_GPU frame=112 gpu_ms=9.16446018 tag=113 ready=1
FRAME_NET_GPU frame=113 gpu_ms=9.20802021 tag=114 ready=1
FRAME_NET_GPU frame=114 gpu_ms=9.15196037 tag=115 ready=1
FRAME_NET_GPU frame=115 gpu_ms=9.16281986 tag=116 ready=1
FRAME_NET_GPU frame=116 gpu_ms=9.26368046 tag=117 ready=1
FRAME_NET_GPU frame=117 gpu_ms=9.29811954 tag=118 ready=1
FRAME_NET_GPU frame=118 gpu_ms=9.18155956 tag=119 ready=1
FRAME_NET_GPU frame=119 gpu_ms=9.16726017 tag=120 ready=1
FRAME_NET_GPU frame=120 gpu_ms=9.24545956 tag=121 ready=1
FRAME_NET_GPU frame=121 gpu_ms=9.22609997 tag=122 ready=1
FRAME_NET_GPU frame=122 gpu_ms=9.17685986 tag=123 ready=1
FRAME_NET_GPU frame=123 gpu_ms=9.2656002 tag=124 ready=1
FRAME_NET_GPU frame=124 gpu_ms=9.06822014 tag=125 ready=1
FRAME_NET_GPU frame=125 gpu_ms=9.21837997 tag=126 ready=1
FRAME_NET_GPU frame=126 gpu_ms=9.28114033 tag=127 ready=1
FRAME_NET_GPU frame=127 gpu_ms=9.31385994 tag=128 ready=1
FRAME_NET_GPU frame=128 gpu_ms=9.12174034 tag=129 ready=1
FRAME_NET_GPU frame=129 gpu_ms=9.12942028 tag=130 ready=1
FRAME_NET_GPU frame=130 gpu_ms=9.03524017 tag=131 ready=1
FRAME_NET_GPU frame=131 gpu_ms=9.15073967 tag=132 ready=1
FRAME_NET_GPU frame=132 gpu_ms=9.26871967 tag=133 ready=1
FRAME_NET_GPU frame=133 gpu_ms=9.29030037 tag=134 ready=1
FRAME_NET_GPU frame=134 gpu_ms=9.1970396 tag=135 ready=1
FRAME_NET_GPU frame=135 gpu_ms=9.14904022 tag=136 ready=1
FRAME_NET_GPU frame=136 gpu_ms=9.23670006 tag=137 ready=1
FRAME_NET_GPU frame=137 gpu_ms=9.26185989 tag=138 ready=1
FRAME_NET_GPU frame=138 gpu_ms=9.20530033 tag=139 ready=1
FRAME_NET_GPU frame=139 gpu_ms=9.18780041 tag=140 ready=1
FRAME_NET_GPU frame=140 gpu_ms=9.1779604 tag=141 ready=1
FRAME_NET_GPU frame=141 gpu_ms=9.13564014 tag=142 ready=1
FRAME_NET_GPU frame=142 gpu_ms=9.21205997 tag=143 ready=1
FRAME_NET_GPU frame=143 gpu_ms=9.16958046 tag=144 ready=1
FRAME_NET_GPU frame=144 gpu_ms=9.25082016 tag=145 ready=1
FRAME_NET_GPU frame=145 gpu_ms=9.0729599 tag=146 ready=1
FRAME_NET_GPU frame=146 gpu_ms=9.14006042 tag=147 ready=1
FRAME_NET_GPU frame=147 gpu_ms=9.21506023 tag=148 ready=1
FRAME_NET_GPU frame=148 gpu_ms=9.12168026 tag=149 ready=1
FRAME_NET_GPU frame=149 gpu_ms=9.23085976 tag=150 ready=1
FRAME_NET_GPU frame=150 gpu_ms=9.13092041 tag=151 ready=1
FRAME_NET_GPU frame=151 gpu_ms=9.17481995 tag=152 ready=1
FRAME_NET_GPU frame=152 gpu_ms=9.2347002 tag=153 ready=1
FRAME_NET_GPU frame=153 gpu_ms=9.12080002 tag=154 ready=1
FRAME_NET_GPU frame=154 gpu_ms=9.19312 tag=155 ready=1
FRAME_NET_GPU frame=155 gpu_ms=9.18988037 tag=156 ready=1
FRAME_NET_GPU frame=156 gpu_ms=9.17994022 tag=157 ready=1
FRAME_NET_GPU frame=157 gpu_ms=9.13675976 tag=158 ready=1
FRAME_NET_GPU frame=158 gpu_ms=9.38901997 tag=159 ready=1
FRAME_NET_GPU frame=159 gpu_ms=9.06052017 tag=160 ready=1
frame=159 reset=1 wall_ms=9.922 invalid=0 luma=0.01307101 roi=0.01974189 dark=806206 roi_dark=258238 changed_first=0 maxabs_first=0
SP_STATS runs=320 fallback=0 rollover=0 jobs=285760 disabled=0 errors=0
RESULT frames=160 temporal=0 mean_wall_ms=17.798 invalid_total=0 restored_capture_every_frame=1 HDR_preserved=1

