seed=0 pattern=0
input format=RGBA16_FLOAT W=1296 H=720 invalid=0 min=0 max=34.53125 luma=0.0157641119 roi_luma=0.0250669576
adapter=AMD Radeon RX 9070 XT
SP_PLAN c=256 first=16 layers=6 tasks=893 initial=160 state_bytes=10732
SP_DONE c=256 first=16 tasks=893 base=0 ms=1.678
SP_PLAN c=256 first=49 layers=6 tasks=893 initial=160 state_bytes=10732
SP_DONE c=256 first=49 tasks=893 base=0 ms=0.714
SP_PLAN c=64 first=63 layers=2 tasks=4453 initial=2257 state_bytes=53452
SP_DONE c=64 first=63 tasks=4453 base=0 ms=0.436
frame=0 reset=1 wall_ms=1175.235 invalid=0 luma=0.01043502 roi=0.01611849 dark=837589 roi_dark=271139 changed_first=0 maxabs_first=0
SP_DONE c=256 first=16 tasks=893 base=893 ms=6.921
SP_DONE c=256 first=49 tasks=893 base=893 ms=4.312
SP_DONE c=64 first=63 tasks=4453 base=4453 ms=1.529
frame=1 reset=0 wall_ms=18.042 invalid=0 luma=0.01103854 roi=0.01706857 dark=833391 roi_dark=268977 changed_first=3674549 maxabs_first=15.56113
SP_DONE c=256 first=16 tasks=893 base=1786 ms=5.137
SP_DONE c=256 first=49 tasks=893 base=1786 ms=4.305
SP_DONE c=64 first=63 tasks=4453 base=8906 ms=1.521
frame=2 reset=0 wall_ms=14.835 invalid=0 luma=0.01150613 roi=0.01783123 dark=829052 roi_dark=266739 changed_first=3712159 maxabs_first=15.57192
SP_DONE c=256 first=16 tasks=893 base=2679 ms=7.783
SP_DONE c=256 first=49 tasks=893 base=2679 ms=4.252
SP_DONE c=64 first=63 tasks=4453 base=13359 ms=1.492
frame=3 reset=0 wall_ms=17.230 invalid=0 luma=0.01178046 roi=0.01831547 dark=826913 roi_dark=265560 changed_first=3724795 maxabs_first=15.57576
SP_DONE c=256 first=16 tasks=893 base=3572 ms=5.157
SP_DONE c=256 first=49 tasks=893 base=3572 ms=4.169
SP_DONE c=64 first=63 tasks=4453 base=17812 ms=1.564
frame=4 reset=0 wall_ms=14.466 invalid=0 luma=0.01179889 roi=0.01840152 dark=826864 roi_dark=265452 changed_first=3727565 maxabs_first=15.57611
SP_DONE c=256 first=16 tasks=893 base=4465 ms=5.228
SP_DONE c=256 first=49 tasks=893 base=4465 ms=4.240
SP_DONE c=64 first=63 tasks=4453 base=22265 ms=1.495
frame=5 reset=0 wall_ms=14.693 invalid=0 luma=0.01195839 roi=0.01873205 dark=825887 roi_dark=264740 changed_first=3729306 maxabs_first=15.57658
SP_DONE c=256 first=16 tasks=893 base=5358 ms=5.341
SP_DONE c=256 first=49 tasks=893 base=5358 ms=4.247
SP_DONE c=64 first=63 tasks=4453 base=26718 ms=1.574
frame=6 reset=0 wall_ms=14.756 invalid=0 luma=0.01198082 roi=0.01888853 dark=826118 roi_dark=264662 changed_first=3730016 maxabs_first=15.577
SP_DONE c=256 first=16 tasks=893 base=6251 ms=8.022
SP_DONE c=256 first=49 tasks=893 base=6251 ms=4.270
SP_DONE c=64 first=63 tasks=4453 base=31171 ms=1.562
frame=7 reset=0 wall_ms=17.613 invalid=0 luma=0.01196727 roi=0.01889667 dark=826085 roi_dark=264655 changed_first=3730204 maxabs_first=15.57514
SP_DONE c=256 first=16 tasks=893 base=7144 ms=6.803
SP_DONE c=256 first=49 tasks=893 base=7144 ms=4.219
SP_DONE c=64 first=63 tasks=4453 base=35624 ms=1.492
frame=8 reset=0 wall_ms=16.285 invalid=0 luma=0.01197053 roi=0.0189611 dark=825562 roi_dark=264296 changed_first=3730509 maxabs_first=15.57446
SP_DONE c=256 first=16 tasks=893 base=8037 ms=5.819
SP_DONE c=256 first=49 tasks=893 base=8037 ms=4.167
SP_DONE c=64 first=63 tasks=4453 base=40077 ms=1.468
frame=9 reset=0 wall_ms=15.259 invalid=0 luma=0.01188217 roi=0.01889453 dark=826273 roi_dark=264638 changed_first=3730751 maxabs_first=15.57565
SP_DONE c=256 first=16 tasks=893 base=8930 ms=5.298
SP_DONE c=256 first=49 tasks=893 base=8930 ms=4.208
SP_DONE c=64 first=63 tasks=4453 base=44530 ms=1.461
frame=10 reset=0 wall_ms=14.802 invalid=0 luma=0.01184289 roi=0.01892411 dark=826011 roi_dark=264466 changed_first=3730847 maxabs_first=15.57721
SP_DONE c=256 first=16 tasks=893 base=9823 ms=11.124
SP_DONE c=256 first=49 tasks=893 base=9823 ms=4.324
SP_DONE c=64 first=63 tasks=4453 base=48983 ms=1.614
frame=11 reset=0 wall_ms=20.659 invalid=0 luma=0.01164047 roi=0.01865964 dark=828377 roi_dark=265691 changed_first=3730970 maxabs_first=15.57678
SP_STATS runs=36 fallback=0 rollover=0 jobs=74868 disabled=0 errors=0
RESULT frames=12 temporal=1 mean_wall_ms=112.823 invalid_total=0 restored_capture_every_frame=1 HDR_preserved=1
