seed=0 pattern=0
input format=RGBA16_FLOAT W=1296 H=720 invalid=0 min=0 max=34.53125 luma=0.0157641119 roi_luma=0.0250669576
adapter=AMD Radeon RX 9070 XT
SP_PLAN c=256 first=16 layers=6 tasks=893 initial=160 state_bytes=10732
SP_DONE c=256 first=16 tasks=893 base=0 ms=1.628
SP_PLAN c=256 first=49 layers=6 tasks=893 initial=160 state_bytes=10732
SP_DONE c=256 first=49 tasks=893 base=0 ms=0.724
SP_PLAN c=64 first=63 layers=2 tasks=4453 initial=2257 state_bytes=53452
SP_DONE c=64 first=63 tasks=4453 base=0 ms=0.468
frame=0 reset=1 wall_ms=1291.092 invalid=0 luma=0.01043502 roi=0.01611849 dark=837589 roi_dark=271139 changed_first=0 maxabs_first=0
SP_DONE c=256 first=16 tasks=893 base=893 ms=7.859
SP_DONE c=256 first=49 tasks=893 base=893 ms=1.470
SP_DONE c=64 first=63 tasks=4453 base=4453 ms=1.448
frame=1 reset=1 wall_ms=20.140 invalid=0 luma=0.01058388 roi=0.01638867 dark=835523 roi_dark=269962 changed_first=3613807 maxabs_first=15.45532
SP_DONE c=256 first=16 tasks=893 base=1786 ms=4.560
SP_DONE c=256 first=49 tasks=893 base=1786 ms=1.558
SP_DONE c=64 first=63 tasks=4453 base=8906 ms=1.790
frame=2 reset=1 wall_ms=14.534 invalid=0 luma=0.01059036 roi=0.01629655 dark=835709 roi_dark=270355 changed_first=3627108 maxabs_first=15.56181
SP_DONE c=256 first=16 tasks=893 base=2679 ms=4.562
SP_DONE c=256 first=49 tasks=893 base=2679 ms=1.507
SP_DONE c=64 first=63 tasks=4453 base=13359 ms=1.475
frame=3 reset=1 wall_ms=13.829 invalid=0 luma=0.01057726 roi=0.01619845 dark=835764 roi_dark=270744 changed_first=3643703 maxabs_first=15.57711
SP_DONE c=256 first=16 tasks=893 base=3572 ms=4.619
SP_DONE c=256 first=49 tasks=893 base=3572 ms=1.397
SP_DONE c=64 first=63 tasks=4453 base=17812 ms=1.412
frame=4 reset=1 wall_ms=15.255 invalid=0 luma=0.01058589 roi=0.016097 dark=836270 roi_dark=271564 changed_first=3651748 maxabs_first=15.57686
SP_DONE c=256 first=16 tasks=893 base=4465 ms=5.481
SP_DONE c=256 first=49 tasks=893 base=4465 ms=1.424
SP_DONE c=64 first=63 tasks=4453 base=22265 ms=1.444
frame=5 reset=1 wall_ms=14.629 invalid=0 luma=0.01055159 roi=0.01595096 dark=836585 roi_dark=271914 changed_first=3661716 maxabs_first=15.57282
SP_DONE c=256 first=16 tasks=893 base=5358 ms=4.570
SP_DONE c=256 first=49 tasks=893 base=5358 ms=1.391
SP_DONE c=64 first=63 tasks=4453 base=26718 ms=1.493
frame=6 reset=1 wall_ms=13.986 invalid=0 luma=0.01056649 roi=0.01593167 dark=836504 roi_dark=271962 changed_first=3662502 maxabs_first=15.57127
SP_DONE c=256 first=16 tasks=893 base=6251 ms=9.111
SP_DONE c=256 first=49 tasks=893 base=6251 ms=1.552
SP_DONE c=64 first=63 tasks=4453 base=31171 ms=1.556
frame=7 reset=1 wall_ms=20.891 invalid=0 luma=0.01059234 roi=0.01599504 dark=836009 roi_dark=271717 changed_first=3676455 maxabs_first=15.56163
SP_DONE c=256 first=16 tasks=893 base=7144 ms=4.878
SP_DONE c=256 first=49 tasks=893 base=7144 ms=1.402
SP_DONE c=64 first=63 tasks=4453 base=35624 ms=1.446
frame=8 reset=1 wall_ms=13.998 invalid=0 luma=0.0106066 roi=0.01597222 dark=836062 roi_dark=271951 changed_first=3680158 maxabs_first=15.56401
SP_DONE c=256 first=16 tasks=893 base=8037 ms=5.036
SP_DONE c=256 first=49 tasks=893 base=8037 ms=1.574
SP_DONE c=64 first=63 tasks=4453 base=40077 ms=1.575
frame=9 reset=1 wall_ms=15.903 invalid=0 luma=0.01059387 roi=0.01593037 dark=835664 roi_dark=271889 changed_first=3684441 maxabs_first=15.57291
SP_DONE c=256 first=16 tasks=893 base=8930 ms=10.148
SP_DONE c=256 first=49 tasks=893 base=8930 ms=1.630
SP_DONE c=64 first=63 tasks=4453 base=44530 ms=1.578
frame=10 reset=1 wall_ms=22.934 invalid=0 luma=0.01058156 roi=0.01584257 dark=835152 roi_dark=271857 changed_first=3688112 maxabs_first=15.57238
SP_DONE c=256 first=16 tasks=893 base=9823 ms=5.993
SP_DONE c=256 first=49 tasks=893 base=9823 ms=1.581
SP_DONE c=64 first=63 tasks=4453 base=48983 ms=1.574
frame=11 reset=1 wall_ms=16.857 invalid=0 luma=0.01054018 roi=0.0157031 dark=835526 roi_dark=272233 changed_first=3690961 maxabs_first=15.57399
SP_STATS runs=36 fallback=0 rollover=0 jobs=74868 disabled=0 errors=0
RESULT frames=12 temporal=0 mean_wall_ms=122.837 invalid_total=0 restored_capture_every_frame=1 HDR_preserved=1
