seed=0 pattern=0
input format=RGBA16_FLOAT W=1296 H=720 invalid=0 min=0 max=34.53125 luma=0.0157641119 roi_luma=0.0250669576
adapter=AMD Radeon RX 9070 XT
SP_PLAN c=256 first=16 layers=6 tasks=624 initial=104 state_bytes=7504 w16=1
SP_PLAN c=256 first=49 layers=6 tasks=624 initial=104 state_bytes=7504 w16=1
FRAME_NET_GPU frame=0 gpu_ms=1192.47351 tag=1 ready=1
frame=0 reset=1 wall_ms=1202.293 invalid=0 luma=0.01311046 roi=0.01994696 dark=808529 roi_dark=258288 changed_first=0 maxabs_first=0
FRAME_NET_GPU frame=1 gpu_ms=8.20135021 tag=2 ready=1
FRAME_NET_GPU frame=2 gpu_ms=4.91790009 tag=3 ready=1
FRAME_NET_GPU frame=3 gpu_ms=6.85659981 tag=4 ready=1
FRAME_NET_GPU frame=4 gpu_ms=6.77619982 tag=5 ready=1
FRAME_NET_GPU frame=5 gpu_ms=6.43900013 tag=6 ready=1
FRAME_NET_GPU frame=6 gpu_ms=6.34380007 tag=7 ready=1
FRAME_NET_GPU frame=7 gpu_ms=6.34299994 tag=8 ready=1
FRAME_NET_GPU frame=8 gpu_ms=6.30253983 tag=9 ready=1
FRAME_NET_GPU frame=9 gpu_ms=6.40360022 tag=10 ready=1
FRAME_NET_GPU frame=10 gpu_ms=6.29869986 tag=11 ready=1
FRAME_NET_GPU frame=11 gpu_ms=6.33186007 tag=12 ready=1
FRAME_NET_GPU frame=12 gpu_ms=6.26558018 tag=13 ready=1
FRAME_NET_GPU frame=13 gpu_ms=6.28989983 tag=14 ready=1
FRAME_NET_GPU frame=14 gpu_ms=6.24047995 tag=15 ready=1
FRAME_NET_GPU frame=15 gpu_ms=6.35559988 tag=16 ready=1
FRAME_NET_GPU frame=16 gpu_ms=6.30662012 tag=17 ready=1
FRAME_NET_GPU frame=17 gpu_ms=6.28857994 tag=18 ready=1
FRAME_NET_GPU frame=18 gpu_ms=6.29059982 tag=19 ready=1
FRAME_NET_GPU frame=19 gpu_ms=6.31782007 tag=20 ready=1
FRAME_NET_GPU frame=20 gpu_ms=6.28185987 tag=21 ready=1
FRAME_NET_GPU frame=21 gpu_ms=6.38657999 tag=22 ready=1
FRAME_NET_GPU frame=22 gpu_ms=6.29324007 tag=23 ready=1
FRAME_NET_GPU frame=23 gpu_ms=6.20153999 tag=24 ready=1
FRAME_NET_GPU frame=24 gpu_ms=6.1979599 tag=25 ready=1
FRAME_NET_GPU frame=25 gpu_ms=6.18622017 tag=26 ready=1
FRAME_NET_GPU frame=26 gpu_ms=6.24011993 tag=27 ready=1
FRAME_NET_GPU frame=27 gpu_ms=6.28297997 tag=28 ready=1
FRAME_NET_GPU frame=28 gpu_ms=6.20819998 tag=29 ready=1
FRAME_NET_GPU frame=29 gpu_ms=6.28584003 tag=30 ready=1
FRAME_NET_GPU frame=30 gpu_ms=6.26191998 tag=31 ready=1
FRAME_NET_GPU frame=31 gpu_ms=6.30505991 tag=32 ready=1
FRAME_NET_GPU frame=32 gpu_ms=6.27716017 tag=33 ready=1
FRAME_NET_GPU frame=33 gpu_ms=6.25856018 tag=34 ready=1
FRAME_NET_GPU frame=34 gpu_ms=6.32380009 tag=35 ready=1
FRAME_NET_GPU frame=35 gpu_ms=6.30995989 tag=36 ready=1
FRAME_NET_GPU frame=36 gpu_ms=6.2857399 tag=37 ready=1
FRAME_NET_GPU frame=37 gpu_ms=6.25576019 tag=38 ready=1
FRAME_NET_GPU frame=38 gpu_ms=6.23303986 tag=39 ready=1
FRAME_NET_GPU frame=39 gpu_ms=6.32499981 tag=40 ready=1
FRAME_NET_GPU frame=40 gpu_ms=6.29260015 tag=41 ready=1
FRAME_NET_GPU frame=41 gpu_ms=6.29871988 tag=42 ready=1
FRAME_NET_GPU frame=42 gpu_ms=6.38711977 tag=43 ready=1
FRAME_NET_GPU frame=43 gpu_ms=6.41007996 tag=44 ready=1
FRAME_NET_GPU frame=44 gpu_ms=6.44174004 tag=45 ready=1
FRAME_NET_GPU frame=45 gpu_ms=6.43154001 tag=46 ready=1
FRAME_NET_GPU frame=46 gpu_ms=6.42242002 tag=47 ready=1
FRAME_NET_GPU frame=47 gpu_ms=6.48873997 tag=48 ready=1
FRAME_NET_GPU frame=48 gpu_ms=6.39699984 tag=49 ready=1
FRAME_NET_GPU frame=49 gpu_ms=6.43400002 tag=50 ready=1
FRAME_NET_GPU frame=50 gpu_ms=6.40976 tag=51 ready=1
FRAME_NET_GPU frame=51 gpu_ms=6.44655991 tag=52 ready=1
FRAME_NET_GPU frame=52 gpu_ms=6.44483995 tag=53 ready=1
FRAME_NET_GPU frame=53 gpu_ms=6.56275988 tag=54 ready=1
FRAME_NET_GPU frame=54 gpu_ms=6.41618013 tag=55 ready=1
FRAME_NET_GPU frame=55 gpu_ms=6.42356014 tag=56 ready=1
FRAME_NET_GPU frame=56 gpu_ms=6.41283989 tag=57 ready=1
FRAME_NET_GPU frame=57 gpu_ms=6.35432005 tag=58 ready=1
FRAME_NET_GPU frame=58 gpu_ms=6.43733978 tag=59 ready=1
FRAME_NET_GPU frame=59 gpu_ms=6.45230007 tag=60 ready=1
FRAME_NET_GPU frame=60 gpu_ms=6.43720007 tag=61 ready=1
FRAME_NET_GPU frame=61 gpu_ms=6.40452003 tag=62 ready=1
FRAME_NET_GPU frame=62 gpu_ms=6.40261984 tag=63 ready=1
FRAME_NET_GPU frame=63 gpu_ms=6.42986012 tag=64 ready=1
FRAME_NET_GPU frame=64 gpu_ms=6.39983988 tag=65 ready=1
FRAME_NET_GPU frame=65 gpu_ms=6.45115995 tag=66 ready=1
FRAME_NET_GPU frame=66 gpu_ms=6.41684008 tag=67 ready=1
FRAME_NET_GPU frame=67 gpu_ms=6.42560005 tag=68 ready=1
FRAME_NET_GPU frame=68 gpu_ms=6.31892014 tag=69 ready=1
FRAME_NET_GPU frame=69 gpu_ms=6.39277983 tag=70 ready=1
FRAME_NET_GPU frame=70 gpu_ms=6.40986013 tag=71 ready=1
FRAME_NET_GPU frame=71 gpu_ms=6.39799976 tag=72 ready=1
FRAME_NET_GPU frame=72 gpu_ms=6.42046022 tag=73 ready=1
FRAME_NET_GPU frame=73 gpu_ms=6.46952009 tag=74 ready=1
FRAME_NET_GPU frame=74 gpu_ms=6.39697981 tag=75 ready=1
FRAME_NET_GPU frame=75 gpu_ms=6.46594 tag=76 ready=1
FRAME_NET_GPU frame=76 gpu_ms=6.36552 tag=77 ready=1
FRAME_NET_GPU frame=77 gpu_ms=6.38560009 tag=78 ready=1
FRAME_NET_GPU frame=78 gpu_ms=6.41444016 tag=79 ready=1
FRAME_NET_GPU frame=79 gpu_ms=6.37728024 tag=80 ready=1
FRAME_NET_GPU frame=80 gpu_ms=6.36857986 tag=81 ready=1
FRAME_NET_GPU frame=81 gpu_ms=6.43618011 tag=82 ready=1
FRAME_NET_GPU frame=82 gpu_ms=6.43627977 tag=83 ready=1
FRAME_NET_GPU frame=83 gpu_ms=6.44784021 tag=84 ready=1
FRAME_NET_GPU frame=84 gpu_ms=6.39858007 tag=85 ready=1
FRAME_NET_GPU frame=85 gpu_ms=6.35016012 tag=86 ready=1
FRAME_NET_GPU frame=86 gpu_ms=6.46704006 tag=87 ready=1
FRAME_NET_GPU frame=87 gpu_ms=6.40893984 tag=88 ready=1
FRAME_NET_GPU frame=88 gpu_ms=6.36182022 tag=89 ready=1
FRAME_NET_GPU frame=89 gpu_ms=6.3545599 tag=90 ready=1
FRAME_NET_GPU frame=90 gpu_ms=6.37022018 tag=91 ready=1
FRAME_NET_GPU frame=91 gpu_ms=6.37943983 tag=92 ready=1
FRAME_NET_GPU frame=92 gpu_ms=6.43213987 tag=93 ready=1
FRAME_NET_GPU frame=93 gpu_ms=6.36808014 tag=94 ready=1
FRAME_NET_GPU frame=94 gpu_ms=6.43317986 tag=95 ready=1
FRAME_NET_GPU frame=95 gpu_ms=6.43357992 tag=96 ready=1
FRAME_NET_GPU frame=96 gpu_ms=6.42384005 tag=97 ready=1
FRAME_NET_GPU frame=97 gpu_ms=6.45397997 tag=98 ready=1
FRAME_NET_GPU frame=98 gpu_ms=6.44698 tag=99 ready=1
FRAME_NET_GPU frame=99 gpu_ms=6.54780006 tag=100 ready=1
FRAME_NET_GPU frame=100 gpu_ms=6.48780012 tag=101 ready=1
FRAME_NET_GPU frame=101 gpu_ms=6.36906004 tag=102 ready=1
FRAME_NET_GPU frame=102 gpu_ms=6.39618015 tag=103 ready=1
FRAME_NET_GPU frame=103 gpu_ms=6.43018007 tag=104 ready=1
FRAME_NET_GPU frame=104 gpu_ms=6.38070011 tag=105 ready=1
FRAME_NET_GPU frame=105 gpu_ms=6.44055986 tag=106 ready=1
FRAME_NET_GPU frame=106 gpu_ms=6.42556 tag=107 ready=1
FRAME_NET_GPU frame=107 gpu_ms=6.46466017 tag=108 ready=1
FRAME_NET_GPU frame=108 gpu_ms=6.40327978 tag=109 ready=1
FRAME_NET_GPU frame=109 gpu_ms=6.38290024 tag=110 ready=1
FRAME_NET_GPU frame=110 gpu_ms=6.34959984 tag=111 ready=1
FRAME_NET_GPU frame=111 gpu_ms=6.42394018 tag=112 ready=1
FRAME_NET_GPU frame=112 gpu_ms=6.4127202 tag=113 ready=1
FRAME_NET_GPU frame=113 gpu_ms=6.45005989 tag=114 ready=1
FRAME_NET_GPU frame=114 gpu_ms=6.50006008 tag=115 ready=1
FRAME_NET_GPU frame=115 gpu_ms=6.41253996 tag=116 ready=1
FRAME_NET_GPU frame=116 gpu_ms=6.38344002 tag=117 ready=1
FRAME_NET_GPU frame=117 gpu_ms=6.39745998 tag=118 ready=1
FRAME_NET_GPU frame=118 gpu_ms=6.42908001 tag=119 ready=1
FRAME_NET_GPU frame=119 gpu_ms=6.39771986 tag=120 ready=1
FRAME_NET_GPU frame=120 gpu_ms=6.4236598 tag=121 ready=1
FRAME_NET_GPU frame=121 gpu_ms=6.47342014 tag=122 ready=1
FRAME_NET_GPU frame=122 gpu_ms=6.57702017 tag=123 ready=1
FRAME_NET_GPU frame=123 gpu_ms=6.48046017 tag=124 ready=1
FRAME_NET_GPU frame=124 gpu_ms=6.37816 tag=125 ready=1
FRAME_NET_GPU frame=125 gpu_ms=6.36507988 tag=126 ready=1
FRAME_NET_GPU frame=126 gpu_ms=6.45395994 tag=127 ready=1
FRAME_NET_GPU frame=127 gpu_ms=6.57796001 tag=128 ready=1
FRAME_NET_GPU frame=128 gpu_ms=6.32685995 tag=129 ready=1
FRAME_NET_GPU frame=129 gpu_ms=6.42702007 tag=130 ready=1
FRAME_NET_GPU frame=130 gpu_ms=6.42261982 tag=131 ready=1
FRAME_NET_GPU frame=131 gpu_ms=6.23494005 tag=132 ready=1
FRAME_NET_GPU frame=132 gpu_ms=6.40528011 tag=133 ready=1
FRAME_NET_GPU frame=133 gpu_ms=6.38352013 tag=134 ready=1
FRAME_NET_GPU frame=134 gpu_ms=6.46702003 tag=135 ready=1
FRAME_NET_GPU frame=135 gpu_ms=6.42952013 tag=136 ready=1
FRAME_NET_GPU frame=136 gpu_ms=6.36327982 tag=137 ready=1
FRAME_NET_GPU frame=137 gpu_ms=6.43016005 tag=138 ready=1
FRAME_NET_GPU frame=138 gpu_ms=6.41989994 tag=139 ready=1
FRAME_NET_GPU frame=139 gpu_ms=6.43236017 tag=140 ready=1
FRAME_NET_GPU frame=140 gpu_ms=6.41932011 tag=141 ready=1
FRAME_NET_GPU frame=141 gpu_ms=6.40017986 tag=142 ready=1
FRAME_NET_GPU frame=142 gpu_ms=6.39226007 tag=143 ready=1
FRAME_NET_GPU frame=143 gpu_ms=6.37886 tag=144 ready=1
FRAME_NET_GPU frame=144 gpu_ms=6.44104004 tag=145 ready=1
FRAME_NET_GPU frame=145 gpu_ms=6.31608009 tag=146 ready=1
FRAME_NET_GPU frame=146 gpu_ms=6.35667992 tag=147 ready=1
FRAME_NET_GPU frame=147 gpu_ms=6.50528002 tag=148 ready=1
FRAME_NET_GPU frame=148 gpu_ms=6.52998018 tag=149 ready=1
FRAME_NET_GPU frame=149 gpu_ms=6.42672014 tag=150 ready=1
FRAME_NET_GPU frame=150 gpu_ms=6.34855986 tag=151 ready=1
FRAME_NET_GPU frame=151 gpu_ms=6.38496017 tag=152 ready=1
FRAME_NET_GPU frame=152 gpu_ms=6.51666021 tag=153 ready=1
FRAME_NET_GPU frame=153 gpu_ms=6.33601999 tag=154 ready=1
FRAME_NET_GPU frame=154 gpu_ms=6.46931982 tag=155 ready=1
FRAME_NET_GPU frame=155 gpu_ms=6.36948013 tag=156 ready=1
FRAME_NET_GPU frame=156 gpu_ms=6.39858007 tag=157 ready=1
FRAME_NET_GPU frame=157 gpu_ms=6.38437986 tag=158 ready=1
FRAME_NET_GPU frame=158 gpu_ms=6.48167992 tag=159 ready=1
FRAME_NET_GPU frame=159 gpu_ms=6.40129995 tag=160 ready=1
frame=159 reset=1 wall_ms=7.010 invalid=0 luma=0.01311046 roi=0.01994696 dark=808529 roi_dark=258288 changed_first=0 maxabs_first=0
SP_STATS runs=320 fallback=0 rollover=0 jobs=199680 disabled=0 errors=0
RESULT frames=160 temporal=0 mean_wall_ms=14.368 invalid_total=0 restored_capture_every_frame=1 HDR_preserved=1

