seed=1 pattern=0
input format=RGBA16_FLOAT W=2560 H=1440 invalid=0 min=0 max=1 luma=0.357899353 roi_luma=0.389746571
adapter=AMD Radeon RX 9070 XT
NET frame=0 gpu_ms=1119.046021
GEOMETRY valid=2560x1440 processing=2560x1472 tokens=960
frame=0 reset=1 wall_ms=1127.245 invalid=0 luma=0.3596833 roi=0.4035345 dark=1325 roi_dark=232 changed_first=0 maxabs_first=0
NET frame=1 gpu_ms=16.816700
NET frame=2 gpu_ms=15.512800
NET frame=3 gpu_ms=15.177400
NET frame=4 gpu_ms=15.196800
NET frame=5 gpu_ms=15.118900
NET frame=6 gpu_ms=15.100400
NET frame=7 gpu_ms=15.068500
NET frame=8 gpu_ms=15.199400
NET frame=9 gpu_ms=15.173600
NET frame=10 gpu_ms=15.130900
NET frame=11 gpu_ms=15.129600
NET frame=12 gpu_ms=15.142400
NET frame=13 gpu_ms=15.213400
NET frame=14 gpu_ms=15.241700
NET frame=15 gpu_ms=15.415700
NET frame=16 gpu_ms=15.315020
NET frame=17 gpu_ms=15.332600
NET frame=18 gpu_ms=15.434000
NET frame=19 gpu_ms=15.502400
NET frame=20 gpu_ms=15.516000
NET frame=21 gpu_ms=15.202780
NET frame=22 gpu_ms=15.214900
NET frame=23 gpu_ms=15.422840
NET frame=24 gpu_ms=15.399100
NET frame=25 gpu_ms=15.383700
NET frame=26 gpu_ms=15.276800
NET frame=27 gpu_ms=15.438300
NET frame=28 gpu_ms=15.353620
NET frame=29 gpu_ms=15.352900
NET frame=30 gpu_ms=15.336040
NET frame=31 gpu_ms=15.304120
NET frame=32 gpu_ms=15.275980
NET frame=33 gpu_ms=15.408700
NET frame=34 gpu_ms=15.532100
NET frame=35 gpu_ms=15.522340
NET frame=36 gpu_ms=15.383960
NET frame=37 gpu_ms=15.391900
NET frame=38 gpu_ms=15.328440
NET frame=39 gpu_ms=15.241380
NET frame=40 gpu_ms=15.440040
NET frame=41 gpu_ms=15.468580
NET frame=42 gpu_ms=15.403540
NET frame=43 gpu_ms=15.374600
NET frame=44 gpu_ms=15.546600
NET frame=45 gpu_ms=15.435920
NET frame=46 gpu_ms=15.495600
NET frame=47 gpu_ms=15.330700
NET frame=48 gpu_ms=15.298700
NET frame=49 gpu_ms=15.584600
NET frame=50 gpu_ms=15.488900
NET frame=51 gpu_ms=15.428300
NET frame=52 gpu_ms=15.529800
NET frame=53 gpu_ms=15.588100
NET frame=54 gpu_ms=15.530400
NET frame=55 gpu_ms=15.462100
NET frame=56 gpu_ms=15.526100
NET frame=57 gpu_ms=15.394600
NET frame=58 gpu_ms=15.378000
NET frame=59 gpu_ms=15.639700
NET frame=60 gpu_ms=15.426020
NET frame=61 gpu_ms=15.351200
NET frame=62 gpu_ms=15.347100
NET frame=63 gpu_ms=15.506900
NET frame=64 gpu_ms=15.441300
NET frame=65 gpu_ms=15.622700
NET frame=66 gpu_ms=15.340500
NET frame=67 gpu_ms=15.465300
NET frame=68 gpu_ms=15.515200
NET frame=69 gpu_ms=15.488700
NET frame=70 gpu_ms=15.653900
NET frame=71 gpu_ms=15.387400
frame=71 reset=1 wall_ms=16.967 invalid=0 luma=0.3596833 roi=0.4035345 dark=1325 roi_dark=232 changed_first=0 maxabs_first=0
SP_STATS runs=0 fallback=0 rollover=0 jobs=0 disabled=0 errors=0
RESULT frames=72 temporal=0 mean_wall_ms=32.319 invalid_total=0 restored_capture_every_frame=1 HDR_preserved=1
