seed=0 pattern=0
input format=RGBA16_FLOAT W=1296 H=720 invalid=0 min=0 max=34.53125 luma=0.0157641119 roi_luma=0.0250669576
adapter=AMD Radeon RX 9070 XT
SP_PLAN c=256 first=16 layers=6 tasks=893 initial=160 state_bytes=10732 w16=1
SP_PLAN c=256 first=49 layers=6 tasks=893 initial=160 state_bytes=10732 w16=1
FRAME_NET_GPU frame=0 gpu_ms=1158.77527
frame=0 reset=1 wall_ms=1168.980 invalid=0 luma=0.01307101 roi=0.01974189 dark=806206 roi_dark=258238 changed_first=0 maxabs_first=0
FRAME_NET_GPU frame=1 gpu_ms=16.8954391
FRAME_NET_GPU frame=2 gpu_ms=9.68550014
FRAME_NET_GPU frame=3 gpu_ms=9.28256035
FRAME_NET_GPU frame=4 gpu_ms=9.0466404
FRAME_NET_GPU frame=5 gpu_ms=9.11200047
FRAME_NET_GPU frame=6 gpu_ms=9.03829956
FRAME_NET_GPU frame=7 gpu_ms=9.00889969
FRAME_NET_GPU frame=8 gpu_ms=8.93887997
FRAME_NET_GPU frame=9 gpu_ms=8.98029995
FRAME_NET_GPU frame=10 gpu_ms=8.96240044
FRAME_NET_GPU frame=11 gpu_ms=9.01720047
FRAME_NET_GPU frame=12 gpu_ms=9.04300022
FRAME_NET_GPU frame=13 gpu_ms=9.04710007
FRAME_NET_GPU frame=14 gpu_ms=8.92339993
FRAME_NET_GPU frame=15 gpu_ms=9.07320023
FRAME_NET_GPU frame=16 gpu_ms=8.88136005
FRAME_NET_GPU frame=17 gpu_ms=8.94291973
FRAME_NET_GPU frame=18 gpu_ms=8.94736004
FRAME_NET_GPU frame=19 gpu_ms=9.00356007
FRAME_NET_GPU frame=20 gpu_ms=8.91827965
FRAME_NET_GPU frame=21 gpu_ms=9.02058029
FRAME_NET_GPU frame=22 gpu_ms=8.90003967
FRAME_NET_GPU frame=23 gpu_ms=8.97469997
FRAME_NET_GPU frame=24 gpu_ms=8.99728012
FRAME_NET_GPU frame=25 gpu_ms=9.04333973
FRAME_NET_GPU frame=26 gpu_ms=9.16281986
FRAME_NET_GPU frame=27 gpu_ms=9.16858006
FRAME_NET_GPU frame=28 gpu_ms=9.1097002
FRAME_NET_GPU frame=29 gpu_ms=9.15913963
FRAME_NET_GPU frame=30 gpu_ms=9.07705975
FRAME_NET_GPU frame=31 gpu_ms=9.10618019
FRAME_NET_GPU frame=32 gpu_ms=9.07653999
FRAME_NET_GPU frame=33 gpu_ms=9.25360012
FRAME_NET_GPU frame=34 gpu_ms=9.1838398
FRAME_NET_GPU frame=35 gpu_ms=9.20713997
FRAME_NET_GPU frame=36 gpu_ms=9.09560013
FRAME_NET_GPU frame=37 gpu_ms=9.1672802
FRAME_NET_GPU frame=38 gpu_ms=9.11795998
FRAME_NET_GPU frame=39 gpu_ms=9.14076042
FRAME_NET_GPU frame=40 gpu_ms=9.04308033
FRAME_NET_GPU frame=41 gpu_ms=9.22579956
FRAME_NET_GPU frame=42 gpu_ms=9.21527958
FRAME_NET_GPU frame=43 gpu_ms=9.21292019
FRAME_NET_GPU frame=44 gpu_ms=9.04930019
FRAME_NET_GPU frame=45 gpu_ms=9.14533997
FRAME_NET_GPU frame=46 gpu_ms=9.17998028
FRAME_NET_GPU frame=47 gpu_ms=9.19931984
FRAME_NET_GPU frame=48 gpu_ms=9.17846012
FRAME_NET_GPU frame=49 gpu_ms=9.14768028
FRAME_NET_GPU frame=50 gpu_ms=9.17453957
FRAME_NET_GPU frame=51 gpu_ms=9.14869976
FRAME_NET_GPU frame=52 gpu_ms=9.18618011
FRAME_NET_GPU frame=53 gpu_ms=9.18927956
FRAME_NET_GPU frame=54 gpu_ms=9.17000008
FRAME_NET_GPU frame=55 gpu_ms=9.16821957
FRAME_NET_GPU frame=56 gpu_ms=9.13448048
FRAME_NET_GPU frame=57 gpu_ms=9.16541958
FRAME_NET_GPU frame=58 gpu_ms=9.15196037
FRAME_NET_GPU frame=59 gpu_ms=9.28724003
FRAME_NET_GPU frame=60 gpu_ms=9.17866039
FRAME_NET_GPU frame=61 gpu_ms=9.20046043
FRAME_NET_GPU frame=62 gpu_ms=9.16030025
FRAME_NET_GPU frame=63 gpu_ms=9.10287952
FRAME_NET_GPU frame=64 gpu_ms=9.15577984
FRAME_NET_GPU frame=65 gpu_ms=9.23770046
FRAME_NET_GPU frame=66 gpu_ms=9.13685989
FRAME_NET_GPU frame=67 gpu_ms=9.1310997
FRAME_NET_GPU frame=68 gpu_ms=9.11620045
FRAME_NET_GPU frame=69 gpu_ms=9.16763973
FRAME_NET_GPU frame=70 gpu_ms=9.1801796
FRAME_NET_GPU frame=71 gpu_ms=9.18472004
FRAME_NET_GPU frame=72 gpu_ms=9.1012001
FRAME_NET_GPU frame=73 gpu_ms=9.25889969
FRAME_NET_GPU frame=74 gpu_ms=9.0999403
FRAME_NET_GPU frame=75 gpu_ms=9.24853992
FRAME_NET_GPU frame=76 gpu_ms=9.10200024
FRAME_NET_GPU frame=77 gpu_ms=9.19676018
FRAME_NET_GPU frame=78 gpu_ms=9.09004021
FRAME_NET_GPU frame=79 gpu_ms=9.18894005
FRAME_NET_GPU frame=80 gpu_ms=9.22999954
FRAME_NET_GPU frame=81 gpu_ms=9.14970016
FRAME_NET_GPU frame=82 gpu_ms=9.09508038
FRAME_NET_GPU frame=83 gpu_ms=9.19787979
FRAME_NET_GPU frame=84 gpu_ms=9.14610004
FRAME_NET_GPU frame=85 gpu_ms=9.17333984
FRAME_NET_GPU frame=86 gpu_ms=9.23910046
FRAME_NET_GPU frame=87 gpu_ms=9.06844044
FRAME_NET_GPU frame=88 gpu_ms=9.13722038
FRAME_NET_GPU frame=89 gpu_ms=9.14204025
FRAME_NET_GPU frame=90 gpu_ms=9.13506031
FRAME_NET_GPU frame=91 gpu_ms=9.10838032
FRAME_NET_GPU frame=92 gpu_ms=9.20193958
FRAME_NET_GPU frame=93 gpu_ms=9.20524025
FRAME_NET_GPU frame=94 gpu_ms=9.13430023
FRAME_NET_GPU frame=95 gpu_ms=9.18548012
FRAME_NET_GPU frame=96 gpu_ms=9.19715977
FRAME_NET_GPU frame=97 gpu_ms=9.1487999
FRAME_NET_GPU frame=98 gpu_ms=9.11509991
FRAME_NET_GPU frame=99 gpu_ms=9.24143982
FRAME_NET_GPU frame=100 gpu_ms=9.25580025
FRAME_NET_GPU frame=101 gpu_ms=9.05825996
FRAME_NET_GPU frame=102 gpu_ms=9.20454025
FRAME_NET_GPU frame=103 gpu_ms=9.17965984
FRAME_NET_GPU frame=104 gpu_ms=9.06552029
FRAME_NET_GPU frame=105 gpu_ms=9.16207981
FRAME_NET_GPU frame=106 gpu_ms=9.1498003
FRAME_NET_GPU frame=107 gpu_ms=9.12464046
FRAME_NET_GPU frame=108 gpu_ms=9.06558037
FRAME_NET_GPU frame=109 gpu_ms=9.22360039
FRAME_NET_GPU frame=110 gpu_ms=9.1909399
FRAME_NET_GPU frame=111 gpu_ms=9.27056026
FRAME_NET_GPU frame=112 gpu_ms=8.96154022
FRAME_NET_GPU frame=113 gpu_ms=9.16133976
FRAME_NET_GPU frame=114 gpu_ms=9.06853962
FRAME_NET_GPU frame=115 gpu_ms=9.19349957
FRAME_NET_GPU frame=116 gpu_ms=9.13696003
FRAME_NET_GPU frame=117 gpu_ms=9.34517956
FRAME_NET_GPU frame=118 gpu_ms=9.12572002
FRAME_NET_GPU frame=119 gpu_ms=9.20394039
FRAME_NET_GPU frame=120 gpu_ms=8.99962044
FRAME_NET_GPU frame=121 gpu_ms=9.18659973
FRAME_NET_GPU frame=122 gpu_ms=9.25763988
FRAME_NET_GPU frame=123 gpu_ms=9.21588039
FRAME_NET_GPU frame=124 gpu_ms=9.18540001
FRAME_NET_GPU frame=125 gpu_ms=9.16324043
FRAME_NET_GPU frame=126 gpu_ms=9.1308403
FRAME_NET_GPU frame=127 gpu_ms=9.1189003
FRAME_NET_GPU frame=128 gpu_ms=9.20238018
FRAME_NET_GPU frame=129 gpu_ms=9.07546043
FRAME_NET_GPU frame=130 gpu_ms=9.13980007
FRAME_NET_GPU frame=131 gpu_ms=9.19104004
FRAME_NET_GPU frame=132 gpu_ms=9.05679989
FRAME_NET_GPU frame=133 gpu_ms=9.18167973
FRAME_NET_GPU frame=134 gpu_ms=9.15458012
FRAME_NET_GPU frame=135 gpu_ms=9.27029991
FRAME_NET_GPU frame=136 gpu_ms=9.10422039
FRAME_NET_GPU frame=137 gpu_ms=9.20798016
FRAME_NET_GPU frame=138 gpu_ms=9.14311981
FRAME_NET_GPU frame=139 gpu_ms=9.21883965
FRAME_NET_GPU frame=140 gpu_ms=9.29329967
FRAME_NET_GPU frame=141 gpu_ms=9.17413998
FRAME_NET_GPU frame=142 gpu_ms=9.06814003
FRAME_NET_GPU frame=143 gpu_ms=9.18906021
FRAME_NET_GPU frame=144 gpu_ms=9.13714027
FRAME_NET_GPU frame=145 gpu_ms=9.19575977
FRAME_NET_GPU frame=146 gpu_ms=9.06966019
FRAME_NET_GPU frame=147 gpu_ms=9.16757965
FRAME_NET_GPU frame=148 gpu_ms=9.15157986
FRAME_NET_GPU frame=149 gpu_ms=9.08353996
FRAME_NET_GPU frame=150 gpu_ms=9.32118034
FRAME_NET_GPU frame=151 gpu_ms=9.17661953
FRAME_NET_GPU frame=152 gpu_ms=9.11690044
FRAME_NET_GPU frame=153 gpu_ms=9.24913979
FRAME_NET_GPU frame=154 gpu_ms=9.21084023
FRAME_NET_GPU frame=155 gpu_ms=9.02266026
FRAME_NET_GPU frame=156 gpu_ms=9.12339973
FRAME_NET_GPU frame=157 gpu_ms=9.26198006
FRAME_NET_GPU frame=158 gpu_ms=9.11096001
FRAME_NET_GPU frame=159 gpu_ms=9.0191803
frame=159 reset=1 wall_ms=9.777 invalid=0 luma=0.01307101 roi=0.01974189 dark=806206 roi_dark=258238 changed_first=0 maxabs_first=0
SP_STATS runs=320 fallback=0 rollover=0 jobs=285760 disabled=0 errors=0
RESULT frames=160 temporal=0 mean_wall_ms=17.011 invalid_total=0 restored_capture_every_frame=1 HDR_preserved=1

