seed=1 pattern=0
input format=RGBA16_FLOAT W=2560 H=1440 invalid=0 min=0 max=1 luma=0.357899353 roi_luma=0.389746571
adapter=AMD Radeon RX 9070 XT
GEOMETRY valid=2560x1440 processing=2560x1472 tokens=960
frame=0 reset=1 wall_ms=1101.943 invalid=0 luma=0.3597704 roi=0.4268046 dark=101219 roi_dark=9829 changed_first=0 maxabs_first=0
frame=1 reset=1 wall_ms=38.001 invalid=0 luma=0.3597704 roi=0.4268046 dark=101219 roi_dark=9829 changed_first=0 maxabs_first=0
frame=2 reset=1 wall_ms=34.467 invalid=0 luma=0.3597704 roi=0.4268046 dark=101219 roi_dark=9829 changed_first=0 maxabs_first=0
frame=3 reset=1 wall_ms=34.523 invalid=0 luma=0.3597704 roi=0.4268046 dark=101219 roi_dark=9829 changed_first=0 maxabs_first=0
frame=4 reset=1 wall_ms=34.451 invalid=0 luma=0.3597704 roi=0.4268046 dark=101219 roi_dark=9829 changed_first=0 maxabs_first=0
frame=5 reset=1 wall_ms=35.131 invalid=0 luma=0.3597704 roi=0.4268046 dark=101219 roi_dark=9829 changed_first=0 maxabs_first=0
frame=6 reset=1 wall_ms=34.433 invalid=0 luma=0.3597704 roi=0.4268046 dark=101219 roi_dark=9829 changed_first=0 maxabs_first=0
frame=7 reset=1 wall_ms=34.500 invalid=0 luma=0.3597704 roi=0.4268046 dark=101219 roi_dark=9829 changed_first=0 maxabs_first=0
frame=8 reset=1 wall_ms=34.509 invalid=0 luma=0.3597704 roi=0.4268046 dark=101219 roi_dark=9829 changed_first=0 maxabs_first=0
frame=9 reset=1 wall_ms=34.630 invalid=0 luma=0.3597704 roi=0.4268046 dark=101219 roi_dark=9829 changed_first=0 maxabs_first=0
frame=10 reset=1 wall_ms=34.416 invalid=0 luma=0.3597704 roi=0.4268046 dark=101219 roi_dark=9829 changed_first=0 maxabs_first=0
frame=11 reset=1 wall_ms=34.877 invalid=0 luma=0.3597704 roi=0.4268046 dark=101219 roi_dark=9829 changed_first=0 maxabs_first=0
frame=12 reset=1 wall_ms=34.848 invalid=0 luma=0.3597704 roi=0.4268046 dark=101219 roi_dark=9829 changed_first=0 maxabs_first=0
frame=13 reset=1 wall_ms=34.924 invalid=0 luma=0.3597704 roi=0.4268046 dark=101219 roi_dark=9829 changed_first=0 maxabs_first=0
frame=14 reset=1 wall_ms=37.717 invalid=0 luma=0.3597704 roi=0.4268046 dark=101219 roi_dark=9829 changed_first=0 maxabs_first=0
frame=15 reset=1 wall_ms=34.980 invalid=0 luma=0.3597704 roi=0.4268046 dark=101219 roi_dark=9829 changed_first=0 maxabs_first=0
frame=16 reset=1 wall_ms=34.037 invalid=0 luma=0.3597704 roi=0.4268046 dark=101219 roi_dark=9829 changed_first=0 maxabs_first=0
frame=17 reset=1 wall_ms=37.926 invalid=0 luma=0.3597704 roi=0.4268046 dark=101219 roi_dark=9829 changed_first=0 maxabs_first=0
frame=18 reset=1 wall_ms=38.740 invalid=0 luma=0.3597704 roi=0.4268046 dark=101219 roi_dark=9829 changed_first=0 maxabs_first=0
frame=19 reset=1 wall_ms=38.309 invalid=0 luma=0.3597704 roi=0.4268046 dark=101219 roi_dark=9829 changed_first=0 maxabs_first=0
frame=20 reset=1 wall_ms=35.319 invalid=0 luma=0.3597704 roi=0.4268046 dark=101219 roi_dark=9829 changed_first=0 maxabs_first=0
frame=21 reset=1 wall_ms=34.053 invalid=0 luma=0.3597704 roi=0.4268046 dark=101219 roi_dark=9829 changed_first=0 maxabs_first=0
frame=22 reset=1 wall_ms=33.947 invalid=0 luma=0.3597704 roi=0.4268046 dark=101219 roi_dark=9829 changed_first=0 maxabs_first=0
frame=23 reset=1 wall_ms=35.364 invalid=0 luma=0.3597704 roi=0.4268046 dark=101219 roi_dark=9829 changed_first=0 maxabs_first=0
frame=24 reset=1 wall_ms=36.085 invalid=0 luma=0.3597704 roi=0.4268046 dark=101219 roi_dark=9829 changed_first=0 maxabs_first=0
frame=25 reset=1 wall_ms=34.878 invalid=0 luma=0.3597704 roi=0.4268046 dark=101219 roi_dark=9829 changed_first=0 maxabs_first=0
frame=26 reset=1 wall_ms=35.585 invalid=0 luma=0.3597704 roi=0.4268046 dark=101219 roi_dark=9829 changed_first=0 maxabs_first=0
frame=27 reset=1 wall_ms=45.013 invalid=0 luma=0.3597704 roi=0.4268046 dark=101219 roi_dark=9829 changed_first=0 maxabs_first=0
frame=28 reset=1 wall_ms=36.053 invalid=0 luma=0.3597704 roi=0.4268046 dark=101219 roi_dark=9829 changed_first=0 maxabs_first=0
frame=29 reset=1 wall_ms=34.492 invalid=0 luma=0.3597704 roi=0.4268046 dark=101219 roi_dark=9829 changed_first=0 maxabs_first=0
frame=30 reset=1 wall_ms=34.289 invalid=0 luma=0.3597704 roi=0.4268046 dark=101219 roi_dark=9829 changed_first=0 maxabs_first=0
frame=31 reset=1 wall_ms=34.366 invalid=0 luma=0.3597704 roi=0.4268046 dark=101219 roi_dark=9829 changed_first=0 maxabs_first=0
frame=32 reset=1 wall_ms=38.054 invalid=0 luma=0.3597704 roi=0.4268046 dark=101219 roi_dark=9829 changed_first=0 maxabs_first=0
frame=33 reset=1 wall_ms=34.264 invalid=0 luma=0.3597704 roi=0.4268046 dark=101219 roi_dark=9829 changed_first=0 maxabs_first=0
frame=34 reset=1 wall_ms=34.914 invalid=0 luma=0.3597704 roi=0.4268046 dark=101219 roi_dark=9829 changed_first=0 maxabs_first=0
frame=35 reset=1 wall_ms=34.918 invalid=0 luma=0.3597704 roi=0.4268046 dark=101219 roi_dark=9829 changed_first=0 maxabs_first=0
frame=36 reset=1 wall_ms=34.086 invalid=0 luma=0.3597704 roi=0.4268046 dark=101219 roi_dark=9829 changed_first=0 maxabs_first=0
frame=37 reset=1 wall_ms=34.470 invalid=0 luma=0.3597704 roi=0.4268046 dark=101219 roi_dark=9829 changed_first=0 maxabs_first=0
frame=38 reset=1 wall_ms=35.133 invalid=0 luma=0.3597704 roi=0.4268046 dark=101219 roi_dark=9829 changed_first=0 maxabs_first=0
frame=39 reset=1 wall_ms=34.260 invalid=0 luma=0.3597704 roi=0.4268046 dark=101219 roi_dark=9829 changed_first=0 maxabs_first=0
frame=40 reset=1 wall_ms=35.183 invalid=0 luma=0.3597704 roi=0.4268046 dark=101219 roi_dark=9829 changed_first=0 maxabs_first=0
frame=41 reset=1 wall_ms=34.277 invalid=0 luma=0.3597704 roi=0.4268046 dark=101219 roi_dark=9829 changed_first=0 maxabs_first=0
frame=42 reset=1 wall_ms=34.981 invalid=0 luma=0.3597704 roi=0.4268046 dark=101219 roi_dark=9829 changed_first=0 maxabs_first=0
frame=43 reset=1 wall_ms=35.286 invalid=0 luma=0.3597704 roi=0.4268046 dark=101219 roi_dark=9829 changed_first=0 maxabs_first=0
frame=44 reset=1 wall_ms=35.083 invalid=0 luma=0.3597704 roi=0.4268046 dark=101219 roi_dark=9829 changed_first=0 maxabs_first=0
frame=45 reset=1 wall_ms=44.797 invalid=0 luma=0.3597704 roi=0.4268046 dark=101219 roi_dark=9829 changed_first=0 maxabs_first=0
frame=46 reset=1 wall_ms=35.419 invalid=0 luma=0.3597704 roi=0.4268046 dark=101219 roi_dark=9829 changed_first=0 maxabs_first=0
frame=47 reset=1 wall_ms=36.147 invalid=0 luma=0.3597704 roi=0.4268046 dark=101219 roi_dark=9829 changed_first=0 maxabs_first=0
frame=48 reset=1 wall_ms=37.264 invalid=0 luma=0.3597704 roi=0.4268046 dark=101219 roi_dark=9829 changed_first=0 maxabs_first=0
frame=49 reset=1 wall_ms=34.145 invalid=0 luma=0.3597704 roi=0.4268046 dark=101219 roi_dark=9829 changed_first=0 maxabs_first=0
frame=50 reset=1 wall_ms=34.211 invalid=0 luma=0.3597704 roi=0.4268046 dark=101219 roi_dark=9829 changed_first=0 maxabs_first=0
frame=51 reset=1 wall_ms=34.241 invalid=0 luma=0.3597704 roi=0.4268046 dark=101219 roi_dark=9829 changed_first=0 maxabs_first=0
frame=52 reset=1 wall_ms=34.150 invalid=0 luma=0.3597704 roi=0.4268046 dark=101219 roi_dark=9829 changed_first=0 maxabs_first=0
frame=53 reset=1 wall_ms=34.164 invalid=0 luma=0.3597704 roi=0.4268046 dark=101219 roi_dark=9829 changed_first=0 maxabs_first=0
frame=54 reset=1 wall_ms=34.176 invalid=0 luma=0.3597704 roi=0.4268046 dark=101219 roi_dark=9829 changed_first=0 maxabs_first=0
frame=55 reset=1 wall_ms=35.896 invalid=0 luma=0.3597704 roi=0.4268046 dark=101219 roi_dark=9829 changed_first=0 maxabs_first=0
frame=56 reset=1 wall_ms=34.315 invalid=0 luma=0.3597704 roi=0.4268046 dark=101219 roi_dark=9829 changed_first=0 maxabs_first=0
frame=57 reset=1 wall_ms=35.126 invalid=0 luma=0.3597704 roi=0.4268046 dark=101219 roi_dark=9829 changed_first=0 maxabs_first=0
frame=58 reset=1 wall_ms=34.164 invalid=0 luma=0.3597704 roi=0.4268046 dark=101219 roi_dark=9829 changed_first=0 maxabs_first=0
frame=59 reset=1 wall_ms=34.529 invalid=0 luma=0.3597704 roi=0.4268046 dark=101219 roi_dark=9829 changed_first=0 maxabs_first=0
frame=60 reset=1 wall_ms=34.544 invalid=0 luma=0.3597704 roi=0.4268046 dark=101219 roi_dark=9829 changed_first=0 maxabs_first=0
frame=61 reset=1 wall_ms=34.225 invalid=0 luma=0.3597704 roi=0.4268046 dark=101219 roi_dark=9829 changed_first=0 maxabs_first=0
frame=62 reset=1 wall_ms=34.218 invalid=0 luma=0.3597704 roi=0.4268046 dark=101219 roi_dark=9829 changed_first=0 maxabs_first=0
frame=63 reset=1 wall_ms=34.255 invalid=0 luma=0.3597704 roi=0.4268046 dark=101219 roi_dark=9829 changed_first=0 maxabs_first=0
frame=64 reset=1 wall_ms=35.292 invalid=0 luma=0.3597704 roi=0.4268046 dark=101219 roi_dark=9829 changed_first=0 maxabs_first=0
frame=65 reset=1 wall_ms=35.309 invalid=0 luma=0.3597704 roi=0.4268046 dark=101219 roi_dark=9829 changed_first=0 maxabs_first=0
frame=66 reset=1 wall_ms=34.412 invalid=0 luma=0.3597704 roi=0.4268046 dark=101219 roi_dark=9829 changed_first=0 maxabs_first=0
frame=67 reset=1 wall_ms=37.561 invalid=0 luma=0.3597704 roi=0.4268046 dark=101219 roi_dark=9829 changed_first=0 maxabs_first=0
frame=68 reset=1 wall_ms=34.451 invalid=0 luma=0.3597704 roi=0.4268046 dark=101219 roi_dark=9829 changed_first=0 maxabs_first=0
frame=69 reset=1 wall_ms=34.790 invalid=0 luma=0.3597704 roi=0.4268046 dark=101219 roi_dark=9829 changed_first=0 maxabs_first=0
frame=70 reset=1 wall_ms=37.366 invalid=0 luma=0.3597704 roi=0.4268046 dark=101219 roi_dark=9829 changed_first=0 maxabs_first=0
frame=71 reset=1 wall_ms=34.953 invalid=0 luma=0.3597704 roi=0.4268046 dark=101219 roi_dark=9829 changed_first=0 maxabs_first=0
frame=72 reset=1 wall_ms=34.023 invalid=0 luma=0.3597704 roi=0.4268046 dark=101219 roi_dark=9829 changed_first=0 maxabs_first=0
frame=73 reset=1 wall_ms=35.520 invalid=0 luma=0.3597704 roi=0.4268046 dark=101219 roi_dark=9829 changed_first=0 maxabs_first=0
frame=74 reset=1 wall_ms=34.535 invalid=0 luma=0.3597704 roi=0.4268046 dark=101219 roi_dark=9829 changed_first=0 maxabs_first=0
frame=75 reset=1 wall_ms=34.799 invalid=0 luma=0.3597704 roi=0.4268046 dark=101219 roi_dark=9829 changed_first=0 maxabs_first=0
frame=76 reset=1 wall_ms=34.663 invalid=0 luma=0.3597704 roi=0.4268046 dark=101219 roi_dark=9829 changed_first=0 maxabs_first=0
frame=77 reset=1 wall_ms=35.106 invalid=0 luma=0.3597704 roi=0.4268046 dark=101219 roi_dark=9829 changed_first=0 maxabs_first=0
frame=78 reset=1 wall_ms=35.640 invalid=0 luma=0.3597704 roi=0.4268046 dark=101219 roi_dark=9829 changed_first=0 maxabs_first=0
frame=79 reset=1 wall_ms=33.904 invalid=0 luma=0.3597704 roi=0.4268046 dark=101219 roi_dark=9829 changed_first=0 maxabs_first=0
frame=80 reset=1 wall_ms=35.318 invalid=0 luma=0.3597704 roi=0.4268046 dark=101219 roi_dark=9829 changed_first=0 maxabs_first=0
frame=81 reset=1 wall_ms=34.534 invalid=0 luma=0.3597704 roi=0.4268046 dark=101219 roi_dark=9829 changed_first=0 maxabs_first=0
frame=82 reset=1 wall_ms=34.273 invalid=0 luma=0.3597704 roi=0.4268046 dark=101219 roi_dark=9829 changed_first=0 maxabs_first=0
frame=83 reset=1 wall_ms=33.925 invalid=0 luma=0.3597704 roi=0.4268046 dark=101219 roi_dark=9829 changed_first=0 maxabs_first=0
frame=84 reset=1 wall_ms=34.375 invalid=0 luma=0.3597704 roi=0.4268046 dark=101219 roi_dark=9829 changed_first=0 maxabs_first=0
frame=85 reset=1 wall_ms=35.124 invalid=0 luma=0.3597704 roi=0.4268046 dark=101219 roi_dark=9829 changed_first=0 maxabs_first=0
frame=86 reset=1 wall_ms=34.429 invalid=0 luma=0.3597704 roi=0.4268046 dark=101219 roi_dark=9829 changed_first=0 maxabs_first=0
frame=87 reset=1 wall_ms=34.198 invalid=0 luma=0.3597704 roi=0.4268046 dark=101219 roi_dark=9829 changed_first=0 maxabs_first=0
frame=88 reset=1 wall_ms=35.622 invalid=0 luma=0.3597704 roi=0.4268046 dark=101219 roi_dark=9829 changed_first=0 maxabs_first=0
frame=89 reset=1 wall_ms=34.277 invalid=0 luma=0.3597704 roi=0.4268046 dark=101219 roi_dark=9829 changed_first=0 maxabs_first=0
frame=90 reset=1 wall_ms=34.149 invalid=0 luma=0.3597704 roi=0.4268046 dark=101219 roi_dark=9829 changed_first=0 maxabs_first=0
frame=91 reset=1 wall_ms=34.580 invalid=0 luma=0.3597704 roi=0.4268046 dark=101219 roi_dark=9829 changed_first=0 maxabs_first=0
frame=92 reset=1 wall_ms=34.552 invalid=0 luma=0.3597704 roi=0.4268046 dark=101219 roi_dark=9829 changed_first=0 maxabs_first=0
frame=93 reset=1 wall_ms=34.286 invalid=0 luma=0.3597704 roi=0.4268046 dark=101219 roi_dark=9829 changed_first=0 maxabs_first=0
frame=94 reset=1 wall_ms=34.233 invalid=0 luma=0.3597704 roi=0.4268046 dark=101219 roi_dark=9829 changed_first=0 maxabs_first=0
frame=95 reset=1 wall_ms=35.192 invalid=0 luma=0.3597704 roi=0.4268046 dark=101219 roi_dark=9829 changed_first=0 maxabs_first=0
frame=96 reset=1 wall_ms=34.383 invalid=0 luma=0.3597704 roi=0.4268046 dark=101219 roi_dark=9829 changed_first=0 maxabs_first=0
frame=97 reset=1 wall_ms=34.124 invalid=0 luma=0.3597704 roi=0.4268046 dark=101219 roi_dark=9829 changed_first=0 maxabs_first=0
frame=98 reset=1 wall_ms=34.340 invalid=0 luma=0.3597704 roi=0.4268046 dark=101219 roi_dark=9829 changed_first=0 maxabs_first=0
frame=99 reset=1 wall_ms=34.026 invalid=0 luma=0.3597704 roi=0.4268046 dark=101219 roi_dark=9829 changed_first=0 maxabs_first=0
frame=100 reset=1 wall_ms=35.542 invalid=0 luma=0.3597704 roi=0.4268046 dark=101219 roi_dark=9829 changed_first=0 maxabs_first=0
frame=101 reset=1 wall_ms=34.578 invalid=0 luma=0.3597704 roi=0.4268046 dark=101219 roi_dark=9829 changed_first=0 maxabs_first=0
frame=102 reset=1 wall_ms=34.517 invalid=0 luma=0.3597704 roi=0.4268046 dark=101219 roi_dark=9829 changed_first=0 maxabs_first=0
frame=103 reset=1 wall_ms=34.538 invalid=0 luma=0.3597704 roi=0.4268046 dark=101219 roi_dark=9829 changed_first=0 maxabs_first=0
frame=104 reset=1 wall_ms=34.543 invalid=0 luma=0.3597704 roi=0.4268046 dark=101219 roi_dark=9829 changed_first=0 maxabs_first=0
frame=105 reset=1 wall_ms=34.034 invalid=0 luma=0.3597704 roi=0.4268046 dark=101219 roi_dark=9829 changed_first=0 maxabs_first=0
frame=106 reset=1 wall_ms=34.747 invalid=0 luma=0.3597704 roi=0.4268046 dark=101219 roi_dark=9829 changed_first=0 maxabs_first=0
frame=107 reset=1 wall_ms=35.022 invalid=0 luma=0.3597704 roi=0.4268046 dark=101219 roi_dark=9829 changed_first=0 maxabs_first=0
frame=108 reset=1 wall_ms=35.002 invalid=0 luma=0.3597704 roi=0.4268046 dark=101219 roi_dark=9829 changed_first=0 maxabs_first=0
frame=109 reset=1 wall_ms=35.128 invalid=0 luma=0.3597704 roi=0.4268046 dark=101219 roi_dark=9829 changed_first=0 maxabs_first=0
frame=110 reset=1 wall_ms=34.903 invalid=0 luma=0.3597704 roi=0.4268046 dark=101219 roi_dark=9829 changed_first=0 maxabs_first=0
frame=111 reset=1 wall_ms=35.394 invalid=0 luma=0.3597704 roi=0.4268046 dark=101219 roi_dark=9829 changed_first=0 maxabs_first=0
frame=112 reset=1 wall_ms=34.248 invalid=0 luma=0.3597704 roi=0.4268046 dark=101219 roi_dark=9829 changed_first=0 maxabs_first=0
frame=113 reset=1 wall_ms=35.307 invalid=0 luma=0.3597704 roi=0.4268046 dark=101219 roi_dark=9829 changed_first=0 maxabs_first=0
frame=114 reset=1 wall_ms=34.504 invalid=0 luma=0.3597704 roi=0.4268046 dark=101219 roi_dark=9829 changed_first=0 maxabs_first=0
frame=115 reset=1 wall_ms=38.071 invalid=0 luma=0.3597704 roi=0.4268046 dark=101219 roi_dark=9829 changed_first=0 maxabs_first=0
frame=116 reset=1 wall_ms=33.973 invalid=0 luma=0.3597704 roi=0.4268046 dark=101219 roi_dark=9829 changed_first=0 maxabs_first=0
frame=117 reset=1 wall_ms=37.001 invalid=0 luma=0.3597704 roi=0.4268046 dark=101219 roi_dark=9829 changed_first=0 maxabs_first=0
frame=118 reset=1 wall_ms=48.019 invalid=0 luma=0.3597704 roi=0.4268046 dark=101219 roi_dark=9829 changed_first=0 maxabs_first=0
frame=119 reset=1 wall_ms=34.309 invalid=0 luma=0.3597704 roi=0.4268046 dark=101219 roi_dark=9829 changed_first=0 maxabs_first=0
frame=120 reset=1 wall_ms=34.083 invalid=0 luma=0.3597704 roi=0.4268046 dark=101219 roi_dark=9829 changed_first=0 maxabs_first=0
frame=121 reset=1 wall_ms=35.280 invalid=0 luma=0.3597704 roi=0.4268046 dark=101219 roi_dark=9829 changed_first=0 maxabs_first=0
frame=122 reset=1 wall_ms=34.267 invalid=0 luma=0.3597704 roi=0.4268046 dark=101219 roi_dark=9829 changed_first=0 maxabs_first=0
frame=123 reset=1 wall_ms=38.405 invalid=0 luma=0.3597704 roi=0.4268046 dark=101219 roi_dark=9829 changed_first=0 maxabs_first=0
frame=124 reset=1 wall_ms=34.344 invalid=0 luma=0.3597704 roi=0.4268046 dark=101219 roi_dark=9829 changed_first=0 maxabs_first=0
frame=125 reset=1 wall_ms=34.018 invalid=0 luma=0.3597704 roi=0.4268046 dark=101219 roi_dark=9829 changed_first=0 maxabs_first=0
frame=126 reset=1 wall_ms=34.169 invalid=0 luma=0.3597704 roi=0.4268046 dark=101219 roi_dark=9829 changed_first=0 maxabs_first=0
frame=127 reset=1 wall_ms=34.167 invalid=0 luma=0.3597704 roi=0.4268046 dark=101219 roi_dark=9829 changed_first=0 maxabs_first=0
frame=128 reset=1 wall_ms=34.380 invalid=0 luma=0.3597704 roi=0.4268046 dark=101219 roi_dark=9829 changed_first=0 maxabs_first=0
frame=129 reset=1 wall_ms=34.154 invalid=0 luma=0.3597704 roi=0.4268046 dark=101219 roi_dark=9829 changed_first=0 maxabs_first=0
frame=130 reset=1 wall_ms=33.868 invalid=0 luma=0.3597704 roi=0.4268046 dark=101219 roi_dark=9829 changed_first=0 maxabs_first=0
frame=131 reset=1 wall_ms=34.091 invalid=0 luma=0.3597704 roi=0.4268046 dark=101219 roi_dark=9829 changed_first=0 maxabs_first=0
frame=132 reset=1 wall_ms=35.288 invalid=0 luma=0.3597704 roi=0.4268046 dark=101219 roi_dark=9829 changed_first=0 maxabs_first=0
frame=133 reset=1 wall_ms=34.251 invalid=0 luma=0.3597704 roi=0.4268046 dark=101219 roi_dark=9829 changed_first=0 maxabs_first=0
frame=134 reset=1 wall_ms=34.364 invalid=0 luma=0.3597704 roi=0.4268046 dark=101219 roi_dark=9829 changed_first=0 maxabs_first=0
frame=135 reset=1 wall_ms=34.187 invalid=0 luma=0.3597704 roi=0.4268046 dark=101219 roi_dark=9829 changed_first=0 maxabs_first=0
frame=136 reset=1 wall_ms=34.661 invalid=0 luma=0.3597704 roi=0.4268046 dark=101219 roi_dark=9829 changed_first=0 maxabs_first=0
frame=137 reset=1 wall_ms=35.045 invalid=0 luma=0.3597704 roi=0.4268046 dark=101219 roi_dark=9829 changed_first=0 maxabs_first=0
frame=138 reset=1 wall_ms=34.320 invalid=0 luma=0.3597704 roi=0.4268046 dark=101219 roi_dark=9829 changed_first=0 maxabs_first=0
frame=139 reset=1 wall_ms=34.769 invalid=0 luma=0.3597704 roi=0.4268046 dark=101219 roi_dark=9829 changed_first=0 maxabs_first=0
frame=140 reset=1 wall_ms=34.020 invalid=0 luma=0.3597704 roi=0.4268046 dark=101219 roi_dark=9829 changed_first=0 maxabs_first=0
frame=141 reset=1 wall_ms=34.237 invalid=0 luma=0.3597704 roi=0.4268046 dark=101219 roi_dark=9829 changed_first=0 maxabs_first=0
frame=142 reset=1 wall_ms=34.401 invalid=0 luma=0.3597704 roi=0.4268046 dark=101219 roi_dark=9829 changed_first=0 maxabs_first=0
frame=143 reset=1 wall_ms=35.212 invalid=0 luma=0.3597704 roi=0.4268046 dark=101219 roi_dark=9829 changed_first=0 maxabs_first=0
frame=144 reset=1 wall_ms=35.462 invalid=0 luma=0.3597704 roi=0.4268046 dark=101219 roi_dark=9829 changed_first=0 maxabs_first=0
frame=145 reset=1 wall_ms=34.225 invalid=0 luma=0.3597704 roi=0.4268046 dark=101219 roi_dark=9829 changed_first=0 maxabs_first=0
frame=146 reset=1 wall_ms=34.342 invalid=0 luma=0.3597704 roi=0.4268046 dark=101219 roi_dark=9829 changed_first=0 maxabs_first=0
frame=147 reset=1 wall_ms=34.394 invalid=0 luma=0.3597704 roi=0.4268046 dark=101219 roi_dark=9829 changed_first=0 maxabs_first=0
frame=148 reset=1 wall_ms=34.273 invalid=0 luma=0.3597704 roi=0.4268046 dark=101219 roi_dark=9829 changed_first=0 maxabs_first=0
frame=149 reset=1 wall_ms=34.187 invalid=0 luma=0.3597704 roi=0.4268046 dark=101219 roi_dark=9829 changed_first=0 maxabs_first=0
frame=150 reset=1 wall_ms=34.977 invalid=0 luma=0.3597704 roi=0.4268046 dark=101219 roi_dark=9829 changed_first=0 maxabs_first=0
frame=151 reset=1 wall_ms=34.062 invalid=0 luma=0.3597704 roi=0.4268046 dark=101219 roi_dark=9829 changed_first=0 maxabs_first=0
frame=152 reset=1 wall_ms=34.545 invalid=0 luma=0.3597704 roi=0.4268046 dark=101219 roi_dark=9829 changed_first=0 maxabs_first=0
frame=153 reset=1 wall_ms=34.417 invalid=0 luma=0.3597704 roi=0.4268046 dark=101219 roi_dark=9829 changed_first=0 maxabs_first=0
frame=154 reset=1 wall_ms=34.355 invalid=0 luma=0.3597704 roi=0.4268046 dark=101219 roi_dark=9829 changed_first=0 maxabs_first=0
frame=155 reset=1 wall_ms=34.001 invalid=0 luma=0.3597704 roi=0.4268046 dark=101219 roi_dark=9829 changed_first=0 maxabs_first=0
frame=156 reset=1 wall_ms=34.387 invalid=0 luma=0.3597704 roi=0.4268046 dark=101219 roi_dark=9829 changed_first=0 maxabs_first=0
frame=157 reset=1 wall_ms=34.415 invalid=0 luma=0.3597704 roi=0.4268046 dark=101219 roi_dark=9829 changed_first=0 maxabs_first=0
frame=158 reset=1 wall_ms=35.998 invalid=0 luma=0.3597704 roi=0.4268046 dark=101219 roi_dark=9829 changed_first=0 maxabs_first=0
frame=159 reset=1 wall_ms=34.438 invalid=0 luma=0.3597704 roi=0.4268046 dark=101219 roi_dark=9829 changed_first=0 maxabs_first=0
frame=160 reset=1 wall_ms=34.141 invalid=0 luma=0.3597704 roi=0.4268046 dark=101219 roi_dark=9829 changed_first=0 maxabs_first=0
frame=161 reset=1 wall_ms=34.267 invalid=0 luma=0.3597704 roi=0.4268046 dark=101219 roi_dark=9829 changed_first=0 maxabs_first=0
frame=162 reset=1 wall_ms=35.080 invalid=0 luma=0.3597704 roi=0.4268046 dark=101219 roi_dark=9829 changed_first=0 maxabs_first=0
frame=163 reset=1 wall_ms=34.133 invalid=0 luma=0.3597704 roi=0.4268046 dark=101219 roi_dark=9829 changed_first=0 maxabs_first=0
frame=164 reset=1 wall_ms=34.231 invalid=0 luma=0.3597704 roi=0.4268046 dark=101219 roi_dark=9829 changed_first=0 maxabs_first=0
frame=165 reset=1 wall_ms=34.259 invalid=0 luma=0.3597704 roi=0.4268046 dark=101219 roi_dark=9829 changed_first=0 maxabs_first=0
frame=166 reset=1 wall_ms=34.310 invalid=0 luma=0.3597704 roi=0.4268046 dark=101219 roi_dark=9829 changed_first=0 maxabs_first=0
frame=167 reset=1 wall_ms=34.435 invalid=0 luma=0.3597704 roi=0.4268046 dark=101219 roi_dark=9829 changed_first=0 maxabs_first=0
frame=168 reset=1 wall_ms=34.368 invalid=0 luma=0.3597704 roi=0.4268046 dark=101219 roi_dark=9829 changed_first=0 maxabs_first=0
frame=169 reset=1 wall_ms=36.087 invalid=0 luma=0.3597704 roi=0.4268046 dark=101219 roi_dark=9829 changed_first=0 maxabs_first=0
frame=170 reset=1 wall_ms=34.704 invalid=0 luma=0.3597704 roi=0.4268046 dark=101219 roi_dark=9829 changed_first=0 maxabs_first=0
frame=171 reset=1 wall_ms=34.388 invalid=0 luma=0.3597704 roi=0.4268046 dark=101219 roi_dark=9829 changed_first=0 maxabs_first=0
frame=172 reset=1 wall_ms=35.137 invalid=0 luma=0.3597704 roi=0.4268046 dark=101219 roi_dark=9829 changed_first=0 maxabs_first=0
frame=173 reset=1 wall_ms=35.325 invalid=0 luma=0.3597704 roi=0.4268046 dark=101219 roi_dark=9829 changed_first=0 maxabs_first=0
frame=174 reset=1 wall_ms=34.685 invalid=0 luma=0.3597704 roi=0.4268046 dark=101219 roi_dark=9829 changed_first=0 maxabs_first=0
frame=175 reset=1 wall_ms=35.631 invalid=0 luma=0.3597704 roi=0.4268046 dark=101219 roi_dark=9829 changed_first=0 maxabs_first=0
frame=176 reset=1 wall_ms=34.204 invalid=0 luma=0.3597704 roi=0.4268046 dark=101219 roi_dark=9829 changed_first=0 maxabs_first=0
frame=177 reset=1 wall_ms=36.902 invalid=0 luma=0.3597704 roi=0.4268046 dark=101219 roi_dark=9829 changed_first=0 maxabs_first=0
frame=178 reset=1 wall_ms=33.986 invalid=0 luma=0.3597704 roi=0.4268046 dark=101219 roi_dark=9829 changed_first=0 maxabs_first=0
frame=179 reset=1 wall_ms=34.320 invalid=0 luma=0.3597704 roi=0.4268046 dark=101219 roi_dark=9829 changed_first=0 maxabs_first=0
frame=180 reset=1 wall_ms=35.148 invalid=0 luma=0.3597704 roi=0.4268046 dark=101219 roi_dark=9829 changed_first=0 maxabs_first=0
frame=181 reset=1 wall_ms=34.262 invalid=0 luma=0.3597704 roi=0.4268046 dark=101219 roi_dark=9829 changed_first=0 maxabs_first=0
frame=182 reset=1 wall_ms=34.368 invalid=0 luma=0.3597704 roi=0.4268046 dark=101219 roi_dark=9829 changed_first=0 maxabs_first=0
frame=183 reset=1 wall_ms=41.492 invalid=0 luma=0.3597704 roi=0.4268046 dark=101219 roi_dark=9829 changed_first=0 maxabs_first=0
frame=184 reset=1 wall_ms=34.305 invalid=0 luma=0.3597704 roi=0.4268046 dark=101219 roi_dark=9829 changed_first=0 maxabs_first=0
frame=185 reset=1 wall_ms=35.323 invalid=0 luma=0.3597704 roi=0.4268046 dark=101219 roi_dark=9829 changed_first=0 maxabs_first=0
frame=186 reset=1 wall_ms=34.833 invalid=0 luma=0.3597704 roi=0.4268046 dark=101219 roi_dark=9829 changed_first=0 maxabs_first=0
frame=187 reset=1 wall_ms=34.130 invalid=0 luma=0.3597704 roi=0.4268046 dark=101219 roi_dark=9829 changed_first=0 maxabs_first=0
frame=188 reset=1 wall_ms=34.305 invalid=0 luma=0.3597704 roi=0.4268046 dark=101219 roi_dark=9829 changed_first=0 maxabs_first=0
frame=189 reset=1 wall_ms=34.769 invalid=0 luma=0.3597704 roi=0.4268046 dark=101219 roi_dark=9829 changed_first=0 maxabs_first=0
frame=190 reset=1 wall_ms=35.042 invalid=0 luma=0.3597704 roi=0.4268046 dark=101219 roi_dark=9829 changed_first=0 maxabs_first=0
frame=191 reset=1 wall_ms=34.271 invalid=0 luma=0.3597704 roi=0.4268046 dark=101219 roi_dark=9829 changed_first=0 maxabs_first=0
frame=192 reset=1 wall_ms=34.310 invalid=0 luma=0.3597704 roi=0.4268046 dark=101219 roi_dark=9829 changed_first=0 maxabs_first=0
frame=193 reset=1 wall_ms=35.502 invalid=0 luma=0.3597704 roi=0.4268046 dark=101219 roi_dark=9829 changed_first=0 maxabs_first=0
frame=194 reset=1 wall_ms=34.481 invalid=0 luma=0.3597704 roi=0.4268046 dark=101219 roi_dark=9829 changed_first=0 maxabs_first=0
frame=195 reset=1 wall_ms=34.589 invalid=0 luma=0.3597704 roi=0.4268046 dark=101219 roi_dark=9829 changed_first=0 maxabs_first=0
frame=196 reset=1 wall_ms=34.324 invalid=0 luma=0.3597704 roi=0.4268046 dark=101219 roi_dark=9829 changed_first=0 maxabs_first=0
frame=197 reset=1 wall_ms=35.792 invalid=0 luma=0.3597704 roi=0.4268046 dark=101219 roi_dark=9829 changed_first=0 maxabs_first=0
frame=198 reset=1 wall_ms=34.401 invalid=0 luma=0.3597704 roi=0.4268046 dark=101219 roi_dark=9829 changed_first=0 maxabs_first=0
frame=199 reset=1 wall_ms=35.232 invalid=0 luma=0.3597704 roi=0.4268046 dark=101219 roi_dark=9829 changed_first=0 maxabs_first=0
SP_STATS runs=0 fallback=0 rollover=0 jobs=0 disabled=0 errors=0
RESULT frames=200 temporal=0 mean_wall_ms=40.376 invalid_total=0 restored_capture_every_frame=1 HDR_preserved=1
