seed=0 pattern=0
input format=RGBA16_FLOAT W=1296 H=720 invalid=0 min=0 max=34.53125 luma=0.0157641119 roi_luma=0.0250669576
adapter=AMD Radeon RX 9070 XT
SP_PLAN c=256 first=16 layers=6 tasks=893 initial=160 state_bytes=10732 w16=1
SP_PLAN c=256 first=49 layers=6 tasks=893 initial=160 state_bytes=10732 w16=1
FRAME_NET_GPU frame=0 gpu_ms=1172.04431
frame=0 reset=1 wall_ms=1182.088 invalid=0 luma=0.01307101 roi=0.01974189 dark=806206 roi_dark=258238 changed_first=0 maxabs_first=0
FRAME_NET_GPU frame=1 gpu_ms=10.6040401
FRAME_NET_GPU frame=2 gpu_ms=9.42679977
FRAME_NET_GPU frame=3 gpu_ms=9.27659988
FRAME_NET_GPU frame=4 gpu_ms=9.10830021
FRAME_NET_GPU frame=5 gpu_ms=9.04360008
FRAME_NET_GPU frame=6 gpu_ms=9.02149963
FRAME_NET_GPU frame=7 gpu_ms=9.00469971
FRAME_NET_GPU frame=8 gpu_ms=8.93229961
FRAME_NET_GPU frame=9 gpu_ms=8.98340034
FRAME_NET_GPU frame=10 gpu_ms=8.94839954
FRAME_NET_GPU frame=11 gpu_ms=8.99009991
FRAME_NET_GPU frame=12 gpu_ms=8.90579987
FRAME_NET_GPU frame=13 gpu_ms=9.02009964
FRAME_NET_GPU frame=14 gpu_ms=9.02180004
FRAME_NET_GPU frame=15 gpu_ms=8.99569988
FRAME_NET_GPU frame=16 gpu_ms=9.04296017
FRAME_NET_GPU frame=17 gpu_ms=9.03476048
FRAME_NET_GPU frame=18 gpu_ms=8.85851955
FRAME_NET_GPU frame=19 gpu_ms=8.89570045
FRAME_NET_GPU frame=20 gpu_ms=9.03431988
FRAME_NET_GPU frame=21 gpu_ms=9.17568016
FRAME_NET_GPU frame=22 gpu_ms=8.9822998
FRAME_NET_GPU frame=23 gpu_ms=9.04761982
FRAME_NET_GPU frame=24 gpu_ms=9.0513401
FRAME_NET_GPU frame=25 gpu_ms=9.10702038
FRAME_NET_GPU frame=26 gpu_ms=9.08794022
FRAME_NET_GPU frame=27 gpu_ms=9.23005962
FRAME_NET_GPU frame=28 gpu_ms=9.19398022
FRAME_NET_GPU frame=29 gpu_ms=9.08642006
FRAME_NET_GPU frame=30 gpu_ms=9.0962801
FRAME_NET_GPU frame=31 gpu_ms=9.13101959
FRAME_NET_GPU frame=32 gpu_ms=9.07625961
FRAME_NET_GPU frame=33 gpu_ms=9.19147968
FRAME_NET_GPU frame=34 gpu_ms=9.14000034
FRAME_NET_GPU frame=35 gpu_ms=9.17047977
FRAME_NET_GPU frame=36 gpu_ms=9.12703991
FRAME_NET_GPU frame=37 gpu_ms=9.34636021
FRAME_NET_GPU frame=38 gpu_ms=9.18826008
FRAME_NET_GPU frame=39 gpu_ms=9.17432022
FRAME_NET_GPU frame=40 gpu_ms=9.13994026
FRAME_NET_GPU frame=41 gpu_ms=9.20081997
FRAME_NET_GPU frame=42 gpu_ms=9.15174007
FRAME_NET_GPU frame=43 gpu_ms=9.17595959
FRAME_NET_GPU frame=44 gpu_ms=9.05990028
FRAME_NET_GPU frame=45 gpu_ms=9.12419987
FRAME_NET_GPU frame=46 gpu_ms=9.10542011
FRAME_NET_GPU frame=47 gpu_ms=9.24201965
FRAME_NET_GPU frame=48 gpu_ms=9.1724596
FRAME_NET_GPU frame=49 gpu_ms=9.08594036
FRAME_NET_GPU frame=50 gpu_ms=9.23604012
FRAME_NET_GPU frame=51 gpu_ms=9.1750803
FRAME_NET_GPU frame=52 gpu_ms=9.1118803
FRAME_NET_GPU frame=53 gpu_ms=9.23544025
FRAME_NET_GPU frame=54 gpu_ms=9.17564011
FRAME_NET_GPU frame=55 gpu_ms=9.10661983
FRAME_NET_GPU frame=56 gpu_ms=9.17984009
FRAME_NET_GPU frame=57 gpu_ms=9.2414999
FRAME_NET_GPU frame=58 gpu_ms=9.13430023
FRAME_NET_GPU frame=59 gpu_ms=9.18389988
FRAME_NET_GPU frame=60 gpu_ms=9.1668396
FRAME_NET_GPU frame=61 gpu_ms=9.13724041
FRAME_NET_GPU frame=62 gpu_ms=9.19649982
FRAME_NET_GPU frame=63 gpu_ms=9.1524601
FRAME_NET_GPU frame=64 gpu_ms=9.25442028
FRAME_NET_GPU frame=65 gpu_ms=9.2424202
FRAME_NET_GPU frame=66 gpu_ms=9.09331989
FRAME_NET_GPU frame=67 gpu_ms=9.20849991
FRAME_NET_GPU frame=68 gpu_ms=9.2806797
FRAME_NET_GPU frame=69 gpu_ms=9.07586002
FRAME_NET_GPU frame=70 gpu_ms=9.20349979
FRAME_NET_GPU frame=71 gpu_ms=9.24203968
FRAME_NET_GPU frame=72 gpu_ms=9.14441967
FRAME_NET_GPU frame=73 gpu_ms=9.11458015
FRAME_NET_GPU frame=74 gpu_ms=9.18925953
FRAME_NET_GPU frame=75 gpu_ms=9.19715977
FRAME_NET_GPU frame=76 gpu_ms=9.10993958
FRAME_NET_GPU frame=77 gpu_ms=9.18177986
FRAME_NET_GPU frame=78 gpu_ms=9.19225979
FRAME_NET_GPU frame=79 gpu_ms=9.36534023
FRAME_NET_GPU frame=80 gpu_ms=9.08166027
FRAME_NET_GPU frame=81 gpu_ms=9.10342026
FRAME_NET_GPU frame=82 gpu_ms=9.12135983
FRAME_NET_GPU frame=83 gpu_ms=9.09049988
FRAME_NET_GPU frame=84 gpu_ms=9.21084023
FRAME_NET_GPU frame=85 gpu_ms=9.19254017
FRAME_NET_GPU frame=86 gpu_ms=9.13601971
FRAME_NET_GPU frame=87 gpu_ms=9.1441803
FRAME_NET_GPU frame=88 gpu_ms=9.22601986
FRAME_NET_GPU frame=89 gpu_ms=9.16166019
FRAME_NET_GPU frame=90 gpu_ms=9.24610043
FRAME_NET_GPU frame=91 gpu_ms=9.15773964
FRAME_NET_GPU frame=92 gpu_ms=9.14136028
FRAME_NET_GPU frame=93 gpu_ms=9.16473961
FRAME_NET_GPU frame=94 gpu_ms=9.30455971
FRAME_NET_GPU frame=95 gpu_ms=9.28518009
FRAME_NET_GPU frame=96 gpu_ms=9.05618
FRAME_NET_GPU frame=97 gpu_ms=9.19898033
FRAME_NET_GPU frame=98 gpu_ms=8.98577976
FRAME_NET_GPU frame=99 gpu_ms=9.19406033
FRAME_NET_GPU frame=100 gpu_ms=9.11443996
FRAME_NET_GPU frame=101 gpu_ms=9.25588036
FRAME_NET_GPU frame=102 gpu_ms=9.27492046
FRAME_NET_GPU frame=103 gpu_ms=8.99726009
FRAME_NET_GPU frame=104 gpu_ms=9.1342802
FRAME_NET_GPU frame=105 gpu_ms=9.13488007
FRAME_NET_GPU frame=106 gpu_ms=9.17416
FRAME_NET_GPU frame=107 gpu_ms=9.30620003
FRAME_NET_GPU frame=108 gpu_ms=9.16059971
FRAME_NET_GPU frame=109 gpu_ms=9.20411968
FRAME_NET_GPU frame=110 gpu_ms=9.13805962
FRAME_NET_GPU frame=111 gpu_ms=9.16944027
FRAME_NET_GPU frame=112 gpu_ms=9.18925953
FRAME_NET_GPU frame=113 gpu_ms=9.0642004
FRAME_NET_GPU frame=114 gpu_ms=9.19254017
FRAME_NET_GPU frame=115 gpu_ms=9.24160004
FRAME_NET_GPU frame=116 gpu_ms=9.21074009
FRAME_NET_GPU frame=117 gpu_ms=9.10958004
FRAME_NET_GPU frame=118 gpu_ms=9.27268028
FRAME_NET_GPU frame=119 gpu_ms=9.08681965
FRAME_NET_GPU frame=120 gpu_ms=9.14984035
FRAME_NET_GPU frame=121 gpu_ms=9.13951969
FRAME_NET_GPU frame=122 gpu_ms=9.36723995
FRAME_NET_GPU frame=123 gpu_ms=9.02375984
FRAME_NET_GPU frame=124 gpu_ms=9.23211956
FRAME_NET_GPU frame=125 gpu_ms=9.10196018
FRAME_NET_GPU frame=126 gpu_ms=9.18784046
FRAME_NET_GPU frame=127 gpu_ms=9.08084011
FRAME_NET_GPU frame=128 gpu_ms=9.16092014
FRAME_NET_GPU frame=129 gpu_ms=9.17331982
FRAME_NET_GPU frame=130 gpu_ms=9.20849991
FRAME_NET_GPU frame=131 gpu_ms=9.19645977
FRAME_NET_GPU frame=132 gpu_ms=9.25586033
FRAME_NET_GPU frame=133 gpu_ms=9.31309986
FRAME_NET_GPU frame=134 gpu_ms=9.06357956
FRAME_NET_GPU frame=135 gpu_ms=9.06637955
FRAME_NET_GPU frame=136 gpu_ms=9.16337967
FRAME_NET_GPU frame=137 gpu_ms=9.3083601
FRAME_NET_GPU frame=138 gpu_ms=9.16065979
FRAME_NET_GPU frame=139 gpu_ms=9.28050041
FRAME_NET_GPU frame=140 gpu_ms=9.03765965
FRAME_NET_GPU frame=141 gpu_ms=9.22387981
FRAME_NET_GPU frame=142 gpu_ms=9.18496037
FRAME_NET_GPU frame=143 gpu_ms=9.05029964
FRAME_NET_GPU frame=144 gpu_ms=9.1434803
FRAME_NET_GPU frame=145 gpu_ms=9.13677979
FRAME_NET_GPU frame=146 gpu_ms=9.0415802
FRAME_NET_GPU frame=147 gpu_ms=9.20578003
FRAME_NET_GPU frame=148 gpu_ms=9.10021973
FRAME_NET_GPU frame=149 gpu_ms=9.16178036
FRAME_NET_GPU frame=150 gpu_ms=9.20637989
FRAME_NET_GPU frame=151 gpu_ms=9.14472008
FRAME_NET_GPU frame=152 gpu_ms=9.12154007
FRAME_NET_GPU frame=153 gpu_ms=9.16934013
FRAME_NET_GPU frame=154 gpu_ms=9.06052017
FRAME_NET_GPU frame=155 gpu_ms=9.26900005
FRAME_NET_GPU frame=156 gpu_ms=9.15007973
FRAME_NET_GPU frame=157 gpu_ms=9.29673958
FRAME_NET_GPU frame=158 gpu_ms=9.08290005
FRAME_NET_GPU frame=159 gpu_ms=9.09875965
frame=159 reset=1 wall_ms=9.640 invalid=0 luma=0.01307101 roi=0.01974189 dark=806206 roi_dark=258238 changed_first=0 maxabs_first=0
SP_STATS runs=320 fallback=0 rollover=0 jobs=285760 disabled=0 errors=0
RESULT frames=160 temporal=0 mean_wall_ms=17.061 invalid_total=0 restored_capture_every_frame=1 HDR_preserved=1

