seed=0 pattern=0
input format=RGBA16_FLOAT W=1296 H=720 invalid=0 min=0 max=34.53125 luma=0.0157641119 roi_luma=0.0250669576
adapter=AMD Radeon RX 9070 XT
SP_PLAN c=256 first=16 layers=6 tasks=624 initial=104 state_bytes=7504 w16=1
SP_PLAN c=256 first=49 layers=6 tasks=624 initial=104 state_bytes=7504 w16=1
FRAME_NET_GPU frame=0 gpu_ms=1192.96716 tag=1 ready=1
frame=0 reset=1 wall_ms=1203.281 invalid=0 luma=0.01311046 roi=0.01994696 dark=808529 roi_dark=258288 changed_first=0 maxabs_first=0
FRAME_NET_GPU frame=1 gpu_ms=4.23197985 tag=2 ready=1
FRAME_NET_GPU frame=2 gpu_ms=4.87340021 tag=3 ready=1
FRAME_NET_GPU frame=3 gpu_ms=6.7802 tag=4 ready=1
FRAME_NET_GPU frame=4 gpu_ms=6.7361002 tag=5 ready=1
FRAME_NET_GPU frame=5 gpu_ms=6.44369984 tag=6 ready=1
FRAME_NET_GPU frame=6 gpu_ms=6.34689999 tag=7 ready=1
FRAME_NET_GPU frame=7 gpu_ms=6.37470007 tag=8 ready=1
FRAME_NET_GPU frame=8 gpu_ms=6.20145988 tag=9 ready=1
FRAME_NET_GPU frame=9 gpu_ms=6.39020014 tag=10 ready=1
FRAME_NET_GPU frame=10 gpu_ms=6.37869978 tag=11 ready=1
FRAME_NET_GPU frame=11 gpu_ms=6.31449986 tag=12 ready=1
FRAME_NET_GPU frame=12 gpu_ms=6.31260014 tag=13 ready=1
FRAME_NET_GPU frame=13 gpu_ms=6.38740015 tag=14 ready=1
FRAME_NET_GPU frame=14 gpu_ms=6.32219982 tag=15 ready=1
FRAME_NET_GPU frame=15 gpu_ms=6.3593998 tag=16 ready=1
FRAME_NET_GPU frame=16 gpu_ms=6.48562002 tag=17 ready=1
FRAME_NET_GPU frame=17 gpu_ms=6.42017984 tag=18 ready=1
FRAME_NET_GPU frame=18 gpu_ms=6.50627995 tag=19 ready=1
FRAME_NET_GPU frame=19 gpu_ms=6.4958601 tag=20 ready=1
FRAME_NET_GPU frame=20 gpu_ms=6.39987993 tag=21 ready=1
FRAME_NET_GPU frame=21 gpu_ms=6.44596004 tag=22 ready=1
FRAME_NET_GPU frame=22 gpu_ms=6.56385994 tag=23 ready=1
FRAME_NET_GPU frame=23 gpu_ms=6.42509985 tag=24 ready=1
FRAME_NET_GPU frame=24 gpu_ms=6.54103994 tag=25 ready=1
FRAME_NET_GPU frame=25 gpu_ms=6.53804016 tag=26 ready=1
FRAME_NET_GPU frame=26 gpu_ms=6.44184017 tag=27 ready=1
FRAME_NET_GPU frame=27 gpu_ms=6.49923992 tag=28 ready=1
FRAME_NET_GPU frame=28 gpu_ms=6.44944 tag=29 ready=1
FRAME_NET_GPU frame=29 gpu_ms=6.53463984 tag=30 ready=1
FRAME_NET_GPU frame=30 gpu_ms=6.46610022 tag=31 ready=1
FRAME_NET_GPU frame=31 gpu_ms=6.54629993 tag=32 ready=1
FRAME_NET_GPU frame=32 gpu_ms=6.55365992 tag=33 ready=1
FRAME_NET_GPU frame=33 gpu_ms=6.41007996 tag=34 ready=1
FRAME_NET_GPU frame=34 gpu_ms=6.46596003 tag=35 ready=1
FRAME_NET_GPU frame=35 gpu_ms=6.53439999 tag=36 ready=1
FRAME_NET_GPU frame=36 gpu_ms=6.49756002 tag=37 ready=1
FRAME_NET_GPU frame=37 gpu_ms=6.41883993 tag=38 ready=1
FRAME_NET_GPU frame=38 gpu_ms=6.52284002 tag=39 ready=1
FRAME_NET_GPU frame=39 gpu_ms=6.50415993 tag=40 ready=1
FRAME_NET_GPU frame=40 gpu_ms=6.47785997 tag=41 ready=1
FRAME_NET_GPU frame=41 gpu_ms=6.45416021 tag=42 ready=1
FRAME_NET_GPU frame=42 gpu_ms=6.56154013 tag=43 ready=1
FRAME_NET_GPU frame=43 gpu_ms=6.4348402 tag=44 ready=1
FRAME_NET_GPU frame=44 gpu_ms=6.45219994 tag=45 ready=1
FRAME_NET_GPU frame=45 gpu_ms=6.53429985 tag=46 ready=1
FRAME_NET_GPU frame=46 gpu_ms=6.55749989 tag=47 ready=1
FRAME_NET_GPU frame=47 gpu_ms=6.57991982 tag=48 ready=1
FRAME_NET_GPU frame=48 gpu_ms=6.66304016 tag=49 ready=1
FRAME_NET_GPU frame=49 gpu_ms=6.63734007 tag=50 ready=1
FRAME_NET_GPU frame=50 gpu_ms=6.54203987 tag=51 ready=1
FRAME_NET_GPU frame=51 gpu_ms=6.61761999 tag=52 ready=1
FRAME_NET_GPU frame=52 gpu_ms=6.47923994 tag=53 ready=1
FRAME_NET_GPU frame=53 gpu_ms=6.6189599 tag=54 ready=1
FRAME_NET_GPU frame=54 gpu_ms=6.54269981 tag=55 ready=1
FRAME_NET_GPU frame=55 gpu_ms=6.52848005 tag=56 ready=1
FRAME_NET_GPU frame=56 gpu_ms=6.6167798 tag=57 ready=1
FRAME_NET_GPU frame=57 gpu_ms=6.64987993 tag=58 ready=1
FRAME_NET_GPU frame=58 gpu_ms=6.54990005 tag=59 ready=1
FRAME_NET_GPU frame=59 gpu_ms=6.54973984 tag=60 ready=1
FRAME_NET_GPU frame=60 gpu_ms=6.59053993 tag=61 ready=1
FRAME_NET_GPU frame=61 gpu_ms=6.56795979 tag=62 ready=1
FRAME_NET_GPU frame=62 gpu_ms=6.60746002 tag=63 ready=1
FRAME_NET_GPU frame=63 gpu_ms=6.60960007 tag=64 ready=1
FRAME_NET_GPU frame=64 gpu_ms=6.59679985 tag=65 ready=1
FRAME_NET_GPU frame=65 gpu_ms=6.61959982 tag=66 ready=1
FRAME_NET_GPU frame=66 gpu_ms=6.53806019 tag=67 ready=1
FRAME_NET_GPU frame=67 gpu_ms=6.58033991 tag=68 ready=1
FRAME_NET_GPU frame=68 gpu_ms=6.85480022 tag=69 ready=1
FRAME_NET_GPU frame=69 gpu_ms=6.55039978 tag=70 ready=1
FRAME_NET_GPU frame=70 gpu_ms=6.5165801 tag=71 ready=1
FRAME_NET_GPU frame=71 gpu_ms=6.73112011 tag=72 ready=1
FRAME_NET_GPU frame=72 gpu_ms=6.60228014 tag=73 ready=1
FRAME_NET_GPU frame=73 gpu_ms=6.4384799 tag=74 ready=1
FRAME_NET_GPU frame=74 gpu_ms=6.55601978 tag=75 ready=1
FRAME_NET_GPU frame=75 gpu_ms=6.56850004 tag=76 ready=1
FRAME_NET_GPU frame=76 gpu_ms=6.54001999 tag=77 ready=1
FRAME_NET_GPU frame=77 gpu_ms=6.53427982 tag=78 ready=1
FRAME_NET_GPU frame=78 gpu_ms=6.78168011 tag=79 ready=1
FRAME_NET_GPU frame=79 gpu_ms=6.43245983 tag=80 ready=1
FRAME_NET_GPU frame=80 gpu_ms=6.78815985 tag=81 ready=1
FRAME_NET_GPU frame=81 gpu_ms=6.63647985 tag=82 ready=1
FRAME_NET_GPU frame=82 gpu_ms=6.67496014 tag=83 ready=1
FRAME_NET_GPU frame=83 gpu_ms=6.60879993 tag=84 ready=1
FRAME_NET_GPU frame=84 gpu_ms=6.6896801 tag=85 ready=1
FRAME_NET_GPU frame=85 gpu_ms=6.5858798 tag=86 ready=1
FRAME_NET_GPU frame=86 gpu_ms=6.66945982 tag=87 ready=1
FRAME_NET_GPU frame=87 gpu_ms=6.57401991 tag=88 ready=1
FRAME_NET_GPU frame=88 gpu_ms=6.53834009 tag=89 ready=1
FRAME_NET_GPU frame=89 gpu_ms=6.69625998 tag=90 ready=1
FRAME_NET_GPU frame=90 gpu_ms=6.57893991 tag=91 ready=1
FRAME_NET_GPU frame=91 gpu_ms=6.49287987 tag=92 ready=1
FRAME_NET_GPU frame=92 gpu_ms=6.63458014 tag=93 ready=1
FRAME_NET_GPU frame=93 gpu_ms=6.61507988 tag=94 ready=1
FRAME_NET_GPU frame=94 gpu_ms=6.49380016 tag=95 ready=1
FRAME_NET_GPU frame=95 gpu_ms=6.6972599 tag=96 ready=1
FRAME_NET_GPU frame=96 gpu_ms=6.5292201 tag=97 ready=1
FRAME_NET_GPU frame=97 gpu_ms=6.52144003 tag=98 ready=1
FRAME_NET_GPU frame=98 gpu_ms=6.56322002 tag=99 ready=1
FRAME_NET_GPU frame=99 gpu_ms=6.58584023 tag=100 ready=1
FRAME_NET_GPU frame=100 gpu_ms=6.58232021 tag=101 ready=1
FRAME_NET_GPU frame=101 gpu_ms=6.55096006 tag=102 ready=1
FRAME_NET_GPU frame=102 gpu_ms=6.54998016 tag=103 ready=1
FRAME_NET_GPU frame=103 gpu_ms=6.52089977 tag=104 ready=1
FRAME_NET_GPU frame=104 gpu_ms=6.57034016 tag=105 ready=1
FRAME_NET_GPU frame=105 gpu_ms=6.54710007 tag=106 ready=1
FRAME_NET_GPU frame=106 gpu_ms=6.57289982 tag=107 ready=1
FRAME_NET_GPU frame=107 gpu_ms=6.57813978 tag=108 ready=1
FRAME_NET_GPU frame=108 gpu_ms=6.69710016 tag=109 ready=1
FRAME_NET_GPU frame=109 gpu_ms=6.61976004 tag=110 ready=1
FRAME_NET_GPU frame=110 gpu_ms=6.57361984 tag=111 ready=1
FRAME_NET_GPU frame=111 gpu_ms=6.63481998 tag=112 ready=1
FRAME_NET_GPU frame=112 gpu_ms=6.56529999 tag=113 ready=1
FRAME_NET_GPU frame=113 gpu_ms=6.61299992 tag=114 ready=1
FRAME_NET_GPU frame=114 gpu_ms=6.66192007 tag=115 ready=1
FRAME_NET_GPU frame=115 gpu_ms=6.55282021 tag=116 ready=1
FRAME_NET_GPU frame=116 gpu_ms=6.69407988 tag=117 ready=1
FRAME_NET_GPU frame=117 gpu_ms=6.5316 tag=118 ready=1
FRAME_NET_GPU frame=118 gpu_ms=6.56309986 tag=119 ready=1
FRAME_NET_GPU frame=119 gpu_ms=6.66088009 tag=120 ready=1
FRAME_NET_GPU frame=120 gpu_ms=6.49641991 tag=121 ready=1
FRAME_NET_GPU frame=121 gpu_ms=6.58046007 tag=122 ready=1
FRAME_NET_GPU frame=122 gpu_ms=6.55842018 tag=123 ready=1
FRAME_NET_GPU frame=123 gpu_ms=6.44890022 tag=124 ready=1
FRAME_NET_GPU frame=124 gpu_ms=6.51575994 tag=125 ready=1
FRAME_NET_GPU frame=125 gpu_ms=6.54406023 tag=126 ready=1
FRAME_NET_GPU frame=126 gpu_ms=6.53051996 tag=127 ready=1
FRAME_NET_GPU frame=127 gpu_ms=6.43548012 tag=128 ready=1
FRAME_NET_GPU frame=128 gpu_ms=6.66444016 tag=129 ready=1
FRAME_NET_GPU frame=129 gpu_ms=6.51461983 tag=130 ready=1
FRAME_NET_GPU frame=130 gpu_ms=6.44517994 tag=131 ready=1
FRAME_NET_GPU frame=131 gpu_ms=6.53908014 tag=132 ready=1
FRAME_NET_GPU frame=132 gpu_ms=6.59660006 tag=133 ready=1
FRAME_NET_GPU frame=133 gpu_ms=6.50602007 tag=134 ready=1
FRAME_NET_GPU frame=134 gpu_ms=6.57687998 tag=135 ready=1
FRAME_NET_GPU frame=135 gpu_ms=6.30372 tag=136 ready=1
FRAME_NET_GPU frame=136 gpu_ms=6.54691982 tag=137 ready=1
FRAME_NET_GPU frame=137 gpu_ms=6.50093985 tag=138 ready=1
FRAME_NET_GPU frame=138 gpu_ms=6.53734016 tag=139 ready=1
FRAME_NET_GPU frame=139 gpu_ms=6.57605982 tag=140 ready=1
FRAME_NET_GPU frame=140 gpu_ms=6.58551979 tag=141 ready=1
FRAME_NET_GPU frame=141 gpu_ms=6.53599977 tag=142 ready=1
FRAME_NET_GPU frame=142 gpu_ms=6.52120018 tag=143 ready=1
FRAME_NET_GPU frame=143 gpu_ms=6.58235979 tag=144 ready=1
FRAME_NET_GPU frame=144 gpu_ms=6.45327997 tag=145 ready=1
FRAME_NET_GPU frame=145 gpu_ms=6.59117985 tag=146 ready=1
FRAME_NET_GPU frame=146 gpu_ms=6.37003994 tag=147 ready=1
FRAME_NET_GPU frame=147 gpu_ms=6.65704012 tag=148 ready=1
FRAME_NET_GPU frame=148 gpu_ms=6.52826023 tag=149 ready=1
FRAME_NET_GPU frame=149 gpu_ms=6.62387991 tag=150 ready=1
FRAME_NET_GPU frame=150 gpu_ms=6.43141985 tag=151 ready=1
FRAME_NET_GPU frame=151 gpu_ms=6.45788002 tag=152 ready=1
FRAME_NET_GPU frame=152 gpu_ms=6.67986012 tag=153 ready=1
FRAME_NET_GPU frame=153 gpu_ms=6.65216017 tag=154 ready=1
FRAME_NET_GPU frame=154 gpu_ms=6.63458014 tag=155 ready=1
FRAME_NET_GPU frame=155 gpu_ms=6.5457201 tag=156 ready=1
FRAME_NET_GPU frame=156 gpu_ms=6.69394016 tag=157 ready=1
FRAME_NET_GPU frame=157 gpu_ms=6.63481998 tag=158 ready=1
FRAME_NET_GPU frame=158 gpu_ms=6.66917992 tag=159 ready=1
FRAME_NET_GPU frame=159 gpu_ms=6.49624014 tag=160 ready=1
FRAME_NET_GPU frame=160 gpu_ms=6.48479986 tag=161 ready=1
FRAME_NET_GPU frame=161 gpu_ms=6.53465986 tag=162 ready=1
FRAME_NET_GPU frame=162 gpu_ms=6.50078011 tag=163 ready=1
FRAME_NET_GPU frame=163 gpu_ms=6.55259991 tag=164 ready=1
FRAME_NET_GPU frame=164 gpu_ms=6.59687996 tag=165 ready=1
FRAME_NET_GPU frame=165 gpu_ms=6.47614002 tag=166 ready=1
FRAME_NET_GPU frame=166 gpu_ms=6.57560015 tag=167 ready=1
FRAME_NET_GPU frame=167 gpu_ms=6.50326014 tag=168 ready=1
FRAME_NET_GPU frame=168 gpu_ms=6.35561991 tag=169 ready=1
FRAME_NET_GPU frame=169 gpu_ms=6.52154016 tag=170 ready=1
FRAME_NET_GPU frame=170 gpu_ms=6.5467 tag=171 ready=1
FRAME_NET_GPU frame=171 gpu_ms=6.45416021 tag=172 ready=1
FRAME_NET_GPU frame=172 gpu_ms=6.48511982 tag=173 ready=1
FRAME_NET_GPU frame=173 gpu_ms=6.49756002 tag=174 ready=1
FRAME_NET_GPU frame=174 gpu_ms=6.57511997 tag=175 ready=1
FRAME_NET_GPU frame=175 gpu_ms=6.60610008 tag=176 ready=1
FRAME_NET_GPU frame=176 gpu_ms=6.50948 tag=177 ready=1
FRAME_NET_GPU frame=177 gpu_ms=6.63155985 tag=178 ready=1
FRAME_NET_GPU frame=178 gpu_ms=6.58886003 tag=179 ready=1
FRAME_NET_GPU frame=179 gpu_ms=6.51866007 tag=180 ready=1
FRAME_NET_GPU frame=180 gpu_ms=6.53838015 tag=181 ready=1
FRAME_NET_GPU frame=181 gpu_ms=6.57721996 tag=182 ready=1
FRAME_NET_GPU frame=182 gpu_ms=6.54211998 tag=183 ready=1
FRAME_NET_GPU frame=183 gpu_ms=6.53444004 tag=184 ready=1
FRAME_NET_GPU frame=184 gpu_ms=6.63501978 tag=185 ready=1
FRAME_NET_GPU frame=185 gpu_ms=6.5230999 tag=186 ready=1
FRAME_NET_GPU frame=186 gpu_ms=6.5474 tag=187 ready=1
FRAME_NET_GPU frame=187 gpu_ms=6.49132013 tag=188 ready=1
FRAME_NET_GPU frame=188 gpu_ms=6.5325799 tag=189 ready=1
FRAME_NET_GPU frame=189 gpu_ms=6.48733997 tag=190 ready=1
FRAME_NET_GPU frame=190 gpu_ms=6.56720018 tag=191 ready=1
FRAME_NET_GPU frame=191 gpu_ms=6.6092 tag=192 ready=1
FRAME_NET_GPU frame=192 gpu_ms=6.32087994 tag=193 ready=1
FRAME_NET_GPU frame=193 gpu_ms=6.48506021 tag=194 ready=1
FRAME_NET_GPU frame=194 gpu_ms=6.60198021 tag=195 ready=1
FRAME_NET_GPU frame=195 gpu_ms=6.45915985 tag=196 ready=1
FRAME_NET_GPU frame=196 gpu_ms=6.55310011 tag=197 ready=1
FRAME_NET_GPU frame=197 gpu_ms=6.54973984 tag=198 ready=1
FRAME_NET_GPU frame=198 gpu_ms=6.44127989 tag=199 ready=1
FRAME_NET_GPU frame=199 gpu_ms=6.32573986 tag=200 ready=1
FRAME_NET_GPU frame=200 gpu_ms=6.54833984 tag=201 ready=1
FRAME_NET_GPU frame=201 gpu_ms=6.58377981 tag=202 ready=1
FRAME_NET_GPU frame=202 gpu_ms=6.51660013 tag=203 ready=1
FRAME_NET_GPU frame=203 gpu_ms=6.50146008 tag=204 ready=1
FRAME_NET_GPU frame=204 gpu_ms=6.52805996 tag=205 ready=1
FRAME_NET_GPU frame=205 gpu_ms=6.52536011 tag=206 ready=1
FRAME_NET_GPU frame=206 gpu_ms=6.51450014 tag=207 ready=1
FRAME_NET_GPU frame=207 gpu_ms=6.47185993 tag=208 ready=1
FRAME_NET_GPU frame=208 gpu_ms=6.55340004 tag=209 ready=1
FRAME_NET_GPU frame=209 gpu_ms=6.46863985 tag=210 ready=1
FRAME_NET_GPU frame=210 gpu_ms=6.69774008 tag=211 ready=1
FRAME_NET_GPU frame=211 gpu_ms=6.45552015 tag=212 ready=1
FRAME_NET_GPU frame=212 gpu_ms=6.54644012 tag=213 ready=1
FRAME_NET_GPU frame=213 gpu_ms=6.54822016 tag=214 ready=1
FRAME_NET_GPU frame=214 gpu_ms=6.56001997 tag=215 ready=1
FRAME_NET_GPU frame=215 gpu_ms=6.46460009 tag=216 ready=1
FRAME_NET_GPU frame=216 gpu_ms=6.58754015 tag=217 ready=1
FRAME_NET_GPU frame=217 gpu_ms=6.37911987 tag=218 ready=1
FRAME_NET_GPU frame=218 gpu_ms=6.49484015 tag=219 ready=1
FRAME_NET_GPU frame=219 gpu_ms=6.51963997 tag=220 ready=1
FRAME_NET_GPU frame=220 gpu_ms=6.48710012 tag=221 ready=1
FRAME_NET_GPU frame=221 gpu_ms=6.46483994 tag=222 ready=1
FRAME_NET_GPU frame=222 gpu_ms=6.51026011 tag=223 ready=1
FRAME_NET_GPU frame=223 gpu_ms=6.54016018 tag=224 ready=1
FRAME_NET_GPU frame=224 gpu_ms=6.53113985 tag=225 ready=1
FRAME_NET_GPU frame=225 gpu_ms=6.39406013 tag=226 ready=1
FRAME_NET_GPU frame=226 gpu_ms=6.74331999 tag=227 ready=1
FRAME_NET_GPU frame=227 gpu_ms=6.71551991 tag=228 ready=1
FRAME_NET_GPU frame=228 gpu_ms=6.53215981 tag=229 ready=1
FRAME_NET_GPU frame=229 gpu_ms=6.46653986 tag=230 ready=1
FRAME_NET_GPU frame=230 gpu_ms=6.69305992 tag=231 ready=1
FRAME_NET_GPU frame=231 gpu_ms=6.38165998 tag=232 ready=1
FRAME_NET_GPU frame=232 gpu_ms=6.56252003 tag=233 ready=1
FRAME_NET_GPU frame=233 gpu_ms=6.52042007 tag=234 ready=1
FRAME_NET_GPU frame=234 gpu_ms=6.52619982 tag=235 ready=1
FRAME_NET_GPU frame=235 gpu_ms=6.56879997 tag=236 ready=1
FRAME_NET_GPU frame=236 gpu_ms=6.51662016 tag=237 ready=1
FRAME_NET_GPU frame=237 gpu_ms=6.49936008 tag=238 ready=1
FRAME_NET_GPU frame=238 gpu_ms=6.61668015 tag=239 ready=1
FRAME_NET_GPU frame=239 gpu_ms=6.51090002 tag=240 ready=1
FRAME_NET_GPU frame=240 gpu_ms=6.68120003 tag=241 ready=1
FRAME_NET_GPU frame=241 gpu_ms=6.59825993 tag=242 ready=1
FRAME_NET_GPU frame=242 gpu_ms=6.49092007 tag=243 ready=1
FRAME_NET_GPU frame=243 gpu_ms=6.66574001 tag=244 ready=1
FRAME_NET_GPU frame=244 gpu_ms=6.37502003 tag=245 ready=1
FRAME_NET_GPU frame=245 gpu_ms=6.57242012 tag=246 ready=1
FRAME_NET_GPU frame=246 gpu_ms=6.52008009 tag=247 ready=1
FRAME_NET_GPU frame=247 gpu_ms=6.58529997 tag=248 ready=1
FRAME_NET_GPU frame=248 gpu_ms=6.62905979 tag=249 ready=1
FRAME_NET_GPU frame=249 gpu_ms=6.5306201 tag=250 ready=1
FRAME_NET_GPU frame=250 gpu_ms=6.59482002 tag=251 ready=1
FRAME_NET_GPU frame=251 gpu_ms=6.51719999 tag=252 ready=1
FRAME_NET_GPU frame=252 gpu_ms=6.55017996 tag=253 ready=1
FRAME_NET_GPU frame=253 gpu_ms=6.47688007 tag=254 ready=1
FRAME_NET_GPU frame=254 gpu_ms=6.61149979 tag=255 ready=1
FRAME_NET_GPU frame=255 gpu_ms=6.48086023 tag=256 ready=1
FRAME_NET_GPU frame=256 gpu_ms=6.49370003 tag=257 ready=1
FRAME_NET_GPU frame=257 gpu_ms=6.57948017 tag=258 ready=1
FRAME_NET_GPU frame=258 gpu_ms=6.54360008 tag=259 ready=1
FRAME_NET_GPU frame=259 gpu_ms=6.49946022 tag=260 ready=1
FRAME_NET_GPU frame=260 gpu_ms=6.42812014 tag=261 ready=1
FRAME_NET_GPU frame=261 gpu_ms=6.36253977 tag=262 ready=1
FRAME_NET_GPU frame=262 gpu_ms=6.54854012 tag=263 ready=1
FRAME_NET_GPU frame=263 gpu_ms=6.48386002 tag=264 ready=1
FRAME_NET_GPU frame=264 gpu_ms=6.58279991 tag=265 ready=1
FRAME_NET_GPU frame=265 gpu_ms=6.63314009 tag=266 ready=1
FRAME_NET_GPU frame=266 gpu_ms=6.35383987 tag=267 ready=1
FRAME_NET_GPU frame=267 gpu_ms=6.71946001 tag=268 ready=1
FRAME_NET_GPU frame=268 gpu_ms=6.53024006 tag=269 ready=1
FRAME_NET_GPU frame=269 gpu_ms=6.44833994 tag=270 ready=1
FRAME_NET_GPU frame=270 gpu_ms=6.51406002 tag=271 ready=1
FRAME_NET_GPU frame=271 gpu_ms=6.5301199 tag=272 ready=1
FRAME_NET_GPU frame=272 gpu_ms=6.66624022 tag=273 ready=1
FRAME_NET_GPU frame=273 gpu_ms=6.34136009 tag=274 ready=1
FRAME_NET_GPU frame=274 gpu_ms=6.56871986 tag=275 ready=1
FRAME_NET_GPU frame=275 gpu_ms=6.62120008 tag=276 ready=1
FRAME_NET_GPU frame=276 gpu_ms=6.5927 tag=277 ready=1
FRAME_NET_GPU frame=277 gpu_ms=6.57812023 tag=278 ready=1
FRAME_NET_GPU frame=278 gpu_ms=6.49605989 tag=279 ready=1
FRAME_NET_GPU frame=279 gpu_ms=6.57986021 tag=280 ready=1
FRAME_NET_GPU frame=280 gpu_ms=6.58182001 tag=281 ready=1
FRAME_NET_GPU frame=281 gpu_ms=6.62714005 tag=282 ready=1
FRAME_NET_GPU frame=282 gpu_ms=6.48975992 tag=283 ready=1
FRAME_NET_GPU frame=283 gpu_ms=6.54315996 tag=284 ready=1
FRAME_NET_GPU frame=284 gpu_ms=6.57755995 tag=285 ready=1
FRAME_NET_GPU frame=285 gpu_ms=6.48532009 tag=286 ready=1
FRAME_NET_GPU frame=286 gpu_ms=6.53736019 tag=287 ready=1
FRAME_NET_GPU frame=287 gpu_ms=6.5525198 tag=288 ready=1
FRAME_NET_GPU frame=288 gpu_ms=6.57206011 tag=289 ready=1
FRAME_NET_GPU frame=289 gpu_ms=6.67104006 tag=290 ready=1
FRAME_NET_GPU frame=290 gpu_ms=6.51531982 tag=291 ready=1
FRAME_NET_GPU frame=291 gpu_ms=6.67155981 tag=292 ready=1
FRAME_NET_GPU frame=292 gpu_ms=6.49062014 tag=293 ready=1
FRAME_NET_GPU frame=293 gpu_ms=6.54875994 tag=294 ready=1
FRAME_NET_GPU frame=294 gpu_ms=6.47724009 tag=295 ready=1
FRAME_NET_GPU frame=295 gpu_ms=6.58112001 tag=296 ready=1
FRAME_NET_GPU frame=296 gpu_ms=6.40592003 tag=297 ready=1
FRAME_NET_GPU frame=297 gpu_ms=6.41238022 tag=298 ready=1
FRAME_NET_GPU frame=298 gpu_ms=6.4211998 tag=299 ready=1
FRAME_NET_GPU frame=299 gpu_ms=6.48869991 tag=300 ready=1
FRAME_NET_GPU frame=300 gpu_ms=6.63908005 tag=301 ready=1
FRAME_NET_GPU frame=301 gpu_ms=6.38123989 tag=302 ready=1
FRAME_NET_GPU frame=302 gpu_ms=6.49694014 tag=303 ready=1
FRAME_NET_GPU frame=303 gpu_ms=6.54996014 tag=304 ready=1
FRAME_NET_GPU frame=304 gpu_ms=6.54879999 tag=305 ready=1
FRAME_NET_GPU frame=305 gpu_ms=6.57289982 tag=306 ready=1
FRAME_NET_GPU frame=306 gpu_ms=6.54536009 tag=307 ready=1
FRAME_NET_GPU frame=307 gpu_ms=6.46155977 tag=308 ready=1
FRAME_NET_GPU frame=308 gpu_ms=6.60048008 tag=309 ready=1
FRAME_NET_GPU frame=309 gpu_ms=6.64033985 tag=310 ready=1
FRAME_NET_GPU frame=310 gpu_ms=6.56731987 tag=311 ready=1
FRAME_NET_GPU frame=311 gpu_ms=6.5145998 tag=312 ready=1
FRAME_NET_GPU frame=312 gpu_ms=6.55162001 tag=313 ready=1
FRAME_NET_GPU frame=313 gpu_ms=6.55690002 tag=314 ready=1
FRAME_NET_GPU frame=314 gpu_ms=6.6553998 tag=315 ready=1
FRAME_NET_GPU frame=315 gpu_ms=6.47382021 tag=316 ready=1
FRAME_NET_GPU frame=316 gpu_ms=6.43656015 tag=317 ready=1
FRAME_NET_GPU frame=317 gpu_ms=6.42452002 tag=318 ready=1
FRAME_NET_GPU frame=318 gpu_ms=6.56487989 tag=319 ready=1
FRAME_NET_GPU frame=319 gpu_ms=6.61611986 tag=320 ready=1
frame=319 reset=1 wall_ms=7.057 invalid=0 luma=0.01311046 roi=0.01994696 dark=808529 roi_dark=258288 changed_first=0 maxabs_first=0
SP_STATS runs=640 fallback=0 rollover=0 jobs=399360 disabled=0 errors=0
RESULT frames=320 temporal=0 mean_wall_ms=10.821 invalid_total=0 restored_capture_every_frame=1 HDR_preserved=1

