seed=0 pattern=0
input format=RGBA16_FLOAT W=1296 H=720 invalid=0 min=0 max=34.53125 luma=0.0157641119 roi_luma=0.0250669576
adapter=AMD Radeon RX 9070 XT
SP_PLAN c=256 first=16 layers=6 tasks=624 initial=104 state_bytes=7504
SP_DONE c=256 first=16 tasks=624 base=0 ms=1.546
SP_PLAN c=256 first=49 layers=6 tasks=624 initial=104 state_bytes=7504
SP_DONE c=256 first=49 tasks=624 base=0 ms=0.630
frame=0 reset=1 wall_ms=1194.120 invalid=0 luma=0.01004178 roi=0.01568267 dark=842326 roi_dark=274409 changed_first=0 maxabs_first=0
SP_DONE c=256 first=16 tasks=624 base=0 ms=0.626
SP_DONE c=256 first=49 tasks=624 base=0 ms=0.583
frame=1 reset=0 wall_ms=13.721 invalid=0 luma=0.01069183 roi=0.01666229 dark=836150 roi_dark=270498 changed_first=3672493 maxabs_first=15.56113
SP_DONE c=256 first=16 tasks=624 base=0 ms=0.635
SP_DONE c=256 first=49 tasks=624 base=0 ms=0.524
frame=2 reset=0 wall_ms=12.520 invalid=0 luma=0.0110267 roi=0.01714769 dark=833545 roi_dark=269189 changed_first=3711189 maxabs_first=15.57192
SP_DONE c=256 first=16 tasks=624 base=0 ms=0.637
SP_DONE c=256 first=49 tasks=624 base=0 ms=0.540
frame=3 reset=0 wall_ms=11.179 invalid=0 luma=0.01122916 roi=0.01750876 dark=831905 roi_dark=268243 changed_first=3724617 maxabs_first=15.57576
SP_DONE c=256 first=16 tasks=624 base=0 ms=0.613
SP_DONE c=256 first=49 tasks=624 base=0 ms=0.613
frame=4 reset=0 wall_ms=11.035 invalid=0 luma=0.01136135 roi=0.01770542 dark=830479 roi_dark=267530 changed_first=3727614 maxabs_first=15.57611
SP_DONE c=256 first=16 tasks=624 base=0 ms=0.680
SP_DONE c=256 first=49 tasks=624 base=0 ms=0.704
frame=5 reset=0 wall_ms=11.327 invalid=0 luma=0.01131616 roi=0.01766609 dark=831320 roi_dark=267983 changed_first=3729321 maxabs_first=15.57658
SP_DONE c=256 first=16 tasks=624 base=0 ms=0.653
SP_DONE c=256 first=49 tasks=624 base=0 ms=0.594
frame=6 reset=0 wall_ms=14.209 invalid=0 luma=0.01154269 roi=0.0181246 dark=830118 roi_dark=267032 changed_first=3730062 maxabs_first=15.577
SP_DONE c=256 first=16 tasks=624 base=0 ms=0.614
SP_DONE c=256 first=49 tasks=624 base=0 ms=0.595
frame=7 reset=0 wall_ms=11.105 invalid=0 luma=0.01163794 roi=0.01832522 dark=829208 roi_dark=266263 changed_first=3730386 maxabs_first=15.57514
SP_DONE c=256 first=16 tasks=624 base=0 ms=0.642
SP_DONE c=256 first=49 tasks=624 base=0 ms=0.583
frame=8 reset=0 wall_ms=11.382 invalid=0 luma=0.01152258 roi=0.01817174 dark=829152 roi_dark=266061 changed_first=3730713 maxabs_first=15.57446
SP_DONE c=256 first=16 tasks=624 base=0 ms=0.635
SP_DONE c=256 first=49 tasks=624 base=0 ms=0.620
frame=9 reset=0 wall_ms=11.140 invalid=0 luma=0.01144055 roi=0.01812901 dark=829650 roi_dark=266256 changed_first=3730920 maxabs_first=15.57565
SP_DONE c=256 first=16 tasks=624 base=0 ms=0.646
SP_DONE c=256 first=49 tasks=624 base=0 ms=0.630
frame=10 reset=0 wall_ms=13.959 invalid=0 luma=0.01149072 roi=0.01823944 dark=829265 roi_dark=266227 changed_first=3731009 maxabs_first=15.57721
SP_DONE c=256 first=16 tasks=624 base=0 ms=0.642
SP_DONE c=256 first=49 tasks=624 base=0 ms=0.604
frame=11 reset=0 wall_ms=10.991 invalid=0 luma=0.01145517 roi=0.0182803 dark=829593 roi_dark=266429 changed_first=3731081 maxabs_first=15.57678
SP_STATS runs=24 fallback=0 rollover=24 jobs=14976 disabled=0 errors=0
RESULT frames=12 temporal=1 mean_wall_ms=110.557 invalid_total=0 restored_capture_every_frame=1 HDR_preserved=1
