seed=0 pattern=0
input format=RGBA16_FLOAT W=1296 H=720 invalid=0 min=0 max=34.53125 luma=0.0157641119 roi_luma=0.0250669576
adapter=AMD Radeon RX 9070 XT
SP_PLAN c=64 first=6 layers=2 tasks=4453 initial=2257 state_bytes=53452
SP_DONE c=64 first=6 tasks=4453 base=0 ms=1.043
SP_PLAN c=256 first=16 layers=6 tasks=893 initial=160 state_bytes=10732
SP_DONE c=256 first=16 tasks=893 base=0 ms=0.692
SP_PLAN c=256 first=49 layers=6 tasks=893 initial=160 state_bytes=10732
SP_DONE c=256 first=49 tasks=893 base=0 ms=0.704
frame=0 reset=1 wall_ms=1247.503 invalid=0 luma=0.01043502 roi=0.01611849 dark=837589 roi_dark=271139 changed_first=0 maxabs_first=0
SP_DONE c=64 first=6 tasks=4453 base=4453 ms=8.627
SP_DONE c=256 first=16 tasks=893 base=893 ms=1.854
SP_DONE c=256 first=49 tasks=893 base=893 ms=4.302
frame=1 reset=0 wall_ms=20.163 invalid=0 luma=0.01103854 roi=0.01706857 dark=833391 roi_dark=268977 changed_first=3674549 maxabs_first=15.56113
SP_DONE c=64 first=6 tasks=4453 base=8906 ms=3.822
SP_DONE c=256 first=16 tasks=893 base=1786 ms=1.770
SP_DONE c=256 first=49 tasks=893 base=1786 ms=4.389
frame=2 reset=0 wall_ms=14.897 invalid=0 luma=0.01150613 roi=0.01783123 dark=829052 roi_dark=266739 changed_first=3712159 maxabs_first=15.57192
SP_DONE c=64 first=6 tasks=4453 base=13359 ms=9.471
SP_DONE c=256 first=16 tasks=893 base=2679 ms=2.469
SP_DONE c=256 first=49 tasks=893 base=2679 ms=4.362
frame=3 reset=0 wall_ms=21.303 invalid=0 luma=0.01178046 roi=0.01831547 dark=826913 roi_dark=265560 changed_first=3724795 maxabs_first=15.57576
SP_DONE c=64 first=6 tasks=4453 base=17812 ms=3.780
SP_DONE c=256 first=16 tasks=893 base=3572 ms=1.783
SP_DONE c=256 first=49 tasks=893 base=3572 ms=4.200
frame=4 reset=0 wall_ms=14.535 invalid=0 luma=0.01179889 roi=0.01840152 dark=826864 roi_dark=265452 changed_first=3727565 maxabs_first=15.57611
SP_DONE c=64 first=6 tasks=4453 base=22265 ms=9.569
SP_DONE c=256 first=16 tasks=893 base=4465 ms=1.887
SP_DONE c=256 first=49 tasks=893 base=4465 ms=4.353
frame=5 reset=0 wall_ms=20.853 invalid=0 luma=0.01195839 roi=0.01873205 dark=825887 roi_dark=264740 changed_first=3729306 maxabs_first=15.57658
SP_DONE c=64 first=6 tasks=4453 base=26718 ms=3.819
SP_DONE c=256 first=16 tasks=893 base=5358 ms=1.772
SP_DONE c=256 first=49 tasks=893 base=5358 ms=4.238
frame=6 reset=0 wall_ms=15.353 invalid=0 luma=0.01198082 roi=0.01888853 dark=826118 roi_dark=264662 changed_first=3730016 maxabs_first=15.577
SP_DONE c=64 first=6 tasks=4453 base=31171 ms=6.625
SP_DONE c=256 first=16 tasks=893 base=6251 ms=1.810
SP_DONE c=256 first=49 tasks=893 base=6251 ms=4.256
frame=7 reset=0 wall_ms=17.938 invalid=0 luma=0.01196727 roi=0.01889667 dark=826085 roi_dark=264655 changed_first=3730204 maxabs_first=15.57514
SP_DONE c=64 first=6 tasks=4453 base=35624 ms=3.876
SP_DONE c=256 first=16 tasks=893 base=7144 ms=1.847
SP_DONE c=256 first=49 tasks=893 base=7144 ms=4.143
frame=8 reset=0 wall_ms=14.992 invalid=0 luma=0.01197053 roi=0.0189611 dark=825562 roi_dark=264296 changed_first=3730509 maxabs_first=15.57446
SP_DONE c=64 first=6 tasks=4453 base=40077 ms=3.761
SP_DONE c=256 first=16 tasks=893 base=8037 ms=1.801
SP_DONE c=256 first=49 tasks=893 base=8037 ms=4.131
frame=9 reset=0 wall_ms=14.667 invalid=0 luma=0.01188217 roi=0.01889453 dark=826273 roi_dark=264638 changed_first=3730751 maxabs_first=15.57565
SP_DONE c=64 first=6 tasks=4453 base=44530 ms=6.391
SP_DONE c=256 first=16 tasks=893 base=8930 ms=1.666
SP_DONE c=256 first=49 tasks=893 base=8930 ms=4.244
frame=10 reset=0 wall_ms=17.380 invalid=0 luma=0.01184289 roi=0.01892411 dark=826011 roi_dark=264466 changed_first=3730847 maxabs_first=15.57721
SP_DONE c=64 first=6 tasks=4453 base=48983 ms=3.792
SP_DONE c=256 first=16 tasks=893 base=9823 ms=1.862
SP_DONE c=256 first=49 tasks=893 base=9823 ms=4.228
frame=11 reset=0 wall_ms=14.984 invalid=0 luma=0.01164047 roi=0.01865964 dark=828377 roi_dark=265691 changed_first=3730970 maxabs_first=15.57678
SP_STATS runs=36 fallback=0 rollover=0 jobs=74868 disabled=0 errors=0
RESULT frames=12 temporal=1 mean_wall_ms=119.547 invalid_total=0 restored_capture_every_frame=1 HDR_preserved=1
