seed=1 pattern=0
input format=RGBA16_FLOAT W=2560 H=1440 invalid=0 min=0 max=1 luma=0.357899353 roi_luma=0.389746571
adapter=AMD Radeon RX 9070 XT
NET frame=0 gpu_ms=1191.466187
GEOMETRY valid=2560x1440 processing=2560x1472 tokens=960
frame=0 reset=1 wall_ms=1199.647 invalid=0 luma=0.3596833 roi=0.4035345 dark=1325 roi_dark=232 changed_first=0 maxabs_first=0
NET frame=1 gpu_ms=26.708570
NET frame=2 gpu_ms=16.240601
NET frame=3 gpu_ms=15.907100
NET frame=4 gpu_ms=15.712500
NET frame=5 gpu_ms=15.757800
NET frame=6 gpu_ms=15.726100
NET frame=7 gpu_ms=15.701400
NET frame=8 gpu_ms=15.848800
NET frame=9 gpu_ms=15.849400
NET frame=10 gpu_ms=15.867200
NET frame=11 gpu_ms=15.762700
NET frame=12 gpu_ms=15.799500
NET frame=13 gpu_ms=15.721000
NET frame=14 gpu_ms=15.811400
NET frame=15 gpu_ms=16.060699
NET frame=16 gpu_ms=16.202160
NET frame=17 gpu_ms=16.079000
NET frame=18 gpu_ms=15.957900
NET frame=19 gpu_ms=15.888900
NET frame=20 gpu_ms=16.078600
NET frame=21 gpu_ms=15.962100
NET frame=22 gpu_ms=16.011400
NET frame=23 gpu_ms=15.966800
NET frame=24 gpu_ms=15.889300
NET frame=25 gpu_ms=16.052099
NET frame=26 gpu_ms=15.906500
NET frame=27 gpu_ms=16.033360
NET frame=28 gpu_ms=15.942800
NET frame=29 gpu_ms=15.817100
NET frame=30 gpu_ms=15.856280
NET frame=31 gpu_ms=16.070601
NET frame=32 gpu_ms=16.026600
NET frame=33 gpu_ms=16.040300
NET frame=34 gpu_ms=16.018539
NET frame=35 gpu_ms=15.974600
NET frame=36 gpu_ms=16.114000
NET frame=37 gpu_ms=16.191299
NET frame=38 gpu_ms=16.053801
NET frame=39 gpu_ms=15.918500
NET frame=40 gpu_ms=15.968200
NET frame=41 gpu_ms=16.187201
NET frame=42 gpu_ms=16.186001
NET frame=43 gpu_ms=15.696760
NET frame=44 gpu_ms=15.882520
NET frame=45 gpu_ms=16.161579
NET frame=46 gpu_ms=15.933100
NET frame=47 gpu_ms=16.025900
NET frame=48 gpu_ms=15.947680
NET frame=49 gpu_ms=15.916360
NET frame=50 gpu_ms=16.190100
NET frame=51 gpu_ms=16.058100
NET frame=52 gpu_ms=16.153999
NET frame=53 gpu_ms=15.773460
NET frame=54 gpu_ms=15.970700
NET frame=55 gpu_ms=16.079901
NET frame=56 gpu_ms=16.033220
NET frame=57 gpu_ms=16.138800
NET frame=58 gpu_ms=15.737100
NET frame=59 gpu_ms=15.991800
NET frame=60 gpu_ms=15.840240
NET frame=61 gpu_ms=15.852000
NET frame=62 gpu_ms=16.013620
NET frame=63 gpu_ms=15.930000
NET frame=64 gpu_ms=15.995240
NET frame=65 gpu_ms=15.972440
NET frame=66 gpu_ms=15.952260
NET frame=67 gpu_ms=15.927480
NET frame=68 gpu_ms=15.983860
NET frame=69 gpu_ms=15.736440
NET frame=70 gpu_ms=15.781980
NET frame=71 gpu_ms=15.975000
NET frame=72 gpu_ms=15.965960
NET frame=73 gpu_ms=16.195259
NET frame=74 gpu_ms=15.824400
NET frame=75 gpu_ms=15.867540
NET frame=76 gpu_ms=16.023001
NET frame=77 gpu_ms=16.043400
NET frame=78 gpu_ms=15.856240
NET frame=79 gpu_ms=15.927400
NET frame=80 gpu_ms=15.864280
NET frame=81 gpu_ms=16.070721
NET frame=82 gpu_ms=16.037100
NET frame=83 gpu_ms=16.004919
NET frame=84 gpu_ms=15.955300
NET frame=85 gpu_ms=15.881700
NET frame=86 gpu_ms=16.034800
NET frame=87 gpu_ms=15.966020
NET frame=88 gpu_ms=15.823040
NET frame=89 gpu_ms=15.995260
NET frame=90 gpu_ms=16.085100
NET frame=91 gpu_ms=16.051680
NET frame=92 gpu_ms=15.658420
NET frame=93 gpu_ms=15.987600
NET frame=94 gpu_ms=16.136700
NET frame=95 gpu_ms=15.931000
NET frame=96 gpu_ms=15.929420
NET frame=97 gpu_ms=16.191900
NET frame=98 gpu_ms=15.811700
NET frame=99 gpu_ms=15.902140
NET frame=100 gpu_ms=16.154200
NET frame=101 gpu_ms=15.917880
NET frame=102 gpu_ms=16.097900
NET frame=103 gpu_ms=15.864800
NET frame=104 gpu_ms=15.858820
NET frame=105 gpu_ms=16.007000
NET frame=106 gpu_ms=16.151300
NET frame=107 gpu_ms=16.149900
NET frame=108 gpu_ms=16.074900
NET frame=109 gpu_ms=16.040340
NET frame=110 gpu_ms=16.110901
NET frame=111 gpu_ms=16.183001
NET frame=112 gpu_ms=15.856320
NET frame=113 gpu_ms=15.974680
NET frame=114 gpu_ms=15.931400
NET frame=115 gpu_ms=15.779580
NET frame=116 gpu_ms=15.848440
NET frame=117 gpu_ms=16.122601
NET frame=118 gpu_ms=16.139099
NET frame=119 gpu_ms=16.201500
NET frame=120 gpu_ms=16.009899
NET frame=121 gpu_ms=15.959540
NET frame=122 gpu_ms=16.074100
NET frame=123 gpu_ms=16.062740
NET frame=124 gpu_ms=15.795360
NET frame=125 gpu_ms=15.981220
NET frame=126 gpu_ms=16.015619
NET frame=127 gpu_ms=16.088421
NET frame=128 gpu_ms=16.073780
NET frame=129 gpu_ms=15.775140
NET frame=130 gpu_ms=15.972340
NET frame=131 gpu_ms=16.084061
NET frame=132 gpu_ms=15.888240
NET frame=133 gpu_ms=15.973000
NET frame=134 gpu_ms=15.916880
NET frame=135 gpu_ms=15.895400
NET frame=136 gpu_ms=16.084539
NET frame=137 gpu_ms=16.031300
NET frame=138 gpu_ms=15.803860
NET frame=139 gpu_ms=15.957940
NET frame=140 gpu_ms=15.949940
NET frame=141 gpu_ms=15.753820
NET frame=142 gpu_ms=15.965200
NET frame=143 gpu_ms=15.894940
NET frame=144 gpu_ms=15.903700
NET frame=145 gpu_ms=15.984440
NET frame=146 gpu_ms=15.925340
NET frame=147 gpu_ms=15.701320
NET frame=148 gpu_ms=15.916160
NET frame=149 gpu_ms=15.844300
NET frame=150 gpu_ms=15.997700
NET frame=151 gpu_ms=16.046101
NET frame=152 gpu_ms=16.190100
NET frame=153 gpu_ms=15.833660
NET frame=154 gpu_ms=16.048901
NET frame=155 gpu_ms=16.275700
NET frame=156 gpu_ms=16.126900
NET frame=157 gpu_ms=15.894040
NET frame=158 gpu_ms=16.035879
NET frame=159 gpu_ms=15.868600
NET frame=160 gpu_ms=16.023239
NET frame=161 gpu_ms=15.891600
NET frame=162 gpu_ms=16.036720
NET frame=163 gpu_ms=15.777160
NET frame=164 gpu_ms=15.849300
NET frame=165 gpu_ms=16.051979
NET frame=166 gpu_ms=15.940660
NET frame=167 gpu_ms=15.835820
NET frame=168 gpu_ms=16.017179
NET frame=169 gpu_ms=16.035601
NET frame=170 gpu_ms=16.039801
NET frame=171 gpu_ms=16.134899
NET frame=172 gpu_ms=15.964400
NET frame=173 gpu_ms=15.863940
NET frame=174 gpu_ms=16.069559
NET frame=175 gpu_ms=15.703280
NET frame=176 gpu_ms=16.058060
NET frame=177 gpu_ms=16.019899
NET frame=178 gpu_ms=15.918220
NET frame=179 gpu_ms=16.131201
NET frame=180 gpu_ms=15.926840
NET frame=181 gpu_ms=15.832340
NET frame=182 gpu_ms=16.066900
NET frame=183 gpu_ms=15.783400
NET frame=184 gpu_ms=15.824760
NET frame=185 gpu_ms=15.963140
NET frame=186 gpu_ms=16.008680
NET frame=187 gpu_ms=15.885560
NET frame=188 gpu_ms=16.081301
NET frame=189 gpu_ms=16.183201
NET frame=190 gpu_ms=16.022800
NET frame=191 gpu_ms=15.948080
NET frame=192 gpu_ms=15.920340
NET frame=193 gpu_ms=15.747600
NET frame=194 gpu_ms=16.171459
NET frame=195 gpu_ms=15.863300
NET frame=196 gpu_ms=15.984780
NET frame=197 gpu_ms=16.161900
NET frame=198 gpu_ms=15.832940
NET frame=199 gpu_ms=15.910880
frame=199 reset=1 wall_ms=17.335 invalid=0 luma=0.3596833 roi=0.4035345 dark=1325 roi_dark=232 changed_first=0 maxabs_first=0
SP_STATS runs=0 fallback=0 rollover=0 jobs=0 disabled=0 errors=0
RESULT frames=200 temporal=0 mean_wall_ms=23.448 invalid_total=0 restored_capture_every_frame=1 HDR_preserved=1
