SYNC_PROFILE wave_owned=1 c512_m32=1 pdl=1 vit_stream=3 swin_run=1 FAST=1 full71=1
SP_PLAN c=256 first=16 layers=6 tasks=846 initial=144 state_bytes=10168 w16=1
SP_PLAN c=256 first=49 layers=6 tasks=846 initial=144 state_bytes=10168 w16=1
SYNC_NETWORK width=1920 valid_h=1080 proc_h=1088 vit_tokens=640 full71=1 MP1=1 AE0=1 historyoff=1 Style1=1 seed0=1 warm=0 frames=1 gpu_mean_ms=13.741900444 cpu_mean_ms=16.121000000 raw_bitdiff=0 output_finite=1 input_upload_once=1 input_domain=encoded_synthetic
API_FN 0 c32_wave1_prefix_b8d
API_FN 1 c32_wave1_mapped_b8
API_FN 2 c32_wave1_chain
API_FN 3 c32_wave1_chain
API_FN 4 c32_wave1_finish_dcrop_b8d
API_FN 5 mh_pool_project_c32_b8_out8
API_FN 6 c64_wave2_bi_bo
API_FN 7 c64_wave2_bi_bo
API_FN 8 c64_wave2_bi_bo
API_FN 9 c64_wave2_bi_ho
API_FN 10 mh_pool_project_group_c64_hin
API_FN 11 c128_wave2_bo
API_FN 12 c128_wave2_bi_bo
API_FN 13 c128_wave2_bi_bo
API_FN 14 c128_wave2_bi_bo
API_FN 15 c128_wave2_bi_bo
API_FN 16 c128_wave2_bi_ho
API_FN 17 mh_pool_project_group_c128_hin
API_FN 18 c256_wave2_bo_w16
API_FN 19 FUSED_BODY22_DOWN
API_FN 20 split_ffn_one_w2f8
API_FN 21 split_projection_frag
API_FN 22 c512_qkv_attention_compact
API_FN 23 mh_attention_project_frag_c512
API_FN 24 split_ffn_one_w2f8
API_FN 25 split_projection_frag
API_FN 26 c512_qkv_attention_compact
API_FN 27 mh_attention_project_frag_c512
API_FN 28 split_ffn_one_w2f8
API_FN 29 split_projection_frag
API_FN 30 c512_qkv_attention_compact
API_FN 31 mh_attention_project_frag_c512
API_FN 32 split_ffn_one_w2f8
API_FN 33 split_projection_frag
API_FN 34 c512_qkv_attention_compact
API_FN 35 mh_attention_project_frag_c512
API_FN 36 split_ffn_one_w2f8
API_FN 37 split_projection_frag
API_FN 38 c512_qkv_attention_compact
API_FN 39 mh_attention_project_frag_c512
API_FN 40 split_ffn_one_w2f8
API_FN 41 split_projection_frag
API_FN 42 c512_qkv_attention_compact
API_FN 43 mh_attention_project_frag_c512
API_FN 44 split_ffn_one_w2f8
API_FN 45 split_projection_frag
API_FN 46 c512_qkv_attention_compact
API_FN 47 mh_attention_project_frag_c512
API_FN 48 split_ffn_one_w2f8
API_FN 49 split_projection_frag
API_FN 50 c512_qkv_attention_compact
API_FN 51 mh_attention_project_frag_c512
API_FN 52 mh_pool_project_group_c512
API_FN 53 vit_gather
API_FN 54 vit_pack_input
API_FN 55 vit_expand_blocked_fp8_frag_bytein
API_FN 56 vit_stream_contract_frag_bout
API_FN 57 vit_stream_qkv_frag_bin_w5f8
API_FN 58 vit_attention_fused_640_bytein_bout
API_FN 59 vit_stream_project_n64_bb
API_FN 60 vit_pack_input
API_FN 61 vit_expand_blocked_fp8_frag_bytein
API_FN 62 vit_stream_contract_frag_bout
API_FN 63 vit_stream_qkv_frag_bin_w5f8
API_FN 64 vit_attention_fused_640_bytein_bout
API_FN 65 vit_stream_project_n64_bb
API_FN 66 vit_pack_input
API_FN 67 vit_expand_blocked_fp8_frag_bytein
API_FN 68 vit_stream_contract_frag_bout
API_FN 69 vit_stream_qkv_frag_bin_w5f8
API_FN 70 vit_attention_fused_640_bytein_bout
API_FN 71 vit_stream_project_n64_bb
API_FN 72 vit_pack_input
API_FN 73 vit_expand_blocked_fp8_frag_bytein
API_FN 74 vit_stream_contract_frag_bout
API_FN 75 vit_stream_qkv_frag_bin_w5f8
API_FN 76 vit_attention_fused_640_bytein_bout
API_FN 77 vit_stream_project_n64_bb
API_FN 78 vit_pack_input
API_FN 79 vit_expand_blocked_fp8_frag_bytein
API_FN 80 vit_stream_contract_frag_bout
API_FN 81 vit_stream_qkv_frag_bin_w5f8
API_FN 82 vit_attention_fused_640_bytein_bout
API_FN 83 vit_stream_project_n64_bb
API_FN 84 vit_pack_input
API_FN 85 vit_expand_blocked_fp8_frag_bytein
API_FN 86 vit_stream_contract_frag_bout
API_FN 87 vit_stream_qkv_frag_bin_w5f8
API_FN 88 vit_attention_fused_640_bytein_bout
API_FN 89 vit_stream_project_n64_bb
API_FN 90 vit_pack_input
API_FN 91 vit_expand_blocked_fp8_frag_bytein
API_FN 92 vit_stream_contract_frag_bout
API_FN 93 vit_stream_qkv_frag_bin_w5f8
API_FN 94 vit_attention_fused_640_bytein_bout
API_FN 95 vit_stream_project_n64_bb
API_FN 96 vit_pack_input
API_FN 97 vit_expand_blocked_fp8_frag_bytein
API_FN 98 vit_stream_contract_frag_bout
API_FN 99 vit_stream_qkv_frag_bin_w5f8
API_FN 100 vit_attention_fused_640_bytein_bout
API_FN 101 vit_stream_project_n64_bb
API_FN 102 vit_gather
API_FN 103 decoder_project2x_h16w_w
API_FN 104 split_ffn_one_w2f8
API_FN 105 split_projection_frag
API_FN 106 c512_qkv_attention_compact
API_FN 107 mh_attention_project_frag_c512
API_FN 108 split_ffn_one_w2f8
API_FN 109 split_projection_frag
API_FN 110 c512_qkv_attention_compact
API_FN 111 mh_attention_project_frag_c512
API_FN 112 split_ffn_one_w2f8
API_FN 113 split_projection_frag
API_FN 114 c512_qkv_attention_compact
API_FN 115 mh_attention_project_frag_c512
API_FN 116 split_ffn_one_w2f8
API_FN 117 split_projection_frag
API_FN 118 c512_qkv_attention_compact
API_FN 119 mh_attention_project_frag_c512
API_FN 120 split_ffn_one_w2f8
API_FN 121 split_projection_frag
API_FN 122 c512_qkv_attention_compact
API_FN 123 mh_attention_project_frag_c512
API_FN 124 split_ffn_one_w2f8
API_FN 125 split_projection_frag
API_FN 126 c512_qkv_attention_compact
API_FN 127 mh_attention_project_frag_c512
API_FN 128 split_ffn_one_w2f8
API_FN 129 split_projection_frag
API_FN 130 c512_qkv_attention_compact
API_FN 131 mh_attention_project_frag_c512
API_FN 132 split_ffn_one_w2f8
API_FN 133 split_projection_frag
API_FN 134 c512_qkv_attention_compact
API_FN 135 mh_attention_project_frag_c512
API_FN 136 decoder_project2x_h16w_byteout_w
API_FN 137 c256_wave2_bi_bo_w16
API_FN 138 c256_wave2_bi_bo_w16
API_FN 139 c128_wave2_up_lb_sh
API_FN 140 c128_wave2_bi_bo
API_FN 141 c128_wave2_bi_bo
API_FN 142 c128_wave2_bi_bo
API_FN 143 c128_wave2_bi_bo
API_FN 144 c128_wave2_bi_bo
API_FN 145 c64_wave2_up_lb_sh
API_FN 146 c64_wave2_bi_bo
API_FN 147 c64_wave2_bi_bo
API_FN 148 c64_wave2_bi
API_FN 149 c32_wave1_up_b8
API_FN 150 c32_wave1_chain
API_FN 151 c32_wave1_chain
API_FN 152 c32_wave1_finish_b8
API_FN 153 c32_wave1_post_b8
API_FN 154 c32_wave1_prefix_b8d
API_FN 155 c32_wave1_mapped_b8
API_FN 156 c32_wave1_chain
API_FN 157 c32_wave1_chain
API_FN 158 c32_wave1_finish_dcrop_b8d
API_FN 159 mh_pool_project_c32_b8_out8
API_FN 160 c64_wave2_bi_bo
API_FN 161 c64_wave2_bi_bo
API_FN 162 c64_wave2_bi_bo
API_FN 163 c64_wave2_bi_ho
API_FN 164 mh_pool_project_group_c64_hin
API_FN 165 c128_wave2_bo
API_FN 166 c128_wave2_bi_bo
API_FN 167 c128_wave2_bi_bo
API_FN 168 c128_wave2_bi_bo
API_FN 169 c128_wave2_bi_bo
API_FN 170 c128_wave2_bi_ho
API_FN 171 mh_pool_project_group_c128_hin
API_FN 172 c256_wave2_bo_w16
API_FN 173 FUSED_BODY22_DOWN
API_FN 174 split_ffn_one_w2f8
API_FN 175 split_projection_frag
API_FN 176 c512_qkv_attention_compact
API_FN 177 mh_attention_project_frag_c512
API_FN 178 split_ffn_one_w2f8
API_FN 179 split_projection_frag
API_FN 180 c512_qkv_attention_compact
API_FN 181 mh_attention_project_frag_c512
API_FN 182 split_ffn_one_w2f8
API_FN 183 split_projection_frag
API_FN 184 c512_qkv_attention_compact
API_FN 185 mh_attention_project_frag_c512
API_FN 186 split_ffn_one_w2f8
API_FN 187 split_projection_frag
API_FN 188 c512_qkv_attention_compact
API_FN 189 mh_attention_project_frag_c512
API_FN 190 split_ffn_one_w2f8
API_FN 191 split_projection_frag
API_FN 192 c512_qkv_attention_compact
API_FN 193 mh_attention_project_frag_c512
API_FN 194 split_ffn_one_w2f8
API_FN 195 split_projection_frag
API_FN 196 c512_qkv_attention_compact
API_FN 197 mh_attention_project_frag_c512
API_FN 198 split_ffn_one_w2f8
API_FN 199 split_projection_frag
API_FN 200 c512_qkv_attention_compact
API_FN 201 mh_attention_project_frag_c512
API_FN 202 split_ffn_one_w2f8
API_FN 203 split_projection_frag
API_FN 204 c512_qkv_attention_compact
API_FN 205 mh_attention_project_frag_c512
API_FN 206 mh_pool_project_group_c512
API_FN 207 vit_gather
API_FN 208 vit_pack_input
API_FN 209 vit_expand_blocked_fp8_frag_bytein
API_FN 210 vit_stream_contract_frag_bout
API_FN 211 vit_stream_qkv_frag_bin_w5f8
API_FN 212 vit_attention_fused_640_bytein_bout
API_FN 213 vit_stream_project_n64_bb
API_FN 214 vit_pack_input
API_FN 215 vit_expand_blocked_fp8_frag_bytein
API_FN 216 vit_stream_contract_frag_bout
API_FN 217 vit_stream_qkv_frag_bin_w5f8
API_FN 218 vit_attention_fused_640_bytein_bout
API_FN 219 vit_stream_project_n64_bb
API_FN 220 vit_pack_input
API_FN 221 vit_expand_blocked_fp8_frag_bytein
API_FN 222 vit_stream_contract_frag_bout
API_FN 223 vit_stream_qkv_frag_bin_w5f8
API_FN 224 vit_attention_fused_640_bytein_bout
API_FN 225 vit_stream_project_n64_bb
API_FN 226 vit_pack_input
API_FN 227 vit_expand_blocked_fp8_frag_bytein
API_FN 228 vit_stream_contract_frag_bout
API_FN 229 vit_stream_qkv_frag_bin_w5f8
API_FN 230 vit_attention_fused_640_bytein_bout
API_FN 231 vit_stream_project_n64_bb
API_FN 232 vit_pack_input
API_FN 233 vit_expand_blocked_fp8_frag_bytein
API_FN 234 vit_stream_contract_frag_bout
API_FN 235 vit_stream_qkv_frag_bin_w5f8
API_FN 236 vit_attention_fused_640_bytein_bout
API_FN 237 vit_stream_project_n64_bb
API_FN 238 vit_pack_input
API_FN 239 vit_expand_blocked_fp8_frag_bytein
API_FN 240 vit_stream_contract_frag_bout
API_FN 241 vit_stream_qkv_frag_bin_w5f8
API_FN 242 vit_attention_fused_640_bytein_bout
API_FN 243 vit_stream_project_n64_bb
API_FN 244 vit_pack_input
API_FN 245 vit_expand_blocked_fp8_frag_bytein
API_FN 246 vit_stream_contract_frag_bout
API_FN 247 vit_stream_qkv_frag_bin_w5f8
API_FN 248 vit_attention_fused_640_bytein_bout
API_FN 249 vit_stream_project_n64_bb
API_FN 250 vit_pack_input
API_FN 251 vit_expand_blocked_fp8_frag_bytein
API_FN 252 vit_stream_contract_frag_bout
API_FN 253 vit_stream_qkv_frag_bin_w5f8
API_FN 254 vit_attention_fused_640_bytein_bout
API_FN 255 vit_stream_project_n64_bb
API_FN 256 vit_gather
API_FN 257 decoder_project2x_h16w_w
API_FN 258 split_ffn_one_w2f8
API_FN 259 split_projection_frag
API_FN 260 c512_qkv_attention_compact
API_FN 261 mh_attention_project_frag_c512
API_FN 262 split_ffn_one_w2f8
API_FN 263 split_projection_frag
API_FN 264 c512_qkv_attention_compact
API_FN 265 mh_attention_project_frag_c512
API_FN 266 split_ffn_one_w2f8
API_FN 267 split_projection_frag
API_FN 268 c512_qkv_attention_compact
API_FN 269 mh_attention_project_frag_c512
API_FN 270 split_ffn_one_w2f8
API_FN 271 split_projection_frag
API_FN 272 c512_qkv_attention_compact
API_FN 273 mh_attention_project_frag_c512
API_FN 274 split_ffn_one_w2f8
API_FN 275 split_projection_frag
API_FN 276 c512_qkv_attention_compact
API_FN 277 mh_attention_project_frag_c512
API_FN 278 split_ffn_one_w2f8
API_FN 279 split_projection_frag
API_FN 280 c512_qkv_attention_compact
API_FN 281 mh_attention_project_frag_c512
API_FN 282 split_ffn_one_w2f8
API_FN 283 split_projection_frag
API_FN 284 c512_qkv_attention_compact
API_FN 285 mh_attention_project_frag_c512
API_FN 286 split_ffn_one_w2f8
API_FN 287 split_projection_frag
API_FN 288 c512_qkv_attention_compact
API_FN 289 mh_attention_project_frag_c512
API_FN 290 decoder_project2x_h16w_byteout_w
API_FN 291 c256_wave2_bi_bo_w16
API_FN 292 c256_wave2_bi_bo_w16
API_FN 293 c128_wave2_up_lb_sh
API_FN 294 c128_wave2_bi_bo
API_FN 295 c128_wave2_bi_bo
API_FN 296 c128_wave2_bi_bo
API_FN 297 c128_wave2_bi_bo
API_FN 298 c128_wave2_bi_bo
API_FN 299 c64_wave2_up_lb_sh
API_FN 300 c64_wave2_bi_bo
API_FN 301 c64_wave2_bi_bo
API_FN 302 c64_wave2_bi
API_FN 303 c32_wave1_up_b8
API_FN 304 c32_wave1_chain
API_FN 305 c32_wave1_chain
API_FN 306 c32_wave1_finish_b8
API_FN 307 c32_wave1_post_b8
FUSION_ROUTE dispatch_per_frame=160 fused_calls=2 frames_total=2 module=D:\DLSSNR-Lab\body22-down-regcache-noescape-20261006\candidate.hsaco
DOWN_CAPACITY bytes=4194304 valid_bytes=4177920
SP_STATS runs=4 fallback=0 rollover=0 jobs=3384 disabled=0 errors=0

