seed=0 pattern=0
input format=RGBA16_FLOAT W=1296 H=720 invalid=0 min=0 max=34.53125 luma=0.0157641119 roi_luma=0.0250669576
adapter=AMD Radeon RX 9070 XT
SP_PLAN c=256 first=16 layers=6 tasks=893 initial=160 state_bytes=10732 w16=1
SP_PLAN c=256 first=49 layers=6 tasks=893 initial=160 state_bytes=10732 w16=1
FRAME_NET_GPU frame=0 gpu_ms=1145.71704
frame=0 reset=1 wall_ms=1154.919 invalid=0 luma=0.01307101 roi=0.01974189 dark=806206 roi_dark=258238 changed_first=0 maxabs_first=0
FRAME_NET_GPU frame=1 gpu_ms=11.7663603
FRAME_NET_GPU frame=2 gpu_ms=9.47280025
FRAME_NET_GPU frame=3 gpu_ms=9.25710011
FRAME_NET_GPU frame=4 gpu_ms=8.97959995
FRAME_NET_GPU frame=5 gpu_ms=8.88440037
FRAME_NET_GPU frame=6 gpu_ms=8.95549965
FRAME_NET_GPU frame=7 gpu_ms=8.93630028
FRAME_NET_GPU frame=8 gpu_ms=8.90439987
FRAME_NET_GPU frame=9 gpu_ms=8.95409966
FRAME_NET_GPU frame=10 gpu_ms=8.88269997
FRAME_NET_GPU frame=11 gpu_ms=8.91100025
FRAME_NET_GPU frame=12 gpu_ms=8.9428997
FRAME_NET_GPU frame=13 gpu_ms=8.87479973
FRAME_NET_GPU frame=14 gpu_ms=8.93970013
FRAME_NET_GPU frame=15 gpu_ms=8.91779995
FRAME_NET_GPU frame=16 gpu_ms=9.19744015
FRAME_NET_GPU frame=17 gpu_ms=9.03577995
FRAME_NET_GPU frame=18 gpu_ms=9.03398037
FRAME_NET_GPU frame=19 gpu_ms=9.08874035
FRAME_NET_GPU frame=20 gpu_ms=9.04125977
FRAME_NET_GPU frame=21 gpu_ms=9.06435966
FRAME_NET_GPU frame=22 gpu_ms=9.08693981
FRAME_NET_GPU frame=23 gpu_ms=8.9995203
FRAME_NET_GPU frame=24 gpu_ms=9.08281994
FRAME_NET_GPU frame=25 gpu_ms=9.22869968
FRAME_NET_GPU frame=26 gpu_ms=9.21630001
FRAME_NET_GPU frame=27 gpu_ms=9.19229984
FRAME_NET_GPU frame=28 gpu_ms=9.20621967
FRAME_NET_GPU frame=29 gpu_ms=9.2463398
FRAME_NET_GPU frame=30 gpu_ms=9.26768017
FRAME_NET_GPU frame=31 gpu_ms=9.31091976
FRAME_NET_GPU frame=32 gpu_ms=9.22583961
FRAME_NET_GPU frame=33 gpu_ms=9.30519962
FRAME_NET_GPU frame=34 gpu_ms=9.14820004
FRAME_NET_GPU frame=35 gpu_ms=9.18150043
FRAME_NET_GPU frame=36 gpu_ms=9.30475998
FRAME_NET_GPU frame=37 gpu_ms=9.2242403
FRAME_NET_GPU frame=38 gpu_ms=9.21304035
FRAME_NET_GPU frame=39 gpu_ms=9.30410004
FRAME_NET_GPU frame=40 gpu_ms=9.13444042
FRAME_NET_GPU frame=41 gpu_ms=9.1925602
FRAME_NET_GPU frame=42 gpu_ms=9.25599957
FRAME_NET_GPU frame=43 gpu_ms=9.20287991
FRAME_NET_GPU frame=44 gpu_ms=9.26076031
FRAME_NET_GPU frame=45 gpu_ms=9.19779968
FRAME_NET_GPU frame=46 gpu_ms=9.20182037
FRAME_NET_GPU frame=47 gpu_ms=9.36942005
FRAME_NET_GPU frame=48 gpu_ms=9.20042038
FRAME_NET_GPU frame=49 gpu_ms=9.24291992
FRAME_NET_GPU frame=50 gpu_ms=9.25576019
FRAME_NET_GPU frame=51 gpu_ms=9.23707962
FRAME_NET_GPU frame=52 gpu_ms=9.18714046
FRAME_NET_GPU frame=53 gpu_ms=9.25279999
FRAME_NET_GPU frame=54 gpu_ms=9.33812046
FRAME_NET_GPU frame=55 gpu_ms=9.1261797
FRAME_NET_GPU frame=56 gpu_ms=9.21236038
FRAME_NET_GPU frame=57 gpu_ms=9.26511955
FRAME_NET_GPU frame=58 gpu_ms=9.20728016
FRAME_NET_GPU frame=59 gpu_ms=9.17642021
FRAME_NET_GPU frame=60 gpu_ms=9.27661991
FRAME_NET_GPU frame=61 gpu_ms=9.1210804
FRAME_NET_GPU frame=62 gpu_ms=9.31208038
FRAME_NET_GPU frame=63 gpu_ms=9.15828037
FRAME_NET_GPU frame=64 gpu_ms=9.20376015
FRAME_NET_GPU frame=65 gpu_ms=9.17523956
FRAME_NET_GPU frame=66 gpu_ms=9.14062023
FRAME_NET_GPU frame=67 gpu_ms=9.20845985
FRAME_NET_GPU frame=68 gpu_ms=9.21615982
FRAME_NET_GPU frame=69 gpu_ms=9.17084026
FRAME_NET_GPU frame=70 gpu_ms=9.19554043
FRAME_NET_GPU frame=71 gpu_ms=9.25792027
FRAME_NET_GPU frame=72 gpu_ms=9.17520046
FRAME_NET_GPU frame=73 gpu_ms=9.28065968
FRAME_NET_GPU frame=74 gpu_ms=9.13891983
FRAME_NET_GPU frame=75 gpu_ms=9.23005962
FRAME_NET_GPU frame=76 gpu_ms=9.2157402
FRAME_NET_GPU frame=77 gpu_ms=9.32970047
FRAME_NET_GPU frame=78 gpu_ms=9.17784023
FRAME_NET_GPU frame=79 gpu_ms=9.17825985
FRAME_NET_GPU frame=80 gpu_ms=9.15921974
FRAME_NET_GPU frame=81 gpu_ms=9.23050022
FRAME_NET_GPU frame=82 gpu_ms=9.09741974
FRAME_NET_GPU frame=83 gpu_ms=9.21094036
FRAME_NET_GPU frame=84 gpu_ms=9.10918045
FRAME_NET_GPU frame=85 gpu_ms=9.15773964
FRAME_NET_GPU frame=86 gpu_ms=9.17486
FRAME_NET_GPU frame=87 gpu_ms=9.2969799
FRAME_NET_GPU frame=88 gpu_ms=9.23752022
FRAME_NET_GPU frame=89 gpu_ms=9.13549995
FRAME_NET_GPU frame=90 gpu_ms=9.24361992
FRAME_NET_GPU frame=91 gpu_ms=9.17389965
FRAME_NET_GPU frame=92 gpu_ms=9.16765976
FRAME_NET_GPU frame=93 gpu_ms=9.22861958
FRAME_NET_GPU frame=94 gpu_ms=9.34467983
FRAME_NET_GPU frame=95 gpu_ms=9.1988802
FRAME_NET_GPU frame=96 gpu_ms=9.19011974
FRAME_NET_GPU frame=97 gpu_ms=9.15110016
FRAME_NET_GPU frame=98 gpu_ms=9.2536602
FRAME_NET_GPU frame=99 gpu_ms=9.21590042
FRAME_NET_GPU frame=100 gpu_ms=9.03532028
FRAME_NET_GPU frame=101 gpu_ms=9.38097954
FRAME_NET_GPU frame=102 gpu_ms=9.41884041
FRAME_NET_GPU frame=103 gpu_ms=9.37073994
FRAME_NET_GPU frame=104 gpu_ms=9.21465969
FRAME_NET_GPU frame=105 gpu_ms=9.00107956
FRAME_NET_GPU frame=106 gpu_ms=9.25979996
FRAME_NET_GPU frame=107 gpu_ms=9.15235996
FRAME_NET_GPU frame=108 gpu_ms=9.16049957
FRAME_NET_GPU frame=109 gpu_ms=9.25572014
FRAME_NET_GPU frame=110 gpu_ms=9.31906033
FRAME_NET_GPU frame=111 gpu_ms=9.16907978
FRAME_NET_GPU frame=112 gpu_ms=9.20557976
FRAME_NET_GPU frame=113 gpu_ms=9.08067989
FRAME_NET_GPU frame=114 gpu_ms=9.20995998
FRAME_NET_GPU frame=115 gpu_ms=9.23624039
FRAME_NET_GPU frame=116 gpu_ms=9.18813992
FRAME_NET_GPU frame=117 gpu_ms=9.15386009
FRAME_NET_GPU frame=118 gpu_ms=9.20938015
FRAME_NET_GPU frame=119 gpu_ms=9.12197971
FRAME_NET_GPU frame=120 gpu_ms=9.1296196
FRAME_NET_GPU frame=121 gpu_ms=9.16236019
FRAME_NET_GPU frame=122 gpu_ms=9.11221981
FRAME_NET_GPU frame=123 gpu_ms=9.16722012
FRAME_NET_GPU frame=124 gpu_ms=9.21693993
FRAME_NET_GPU frame=125 gpu_ms=9.22292042
FRAME_NET_GPU frame=126 gpu_ms=9.12362003
FRAME_NET_GPU frame=127 gpu_ms=9.24668026
FRAME_NET_GPU frame=128 gpu_ms=9.32804012
FRAME_NET_GPU frame=129 gpu_ms=9.16205978
FRAME_NET_GPU frame=130 gpu_ms=9.09422016
FRAME_NET_GPU frame=131 gpu_ms=9.31513977
FRAME_NET_GPU frame=132 gpu_ms=9.09453964
FRAME_NET_GPU frame=133 gpu_ms=9.27612019
FRAME_NET_GPU frame=134 gpu_ms=9.15149975
FRAME_NET_GPU frame=135 gpu_ms=9.14768028
FRAME_NET_GPU frame=136 gpu_ms=9.3113203
FRAME_NET_GPU frame=137 gpu_ms=9.23894024
FRAME_NET_GPU frame=138 gpu_ms=9.16580009
FRAME_NET_GPU frame=139 gpu_ms=9.16993999
FRAME_NET_GPU frame=140 gpu_ms=9.22397995
FRAME_NET_GPU frame=141 gpu_ms=9.19270039
FRAME_NET_GPU frame=142 gpu_ms=9.15680027
FRAME_NET_GPU frame=143 gpu_ms=9.21280003
FRAME_NET_GPU frame=144 gpu_ms=9.12535954
FRAME_NET_GPU frame=145 gpu_ms=9.22111988
FRAME_NET_GPU frame=146 gpu_ms=9.14622021
FRAME_NET_GPU frame=147 gpu_ms=9.33063984
FRAME_NET_GPU frame=148 gpu_ms=9.29259968
FRAME_NET_GPU frame=149 gpu_ms=9.28983974
FRAME_NET_GPU frame=150 gpu_ms=9.08584023
FRAME_NET_GPU frame=151 gpu_ms=9.38790035
FRAME_NET_GPU frame=152 gpu_ms=9.0053997
FRAME_NET_GPU frame=153 gpu_ms=9.19258022
FRAME_NET_GPU frame=154 gpu_ms=9.3519001
FRAME_NET_GPU frame=155 gpu_ms=9.27270031
FRAME_NET_GPU frame=156 gpu_ms=9.12685966
FRAME_NET_GPU frame=157 gpu_ms=9.24683952
FRAME_NET_GPU frame=158 gpu_ms=9.16720009
FRAME_NET_GPU frame=159 gpu_ms=9.31999969
frame=159 reset=1 wall_ms=9.812 invalid=0 luma=0.01307101 roi=0.01974189 dark=806206 roi_dark=258238 changed_first=0 maxabs_first=0
SP_STATS runs=320 fallback=0 rollover=0 jobs=285760 disabled=0 errors=0
RESULT frames=160 temporal=0 mean_wall_ms=16.958 invalid_total=0 restored_capture_every_frame=1 HDR_preserved=1

