seed=0 pattern=0
input format=RGBA16_FLOAT W=1296 H=720 invalid=0 min=0 max=34.53125 luma=0.0157641119 roi_luma=0.0250669576
adapter=AMD Radeon RX 9070 XT
SP_PLAN c=128 first=10 layers=4 tasks=1581 initial=416 state_bytes=18988
SP_DONE c=128 first=10 tasks=1581 base=0 ms=1.275
SP_PLAN c=256 first=16 layers=6 tasks=624 initial=104 state_bytes=7504
SP_DONE c=256 first=16 tasks=624 base=0 ms=0.597
SP_PLAN c=256 first=49 layers=6 tasks=624 initial=104 state_bytes=7504
SP_DONE c=256 first=49 tasks=624 base=0 ms=0.761
frame=0 reset=1 wall_ms=1324.734 invalid=0 luma=0.01004178 roi=0.01568267 dark=842326 roi_dark=274409 changed_first=0 maxabs_first=0
SP_DONE c=128 first=10 tasks=1581 base=1581 ms=4.613
SP_DONE c=256 first=16 tasks=624 base=624 ms=0.974
SP_DONE c=256 first=49 tasks=624 base=624 ms=2.972
frame=1 reset=1 wall_ms=16.103 invalid=0 luma=0.01004178 roi=0.01568267 dark=842326 roi_dark=274409 changed_first=0 maxabs_first=0
SP_DONE c=128 first=10 tasks=1581 base=3162 ms=2.899
SP_DONE c=256 first=16 tasks=624 base=1248 ms=0.883
SP_DONE c=256 first=49 tasks=624 base=1248 ms=3.348
frame=2 reset=1 wall_ms=10.763 invalid=0 luma=0.01004178 roi=0.01568267 dark=842326 roi_dark=274409 changed_first=0 maxabs_first=0
SP_DONE c=128 first=10 tasks=1581 base=4743 ms=3.621
SP_DONE c=256 first=16 tasks=624 base=1872 ms=0.941
SP_DONE c=256 first=49 tasks=624 base=1872 ms=3.281
frame=3 reset=1 wall_ms=11.488 invalid=0 luma=0.01004178 roi=0.01568267 dark=842326 roi_dark=274409 changed_first=0 maxabs_first=0
SP_DONE c=128 first=10 tasks=1581 base=6324 ms=5.097
SP_DONE c=256 first=16 tasks=624 base=2496 ms=0.992
SP_DONE c=256 first=49 tasks=624 base=2496 ms=3.300
frame=4 reset=1 wall_ms=13.041 invalid=0 luma=0.01004178 roi=0.01568267 dark=842326 roi_dark=274409 changed_first=0 maxabs_first=0
SP_DONE c=128 first=10 tasks=1581 base=7905 ms=3.554
SP_DONE c=256 first=16 tasks=624 base=3120 ms=0.932
SP_DONE c=256 first=49 tasks=624 base=3120 ms=3.200
frame=5 reset=1 wall_ms=11.375 invalid=0 luma=0.01004178 roi=0.01568267 dark=842326 roi_dark=274409 changed_first=0 maxabs_first=0
SP_DONE c=128 first=10 tasks=1581 base=9486 ms=2.902
SP_DONE c=256 first=16 tasks=624 base=3744 ms=0.783
SP_DONE c=256 first=49 tasks=624 base=3744 ms=3.293
frame=6 reset=1 wall_ms=10.726 invalid=0 luma=0.01004178 roi=0.01568267 dark=842326 roi_dark=274409 changed_first=0 maxabs_first=0
SP_DONE c=128 first=10 tasks=1581 base=11067 ms=6.114
SP_DONE c=256 first=16 tasks=624 base=4368 ms=0.705
SP_DONE c=256 first=49 tasks=624 base=4368 ms=3.170
frame=7 reset=1 wall_ms=13.565 invalid=0 luma=0.01004178 roi=0.01568267 dark=842326 roi_dark=274409 changed_first=0 maxabs_first=0
SP_DONE c=128 first=10 tasks=1581 base=12648 ms=3.124
SP_DONE c=256 first=16 tasks=624 base=4992 ms=0.977
SP_DONE c=256 first=49 tasks=624 base=4992 ms=3.306
frame=8 reset=1 wall_ms=11.141 invalid=0 luma=0.01004178 roi=0.01568267 dark=842326 roi_dark=274409 changed_first=0 maxabs_first=0
SP_DONE c=128 first=10 tasks=1581 base=14229 ms=3.029
SP_DONE c=256 first=16 tasks=624 base=5616 ms=0.957
SP_DONE c=256 first=49 tasks=624 base=5616 ms=3.360
frame=9 reset=1 wall_ms=10.960 invalid=0 luma=0.01004178 roi=0.01568267 dark=842326 roi_dark=274409 changed_first=0 maxabs_first=0
SP_DONE c=128 first=10 tasks=1581 base=15810 ms=8.229
SP_DONE c=256 first=16 tasks=624 base=6240 ms=2.385
SP_DONE c=256 first=49 tasks=624 base=6240 ms=4.434
frame=10 reset=1 wall_ms=19.103 invalid=0 luma=0.01004178 roi=0.01568267 dark=842326 roi_dark=274409 changed_first=0 maxabs_first=0
SP_DONE c=128 first=10 tasks=1581 base=17391 ms=2.984
SP_DONE c=256 first=16 tasks=624 base=6864 ms=0.883
SP_DONE c=256 first=49 tasks=624 base=6864 ms=3.365
frame=11 reset=1 wall_ms=10.930 invalid=0 luma=0.01004178 roi=0.01568267 dark=842326 roi_dark=274409 changed_first=0 maxabs_first=0
SP_STATS runs=36 fallback=0 rollover=0 jobs=33948 disabled=0 errors=0
RESULT frames=12 temporal=0 mean_wall_ms=121.994 invalid_total=0 restored_capture_every_frame=1 HDR_preserved=1
