seed=1 pattern=0
input format=RGBA16_FLOAT W=2560 H=1440 invalid=0 min=0 max=1 luma=0.357899353 roi_luma=0.389746571
adapter=AMD Radeon RX 9070 XT
NET frame=0 gpu_ms=1132.019531
GEOMETRY valid=2560x1440 processing=2560x1472 tokens=960
frame=0 reset=1 wall_ms=1137.723 invalid=0 luma=0.3596833 roi=0.4035345 dark=1325 roi_dark=232 changed_first=0 maxabs_first=0
NET frame=1 gpu_ms=18.186199
NET frame=2 gpu_ms=15.637600
NET frame=3 gpu_ms=15.188000
NET frame=4 gpu_ms=15.088000
NET frame=5 gpu_ms=15.106800
NET frame=6 gpu_ms=15.180900
NET frame=7 gpu_ms=15.115000
NET frame=8 gpu_ms=15.103000
NET frame=9 gpu_ms=15.172500
NET frame=10 gpu_ms=15.161500
NET frame=11 gpu_ms=15.053300
NET frame=12 gpu_ms=15.166600
NET frame=13 gpu_ms=15.400200
NET frame=14 gpu_ms=15.507000
NET frame=15 gpu_ms=15.331400
NET frame=16 gpu_ms=15.386800
NET frame=17 gpu_ms=15.475100
NET frame=18 gpu_ms=15.315860
NET frame=19 gpu_ms=15.520400
NET frame=20 gpu_ms=15.439500
NET frame=21 gpu_ms=15.426800
NET frame=22 gpu_ms=15.411900
NET frame=23 gpu_ms=15.332900
NET frame=24 gpu_ms=15.519500
NET frame=25 gpu_ms=15.408500
NET frame=26 gpu_ms=15.331900
NET frame=27 gpu_ms=15.429100
NET frame=28 gpu_ms=15.441800
NET frame=29 gpu_ms=15.509600
NET frame=30 gpu_ms=15.353140
NET frame=31 gpu_ms=15.411200
NET frame=32 gpu_ms=15.487400
NET frame=33 gpu_ms=15.440300
NET frame=34 gpu_ms=15.556300
NET frame=35 gpu_ms=15.500200
NET frame=36 gpu_ms=15.564200
NET frame=37 gpu_ms=15.519800
NET frame=38 gpu_ms=15.428800
NET frame=39 gpu_ms=15.539200
NET frame=40 gpu_ms=15.486200
NET frame=41 gpu_ms=15.376500
NET frame=42 gpu_ms=15.415400
NET frame=43 gpu_ms=15.568100
NET frame=44 gpu_ms=15.561800
NET frame=45 gpu_ms=15.582000
NET frame=46 gpu_ms=15.443700
NET frame=47 gpu_ms=15.464920
NET frame=48 gpu_ms=15.499700
NET frame=49 gpu_ms=15.567100
NET frame=50 gpu_ms=15.588700
NET frame=51 gpu_ms=15.428900
NET frame=52 gpu_ms=15.501800
NET frame=53 gpu_ms=15.436200
NET frame=54 gpu_ms=15.428300
NET frame=55 gpu_ms=15.581500
NET frame=56 gpu_ms=15.560100
NET frame=57 gpu_ms=15.558100
NET frame=58 gpu_ms=15.353560
NET frame=59 gpu_ms=15.671300
NET frame=60 gpu_ms=15.597500
NET frame=61 gpu_ms=15.666300
NET frame=62 gpu_ms=15.668800
NET frame=63 gpu_ms=15.716800
NET frame=64 gpu_ms=15.500400
NET frame=65 gpu_ms=15.421520
NET frame=66 gpu_ms=15.504920
NET frame=67 gpu_ms=15.403820
NET frame=68 gpu_ms=15.431140
NET frame=69 gpu_ms=15.575900
NET frame=70 gpu_ms=15.358380
NET frame=71 gpu_ms=15.693500
NET frame=72 gpu_ms=15.500000
NET frame=73 gpu_ms=15.495580
NET frame=74 gpu_ms=15.610400
NET frame=75 gpu_ms=15.388700
NET frame=76 gpu_ms=15.384300
NET frame=77 gpu_ms=15.711900
NET frame=78 gpu_ms=15.534700
NET frame=79 gpu_ms=15.627400
NET frame=80 gpu_ms=15.605800
NET frame=81 gpu_ms=15.475700
NET frame=82 gpu_ms=15.519200
NET frame=83 gpu_ms=15.535400
NET frame=84 gpu_ms=15.486700
NET frame=85 gpu_ms=15.385800
NET frame=86 gpu_ms=15.713500
NET frame=87 gpu_ms=15.386600
NET frame=88 gpu_ms=15.483000
NET frame=89 gpu_ms=15.817600
NET frame=90 gpu_ms=15.612500
NET frame=91 gpu_ms=15.486000
NET frame=92 gpu_ms=15.459100
NET frame=93 gpu_ms=15.576100
NET frame=94 gpu_ms=15.641200
NET frame=95 gpu_ms=15.462600
NET frame=96 gpu_ms=15.566800
NET frame=97 gpu_ms=15.553300
NET frame=98 gpu_ms=15.600100
NET frame=99 gpu_ms=15.588400
NET frame=100 gpu_ms=15.526300
NET frame=101 gpu_ms=15.526700
NET frame=102 gpu_ms=15.475000
NET frame=103 gpu_ms=15.583800
NET frame=104 gpu_ms=15.540100
NET frame=105 gpu_ms=15.469300
NET frame=106 gpu_ms=15.531900
NET frame=107 gpu_ms=15.505200
NET frame=108 gpu_ms=15.651260
NET frame=109 gpu_ms=15.576400
NET frame=110 gpu_ms=15.587600
NET frame=111 gpu_ms=15.576700
NET frame=112 gpu_ms=15.539100
NET frame=113 gpu_ms=15.330160
NET frame=114 gpu_ms=15.604200
NET frame=115 gpu_ms=15.496000
NET frame=116 gpu_ms=15.644900
NET frame=117 gpu_ms=15.567800
NET frame=118 gpu_ms=15.485740
NET frame=119 gpu_ms=15.628400
NET frame=120 gpu_ms=15.641500
NET frame=121 gpu_ms=15.522600
NET frame=122 gpu_ms=16.770399
NET frame=123 gpu_ms=15.527100
NET frame=124 gpu_ms=15.560000
NET frame=125 gpu_ms=15.905300
NET frame=126 gpu_ms=15.516700
NET frame=127 gpu_ms=15.506320
NET frame=128 gpu_ms=15.637600
NET frame=129 gpu_ms=15.519900
NET frame=130 gpu_ms=15.386940
NET frame=131 gpu_ms=15.528100
NET frame=132 gpu_ms=15.681600
NET frame=133 gpu_ms=15.353140
NET frame=134 gpu_ms=15.516100
NET frame=135 gpu_ms=15.338360
NET frame=136 gpu_ms=15.656900
NET frame=137 gpu_ms=15.463680
NET frame=138 gpu_ms=15.676900
NET frame=139 gpu_ms=15.484400
NET frame=140 gpu_ms=15.591700
NET frame=141 gpu_ms=15.276120
NET frame=142 gpu_ms=15.628400
NET frame=143 gpu_ms=15.696500
NET frame=144 gpu_ms=15.618200
NET frame=145 gpu_ms=15.556600
NET frame=146 gpu_ms=15.457840
NET frame=147 gpu_ms=15.560800
NET frame=148 gpu_ms=15.574500
NET frame=149 gpu_ms=15.508000
NET frame=150 gpu_ms=15.549600
NET frame=151 gpu_ms=15.571000
NET frame=152 gpu_ms=15.614700
NET frame=153 gpu_ms=15.383800
NET frame=154 gpu_ms=15.589000
NET frame=155 gpu_ms=15.504800
NET frame=156 gpu_ms=15.541600
NET frame=157 gpu_ms=15.341320
NET frame=158 gpu_ms=15.562900
NET frame=159 gpu_ms=15.602800
NET frame=160 gpu_ms=15.592800
NET frame=161 gpu_ms=15.571500
NET frame=162 gpu_ms=15.545600
NET frame=163 gpu_ms=15.472500
NET frame=164 gpu_ms=15.410220
NET frame=165 gpu_ms=15.723600
NET frame=166 gpu_ms=15.650600
NET frame=167 gpu_ms=15.478500
NET frame=168 gpu_ms=15.495300
NET frame=169 gpu_ms=15.729600
NET frame=170 gpu_ms=15.467800
NET frame=171 gpu_ms=15.389500
NET frame=172 gpu_ms=15.539300
NET frame=173 gpu_ms=15.433480
NET frame=174 gpu_ms=15.573500
NET frame=175 gpu_ms=15.617800
NET frame=176 gpu_ms=15.609100
NET frame=177 gpu_ms=15.676300
NET frame=178 gpu_ms=15.691200
NET frame=179 gpu_ms=15.665400
NET frame=180 gpu_ms=15.702300
NET frame=181 gpu_ms=15.589900
NET frame=182 gpu_ms=15.647400
NET frame=183 gpu_ms=15.578600
NET frame=184 gpu_ms=15.578580
NET frame=185 gpu_ms=15.717600
NET frame=186 gpu_ms=15.537800
NET frame=187 gpu_ms=15.627000
NET frame=188 gpu_ms=15.547600
NET frame=189 gpu_ms=15.654400
NET frame=190 gpu_ms=15.549000
NET frame=191 gpu_ms=15.564400
NET frame=192 gpu_ms=15.499100
NET frame=193 gpu_ms=15.746300
NET frame=194 gpu_ms=15.466800
NET frame=195 gpu_ms=15.388800
NET frame=196 gpu_ms=15.524200
NET frame=197 gpu_ms=15.702800
NET frame=198 gpu_ms=15.217900
NET frame=199 gpu_ms=15.403680
frame=199 reset=1 wall_ms=16.920 invalid=0 luma=0.3596833 roi=0.4035345 dark=1325 roi_dark=232 changed_first=0 maxabs_first=0
SP_STATS runs=0 fallback=0 rollover=0 jobs=0 disabled=0 errors=0
RESULT frames=200 temporal=0 mean_wall_ms=22.594 invalid_total=0 restored_capture_every_frame=1 HDR_preserved=1
