FULL F OK
SAME-count F: 19
F 1 900: avg 7.0917 -> 7.1289 (+0.0372 ms, +0.52%)  p99 7.3190 -> 7.3750
F 1 1080: avg 9.9260 -> 9.9188 (-0.0072 ms, -0.07%)  p99 10.1810 -> 10.2100
F 2 900: avg 7.1167 -> 7.1293 (+0.0126 ms, +0.18%)  p99 7.3320 -> 7.3370
F 2 1080: avg 9.9206 -> 9.9411 (+0.0205 ms, +0.21%)  p99 10.2210 -> 10.2490
F 3 900: avg 7.1377 -> 7.1326 (-0.0051 ms, -0.07%)  p99 7.3750 -> 7.3660
F 3 1080: avg 9.8804 -> 9.8941 (+0.0137 ms, +0.14%)  p99 10.1450 -> 10.1540
F 900 merged: avg 7.1154 -> 7.1302  p99 7.3480 -> 7.3650
F 1080 merged: avg 9.9090 -> 9.9180  p99 10.1810 -> 10.2200
old runtime 3103A0A7
new runtime 02D8020D
RUNTIME 900 old=b2980ada643da964 new=b2980ada643da964 new+shaders=b2980ada643da964 exit=0/0/0 SAME
RUNTIME 1080 old=758674a8bbd0206d new=758674a8bbd0206d new+shaders=758674a8bbd0206d exit=0/0/0 SAME
FREE 1707x961 exit=0/0 hash=b88f854b9ba5a4c1 repeat=SAME  
FREE 1920x1080 exit=0/0 hash=63104e9d7f15a0de repeat=SAME  vs1080 DIFF
FREE 2560x1440 exit=0/0 hash=009603593a360396 repeat=SAME  
FREE 3440x1440 exit=0/0 hash=4a6616411c549658 repeat=SAME  
RT_ABBA round=1 900 old=7.058 new=7.064 delta=+0.007
RT_ABBA round=1 1080 old=9.876 new=9.884 delta=+0.008
RT_ABBA round=2 900 old=7.140 new=7.112 delta=-0.028
RT_ABBA round=2 1080 old=9.903 new=9.904 delta=+0.001
RT_ABBA round=3 900 old=7.094 new=7.102 delta=+0.008
RT_ABBA round=3 1080 old=9.946 new=9.919 delta=-0.027
SMOKE exit=0
HIP rc=0 error=
SP_STATS runs=4 fallback=0 rollover=0 jobs=2496 disabled=0 errors=0
lmxxf_nr_gpu: ok
RT_DONE
LOCK DROPPED
GO_DONE
GUARD_DONE
