NGX[1][32765] [2026-10-04 14:11:20] [ngx::util::openLogFileInPath:246] Logging to requested file (D:\DLSSNR-Oracle\issue13\core615/nvngx.log) enabled successfully

NGX[1][32765] [2026-10-04 14:11:20] [NGXSafeInitializeLog:139] App logging hooks successfully initialized

NGX[2][32765] [2026-10-04 14:11:20] [NGXCheckArchitectureSupport:229] Found matching adapter with NVAPI physical GPU handle: 0x100 and LUID: { 0x0, 0xd22312 }

NGX[2][32765] [2026-10-04 14:11:20] [NGXGetPathUsingQAI:475] Checking for path to NGX using QueryAdapterInfo

NGX[1][32765] [2026-10-04 14:11:20] [NGXGetPathUsingQAI:512] Path to driverStore found using QAI: C:\WINDOWS\System32\DriverStore\FileRepository\nvmdi.inf_amd64_21e6b42b376b80b2

NGX[1][32765] [2026-10-04 14:11:20] [NGXIsUpdaterEnabledBase:638] Disabling updater for WINE

NGX[1][32765] [2026-10-04 14:11:20] [NGXDRSInit:182] NvAPI_DRS_FindApplicationByName -166

NGX[1][32765] [2026-10-04 14:11:20] [NGXInitContext:245] called from module ngx-prefix.exe at D:\DLSSNR-Oracle

NGX[1][32765] [2026-10-04 14:11:20] [NGXGetPath:1046] using path for models: C:\ProgramData\NVIDIA\NGX\models

NGX[1][32765] [2026-10-04 14:11:20] [NGXLoadConfig:1145] [streamline-ota]

NGX[1][32765] [2026-10-04 14:11:20] [NGXLoadConfig:1151] app_84D32F0=1

NGX[1][32765] [2026-10-04 14:11:20] [NGXContextDenyListData::IsFeatureDenied:676] Feature dldenoiser, denial value 0 for Cms ID 2a2d8352

NGX[2][32765] [2026-10-04 14:11:20] [`anonymous-namespace'::SnippetLocationInfo::load:716] Module not found at D:\DLSSNR-Oracle\issue13\core615

NGX[2][32765] [2026-10-04 14:11:20] [`anonymous-namespace'::SnippetLocationInfo::load:716] Module not found at D:\DLSSNR-Oracle

NGX[2][32765] [2026-10-04 14:11:20] [NGXSecureLoadFeature:1286] warning: ModuleName - nvngx_dldenoiser.dll doesn't exist in any of the search paths!

NGX[1][32765] [2026-10-04 14:11:20] [NGXReportStatusFeedback:1103] Override shared memory was opened successfully

NGX[1][32765] [2026-10-04 14:11:20] [NGXReportStatusFeedback:1115] Override shared memory was mapped successfully

NGX[1][32765] [2026-10-04 14:11:20] [NGXReportStatusFeedback:1144] Override feedback found available slot 0

NGX[1][32765] [2026-10-04 14:11:20] [NGXContextDenyListData::IsFeatureDenied:676] Feature dlss, denial value 0 for Cms ID 2a2d8352

NGX[2][32765] [2026-10-04 14:11:20] [`anonymous-namespace'::SnippetLocationInfo::load:716] Module not found at D:\DLSSNR-Oracle\issue13\core615

NGX[2][32765] [2026-10-04 14:11:20] [`anonymous-namespace'::SnippetLocationInfo::load:716] Module not found at D:\DLSSNR-Oracle

NGX[2][32765] [2026-10-04 14:11:20] [NGXSecureLoadFeature:1286] warning: ModuleName - nvngx_dlss.dll doesn't exist in any of the search paths!

NGX[1][32765] [2026-10-04 14:11:20] [NGXContextDenyListData::IsFeatureDenied:676] Feature dlinpainting, denial value 0 for Cms ID 2a2d8352

NGX[2][32765] [2026-10-04 14:11:20] [`anonymous-namespace'::SnippetLocationInfo::load:716] Module not found at D:\DLSSNR-Oracle\issue13\core615

NGX[2][32765] [2026-10-04 14:11:20] [`anonymous-namespace'::SnippetLocationInfo::load:716] Module not found at D:\DLSSNR-Oracle

NGX[2][32765] [2026-10-04 14:11:20] [NGXSecureLoadFeature:1286] warning: ModuleName - nvngx_dlinpainting.dll doesn't exist in any of the search paths!

NGX[1][32765] [2026-10-04 14:11:20] [NGXContextDenyListData::IsFeatureDenied:676] Feature dlisr, denial value 0 for Cms ID 2a2d8352

NGX[2][32765] [2026-10-04 14:11:20] [`anonymous-namespace'::SnippetLocationInfo::load:716] Module not found at D:\DLSSNR-Oracle\issue13\core615

NGX[2][32765] [2026-10-04 14:11:20] [`anonymous-namespace'::SnippetLocationInfo::load:716] Module not found at D:\DLSSNR-Oracle

NGX[2][32765] [2026-10-04 14:11:20] [NGXSecureLoadFeature:1286] warning: ModuleName - nvngx_dlisr.dll doesn't exist in any of the search paths!

NGX[1][32765] [2026-10-04 14:11:20] [NGXContextDenyListData::IsFeatureDenied:676] Feature dlslowmo, denial value 0 for Cms ID 2a2d8352

NGX[2][32765] [2026-10-04 14:11:20] [`anonymous-namespace'::SnippetLocationInfo::load:716] Module not found at D:\DLSSNR-Oracle\issue13\core615

NGX[2][32765] [2026-10-04 14:11:20] [`anonymous-namespace'::SnippetLocationInfo::load:716] Module not found at D:\DLSSNR-Oracle

NGX[2][32765] [2026-10-04 14:11:20] [NGXSecureLoadFeature:1286] warning: ModuleName - nvngx_dlslowmo.dll doesn't exist in any of the search paths!

NGX[1][32765] [2026-10-04 14:11:20] [NGXContextDenyListData::IsFeatureDenied:676] Feature dlvsr, denial value 0 for Cms ID 2a2d8352

[2026-10-04 14:11:20] [ngx::util::openLogFileInPath:246] Logging to requested file (D:\DLSSNR-Oracle\issue13\core615/nvngx.log) enabled successfully
[2026-10-04 14:11:20] [NGXSafeInitializeLog:139] App logging hooks successfully initialized
[2026-10-04 14:11:20] [NGXCheckArchitectureSupport:229] Found matching adapter with NVAPI physical GPU handle: 0x100 and LUID: { 0x0, 0xd22312 }
[2026-10-04 14:11:20] [NGXGetPathUsingQAI:475] Checking for path to NGX using QueryAdapterInfo
[2026-10-04 14:11:20] [NGXGetPathUsingQAI:512] Path to driverStore found using QAI: C:\WINDOWS\System32\DriverStore\FileRepository\nvmdi.inf_amd64_21e6b42b376b80b2
[2026-10-04 14:11:20] [NGXIsUpdaterEnabledBase:638] Disabling updater for WINE
[2026-10-04 14:11:20] [NGXDRSInit:182] NvAPI_DRS_FindApplicationByName -166
[2026-10-04 14:11:20] [NGXInitContext:245] called from module ngx-prefix.exe at D:\DLSSNR-Oracle
[2026-10-04 14:11:20] [NGXGetPath:1046] using path for models: C:\ProgramData\NVIDIA\NGX\models
[2026-10-04 14:11:20] [NGXLoadConfig:1145] [streamline-ota]
[2026-10-04 14:11:20] [NGXLoadConfig:1151] app_84D32F0=1
[2026-10-04 14:11:20] [NGXContextDenyListData::IsFeatureDenied:676] Feature dldenoiser, denial value 0 for Cms ID 2a2d8352
[2026-10-04 14:11:20] [`anonymous-namespace'::SnippetLocationInfo::load:716] Module not found at D:\DLSSNR-Oracle\issue13\core615
[2026-10-04 14:11:20] [`anonymous-namespace'::SnippetLocationInfo::load:716] Module not found at D:\DLSSNR-Oracle
[2026-10-04 14:11:20] [NGXSecureLoadFeature:1286] warning: ModuleName - nvngx_dldenoiser.dll doesn't exist in any of the search paths!
[2026-10-04 14:11:20] [NGXReportStatusFeedback:1103] Override shared memory was opened successfully
[2026-10-04 14:11:20] [NGXReportStatusFeedback:1115] Override shared memory was mapped successfully
[2026-10-04 14:11:20] [NGXReportStatusFeedback:1144] Override feedback found available slot 0
[2026-10-04 14:11:20] [NGXContextDenyListData::IsFeatureDenied:676] Feature dlss, denial value 0 for Cms ID 2a2d8352
[2026-10-04 14:11:20] [`anonymous-namespace'::SnippetLocationInfo::load:716] Module not found at D:\DLSSNR-Oracle\issue13\core615
[2026-10-04 14:11:20] [`anonymous-namespace'::SnippetLocationInfo::load:716] Module not found at D:\DLSSNR-Oracle
[2026-10-04 14:11:20] [NGXSecureLoadFeature:1286] warning: ModuleName - nvngx_dlss.dll doesn't exist in any of the search paths!
[2026-10-04 14:11:20] [NGXContextDenyListData::IsFeatureDenied:676] Feature dlinpainting, denial value 0 for Cms ID 2a2d8352
[2026-10-04 14:11:20] [`anonymous-namespace'::SnippetLocationInfo::load:716] Module not found at D:\DLSSNR-Oracle\issue13\core615
[2026-10-04 14:11:20] [`anonymous-namespace'::SnippetLocationInfo::load:716] Module not found at D:\DLSSNR-Oracle
[2026-10-04 14:11:20] [NGXSecureLoadFeature:1286] warning: ModuleName - nvngx_dlinpainting.dll doesn't exist in any of the search paths!
[2026-10-04 14:11:20] [NGXContextDenyListData::IsFeatureDenied:676] Feature dlisr, denial value 0 for Cms ID 2a2d8352
[2026-10-04 14:11:20] [`anonymous-namespace'::SnippetLocationInfo::load:716] Module not found at D:\DLSSNR-Oracle\issue13\core615
[2026-10-04 14:11:20] [`anonymous-namespace'::SnippetLocationInfo::load:716] Module not found at D:\DLSSNR-Oracle
[2026-10-04 14:11:20] [NGXSecureLoadFeature:1286] warning: ModuleName - nvngx_dlisr.dll doesn't exist in any of the search paths!
[2026-10-04 14:11:20] [NGXContextDenyListData::IsFeatureDenied:676] Feature dlslowmo, denial value 0 for Cms ID 2a2d8352
[2026-10-04 14:11:20] [`anonymous-namespace'::SnippetLocationInfo::load:716] Module not found at D:\DLSSNR-Oracle\issue13\core615
[2026-10-04 14:11:20] [`anonymous-namespace'::SnippetLocationInfo::load:716] Module not found at D:\DLSSNR-Oracle
[2026-10-04 14:11:20] [NGXSecureLoadFeature:1286] warning: ModuleName - nvngx_dlslowmo.dll doesn't exist in any of the search paths!
[2026-10-04 14:11:20] [NGXContextDenyListData::IsFeatureDenied:676] Feature dlvsr, denial value 0 for Cms ID 2a2d8352
[2026-10-04 14:11:20] [`anonymous-namespace'::SnippetLocationInfo::load:716] Module noNGX[2][32765] [2026-10-04 14:11:20] [`anonymous-namespace'::SnippetLocationInfo::load:716] Module not found at D:\DLSSNR-Oracle\issue13\core615

NGX[2][32765] [2026-10-04 14:11:20] [`anonymous-namespace'::SnippetLocationInfo::load:716] Module not found at D:\DLSSNR-Oracle

NGX[2][32765] [2026-10-04 14:11:20] [NGXSecureLoadFeature:1286] warning: ModuleName - nvngx_dlvsr.dll doesn't exist in any of the search paths!

NGX[1][32765] [2026-10-04 14:11:20] [NGXContextDenyListData::IsFeatureDenied:676] Feature dlcolorize, denial value 0 for Cms ID 2a2d8352

NGX[2][32765] [2026-10-04 14:11:20] [`anonymous-namespace'::SnippetLocationInfo::load:716] Module not found at D:\DLSSNR-Oracle\issue13\core615

NGX[2][32765] [2026-10-04 14:11:20] [`anonymous-namespace'::SnippetLocationInfo::load:716] Module not found at D:\DLSSNR-Oracle

NGX[2][32765] [2026-10-04 14:11:20] [NGXSecureLoadFeature:1286] warning: ModuleName - nvngx_dlcolorize.dll doesn't exist in any of the search paths!

NGX[1][32765] [2026-10-04 14:11:20] [NGXContextDenyListData::IsFeatureDenied:676] Feature dlstyletransfer, denial value 0 for Cms ID 2a2d8352

NGX[2][32765] [2026-10-04 14:11:20] [`anonymous-namespace'::SnippetLocationInfo::load:716] Module not found at D:\DLSSNR-Oracle\issue13\core615

NGX[2][32765] [2026-10-04 14:11:20] [`anonymous-namespace'::SnippetLocationInfo::load:716] Module not found at D:\DLSSNR-Oracle

NGX[2][32765] [2026-10-04 14:11:20] [NGXSecureLoadFeature:1286] warning: ModuleName - nvngx_dlstyletransfer.dll doesn't exist in any of the search paths!

NGX[1][32765] [2026-10-04 14:11:20] [NGXContextDenyListData::IsFeatureDenied:676] Feature dlvdenoiser, denial value 0 for Cms ID 2a2d8352

NGX[2][32765] [2026-10-04 14:11:20] [`anonymous-namespace'::SnippetLocationInfo::load:716] Module not found at D:\DLSSNR-Oracle\issue13\core615

NGX[2][32765] [2026-10-04 14:11:20] [`anonymous-namespace'::SnippetLocationInfo::load:716] Module not found at D:\DLSSNR-Oracle

NGX[2][32765] [2026-10-04 14:11:20] [NGXSecureLoadFeature:1286] warning: ModuleName - nvngx_dlvdenoiser.dll doesn't exist in any of the search paths!

NGX[1][32765] [2026-10-04 14:11:20] [NGXContextDenyListData::IsFeatureDenied:676] Feature dlisp, denial value 0 for Cms ID 2a2d8352

NGX[2][32765] [2026-10-04 14:11:20] [`anonymous-namespace'::SnippetLocationInfo::load:716] Module not found at D:\DLSSNR-Oracle\issue13\core615

NGX[2][32765] [2026-10-04 14:11:20] [`anonymous-namespace'::SnippetLocationInfo::load:716] Module not found at D:\DLSSNR-Oracle

NGX[2][32765] [2026-10-04 14:11:20] [NGXSecureLoadFeature:1286] warning: ModuleName - nvngx_dlisp.dll doesn't exist in any of the search paths!

NGX[1][32765] [2026-10-04 14:11:20] [NGXContextDenyListData::IsFeatureDenied:676] Feature dlresolve, denial value 0 for Cms ID 2a2d8352

NGX[2][32765] [2026-10-04 14:11:20] [`anonymous-namespace'::SnippetLocationInfo::load:716] Module not found at D:\DLSSNR-Oracle\issue13\core615

NGX[2][32765] [2026-10-04 14:11:20] [`anonymous-namespace'::SnippetLocationInfo::load:716] Module not found at D:\DLSSNR-Oracle

NGX[2][32765] [2026-10-04 14:11:20] [NGXSecureLoadFeature:1286] warning: ModuleName - nvngx_dlresolve.dll doesn't exist in any of the search paths!

NGX[1][32765] [2026-10-04 14:11:20] [NGXContextDenyListData::IsFeatureDenied:676] Feature dlssg, denial value 0 for Cms ID 2a2d8352

NGX[2][32765] [2026-10-04 14:11:20] [`anonymous-namespace'::SnippetLocationInfo::load:716] Module not found at D:\DLSSNR-Oracle\issue13\core615

NGX[2][32765] [2026-10-04 14:11:20] [`anonymous-namespace'::SnippetLocationInfo::load:716] Module not found at D:\DLSSNR-Oracle

NGX[2][32765] [2026-10-04 14:11:20] [NGXSecureLoadFeature:1286] warning: ModuleName - nvngx_dlssg.dll doesn't exist in any of the search paths!

NGX[1][32765] [2026-10-04 14:11:20] [NGXContextDenyListData::IsFeatureDenied:676] Feature deepdvc, denial value 0 for Cms ID 2a2d8352

NGX[2][32765] [2026-10-04 14:11:20] [`anonymous-namespace'::SnippetLocationInfo::load:716] Module not found at D:\DLSSNR-Oracle\issue13\core615

NGX[2][32765] [2026-10-04 14:11:20] [`anonymous-namespace'::SnippetLocationInfo::load:716] Module not found at D:\DLSSNR-Oracle

NGX[2][32765] [2026-10-04 14:11:20] [NGXSecureLoadFeature:1286] warning: ModuleName - nvngx_deepdvc.dll doesn't exist in any of the search paths!

NGX[1][32765] [2026-10-04 14:11:20] [NGXContextDenyListData::IsFeatureDenied:676] Feature dlssd, denial value 0 for Cms ID 2a2d8352

NGX[2][32765] [2026-10-04 14:11:20] [`anonymous-namespace'::SnippetLocationInfo::load:716] Module not found at D:\DLSSNR-Oracle\issue13\core615

t found at D:\DLSSNR-Oracle\issue13\core615
[2026-10-04 14:11:20] [`anonymous-namespace'::SnippetLocationInfo::load:716] Module not found at D:\DLSSNR-Oracle
[2026-10-04 14:11:20] [NGXSecureLoadFeature:1286] warning: ModuleName - nvngx_dlvsr.dll doesn't exist in any of the search paths!
[2026-10-04 14:11:20] [NGXContextDenyListData::IsFeatureDenied:676] Feature dlcolorize, denial value 0 for Cms ID 2a2d8352
[2026-10-04 14:11:20] [`anonymous-namespace'::SnippetLocationInfo::load:716] Module not found at D:\DLSSNR-Oracle\issue13\core615
[2026-10-04 14:11:20] [`anonymous-namespace'::SnippetLocationInfo::load:716] Module not found at D:\DLSSNR-Oracle
[2026-10-04 14:11:20] [NGXSecureLoadFeature:1286] warning: ModuleName - nvngx_dlcolorize.dll doesn't exist in any of the search paths!
[2026-10-04 14:11:20] [NGXContextDenyListData::IsFeatureDenied:676] Feature dlstyletransfer, denial value 0 for Cms ID 2a2d8352
[2026-10-04 14:11:20] [`anonymous-namespace'::SnippetLocationInfo::load:716] Module not found at D:\DLSSNR-Oracle\issue13\core615
[2026-10-04 14:11:20] [`anonymous-namespace'::SnippetLocationInfo::load:716] Module not found at D:\DLSSNR-Oracle
[2026-10-04 14:11:20] [NGXSecureLoadFeature:1286] warning: ModuleName - nvngx_dlstyletransfer.dll doesn't exist in any of the search paths!
[2026-10-04 14:11:20] [NGXContextDenyListData::IsFeatureDenied:676] Feature dlvdenoiser, denial value 0 for Cms ID 2a2d8352
[2026-10-04 14:11:20] [`anonymous-namespace'::SnippetLocationInfo::load:716] Module not found at D:\DLSSNR-Oracle\issue13\core615
[2026-10-04 14:11:20] [`anonymous-namespace'::SnippetLocationInfo::load:716] Module not found at D:\DLSSNR-Oracle
[2026-10-04 14:11:20] [NGXSecureLoadFeature:1286] warning: ModuleName - nvngx_dlvdenoiser.dll doesn't exist in any of the search paths!
[2026-10-04 14:11:20] [NGXContextDenyListData::IsFeatureDenied:676] Feature dlisp, denial value 0 for Cms ID 2a2d8352
[2026-10-04 14:11:20] [`anonymous-namespace'::SnippetLocationInfo::load:716] Module not found at D:\DLSSNR-Oracle\issue13\core615
[2026-10-04 14:11:20] [`anonymous-namespace'::SnippetLocationInfo::load:716] Module not found at D:\DLSSNR-Oracle
[2026-10-04 14:11:20] [NGXSecureLoadFeature:1286] warning: ModuleName - nvngx_dlisp.dll doesn't exist in any of the search paths!
[2026-10-04 14:11:20] [NGXContextDenyListData::IsFeatureDenied:676] Feature dlresolve, denial value 0 for Cms ID 2a2d8352
[2026-10-04 14:11:20] [`anonymous-namespace'::SnippetLocationInfo::load:716] Module not found at D:\DLSSNR-Oracle\issue13\core615
[2026-10-04 14:11:20] [`anonymous-namespace'::SnippetLocationInfo::load:716] Module not found at D:\DLSSNR-Oracle
[2026-10-04 14:11:20] [NGXSecureLoadFeature:1286] warning: ModuleName - nvngx_dlresolve.dll doesn't exist in any of the search paths!
[2026-10-04 14:11:20] [NGXContextDenyListData::IsFeatureDenied:676] Feature dlssg, denial value 0 for Cms ID 2a2d8352
[2026-10-04 14:11:20] [`anonymous-namespace'::SnippetLocationInfo::load:716] Module not found at D:\DLSSNR-Oracle\issue13\core615
[2026-10-04 14:11:20] [`anonymous-namespace'::SnippetLocationInfo::load:716] Module not found at D:\DLSSNR-Oracle
[2026-10-04 14:11:20] [NGXSecureLoadFeature:1286] warning: ModuleName - nvngx_dlssg.dll doesn't exist in any of the search paths!
[2026-10-04 14:11:20] [NGXContextDenyListData::IsFeatureDenied:676] Feature deepdvc, denial value 0 for Cms ID 2a2d8352
[2026-10-04 14:11:20] [`anonymous-namespace'::SnippetLocationInfo::load:716] Module not found at D:\DLSSNR-Oracle\issue13\core615
[2026-10-04 14:11:20] [`anonymous-namespace'::SnippetLocationInfo::load:716] Module not found at D:\DLSSNR-Oracle
[2026-10-04 14:11:20] [NGXSecureLoadFeature:1286] warning: ModuleName - nvngx_deepdvc.dll doesn't exist in any of the search paths!
[2026-10-04 14:11:20] [NGXContextDenyListData::IsFeatureDenied:676] Feature dlssd, denial value 0 for Cms ID 2a2d8352
[2026-10-04 14:11:20] [`anonymous-namespace'::SnippetLocationInfo::load:716] Module not found at D:\DLSSNR-Oracle\issue13\core615
[2026-10-04 14:11:20] [`anonymous-namespace'::SnippetLocationINGX[2][32765] [2026-10-04 14:11:20] [`anonymous-namespace'::SnippetLocationInfo::load:716] Module not found at D:\DLSSNR-Oracle

NGX[2][32765] [2026-10-04 14:11:20] [NGXSecureLoadFeature:1286] warning: ModuleName - nvngx_dlssd.dll doesn't exist in any of the search paths!

NGX[1][32765] [2026-10-04 14:11:20] [NGXContextDenyListData::IsFeatureDenied:676] Feature truehdr, denial value 0 for Cms ID 2a2d8352

NGX[2][32765] [2026-10-04 14:11:20] [`anonymous-namespace'::SnippetLocationInfo::load:716] Module not found at D:\DLSSNR-Oracle\issue13\core615

NGX[2][32765] [2026-10-04 14:11:20] [`anonymous-namespace'::SnippetLocationInfo::load:716] Module not found at D:\DLSSNR-Oracle

NGX[2][32765] [2026-10-04 14:11:20] [NGXSecureLoadFeature:1286] warning: ModuleName - nvngx_truehdr.dll doesn't exist in any of the search paths!

NGX[1][32765] [2026-10-04 14:11:20] [NGXContextDenyListData::IsFeatureDenied:676] Feature latewarp, denial value 0 for Cms ID 2a2d8352

NGX[2][32765] [2026-10-04 14:11:20] [`anonymous-namespace'::SnippetLocationInfo::load:716] Module not found at D:\DLSSNR-Oracle\issue13\core615

NGX[2][32765] [2026-10-04 14:11:20] [`anonymous-namespace'::SnippetLocationInfo::load:716] Module not found at D:\DLSSNR-Oracle

NGX[2][32765] [2026-10-04 14:11:20] [NGXSecureLoadFeature:1286] warning: ModuleName - nvngx_latewarp.dll doesn't exist in any of the search paths!

NGX[1][32765] [2026-10-04 14:11:20] [NGXContextDenyListData::IsFeatureDenied:676] Feature vsr, denial value 0 for Cms ID 2a2d8352

NGX[2][32765] [2026-10-04 14:11:20] [`anonymous-namespace'::SnippetLocationInfo::load:716] Module not found at D:\DLSSNR-Oracle\issue13\core615

NGX[2][32765] [2026-10-04 14:11:20] [`anonymous-namespace'::SnippetLocationInfo::load:716] Module not found at D:\DLSSNR-Oracle

NGX[2][32765] [2026-10-04 14:11:20] [NGXSecureLoadFeature:1286] warning: ModuleName - nvngx_vsr.dll doesn't exist in any of the search paths!

NGX[1][32765] [2026-10-04 14:11:20] [NGXContextDenyListData::IsFeatureDenied:676] Feature fgx, denial value 0 for Cms ID 2a2d8352

NGX[2][32765] [2026-10-04 14:11:20] [`anonymous-namespace'::SnippetLocationInfo::load:716] Module not found at D:\DLSSNR-Oracle\issue13\core615

NGX[2][32765] [2026-10-04 14:11:20] [`anonymous-namespace'::SnippetLocationInfo::load:716] Module not found at D:\DLSSNR-Oracle

NGX[2][32765] [2026-10-04 14:11:20] [NGXSecureLoadFeature:1286] warning: ModuleName - nvngx_fgx.dll doesn't exist in any of the search paths!

NGX[1][32765] [2026-10-04 14:11:20] [NGXContextDenyListData::IsFeatureDenied:676] Feature dlssnr, denial value 0 for Cms ID 2a2d8352

NGX[2][32765] [2026-10-04 14:11:20] [NGXLoadLibrary:34] Loaded library from path (D:\DLSSNR-Oracle\issue13\core615/nvngx_dlssnr.dll)

NGX[2][32765] [2026-10-04 14:11:20] [NGXValidateSnippetMetaData:1491] Validating snippet D:\DLSSNR-Oracle\issue13\core615/nvngx_dlssnr.dll

NGX[2][32765] [2026-10-04 14:11:20] [NGXValidateSnippetMetaData:1493] NGX CORE API version : 0x15, Snippet requires at least : 0x13

NGX[2][32765] [2026-10-04 14:11:20] [NGXValidateSnippetMetaData:1495] GPU architecture : 0x1B0, Snippet expects at least : 0x1B0

NGX[2][32765] [2026-10-04 14:11:20] [NGXValidateSnippetMetaData:1509] Driver support flags : 0xF(SEAMLESS_OTA|LINUX_EXTENDED_DRIVER_VERSIONS|API_SPECIFIC_POPULATE_PARAMS|REQUIRE_CMSID), Snippet required flags : 0x0()

NGX[2][32765] [2026-10-04 14:11:20] [NGXValidateSnippetMetaData:1536] Driver version : 616.92, Snippet expects at least : 615.0

NGX[2][32765] [2026-10-04 14:11:20] [NGXValidateSnippetMetaData:1562] Snippet version : 310.8.0, Embedded app Id : E658703 (0)

NGX[2][32765] [2026-10-04 14:11:20] [`anonymous-namespace'::SnippetLocationInfo::load:716] Module not found at C:\WINDOWS\System32\DriverStore\FileRepository\nvmdi.inf_amd64_21e6b42b376b80b2

NGX[1][32765] [2026-10-04 14:11:20] [NGXSecureLoadFeature:1499] app 2A2D8352 feature dlssnr snippet: D:\DLSSNR-Oracle\issue13\core615/nvngx_dlssnr.dll version: 310.8.0

NGX[2][32765] [2026-10-04 14:11:20] [NGXLoadFeature:1577] Setting telemetry callback for dlssnr [schema 3.0+]

NGX[2][32765] [2026-10-04 14:11:20] [NGXLoadFeature:1582] Setting override status callback for dlssnr

NGX[2][32765] [2026-10-04 14:11:20] [NGXNVAPITelemetryInit:102] warning: Telemetry not supported on Linux

INIT=00000001
CAPS=00000001 params=000001458c0f3fe0
FLOAT_ABI=00000001 value=0.3125
NGX[1][32765] [2026-10-04 14:11:20] [NVSDK_NGX_CreateFeature_Validate:729] app id is 707625810 

CREATE18=00000001 handle=000001458d5bc4e0
CREATE_FENCE_WAIT=0
FORCE_SEED old=0 new=1
PREDOWN dims=3c000000240 ptr=2e43dec00
CAPTURE_NOT_READY
WARM_EVAL=00000001
CAPTURE_PREPARED copy=0000014589fc6920
FORCE_SEED old=0 new=1
PREDOWN dims=3c000000240 ptr=2e43dec00
PREDOWN_CAPTURE copies=32 source=2e43dec00 bytes=2048
EVAL frame=8678 repeat=1 result=00000001
FORCE_SEED old=0 new=1
PREDOWN dims=3c000000240 ptr=2e43dec00
PREDOWN_CAPTURE copies=32 source=2e43dec00 bytes=2048
EVAL frame=8678 repeat=2 result=00000001
FORCE_SEED old=0 new=1
PREDOWN dims=3c000000240 ptr=2e43dec00
PREDOWN_CAPTURE copies=32 source=2e43dec00 bytes=2048
EVAL frame=8680 repeat=1 result=00000001
FORCE_SEED old=0 new=1
PREDOWN dims=3c000000240 ptr=2e43dec00
PREDOWN_CAPTURE copies=32 source=2e43dec00 bytes=2048
EVAL frame=8680 repeat=2 result=00000001
nfo::load:716] Module not found at D:\DLSSNR-Oracle
[2026-10-04 14:11:20] [NGXSecureLoadFeature:1286] warning: ModuleName - nvngx_dlssd.dll doesn't exist in any of the search paths!
[2026-10-04 14:11:20] [NGXContextDenyListData::IsFeatureDenied:676] Feature truehdr, denial value 0 for Cms ID 2a2d8352
[2026-10-04 14:11:20] [`anonymous-namespace'::SnippetLocationInfo::load:716] Module not found at D:\DLSSNR-Oracle\issue13\core615
[2026-10-04 14:11:20] [`anonymous-namespace'::SnippetLocationInfo::load:716] Module not found at D:\DLSSNR-Oracle
[2026-10-04 14:11:20] [NGXSecureLoadFeature:1286] warning: ModuleName - nvngx_truehdr.dll doesn't exist in any of the search paths!
[2026-10-04 14:11:20] [NGXContextDenyListData::IsFeatureDenied:676] Feature latewarp, denial value 0 for Cms ID 2a2d8352
[2026-10-04 14:11:20] [`anonymous-namespace'::SnippetLocationInfo::load:716] Module not found at D:\DLSSNR-Oracle\issue13\core615
[2026-10-04 14:11:20] [`anonymous-namespace'::SnippetLocationInfo::load:716] Module not found at D:\DLSSNR-Oracle
[2026-10-04 14:11:20] [NGXSecureLoadFeature:1286] warning: ModuleName - nvngx_latewarp.dll doesn't exist in any of the search paths!
[2026-10-04 14:11:20] [NGXContextDenyListData::IsFeatureDenied:676] Feature vsr, denial value 0 for Cms ID 2a2d8352
[2026-10-04 14:11:20] [`anonymous-namespace'::SnippetLocationInfo::load:716] Module not found at D:\DLSSNR-Oracle\issue13\core615
[2026-10-04 14:11:20] [`anonymous-namespace'::SnippetLocationInfo::load:716] Module not found at D:\DLSSNR-Oracle
[2026-10-04 14:11:20] [NGXSecureLoadFeature:1286] warning: ModuleName - nvngx_vsr.dll doesn't exist in any of the search paths!
[2026-10-04 14:11:20] [NGXContextDenyListData::IsFeatureDenied:676] Feature fgx, denial value 0 for Cms ID 2a2d8352
[2026-10-04 14:11:20] [`anonymous-namespace'::SnippetLocationInfo::load:716] Module not found at D:\DLSSNR-Oracle\issue13\core615
[2026-10-04 14:11:20] [`anonymous-namespace'::SnippetLocationInfo::load:716] Module not found at D:\DLSSNR-Oracle
[2026-10-04 14:11:20] [NGXSecureLoadFeature:1286] warning: ModuleName - nvngx_fgx.dll doesn't exist in any of the search paths!
[2026-10-04 14:11:20] [NGXContextDenyListData::IsFeatureDenied:676] Feature dlssnr, denial value 0 for Cms ID 2a2d8352
[2026-10-04 14:11:20] [NGXLoadLibrary:34] Loaded library from path (D:\DLSSNR-Oracle\issue13\core615/nvngx_dlssnr.dll)
[2026-10-04 14:11:20] [NGXValidateSnippetMetaData:1491] Validating snippet D:\DLSSNR-Oracle\issue13\core615/nvngx_dlssnr.dll
[2026-10-04 14:11:20] [NGXValidateSnippetMetaData:1493] NGX CORE API version : 0x15, Snippet requires at least : 0x13
[2026-10-04 14:11:20] [NGXValidateSnippetMetaData:1495] GPU architecture : 0x1B0, Snippet expects at least : 0x1B0
[2026-10-04 14:11:20] [NGXValidateSnippetMetaData:1509] Driver support flags : 0xF(SEAMLESS_OTA|LINUX_EXTENDED_DRIVER_VERSIONS|API_SPECIFIC_POPULATE_PARAMS|REQUIRE_CMSID), Snippet required flags : 0x0()
[2026-10-04 14:11:20] [NGXValidateSnippetMetaData:1536] Driver version : 616.92, Snippet expects at least : 615.0
[2026-10-04 14:11:20] [NGXValidateSnippetMetaData:1562] Snippet version : 310.8.0, Embedded app Id : E658703 (0)
[2026-10-04 14:11:20] [`anonymous-namespace'::SnippetLocationInfo::load:716] Module not found at C:\WINDOWS\System32\DriverStore\FileRepository\nvmdi.inf_amd64_21e6b42b376b80b2
[2026-10-04 14:11:20] [NGXSecureLoadFeature:1499] app 2A2D8352 feature dlssnr snippet: D:\DLSSNR-Oracle\issue13\core615/nvngx_dlssnr.dll version: 310.8.0
[2026-10-04 14:11:20] [NGXLoadFeature:1577] Setting telemetry callback for dlssnr [schema 3.0+]
[2026-10-04 14:11:20] [NGXLoadFeature:1582] Setting override status callback for dlssnr
[2026-10-04 14:11:20] [NGXNVAPITelemetryInit:102] warning: Telemetry not supported on Linux
[2026-10-04 14:11:20] [NVSDK_NGX_CreateFeature_Validate:729] app id is 707625810 
